F                                                                        [100%]
=================================== FAILURES ===================================
_____________________ test_snapshot_lifecycle_verification _____________________

db_session = <sqlalchemy.ext.asyncio.session.AsyncSession object at 0x10d39f0e0>

    async def test_snapshot_lifecycle_verification(db_session):
        """
        Task 21: Verify Snapshot Functionality (Full Lifecycle)
        1. Create Pyramid & Nodes
        2. Create Snapshot V1
        3. Modify Nodes
        4. Create Snapshot V2
        5. Rollback to V1
        6. Verify State
        """
        snapshot_service = SnapshotService(db_session)
        pyramid_service = PyramidService(db_session)
    
        # 1. Create Pyramid
        pyramid = Pyramid(
            id=uuid.uuid4(),
            name="Lifecycle Pyramid",
            description="Testing snapshot lifecycle"
        )
        db_session.add(pyramid)
        await db_session.commit()
    
        # Add initial nodes
        node1 = PyramidNode(
            id=uuid.uuid4(),
            pyramid_id=pyramid.id,
            name="Node 1",
            description="Initial content",
            path="001"
        )
        db_session.add(node1)
        await db_session.commit()
    
        # 2. Create Snapshot V1
        v1_snapshot = await snapshot_service.create_snapshot(pyramid.id, "V1 Initial")
        assert v1_snapshot is not None
    
        # 3. Modify Nodes (Update Node 1, Add Node 2)
        node1.description = "Modified content"
        db_session.add(node1)
    
        node2 = PyramidNode(
            id=uuid.uuid4(),
            pyramid_id=pyramid.id,
            name="Node 2",
            description="New node",
            path="002"
        )
        db_session.add(node2)
        await db_session.commit()
    
        # Verify modification
        current_nodes = await pyramid_service.get_nodes(pyramid.id)
        assert len(current_nodes) == 2
    
        # Sort nodes to ensure consistent order for checking
        sorted_nodes = sorted(current_nodes, key=lambda x: x.path)
        # Check if any node has the modified content
        assert any(n.description == "Modified content" for n in current_nodes)
    
        # 4. Create Snapshot V2
        v2_snapshot = await snapshot_service.create_snapshot(pyramid.id, "V2 Modified")
        assert v2_snapshot is not None
    
        # 5. Rollback to V1
        success = await snapshot_service.restore_snapshot(v1_snapshot.id)
        assert success is True
    
        # 6. Verify State (Should be back to Node 1 with "Initial content", Node 2 gone)
        # Need to expire/refresh session or fetch fresh
        db_session.expire_all()
    
>       restored_nodes = await pyramid_service.get_nodes(pyramid.id)
                                                         ^^^^^^^^^^

tests/verification/test_snapshot_lifecycle.py:81: 
_ _ _ _ _ _ _ _ _ _ _ _ _ _ _ _ _ _ _ _ _ _ _ _ _ _ _ _ _ _ _ _ _ _ _ _ _ _ _ _ 
/Users/cooperd/Library/Python/3.12/lib/python/site-packages/sqlalchemy/orm/attributes.py:569: in __get__
    return self.impl.get(state, dict_)  # type: ignore[no-any-return]
           ^^^^^^^^^^^^^^^^^^^^^^^^^^^
/Users/cooperd/Library/Python/3.12/lib/python/site-packages/sqlalchemy/orm/attributes.py:1096: in get
    value = self._fire_loader_callables(state, key, passive)
            ^^^^^^^^^^^^^^^^^^^^^^^^^^^^^^^^^^^^^^^^^^^^^^^^
/Users/cooperd/Library/Python/3.12/lib/python/site-packages/sqlalchemy/orm/attributes.py:1126: in _fire_loader_callables
    return state._load_expired(state, passive)
           ^^^^^^^^^^^^^^^^^^^^^^^^^^^^^^^^^^^
/Users/cooperd/Library/Python/3.12/lib/python/site-packages/sqlalchemy/orm/state.py:828: in _load_expired
    self.manager.expired_attribute_loader(self, toload, passive)
/Users/cooperd/Library/Python/3.12/lib/python/site-packages/sqlalchemy/orm/loading.py:1674: in load_scalar_attributes
    result = load_on_ident(
/Users/cooperd/Library/Python/3.12/lib/python/site-packages/sqlalchemy/orm/loading.py:510: in load_on_ident
    return load_on_pk_identity(
/Users/cooperd/Library/Python/3.12/lib/python/site-packages/sqlalchemy/orm/loading.py:695: in load_on_pk_identity
    session.execute(
/Users/cooperd/Library/Python/3.12/lib/python/site-packages/sqlalchemy/orm/session.py:2351: in execute
    return self._execute_internal(
/Users/cooperd/Library/Python/3.12/lib/python/site-packages/sqlalchemy/orm/session.py:2249: in _execute_internal
    result: Result[Any] = compile_state_cls.orm_execute_statement(
/Users/cooperd/Library/Python/3.12/lib/python/site-packages/sqlalchemy/orm/context.py:306: in orm_execute_statement
    result = conn.execute(
/Users/cooperd/Library/Python/3.12/lib/python/site-packages/sqlalchemy/engine/base.py:1419: in execute
    return meth(
/Users/cooperd/Library/Python/3.12/lib/python/site-packages/sqlalchemy/sql/elements.py:527: in _execute_on_connection
    return connection._execute_clauseelement(
/Users/cooperd/Library/Python/3.12/lib/python/site-packages/sqlalchemy/engine/base.py:1641: in _execute_clauseelement
    ret = self._execute_context(
/Users/cooperd/Library/Python/3.12/lib/python/site-packages/sqlalchemy/engine/base.py:1846: in _execute_context
    return self._exec_single_context(
/Users/cooperd/Library/Python/3.12/lib/python/site-packages/sqlalchemy/engine/base.py:1986: in _exec_single_context
    self._handle_dbapi_exception(
/Users/cooperd/Library/Python/3.12/lib/python/site-packages/sqlalchemy/engine/base.py:2366: in _handle_dbapi_exception
    raise exc_info[1].with_traceback(exc_info[2])
/Users/cooperd/Library/Python/3.12/lib/python/site-packages/sqlalchemy/engine/base.py:1967: in _exec_single_context
    self.dialect.do_execute(
/Users/cooperd/Library/Python/3.12/lib/python/site-packages/sqlalchemy/engine/default.py:952: in do_execute
    cursor.execute(statement, parameters)
/Users/cooperd/Library/Python/3.12/lib/python/site-packages/sqlalchemy/dialects/sqlite/aiosqlite.py:182: in execute
    self._adapt_connection._handle_exception(error)
/Users/cooperd/Library/Python/3.12/lib/python/site-packages/sqlalchemy/dialects/sqlite/aiosqlite.py:342: in _handle_exception
    raise error
/Users/cooperd/Library/Python/3.12/lib/python/site-packages/sqlalchemy/dialects/sqlite/aiosqlite.py:159: in execute
    _cursor: AsyncIODBAPICursor = self.await_(self._connection.cursor())  # type: ignore[arg-type] # noqa: E501
                                  ^^^^^^^^^^^^^^^^^^^^^^^^^^^^^^^^^^^^^^
_ _ _ _ _ _ _ _ _ _ _ _ _ _ _ _ _ _ _ _ _ _ _ _ _ _ _ _ _ _ _ _ _ _ _ _ _ _ _ _ 

awaitable = <aiosqlite.context.Result object at 0x10d6e7610>

    def await_only(awaitable: Awaitable[_T]) -> _T:
        """Awaits an async function in a sync method.
    
        The sync method must be inside a :func:`greenlet_spawn` context.
        :func:`await_only` calls cannot be nested.
    
        :param awaitable: The coroutine to call.
    
        """
        # this is called in the context greenlet while running fn
        current = getcurrent()
        if not getattr(current, "__sqlalchemy_greenlet_provider__", False):
            _safe_cancel_awaitable(awaitable)
    
>           raise exc.MissingGreenlet(
                "greenlet_spawn has not been called; can't call await_only() "
                "here. Was IO attempted in an unexpected place?"
            )
E           sqlalchemy.exc.MissingGreenlet: greenlet_spawn has not been called; can't call await_only() here. Was IO attempted in an unexpected place? (Background on this error at: https://sqlalche.me/e/20/xd2s)

/Users/cooperd/Library/Python/3.12/lib/python/site-packages/sqlalchemy/util/_concurrency_py3k.py:123: MissingGreenlet
---------------------------- Captured stderr setup -----------------------------
2026-02-14 11:41:12,923 [DEBUG] [asyncio] Using selector: KqueueSelector
2026-02-14 11:41:12,924 [DEBUG] [asyncio] Using selector: KqueueSelector
2026-02-14 11:41:12,924 [DEBUG] [aiosqlite] executing <function connect.<locals>.connector at 0x10d3a5580>
2026-02-14 11:41:12,924 [DEBUG] [aiosqlite] operation <function connect.<locals>.connector at 0x10d3a5580> completed
2026-02-14 11:41:12,925 [DEBUG] [aiosqlite] executing functools.partial(<built-in method create_function of sqlite3.Connection object at 0x10d36ed40>, 'regexp', 2, <function SQLiteDialect_pysqlite.on_connect.<locals>.regexp at 0x10d3a4e00>, deterministic=True)
2026-02-14 11:41:12,925 [DEBUG] [aiosqlite] operation functools.partial(<built-in method create_function of sqlite3.Connection object at 0x10d36ed40>, 'regexp', 2, <function SQLiteDialect_pysqlite.on_connect.<locals>.regexp at 0x10d3a4e00>, deterministic=True) completed
2026-02-14 11:41:12,925 [DEBUG] [aiosqlite] executing functools.partial(<built-in method create_function of sqlite3.Connection object at 0x10d36ed40>, 'floor', 1, <built-in function floor>, deterministic=True)
2026-02-14 11:41:12,925 [DEBUG] [aiosqlite] operation functools.partial(<built-in method create_function of sqlite3.Connection object at 0x10d36ed40>, 'floor', 1, <built-in function floor>, deterministic=True) completed
2026-02-14 11:41:12,925 [DEBUG] [aiosqlite] executing functools.partial(<built-in method cursor of sqlite3.Connection object at 0x10d36ed40>)
2026-02-14 11:41:12,925 [DEBUG] [aiosqlite] operation functools.partial(<built-in method cursor of sqlite3.Connection object at 0x10d36ed40>) completed
2026-02-14 11:41:12,925 [DEBUG] [aiosqlite] executing functools.partial(<built-in method execute of sqlite3.Cursor object at 0x10d3a9ac0>, 'PRAGMA read_uncommitted', [])
2026-02-14 11:41:12,925 [DEBUG] [aiosqlite] operation functools.partial(<built-in method execute of sqlite3.Cursor object at 0x10d3a9ac0>, 'PRAGMA read_uncommitted', []) completed
2026-02-14 11:41:12,925 [DEBUG] [aiosqlite] executing functools.partial(<built-in method fetchall of sqlite3.Cursor object at 0x10d3a9ac0>)
2026-02-14 11:41:12,925 [DEBUG] [aiosqlite] operation functools.partial(<built-in method fetchall of sqlite3.Cursor object at 0x10d3a9ac0>) completed
2026-02-14 11:41:12,925 [DEBUG] [aiosqlite] executing functools.partial(<built-in method close of sqlite3.Cursor object at 0x10d3a9ac0>)
2026-02-14 11:41:12,925 [DEBUG] [aiosqlite] operation functools.partial(<built-in method close of sqlite3.Cursor object at 0x10d3a9ac0>) completed
2026-02-14 11:41:12,925 [DEBUG] [aiosqlite] executing functools.partial(<built-in method rollback of sqlite3.Connection object at 0x10d36ed40>)
2026-02-14 11:41:12,925 [DEBUG] [aiosqlite] operation functools.partial(<built-in method rollback of sqlite3.Connection object at 0x10d36ed40>) completed
2026-02-14 11:41:12,925 [DEBUG] [aiosqlite] executing functools.partial(<built-in method cursor of sqlite3.Connection object at 0x10d36ed40>)
2026-02-14 11:41:12,925 [DEBUG] [aiosqlite] operation functools.partial(<built-in method cursor of sqlite3.Connection object at 0x10d36ed40>) completed
2026-02-14 11:41:12,926 [DEBUG] [aiosqlite] executing functools.partial(<built-in method execute of sqlite3.Cursor object at 0x10d3a99c0>, 'PRAGMA main.table_info("pyramids")', ())
2026-02-14 11:41:12,926 [DEBUG] [aiosqlite] operation functools.partial(<built-in method execute of sqlite3.Cursor object at 0x10d3a99c0>, 'PRAGMA main.table_info("pyramids")', ()) completed
2026-02-14 11:41:12,926 [DEBUG] [aiosqlite] executing functools.partial(<built-in method fetchall of sqlite3.Cursor object at 0x10d3a99c0>)
2026-02-14 11:41:12,926 [DEBUG] [aiosqlite] operation functools.partial(<built-in method fetchall of sqlite3.Cursor object at 0x10d3a99c0>) completed
2026-02-14 11:41:12,926 [DEBUG] [aiosqlite] executing functools.partial(<built-in method close of sqlite3.Cursor object at 0x10d3a99c0>)
2026-02-14 11:41:12,926 [DEBUG] [aiosqlite] operation functools.partial(<built-in method close of sqlite3.Cursor object at 0x10d3a99c0>) completed
2026-02-14 11:41:12,926 [DEBUG] [aiosqlite] executing functools.partial(<built-in method cursor of sqlite3.Connection object at 0x10d36ed40>)
2026-02-14 11:41:12,926 [DEBUG] [aiosqlite] operation functools.partial(<built-in method cursor of sqlite3.Connection object at 0x10d36ed40>) completed
2026-02-14 11:41:12,926 [DEBUG] [aiosqlite] executing functools.partial(<built-in method execute of sqlite3.Cursor object at 0x10d3a8f40>, 'PRAGMA temp.table_info("pyramids")', ())
2026-02-14 11:41:12,926 [DEBUG] [aiosqlite] operation functools.partial(<built-in method execute of sqlite3.Cursor object at 0x10d3a8f40>, 'PRAGMA temp.table_info("pyramids")', ()) completed
2026-02-14 11:41:12,926 [DEBUG] [aiosqlite] executing functools.partial(<built-in method fetchall of sqlite3.Cursor object at 0x10d3a8f40>)
2026-02-14 11:41:12,926 [DEBUG] [aiosqlite] operation functools.partial(<built-in method fetchall of sqlite3.Cursor object at 0x10d3a8f40>) completed
2026-02-14 11:41:12,926 [DEBUG] [aiosqlite] executing functools.partial(<built-in method close of sqlite3.Cursor object at 0x10d3a8f40>)
2026-02-14 11:41:12,926 [DEBUG] [aiosqlite] operation functools.partial(<built-in method close of sqlite3.Cursor object at 0x10d3a8f40>) completed
2026-02-14 11:41:12,926 [DEBUG] [aiosqlite] executing functools.partial(<built-in method cursor of sqlite3.Connection object at 0x10d36ed40>)
2026-02-14 11:41:12,926 [DEBUG] [aiosqlite] operation functools.partial(<built-in method cursor of sqlite3.Connection object at 0x10d36ed40>) completed
2026-02-14 11:41:12,926 [DEBUG] [aiosqlite] executing functools.partial(<built-in method execute of sqlite3.Cursor object at 0x10d3a9bc0>, 'PRAGMA main.table_info("pyramid_nodes")', ())
2026-02-14 11:41:12,926 [DEBUG] [aiosqlite] operation functools.partial(<built-in method execute of sqlite3.Cursor object at 0x10d3a9bc0>, 'PRAGMA main.table_info("pyramid_nodes")', ()) completed
2026-02-14 11:41:12,927 [DEBUG] [aiosqlite] executing functools.partial(<built-in method fetchall of sqlite3.Cursor object at 0x10d3a9bc0>)
2026-02-14 11:41:12,927 [DEBUG] [aiosqlite] operation functools.partial(<built-in method fetchall of sqlite3.Cursor object at 0x10d3a9bc0>) completed
2026-02-14 11:41:12,927 [DEBUG] [aiosqlite] executing functools.partial(<built-in method close of sqlite3.Cursor object at 0x10d3a9bc0>)
2026-02-14 11:41:12,927 [DEBUG] [aiosqlite] operation functools.partial(<built-in method close of sqlite3.Cursor object at 0x10d3a9bc0>) completed
2026-02-14 11:41:12,927 [DEBUG] [aiosqlite] executing functools.partial(<built-in method cursor of sqlite3.Connection object at 0x10d36ed40>)
2026-02-14 11:41:12,927 [DEBUG] [aiosqlite] operation functools.partial(<built-in method cursor of sqlite3.Connection object at 0x10d36ed40>) completed
2026-02-14 11:41:12,927 [DEBUG] [aiosqlite] executing functools.partial(<built-in method execute of sqlite3.Cursor object at 0x10d3a9c40>, 'PRAGMA temp.table_info("pyramid_nodes")', ())
2026-02-14 11:41:12,927 [DEBUG] [aiosqlite] operation functools.partial(<built-in method execute of sqlite3.Cursor object at 0x10d3a9c40>, 'PRAGMA temp.table_info("pyramid_nodes")', ()) completed
2026-02-14 11:41:12,927 [DEBUG] [aiosqlite] executing functools.partial(<built-in method fetchall of sqlite3.Cursor object at 0x10d3a9c40>)
2026-02-14 11:41:12,927 [DEBUG] [aiosqlite] operation functools.partial(<built-in method fetchall of sqlite3.Cursor object at 0x10d3a9c40>) completed
2026-02-14 11:41:12,927 [DEBUG] [aiosqlite] executing functools.partial(<built-in method close of sqlite3.Cursor object at 0x10d3a9c40>)
2026-02-14 11:41:12,927 [DEBUG] [aiosqlite] operation functools.partial(<built-in method close of sqlite3.Cursor object at 0x10d3a9c40>) completed
2026-02-14 11:41:12,927 [DEBUG] [aiosqlite] executing functools.partial(<built-in method cursor of sqlite3.Connection object at 0x10d36ed40>)
2026-02-14 11:41:12,927 [DEBUG] [aiosqlite] operation functools.partial(<built-in method cursor of sqlite3.Connection object at 0x10d36ed40>) completed
2026-02-14 11:41:12,927 [DEBUG] [aiosqlite] executing functools.partial(<built-in method execute of sqlite3.Cursor object at 0x10d3a9d40>, 'PRAGMA main.table_info("node_relations")', ())
2026-02-14 11:41:12,927 [DEBUG] [aiosqlite] operation functools.partial(<built-in method execute of sqlite3.Cursor object at 0x10d3a9d40>, 'PRAGMA main.table_info("node_relations")', ()) completed
2026-02-14 11:41:12,927 [DEBUG] [aiosqlite] executing functools.partial(<built-in method fetchall of sqlite3.Cursor object at 0x10d3a9d40>)
2026-02-14 11:41:12,927 [DEBUG] [aiosqlite] operation functools.partial(<built-in method fetchall of sqlite3.Cursor object at 0x10d3a9d40>) completed
2026-02-14 11:41:12,927 [DEBUG] [aiosqlite] executing functools.partial(<built-in method close of sqlite3.Cursor object at 0x10d3a9d40>)
2026-02-14 11:41:12,927 [DEBUG] [aiosqlite] operation functools.partial(<built-in method close of sqlite3.Cursor object at 0x10d3a9d40>) completed
2026-02-14 11:41:12,927 [DEBUG] [aiosqlite] executing functools.partial(<built-in method cursor of sqlite3.Connection object at 0x10d36ed40>)
2026-02-14 11:41:12,927 [DEBUG] [aiosqlite] operation functools.partial(<built-in method cursor of sqlite3.Connection object at 0x10d36ed40>) completed
2026-02-14 11:41:12,927 [DEBUG] [aiosqlite] executing functools.partial(<built-in method execute of sqlite3.Cursor object at 0x10d3a9dc0>, 'PRAGMA temp.table_info("node_relations")', ())
2026-02-14 11:41:12,927 [DEBUG] [aiosqlite] operation functools.partial(<built-in method execute of sqlite3.Cursor object at 0x10d3a9dc0>, 'PRAGMA temp.table_info("node_relations")', ()) completed
2026-02-14 11:41:12,927 [DEBUG] [aiosqlite] executing functools.partial(<built-in method fetchall of sqlite3.Cursor object at 0x10d3a9dc0>)
2026-02-14 11:41:12,927 [DEBUG] [aiosqlite] operation functools.partial(<built-in method fetchall of sqlite3.Cursor object at 0x10d3a9dc0>) completed
2026-02-14 11:41:12,928 [DEBUG] [aiosqlite] executing functools.partial(<built-in method close of sqlite3.Cursor object at 0x10d3a9dc0>)
2026-02-14 11:41:12,928 [DEBUG] [aiosqlite] operation functools.partial(<built-in method close of sqlite3.Cursor object at 0x10d3a9dc0>) completed
2026-02-14 11:41:12,928 [DEBUG] [aiosqlite] executing functools.partial(<built-in method cursor of sqlite3.Connection object at 0x10d36ed40>)
2026-02-14 11:41:12,928 [DEBUG] [aiosqlite] operation functools.partial(<built-in method cursor of sqlite3.Connection object at 0x10d36ed40>) completed
2026-02-14 11:41:12,928 [DEBUG] [aiosqlite] executing functools.partial(<built-in method execute of sqlite3.Cursor object at 0x10d3a9ec0>, 'PRAGMA main.table_info("information_sources")', ())
2026-02-14 11:41:12,928 [DEBUG] [aiosqlite] operation functools.partial(<built-in method execute of sqlite3.Cursor object at 0x10d3a9ec0>, 'PRAGMA main.table_info("information_sources")', ()) completed
2026-02-14 11:41:12,928 [DEBUG] [aiosqlite] executing functools.partial(<built-in method fetchall of sqlite3.Cursor object at 0x10d3a9ec0>)
2026-02-14 11:41:12,928 [DEBUG] [aiosqlite] operation functools.partial(<built-in method fetchall of sqlite3.Cursor object at 0x10d3a9ec0>) completed
2026-02-14 11:41:12,928 [DEBUG] [aiosqlite] executing functools.partial(<built-in method close of sqlite3.Cursor object at 0x10d3a9ec0>)
2026-02-14 11:41:12,928 [DEBUG] [aiosqlite] operation functools.partial(<built-in method close of sqlite3.Cursor object at 0x10d3a9ec0>) completed
2026-02-14 11:41:12,928 [DEBUG] [aiosqlite] executing functools.partial(<built-in method cursor of sqlite3.Connection object at 0x10d36ed40>)
2026-02-14 11:41:12,928 [DEBUG] [aiosqlite] operation functools.partial(<built-in method cursor of sqlite3.Connection object at 0x10d36ed40>) completed
2026-02-14 11:41:12,928 [DEBUG] [aiosqlite] executing functools.partial(<built-in method execute of sqlite3.Cursor object at 0x10d3a9f40>, 'PRAGMA temp.table_info("information_sources")', ())
2026-02-14 11:41:12,928 [DEBUG] [aiosqlite] operation functools.partial(<built-in method execute of sqlite3.Cursor object at 0x10d3a9f40>, 'PRAGMA temp.table_info("information_sources")', ()) completed
2026-02-14 11:41:12,928 [DEBUG] [aiosqlite] executing functools.partial(<built-in method fetchall of sqlite3.Cursor object at 0x10d3a9f40>)
2026-02-14 11:41:12,928 [DEBUG] [aiosqlite] operation functools.partial(<built-in method fetchall of sqlite3.Cursor object at 0x10d3a9f40>) completed
2026-02-14 11:41:12,928 [DEBUG] [aiosqlite] executing functools.partial(<built-in method close of sqlite3.Cursor object at 0x10d3a9f40>)
2026-02-14 11:41:12,928 [DEBUG] [aiosqlite] operation functools.partial(<built-in method close of sqlite3.Cursor object at 0x10d3a9f40>) completed
2026-02-14 11:41:12,928 [DEBUG] [aiosqlite] executing functools.partial(<built-in method cursor of sqlite3.Connection object at 0x10d36ed40>)
2026-02-14 11:41:12,928 [DEBUG] [aiosqlite] operation functools.partial(<built-in method cursor of sqlite3.Connection object at 0x10d36ed40>) completed
2026-02-14 11:41:12,928 [DEBUG] [aiosqlite] executing functools.partial(<built-in method execute of sqlite3.Cursor object at 0x10d3aa0c0>, 'PRAGMA main.table_info("source_node_relations")', ())
2026-02-14 11:41:12,928 [DEBUG] [aiosqlite] operation functools.partial(<built-in method execute of sqlite3.Cursor object at 0x10d3aa0c0>, 'PRAGMA main.table_info("source_node_relations")', ()) completed
2026-02-14 11:41:12,929 [DEBUG] [aiosqlite] executing functools.partial(<built-in method fetchall of sqlite3.Cursor object at 0x10d3aa0c0>)
2026-02-14 11:41:12,929 [DEBUG] [aiosqlite] operation functools.partial(<built-in method fetchall of sqlite3.Cursor object at 0x10d3aa0c0>) completed
2026-02-14 11:41:12,929 [DEBUG] [aiosqlite] executing functools.partial(<built-in method close of sqlite3.Cursor object at 0x10d3aa0c0>)
2026-02-14 11:41:12,929 [DEBUG] [aiosqlite] operation functools.partial(<built-in method close of sqlite3.Cursor object at 0x10d3aa0c0>) completed
2026-02-14 11:41:12,929 [DEBUG] [aiosqlite] executing functools.partial(<built-in method cursor of sqlite3.Connection object at 0x10d36ed40>)
2026-02-14 11:41:12,929 [DEBUG] [aiosqlite] operation functools.partial(<built-in method cursor of sqlite3.Connection object at 0x10d36ed40>) completed
2026-02-14 11:41:12,929 [DEBUG] [aiosqlite] executing functools.partial(<built-in method execute of sqlite3.Cursor object at 0x10d3aa140>, 'PRAGMA temp.table_info("source_node_relations")', ())
2026-02-14 11:41:12,929 [DEBUG] [aiosqlite] operation functools.partial(<built-in method execute of sqlite3.Cursor object at 0x10d3aa140>, 'PRAGMA temp.table_info("source_node_relations")', ()) completed
2026-02-14 11:41:12,929 [DEBUG] [aiosqlite] executing functools.partial(<built-in method fetchall of sqlite3.Cursor object at 0x10d3aa140>)
2026-02-14 11:41:12,929 [DEBUG] [aiosqlite] operation functools.partial(<built-in method fetchall of sqlite3.Cursor object at 0x10d3aa140>) completed
2026-02-14 11:41:12,929 [DEBUG] [aiosqlite] executing functools.partial(<built-in method close of sqlite3.Cursor object at 0x10d3aa140>)
2026-02-14 11:41:12,929 [DEBUG] [aiosqlite] operation functools.partial(<built-in method close of sqlite3.Cursor object at 0x10d3aa140>) completed
2026-02-14 11:41:12,929 [DEBUG] [aiosqlite] executing functools.partial(<built-in method cursor of sqlite3.Connection object at 0x10d36ed40>)
2026-02-14 11:41:12,929 [DEBUG] [aiosqlite] operation functools.partial(<built-in method cursor of sqlite3.Connection object at 0x10d36ed40>) completed
2026-02-14 11:41:12,929 [DEBUG] [aiosqlite] executing functools.partial(<built-in method execute of sqlite3.Cursor object at 0x10d3aa240>, 'PRAGMA main.table_info("content_items")', ())
2026-02-14 11:41:12,929 [DEBUG] [aiosqlite] operation functools.partial(<built-in method execute of sqlite3.Cursor object at 0x10d3aa240>, 'PRAGMA main.table_info("content_items")', ()) completed
2026-02-14 11:41:12,929 [DEBUG] [aiosqlite] executing functools.partial(<built-in method fetchall of sqlite3.Cursor object at 0x10d3aa240>)
2026-02-14 11:41:12,929 [DEBUG] [aiosqlite] operation functools.partial(<built-in method fetchall of sqlite3.Cursor object at 0x10d3aa240>) completed
2026-02-14 11:41:12,929 [DEBUG] [aiosqlite] executing functools.partial(<built-in method close of sqlite3.Cursor object at 0x10d3aa240>)
2026-02-14 11:41:12,929 [DEBUG] [aiosqlite] operation functools.partial(<built-in method close of sqlite3.Cursor object at 0x10d3aa240>) completed
2026-02-14 11:41:12,929 [DEBUG] [aiosqlite] executing functools.partial(<built-in method cursor of sqlite3.Connection object at 0x10d36ed40>)
2026-02-14 11:41:12,930 [DEBUG] [aiosqlite] operation functools.partial(<built-in method cursor of sqlite3.Connection object at 0x10d36ed40>) completed
2026-02-14 11:41:12,930 [DEBUG] [aiosqlite] executing functools.partial(<built-in method execute of sqlite3.Cursor object at 0x10d3aa2c0>, 'PRAGMA temp.table_info("content_items")', ())
2026-02-14 11:41:12,930 [DEBUG] [aiosqlite] operation functools.partial(<built-in method execute of sqlite3.Cursor object at 0x10d3aa2c0>, 'PRAGMA temp.table_info("content_items")', ()) completed
2026-02-14 11:41:12,930 [DEBUG] [aiosqlite] executing functools.partial(<built-in method fetchall of sqlite3.Cursor object at 0x10d3aa2c0>)
2026-02-14 11:41:12,930 [DEBUG] [aiosqlite] operation functools.partial(<built-in method fetchall of sqlite3.Cursor object at 0x10d3aa2c0>) completed
2026-02-14 11:41:12,930 [DEBUG] [aiosqlite] executing functools.partial(<built-in method close of sqlite3.Cursor object at 0x10d3aa2c0>)
2026-02-14 11:41:12,930 [DEBUG] [aiosqlite] operation functools.partial(<built-in method close of sqlite3.Cursor object at 0x10d3aa2c0>) completed
2026-02-14 11:41:12,930 [DEBUG] [aiosqlite] executing functools.partial(<built-in method cursor of sqlite3.Connection object at 0x10d36ed40>)
2026-02-14 11:41:12,930 [DEBUG] [aiosqlite] operation functools.partial(<built-in method cursor of sqlite3.Connection object at 0x10d36ed40>) completed
2026-02-14 11:41:12,930 [DEBUG] [aiosqlite] executing functools.partial(<built-in method execute of sqlite3.Cursor object at 0x10d3aa3c0>, 'PRAGMA main.table_info("content_node_relations")', ())
2026-02-14 11:41:12,930 [DEBUG] [aiosqlite] operation functools.partial(<built-in method execute of sqlite3.Cursor object at 0x10d3aa3c0>, 'PRAGMA main.table_info("content_node_relations")', ()) completed
2026-02-14 11:41:12,930 [DEBUG] [aiosqlite] executing functools.partial(<built-in method fetchall of sqlite3.Cursor object at 0x10d3aa3c0>)
2026-02-14 11:41:12,930 [DEBUG] [aiosqlite] operation functools.partial(<built-in method fetchall of sqlite3.Cursor object at 0x10d3aa3c0>) completed
2026-02-14 11:41:12,930 [DEBUG] [aiosqlite] executing functools.partial(<built-in method close of sqlite3.Cursor object at 0x10d3aa3c0>)
2026-02-14 11:41:12,930 [DEBUG] [aiosqlite] operation functools.partial(<built-in method close of sqlite3.Cursor object at 0x10d3aa3c0>) completed
2026-02-14 11:41:12,930 [DEBUG] [aiosqlite] executing functools.partial(<built-in method cursor of sqlite3.Connection object at 0x10d36ed40>)
2026-02-14 11:41:12,930 [DEBUG] [aiosqlite] operation functools.partial(<built-in method cursor of sqlite3.Connection object at 0x10d36ed40>) completed
2026-02-14 11:41:12,930 [DEBUG] [aiosqlite] executing functools.partial(<built-in method execute of sqlite3.Cursor object at 0x10d3aa440>, 'PRAGMA temp.table_info("content_node_relations")', ())
2026-02-14 11:41:12,930 [DEBUG] [aiosqlite] operation functools.partial(<built-in method execute of sqlite3.Cursor object at 0x10d3aa440>, 'PRAGMA temp.table_info("content_node_relations")', ()) completed
2026-02-14 11:41:12,930 [DEBUG] [aiosqlite] executing functools.partial(<built-in method fetchall of sqlite3.Cursor object at 0x10d3aa440>)
2026-02-14 11:41:12,930 [DEBUG] [aiosqlite] operation functools.partial(<built-in method fetchall of sqlite3.Cursor object at 0x10d3aa440>) completed
2026-02-14 11:41:12,931 [DEBUG] [aiosqlite] executing functools.partial(<built-in method close of sqlite3.Cursor object at 0x10d3aa440>)
2026-02-14 11:41:12,931 [DEBUG] [aiosqlite] operation functools.partial(<built-in method close of sqlite3.Cursor object at 0x10d3aa440>) completed
2026-02-14 11:41:12,931 [DEBUG] [aiosqlite] executing functools.partial(<built-in method cursor of sqlite3.Connection object at 0x10d36ed40>)
2026-02-14 11:41:12,931 [DEBUG] [aiosqlite] operation functools.partial(<built-in method cursor of sqlite3.Connection object at 0x10d36ed40>) completed
2026-02-14 11:41:12,931 [DEBUG] [aiosqlite] executing functools.partial(<built-in method execute of sqlite3.Cursor object at 0x10d3aa5c0>, 'PRAGMA main.table_info("validation_results")', ())
2026-02-14 11:41:12,931 [DEBUG] [aiosqlite] operation functools.partial(<built-in method execute of sqlite3.Cursor object at 0x10d3aa5c0>, 'PRAGMA main.table_info("validation_results")', ()) completed
2026-02-14 11:41:12,931 [DEBUG] [aiosqlite] executing functools.partial(<built-in method fetchall of sqlite3.Cursor object at 0x10d3aa5c0>)
2026-02-14 11:41:12,931 [DEBUG] [aiosqlite] operation functools.partial(<built-in method fetchall of sqlite3.Cursor object at 0x10d3aa5c0>) completed
2026-02-14 11:41:12,931 [DEBUG] [aiosqlite] executing functools.partial(<built-in method close of sqlite3.Cursor object at 0x10d3aa5c0>)
2026-02-14 11:41:12,931 [DEBUG] [aiosqlite] operation functools.partial(<built-in method close of sqlite3.Cursor object at 0x10d3aa5c0>) completed
2026-02-14 11:41:12,931 [DEBUG] [aiosqlite] executing functools.partial(<built-in method cursor of sqlite3.Connection object at 0x10d36ed40>)
2026-02-14 11:41:12,931 [DEBUG] [aiosqlite] operation functools.partial(<built-in method cursor of sqlite3.Connection object at 0x10d36ed40>) completed
2026-02-14 11:41:12,931 [DEBUG] [aiosqlite] executing functools.partial(<built-in method execute of sqlite3.Cursor object at 0x10d3aa6c0>, 'PRAGMA temp.table_info("validation_results")', ())
2026-02-14 11:41:12,931 [DEBUG] [aiosqlite] operation functools.partial(<built-in method execute of sqlite3.Cursor object at 0x10d3aa6c0>, 'PRAGMA temp.table_info("validation_results")', ()) completed
2026-02-14 11:41:12,931 [DEBUG] [aiosqlite] executing functools.partial(<built-in method fetchall of sqlite3.Cursor object at 0x10d3aa6c0>)
2026-02-14 11:41:12,931 [DEBUG] [aiosqlite] operation functools.partial(<built-in method fetchall of sqlite3.Cursor object at 0x10d3aa6c0>) completed
2026-02-14 11:41:12,931 [DEBUG] [aiosqlite] executing functools.partial(<built-in method close of sqlite3.Cursor object at 0x10d3aa6c0>)
2026-02-14 11:41:12,931 [DEBUG] [aiosqlite] operation functools.partial(<built-in method close of sqlite3.Cursor object at 0x10d3aa6c0>) completed
2026-02-14 11:41:12,931 [DEBUG] [aiosqlite] executing functools.partial(<built-in method cursor of sqlite3.Connection object at 0x10d36ed40>)
2026-02-14 11:41:12,931 [DEBUG] [aiosqlite] operation functools.partial(<built-in method cursor of sqlite3.Connection object at 0x10d36ed40>) completed
2026-02-14 11:41:12,932 [DEBUG] [aiosqlite] executing functools.partial(<built-in method execute of sqlite3.Cursor object at 0x10d3aa540>, 'PRAGMA main.table_info("crawl_jobs")', ())
2026-02-14 11:41:12,932 [DEBUG] [aiosqlite] operation functools.partial(<built-in method execute of sqlite3.Cursor object at 0x10d3aa540>, 'PRAGMA main.table_info("crawl_jobs")', ()) completed
2026-02-14 11:41:12,932 [DEBUG] [aiosqlite] executing functools.partial(<built-in method fetchall of sqlite3.Cursor object at 0x10d3aa540>)
2026-02-14 11:41:12,932 [DEBUG] [aiosqlite] operation functools.partial(<built-in method fetchall of sqlite3.Cursor object at 0x10d3aa540>) completed
2026-02-14 11:41:12,932 [DEBUG] [aiosqlite] executing functools.partial(<built-in method close of sqlite3.Cursor object at 0x10d3aa540>)
2026-02-14 11:41:12,932 [DEBUG] [aiosqlite] operation functools.partial(<built-in method close of sqlite3.Cursor object at 0x10d3aa540>) completed
2026-02-14 11:41:12,932 [DEBUG] [aiosqlite] executing functools.partial(<built-in method cursor of sqlite3.Connection object at 0x10d36ed40>)
2026-02-14 11:41:12,932 [DEBUG] [aiosqlite] operation functools.partial(<built-in method cursor of sqlite3.Connection object at 0x10d36ed40>) completed
2026-02-14 11:41:12,932 [DEBUG] [aiosqlite] executing functools.partial(<built-in method execute of sqlite3.Cursor object at 0x10d3aa840>, 'PRAGMA temp.table_info("crawl_jobs")', ())
2026-02-14 11:41:12,932 [DEBUG] [aiosqlite] operation functools.partial(<built-in method execute of sqlite3.Cursor object at 0x10d3aa840>, 'PRAGMA temp.table_info("crawl_jobs")', ()) completed
2026-02-14 11:41:12,932 [DEBUG] [aiosqlite] executing functools.partial(<built-in method fetchall of sqlite3.Cursor object at 0x10d3aa840>)
2026-02-14 11:41:12,932 [DEBUG] [aiosqlite] operation functools.partial(<built-in method fetchall of sqlite3.Cursor object at 0x10d3aa840>) completed
2026-02-14 11:41:12,932 [DEBUG] [aiosqlite] executing functools.partial(<built-in method close of sqlite3.Cursor object at 0x10d3aa840>)
2026-02-14 11:41:12,932 [DEBUG] [aiosqlite] operation functools.partial(<built-in method close of sqlite3.Cursor object at 0x10d3aa840>) completed
2026-02-14 11:41:12,932 [DEBUG] [aiosqlite] executing functools.partial(<built-in method cursor of sqlite3.Connection object at 0x10d36ed40>)
2026-02-14 11:41:12,933 [DEBUG] [aiosqlite] operation functools.partial(<built-in method cursor of sqlite3.Connection object at 0x10d36ed40>) completed
2026-02-14 11:41:12,933 [DEBUG] [aiosqlite] executing functools.partial(<built-in method execute of sqlite3.Cursor object at 0x10d3aa8c0>, 'PRAGMA main.table_info("approvals")', ())
2026-02-14 11:41:12,933 [DEBUG] [aiosqlite] operation functools.partial(<built-in method execute of sqlite3.Cursor object at 0x10d3aa8c0>, 'PRAGMA main.table_info("approvals")', ()) completed
2026-02-14 11:41:12,933 [DEBUG] [aiosqlite] executing functools.partial(<built-in method fetchall of sqlite3.Cursor object at 0x10d3aa8c0>)
2026-02-14 11:41:12,933 [DEBUG] [aiosqlite] operation functools.partial(<built-in method fetchall of sqlite3.Cursor object at 0x10d3aa8c0>) completed
2026-02-14 11:41:12,933 [DEBUG] [aiosqlite] executing functools.partial(<built-in method close of sqlite3.Cursor object at 0x10d3aa8c0>)
2026-02-14 11:41:12,933 [DEBUG] [aiosqlite] operation functools.partial(<built-in method close of sqlite3.Cursor object at 0x10d3aa8c0>) completed
2026-02-14 11:41:12,933 [DEBUG] [aiosqlite] executing functools.partial(<built-in method cursor of sqlite3.Connection object at 0x10d36ed40>)
2026-02-14 11:41:12,933 [DEBUG] [aiosqlite] operation functools.partial(<built-in method cursor of sqlite3.Connection object at 0x10d36ed40>) completed
2026-02-14 11:41:12,933 [DEBUG] [aiosqlite] executing functools.partial(<built-in method execute of sqlite3.Cursor object at 0x10d3aa9c0>, 'PRAGMA temp.table_info("approvals")', ())
2026-02-14 11:41:12,933 [DEBUG] [aiosqlite] operation functools.partial(<built-in method execute of sqlite3.Cursor object at 0x10d3aa9c0>, 'PRAGMA temp.table_info("approvals")', ()) completed
2026-02-14 11:41:12,933 [DEBUG] [aiosqlite] executing functools.partial(<built-in method fetchall of sqlite3.Cursor object at 0x10d3aa9c0>)
2026-02-14 11:41:12,933 [DEBUG] [aiosqlite] operation functools.partial(<built-in method fetchall of sqlite3.Cursor object at 0x10d3aa9c0>) completed
2026-02-14 11:41:12,933 [DEBUG] [aiosqlite] executing functools.partial(<built-in method close of sqlite3.Cursor object at 0x10d3aa9c0>)
2026-02-14 11:41:12,933 [DEBUG] [aiosqlite] operation functools.partial(<built-in method close of sqlite3.Cursor object at 0x10d3aa9c0>) completed
2026-02-14 11:41:12,933 [DEBUG] [aiosqlite] executing functools.partial(<built-in method cursor of sqlite3.Connection object at 0x10d36ed40>)
2026-02-14 11:41:12,933 [DEBUG] [aiosqlite] operation functools.partial(<built-in method cursor of sqlite3.Connection object at 0x10d36ed40>) completed
2026-02-14 11:41:12,933 [DEBUG] [aiosqlite] executing functools.partial(<built-in method execute of sqlite3.Cursor object at 0x10d3aaa40>, 'PRAGMA main.table_info("concepts")', ())
2026-02-14 11:41:12,933 [DEBUG] [aiosqlite] operation functools.partial(<built-in method execute of sqlite3.Cursor object at 0x10d3aaa40>, 'PRAGMA main.table_info("concepts")', ()) completed
2026-02-14 11:41:12,933 [DEBUG] [aiosqlite] executing functools.partial(<built-in method fetchall of sqlite3.Cursor object at 0x10d3aaa40>)
2026-02-14 11:41:12,933 [DEBUG] [aiosqlite] operation functools.partial(<built-in method fetchall of sqlite3.Cursor object at 0x10d3aaa40>) completed
2026-02-14 11:41:12,933 [DEBUG] [aiosqlite] executing functools.partial(<built-in method close of sqlite3.Cursor object at 0x10d3aaa40>)
2026-02-14 11:41:12,933 [DEBUG] [aiosqlite] operation functools.partial(<built-in method close of sqlite3.Cursor object at 0x10d3aaa40>) completed
2026-02-14 11:41:12,933 [DEBUG] [aiosqlite] executing functools.partial(<built-in method cursor of sqlite3.Connection object at 0x10d36ed40>)
2026-02-14 11:41:12,934 [DEBUG] [aiosqlite] operation functools.partial(<built-in method cursor of sqlite3.Connection object at 0x10d36ed40>) completed
2026-02-14 11:41:12,934 [DEBUG] [aiosqlite] executing functools.partial(<built-in method execute of sqlite3.Cursor object at 0x10d3aab40>, 'PRAGMA temp.table_info("concepts")', ())
2026-02-14 11:41:12,934 [DEBUG] [aiosqlite] operation functools.partial(<built-in method execute of sqlite3.Cursor object at 0x10d3aab40>, 'PRAGMA temp.table_info("concepts")', ()) completed
2026-02-14 11:41:12,934 [DEBUG] [aiosqlite] executing functools.partial(<built-in method fetchall of sqlite3.Cursor object at 0x10d3aab40>)
2026-02-14 11:41:12,934 [DEBUG] [aiosqlite] operation functools.partial(<built-in method fetchall of sqlite3.Cursor object at 0x10d3aab40>) completed
2026-02-14 11:41:12,934 [DEBUG] [aiosqlite] executing functools.partial(<built-in method close of sqlite3.Cursor object at 0x10d3aab40>)
2026-02-14 11:41:12,934 [DEBUG] [aiosqlite] operation functools.partial(<built-in method close of sqlite3.Cursor object at 0x10d3aab40>) completed
2026-02-14 11:41:12,934 [DEBUG] [aiosqlite] executing functools.partial(<built-in method cursor of sqlite3.Connection object at 0x10d36ed40>)
2026-02-14 11:41:12,934 [DEBUG] [aiosqlite] operation functools.partial(<built-in method cursor of sqlite3.Connection object at 0x10d36ed40>) completed
2026-02-14 11:41:12,934 [DEBUG] [aiosqlite] executing functools.partial(<built-in method execute of sqlite3.Cursor object at 0x10d3aabc0>, 'PRAGMA main.table_info("concept_synonyms")', ())
2026-02-14 11:41:12,934 [DEBUG] [aiosqlite] operation functools.partial(<built-in method execute of sqlite3.Cursor object at 0x10d3aabc0>, 'PRAGMA main.table_info("concept_synonyms")', ()) completed
2026-02-14 11:41:12,934 [DEBUG] [aiosqlite] executing functools.partial(<built-in method fetchall of sqlite3.Cursor object at 0x10d3aabc0>)
2026-02-14 11:41:12,934 [DEBUG] [aiosqlite] operation functools.partial(<built-in method fetchall of sqlite3.Cursor object at 0x10d3aabc0>) completed
2026-02-14 11:41:12,934 [DEBUG] [aiosqlite] executing functools.partial(<built-in method close of sqlite3.Cursor object at 0x10d3aabc0>)
2026-02-14 11:41:12,934 [DEBUG] [aiosqlite] operation functools.partial(<built-in method close of sqlite3.Cursor object at 0x10d3aabc0>) completed
2026-02-14 11:41:12,934 [DEBUG] [aiosqlite] executing functools.partial(<built-in method cursor of sqlite3.Connection object at 0x10d36ed40>)
2026-02-14 11:41:12,934 [DEBUG] [aiosqlite] operation functools.partial(<built-in method cursor of sqlite3.Connection object at 0x10d36ed40>) completed
2026-02-14 11:41:12,934 [DEBUG] [aiosqlite] executing functools.partial(<built-in method execute of sqlite3.Cursor object at 0x10d3aacc0>, 'PRAGMA temp.table_info("concept_synonyms")', ())
2026-02-14 11:41:12,934 [DEBUG] [aiosqlite] operation functools.partial(<built-in method execute of sqlite3.Cursor object at 0x10d3aacc0>, 'PRAGMA temp.table_info("concept_synonyms")', ()) completed
2026-02-14 11:41:12,934 [DEBUG] [aiosqlite] executing functools.partial(<built-in method fetchall of sqlite3.Cursor object at 0x10d3aacc0>)
2026-02-14 11:41:12,934 [DEBUG] [aiosqlite] operation functools.partial(<built-in method fetchall of sqlite3.Cursor object at 0x10d3aacc0>) completed
2026-02-14 11:41:12,934 [DEBUG] [aiosqlite] executing functools.partial(<built-in method close of sqlite3.Cursor object at 0x10d3aacc0>)
2026-02-14 11:41:12,934 [DEBUG] [aiosqlite] operation functools.partial(<built-in method close of sqlite3.Cursor object at 0x10d3aacc0>) completed
2026-02-14 11:41:12,934 [DEBUG] [aiosqlite] executing functools.partial(<built-in method cursor of sqlite3.Connection object at 0x10d36ed40>)
2026-02-14 11:41:12,934 [DEBUG] [aiosqlite] operation functools.partial(<built-in method cursor of sqlite3.Connection object at 0x10d36ed40>) completed
2026-02-14 11:41:12,934 [DEBUG] [aiosqlite] executing functools.partial(<built-in method execute of sqlite3.Cursor object at 0x10d3aad40>, 'PRAGMA main.table_info("snapshots")', ())
2026-02-14 11:41:12,934 [DEBUG] [aiosqlite] operation functools.partial(<built-in method execute of sqlite3.Cursor object at 0x10d3aad40>, 'PRAGMA main.table_info("snapshots")', ()) completed
2026-02-14 11:41:12,935 [DEBUG] [aiosqlite] executing functools.partial(<built-in method fetchall of sqlite3.Cursor object at 0x10d3aad40>)
2026-02-14 11:41:12,935 [DEBUG] [aiosqlite] operation functools.partial(<built-in method fetchall of sqlite3.Cursor object at 0x10d3aad40>) completed
2026-02-14 11:41:12,935 [DEBUG] [aiosqlite] executing functools.partial(<built-in method close of sqlite3.Cursor object at 0x10d3aad40>)
2026-02-14 11:41:12,935 [DEBUG] [aiosqlite] operation functools.partial(<built-in method close of sqlite3.Cursor object at 0x10d3aad40>) completed
2026-02-14 11:41:12,935 [DEBUG] [aiosqlite] executing functools.partial(<built-in method cursor of sqlite3.Connection object at 0x10d36ed40>)
2026-02-14 11:41:12,935 [DEBUG] [aiosqlite] operation functools.partial(<built-in method cursor of sqlite3.Connection object at 0x10d36ed40>) completed
2026-02-14 11:41:12,935 [DEBUG] [aiosqlite] executing functools.partial(<built-in method execute of sqlite3.Cursor object at 0x10d3aae40>, 'PRAGMA temp.table_info("snapshots")', ())
2026-02-14 11:41:12,935 [DEBUG] [aiosqlite] operation functools.partial(<built-in method execute of sqlite3.Cursor object at 0x10d3aae40>, 'PRAGMA temp.table_info("snapshots")', ()) completed
2026-02-14 11:41:12,935 [DEBUG] [aiosqlite] executing functools.partial(<built-in method fetchall of sqlite3.Cursor object at 0x10d3aae40>)
2026-02-14 11:41:12,935 [DEBUG] [aiosqlite] operation functools.partial(<built-in method fetchall of sqlite3.Cursor object at 0x10d3aae40>) completed
2026-02-14 11:41:12,935 [DEBUG] [aiosqlite] executing functools.partial(<built-in method close of sqlite3.Cursor object at 0x10d3aae40>)
2026-02-14 11:41:12,935 [DEBUG] [aiosqlite] operation functools.partial(<built-in method close of sqlite3.Cursor object at 0x10d3aae40>) completed
2026-02-14 11:41:12,935 [DEBUG] [aiosqlite] executing functools.partial(<built-in method cursor of sqlite3.Connection object at 0x10d36ed40>)
2026-02-14 11:41:12,935 [DEBUG] [aiosqlite] operation functools.partial(<built-in method cursor of sqlite3.Connection object at 0x10d36ed40>) completed
2026-02-14 11:41:12,935 [DEBUG] [aiosqlite] executing functools.partial(<built-in method execute of sqlite3.Cursor object at 0x10d3aaec0>, 'PRAGMA main.table_info("contributions")', ())
2026-02-14 11:41:12,935 [DEBUG] [aiosqlite] operation functools.partial(<built-in method execute of sqlite3.Cursor object at 0x10d3aaec0>, 'PRAGMA main.table_info("contributions")', ()) completed
2026-02-14 11:41:12,935 [DEBUG] [aiosqlite] executing functools.partial(<built-in method fetchall of sqlite3.Cursor object at 0x10d3aaec0>)
2026-02-14 11:41:12,935 [DEBUG] [aiosqlite] operation functools.partial(<built-in method fetchall of sqlite3.Cursor object at 0x10d3aaec0>) completed
2026-02-14 11:41:12,935 [DEBUG] [aiosqlite] executing functools.partial(<built-in method close of sqlite3.Cursor object at 0x10d3aaec0>)
2026-02-14 11:41:12,935 [DEBUG] [aiosqlite] operation functools.partial(<built-in method close of sqlite3.Cursor object at 0x10d3aaec0>) completed
2026-02-14 11:41:12,935 [DEBUG] [aiosqlite] executing functools.partial(<built-in method cursor of sqlite3.Connection object at 0x10d36ed40>)
2026-02-14 11:41:12,935 [DEBUG] [aiosqlite] operation functools.partial(<built-in method cursor of sqlite3.Connection object at 0x10d36ed40>) completed
2026-02-14 11:41:12,935 [DEBUG] [aiosqlite] executing functools.partial(<built-in method execute of sqlite3.Cursor object at 0x10d3aafc0>, 'PRAGMA temp.table_info("contributions")', ())
2026-02-14 11:41:12,935 [DEBUG] [aiosqlite] operation functools.partial(<built-in method execute of sqlite3.Cursor object at 0x10d3aafc0>, 'PRAGMA temp.table_info("contributions")', ()) completed
2026-02-14 11:41:12,935 [DEBUG] [aiosqlite] executing functools.partial(<built-in method fetchall of sqlite3.Cursor object at 0x10d3aafc0>)
2026-02-14 11:41:12,935 [DEBUG] [aiosqlite] operation functools.partial(<built-in method fetchall of sqlite3.Cursor object at 0x10d3aafc0>) completed
2026-02-14 11:41:12,935 [DEBUG] [aiosqlite] executing functools.partial(<built-in method close of sqlite3.Cursor object at 0x10d3aafc0>)
2026-02-14 11:41:12,935 [DEBUG] [aiosqlite] operation functools.partial(<built-in method close of sqlite3.Cursor object at 0x10d3aafc0>) completed
2026-02-14 11:41:12,936 [DEBUG] [aiosqlite] executing functools.partial(<built-in method cursor of sqlite3.Connection object at 0x10d36ed40>)
2026-02-14 11:41:12,936 [DEBUG] [aiosqlite] operation functools.partial(<built-in method cursor of sqlite3.Connection object at 0x10d36ed40>) completed
2026-02-14 11:41:12,936 [DEBUG] [aiosqlite] executing functools.partial(<built-in method execute of sqlite3.Cursor object at 0x10d3ab040>, 'PRAGMA main.table_info("synonym_mappings")', ())
2026-02-14 11:41:12,936 [DEBUG] [aiosqlite] operation functools.partial(<built-in method execute of sqlite3.Cursor object at 0x10d3ab040>, 'PRAGMA main.table_info("synonym_mappings")', ()) completed
2026-02-14 11:41:12,936 [DEBUG] [aiosqlite] executing functools.partial(<built-in method fetchall of sqlite3.Cursor object at 0x10d3ab040>)
2026-02-14 11:41:12,936 [DEBUG] [aiosqlite] operation functools.partial(<built-in method fetchall of sqlite3.Cursor object at 0x10d3ab040>) completed
2026-02-14 11:41:12,936 [DEBUG] [aiosqlite] executing functools.partial(<built-in method close of sqlite3.Cursor object at 0x10d3ab040>)
2026-02-14 11:41:12,936 [DEBUG] [aiosqlite] operation functools.partial(<built-in method close of sqlite3.Cursor object at 0x10d3ab040>) completed
2026-02-14 11:41:12,936 [DEBUG] [aiosqlite] executing functools.partial(<built-in method cursor of sqlite3.Connection object at 0x10d36ed40>)
2026-02-14 11:41:12,936 [DEBUG] [aiosqlite] operation functools.partial(<built-in method cursor of sqlite3.Connection object at 0x10d36ed40>) completed
2026-02-14 11:41:12,936 [DEBUG] [aiosqlite] executing functools.partial(<built-in method execute of sqlite3.Cursor object at 0x10d3ab140>, 'PRAGMA temp.table_info("synonym_mappings")', ())
2026-02-14 11:41:12,936 [DEBUG] [aiosqlite] operation functools.partial(<built-in method execute of sqlite3.Cursor object at 0x10d3ab140>, 'PRAGMA temp.table_info("synonym_mappings")', ()) completed
2026-02-14 11:41:12,936 [DEBUG] [aiosqlite] executing functools.partial(<built-in method fetchall of sqlite3.Cursor object at 0x10d3ab140>)
2026-02-14 11:41:12,936 [DEBUG] [aiosqlite] operation functools.partial(<built-in method fetchall of sqlite3.Cursor object at 0x10d3ab140>) completed
2026-02-14 11:41:12,936 [DEBUG] [aiosqlite] executing functools.partial(<built-in method close of sqlite3.Cursor object at 0x10d3ab140>)
2026-02-14 11:41:12,936 [DEBUG] [aiosqlite] operation functools.partial(<built-in method close of sqlite3.Cursor object at 0x10d3ab140>) completed
2026-02-14 11:41:12,936 [DEBUG] [aiosqlite] executing functools.partial(<built-in method cursor of sqlite3.Connection object at 0x10d36ed40>)
2026-02-14 11:41:12,936 [DEBUG] [aiosqlite] operation functools.partial(<built-in method cursor of sqlite3.Connection object at 0x10d36ed40>) completed
2026-02-14 11:41:12,936 [DEBUG] [aiosqlite] executing functools.partial(<built-in method execute of sqlite3.Cursor object at 0x10d3ab1c0>, 'PRAGMA main.table_info("batch_tasks")', ())
2026-02-14 11:41:12,936 [DEBUG] [aiosqlite] operation functools.partial(<built-in method execute of sqlite3.Cursor object at 0x10d3ab1c0>, 'PRAGMA main.table_info("batch_tasks")', ()) completed
2026-02-14 11:41:12,936 [DEBUG] [aiosqlite] executing functools.partial(<built-in method fetchall of sqlite3.Cursor object at 0x10d3ab1c0>)
2026-02-14 11:41:12,936 [DEBUG] [aiosqlite] operation functools.partial(<built-in method fetchall of sqlite3.Cursor object at 0x10d3ab1c0>) completed
2026-02-14 11:41:12,936 [DEBUG] [aiosqlite] executing functools.partial(<built-in method close of sqlite3.Cursor object at 0x10d3ab1c0>)
2026-02-14 11:41:12,936 [DEBUG] [aiosqlite] operation functools.partial(<built-in method close of sqlite3.Cursor object at 0x10d3ab1c0>) completed
2026-02-14 11:41:12,937 [DEBUG] [aiosqlite] executing functools.partial(<built-in method cursor of sqlite3.Connection object at 0x10d36ed40>)
2026-02-14 11:41:12,937 [DEBUG] [aiosqlite] operation functools.partial(<built-in method cursor of sqlite3.Connection object at 0x10d36ed40>) completed
2026-02-14 11:41:12,937 [DEBUG] [aiosqlite] executing functools.partial(<built-in method execute of sqlite3.Cursor object at 0x10d38f740>, 'PRAGMA temp.table_info("batch_tasks")', ())
2026-02-14 11:41:12,937 [DEBUG] [aiosqlite] operation functools.partial(<built-in method execute of sqlite3.Cursor object at 0x10d38f740>, 'PRAGMA temp.table_info("batch_tasks")', ()) completed
2026-02-14 11:41:12,937 [DEBUG] [aiosqlite] executing functools.partial(<built-in method fetchall of sqlite3.Cursor object at 0x10d38f740>)
2026-02-14 11:41:12,937 [DEBUG] [aiosqlite] operation functools.partial(<built-in method fetchall of sqlite3.Cursor object at 0x10d38f740>) completed
2026-02-14 11:41:12,937 [DEBUG] [aiosqlite] executing functools.partial(<built-in method close of sqlite3.Cursor object at 0x10d38f740>)
2026-02-14 11:41:12,937 [DEBUG] [aiosqlite] operation functools.partial(<built-in method close of sqlite3.Cursor object at 0x10d38f740>) completed
2026-02-14 11:41:12,937 [DEBUG] [aiosqlite] executing functools.partial(<built-in method cursor of sqlite3.Connection object at 0x10d36ed40>)
2026-02-14 11:41:12,937 [DEBUG] [aiosqlite] operation functools.partial(<built-in method cursor of sqlite3.Connection object at 0x10d36ed40>) completed
2026-02-14 11:41:12,937 [DEBUG] [aiosqlite] executing functools.partial(<built-in method execute of sqlite3.Cursor object at 0x10d38f2c0>, 'PRAGMA main.table_info("domain_whitelists")', ())
2026-02-14 11:41:12,937 [DEBUG] [aiosqlite] operation functools.partial(<built-in method execute of sqlite3.Cursor object at 0x10d38f2c0>, 'PRAGMA main.table_info("domain_whitelists")', ()) completed
2026-02-14 11:41:12,937 [DEBUG] [aiosqlite] executing functools.partial(<built-in method fetchall of sqlite3.Cursor object at 0x10d38f2c0>)
2026-02-14 11:41:12,937 [DEBUG] [aiosqlite] operation functools.partial(<built-in method fetchall of sqlite3.Cursor object at 0x10d38f2c0>) completed
2026-02-14 11:41:12,937 [DEBUG] [aiosqlite] executing functools.partial(<built-in method close of sqlite3.Cursor object at 0x10d38f2c0>)
2026-02-14 11:41:12,937 [DEBUG] [aiosqlite] operation functools.partial(<built-in method close of sqlite3.Cursor object at 0x10d38f2c0>) completed
2026-02-14 11:41:12,938 [DEBUG] [aiosqlite] executing functools.partial(<built-in method cursor of sqlite3.Connection object at 0x10d36ed40>)
2026-02-14 11:41:12,938 [DEBUG] [aiosqlite] operation functools.partial(<built-in method cursor of sqlite3.Connection object at 0x10d36ed40>) completed
2026-02-14 11:41:12,938 [DEBUG] [aiosqlite] executing functools.partial(<built-in method execute of sqlite3.Cursor object at 0x10d38f640>, 'PRAGMA temp.table_info("domain_whitelists")', ())
2026-02-14 11:41:12,938 [DEBUG] [aiosqlite] operation functools.partial(<built-in method execute of sqlite3.Cursor object at 0x10d38f640>, 'PRAGMA temp.table_info("domain_whitelists")', ()) completed
2026-02-14 11:41:12,938 [DEBUG] [aiosqlite] executing functools.partial(<built-in method fetchall of sqlite3.Cursor object at 0x10d38f640>)
2026-02-14 11:41:12,938 [DEBUG] [aiosqlite] operation functools.partial(<built-in method fetchall of sqlite3.Cursor object at 0x10d38f640>) completed
2026-02-14 11:41:12,938 [DEBUG] [aiosqlite] executing functools.partial(<built-in method close of sqlite3.Cursor object at 0x10d38f640>)
2026-02-14 11:41:12,938 [DEBUG] [aiosqlite] operation functools.partial(<built-in method close of sqlite3.Cursor object at 0x10d38f640>) completed
2026-02-14 11:41:12,938 [DEBUG] [aiosqlite] executing functools.partial(<built-in method cursor of sqlite3.Connection object at 0x10d36ed40>)
2026-02-14 11:41:12,938 [DEBUG] [aiosqlite] operation functools.partial(<built-in method cursor of sqlite3.Connection object at 0x10d36ed40>) completed
2026-02-14 11:41:12,938 [DEBUG] [aiosqlite] executing functools.partial(<built-in method execute of sqlite3.Cursor object at 0x10d38f140>, 'PRAGMA main.table_info("discovered_domains")', ())
2026-02-14 11:41:12,938 [DEBUG] [aiosqlite] operation functools.partial(<built-in method execute of sqlite3.Cursor object at 0x10d38f140>, 'PRAGMA main.table_info("discovered_domains")', ()) completed
2026-02-14 11:41:12,938 [DEBUG] [aiosqlite] executing functools.partial(<built-in method fetchall of sqlite3.Cursor object at 0x10d38f140>)
2026-02-14 11:41:12,938 [DEBUG] [aiosqlite] operation functools.partial(<built-in method fetchall of sqlite3.Cursor object at 0x10d38f140>) completed
2026-02-14 11:41:12,938 [DEBUG] [aiosqlite] executing functools.partial(<built-in method close of sqlite3.Cursor object at 0x10d38f140>)
2026-02-14 11:41:12,938 [DEBUG] [aiosqlite] operation functools.partial(<built-in method close of sqlite3.Cursor object at 0x10d38f140>) completed
2026-02-14 11:41:12,938 [DEBUG] [aiosqlite] executing functools.partial(<built-in method cursor of sqlite3.Connection object at 0x10d36ed40>)
2026-02-14 11:41:12,938 [DEBUG] [aiosqlite] operation functools.partial(<built-in method cursor of sqlite3.Connection object at 0x10d36ed40>) completed
2026-02-14 11:41:12,938 [DEBUG] [aiosqlite] executing functools.partial(<built-in method execute of sqlite3.Cursor object at 0x10d38f6c0>, 'PRAGMA temp.table_info("discovered_domains")', ())
2026-02-14 11:41:12,938 [DEBUG] [aiosqlite] operation functools.partial(<built-in method execute of sqlite3.Cursor object at 0x10d38f6c0>, 'PRAGMA temp.table_info("discovered_domains")', ()) completed
2026-02-14 11:41:12,938 [DEBUG] [aiosqlite] executing functools.partial(<built-in method fetchall of sqlite3.Cursor object at 0x10d38f6c0>)
2026-02-14 11:41:12,938 [DEBUG] [aiosqlite] operation functools.partial(<built-in method fetchall of sqlite3.Cursor object at 0x10d38f6c0>) completed
2026-02-14 11:41:12,938 [DEBUG] [aiosqlite] executing functools.partial(<built-in method close of sqlite3.Cursor object at 0x10d38f6c0>)
2026-02-14 11:41:12,938 [DEBUG] [aiosqlite] operation functools.partial(<built-in method close of sqlite3.Cursor object at 0x10d38f6c0>) completed
2026-02-14 11:41:12,938 [DEBUG] [aiosqlite] executing functools.partial(<built-in method cursor of sqlite3.Connection object at 0x10d36ed40>)
2026-02-14 11:41:12,938 [DEBUG] [aiosqlite] operation functools.partial(<built-in method cursor of sqlite3.Connection object at 0x10d36ed40>) completed
2026-02-14 11:41:12,938 [DEBUG] [aiosqlite] executing functools.partial(<built-in method execute of sqlite3.Cursor object at 0x10d38f840>, 'PRAGMA main.table_info("hotspots")', ())
2026-02-14 11:41:12,938 [DEBUG] [aiosqlite] operation functools.partial(<built-in method execute of sqlite3.Cursor object at 0x10d38f840>, 'PRAGMA main.table_info("hotspots")', ()) completed
2026-02-14 11:41:12,939 [DEBUG] [aiosqlite] executing functools.partial(<built-in method fetchall of sqlite3.Cursor object at 0x10d38f840>)
2026-02-14 11:41:12,939 [DEBUG] [aiosqlite] operation functools.partial(<built-in method fetchall of sqlite3.Cursor object at 0x10d38f840>) completed
2026-02-14 11:41:12,939 [DEBUG] [aiosqlite] executing functools.partial(<built-in method close of sqlite3.Cursor object at 0x10d38f840>)
2026-02-14 11:41:12,939 [DEBUG] [aiosqlite] operation functools.partial(<built-in method close of sqlite3.Cursor object at 0x10d38f840>) completed
2026-02-14 11:41:12,939 [DEBUG] [aiosqlite] executing functools.partial(<built-in method cursor of sqlite3.Connection object at 0x10d36ed40>)
2026-02-14 11:41:12,939 [DEBUG] [aiosqlite] operation functools.partial(<built-in method cursor of sqlite3.Connection object at 0x10d36ed40>) completed
2026-02-14 11:41:12,939 [DEBUG] [aiosqlite] executing functools.partial(<built-in method execute of sqlite3.Cursor object at 0x10d38f4c0>, 'PRAGMA temp.table_info("hotspots")', ())
2026-02-14 11:41:12,939 [DEBUG] [aiosqlite] operation functools.partial(<built-in method execute of sqlite3.Cursor object at 0x10d38f4c0>, 'PRAGMA temp.table_info("hotspots")', ()) completed
2026-02-14 11:41:12,939 [DEBUG] [aiosqlite] executing functools.partial(<built-in method fetchall of sqlite3.Cursor object at 0x10d38f4c0>)
2026-02-14 11:41:12,939 [DEBUG] [aiosqlite] operation functools.partial(<built-in method fetchall of sqlite3.Cursor object at 0x10d38f4c0>) completed
2026-02-14 11:41:12,939 [DEBUG] [aiosqlite] executing functools.partial(<built-in method close of sqlite3.Cursor object at 0x10d38f4c0>)
2026-02-14 11:41:12,939 [DEBUG] [aiosqlite] operation functools.partial(<built-in method close of sqlite3.Cursor object at 0x10d38f4c0>) completed
2026-02-14 11:41:12,939 [DEBUG] [aiosqlite] executing functools.partial(<built-in method cursor of sqlite3.Connection object at 0x10d36ed40>)
2026-02-14 11:41:12,939 [DEBUG] [aiosqlite] operation functools.partial(<built-in method cursor of sqlite3.Connection object at 0x10d36ed40>) completed
2026-02-14 11:41:12,939 [DEBUG] [aiosqlite] executing functools.partial(<built-in method execute of sqlite3.Cursor object at 0x10d38f540>, 'PRAGMA main.table_info("hotspot_events")', ())
2026-02-14 11:41:12,939 [DEBUG] [aiosqlite] operation functools.partial(<built-in method execute of sqlite3.Cursor object at 0x10d38f540>, 'PRAGMA main.table_info("hotspot_events")', ()) completed
2026-02-14 11:41:12,939 [DEBUG] [aiosqlite] executing functools.partial(<built-in method fetchall of sqlite3.Cursor object at 0x10d38f540>)
2026-02-14 11:41:12,939 [DEBUG] [aiosqlite] operation functools.partial(<built-in method fetchall of sqlite3.Cursor object at 0x10d38f540>) completed
2026-02-14 11:41:12,939 [DEBUG] [aiosqlite] executing functools.partial(<built-in method close of sqlite3.Cursor object at 0x10d38f540>)
2026-02-14 11:41:12,939 [DEBUG] [aiosqlite] operation functools.partial(<built-in method close of sqlite3.Cursor object at 0x10d38f540>) completed
2026-02-14 11:41:12,939 [DEBUG] [aiosqlite] executing functools.partial(<built-in method cursor of sqlite3.Connection object at 0x10d36ed40>)
2026-02-14 11:41:12,939 [DEBUG] [aiosqlite] operation functools.partial(<built-in method cursor of sqlite3.Connection object at 0x10d36ed40>) completed
2026-02-14 11:41:12,939 [DEBUG] [aiosqlite] executing functools.partial(<built-in method execute of sqlite3.Cursor object at 0x10d3aa7c0>, 'PRAGMA temp.table_info("hotspot_events")', ())
2026-02-14 11:41:12,939 [DEBUG] [aiosqlite] operation functools.partial(<built-in method execute of sqlite3.Cursor object at 0x10d3aa7c0>, 'PRAGMA temp.table_info("hotspot_events")', ()) completed
2026-02-14 11:41:12,939 [DEBUG] [aiosqlite] executing functools.partial(<built-in method fetchall of sqlite3.Cursor object at 0x10d3aa7c0>)
2026-02-14 11:41:12,939 [DEBUG] [aiosqlite] operation functools.partial(<built-in method fetchall of sqlite3.Cursor object at 0x10d3aa7c0>) completed
2026-02-14 11:41:12,939 [DEBUG] [aiosqlite] executing functools.partial(<built-in method close of sqlite3.Cursor object at 0x10d3aa7c0>)
2026-02-14 11:41:12,939 [DEBUG] [aiosqlite] operation functools.partial(<built-in method close of sqlite3.Cursor object at 0x10d3aa7c0>) completed
2026-02-14 11:41:12,939 [DEBUG] [aiosqlite] executing functools.partial(<built-in method cursor of sqlite3.Connection object at 0x10d36ed40>)
2026-02-14 11:41:12,939 [DEBUG] [aiosqlite] operation functools.partial(<built-in method cursor of sqlite3.Connection object at 0x10d36ed40>) completed
2026-02-14 11:41:12,940 [DEBUG] [aiosqlite] executing functools.partial(<built-in method execute of sqlite3.Cursor object at 0x10d38f340>, 'PRAGMA main.table_info("concept_definitions")', ())
2026-02-14 11:41:12,940 [DEBUG] [aiosqlite] operation functools.partial(<built-in method execute of sqlite3.Cursor object at 0x10d38f340>, 'PRAGMA main.table_info("concept_definitions")', ()) completed
2026-02-14 11:41:12,940 [DEBUG] [aiosqlite] executing functools.partial(<built-in method fetchall of sqlite3.Cursor object at 0x10d38f340>)
2026-02-14 11:41:12,940 [DEBUG] [aiosqlite] operation functools.partial(<built-in method fetchall of sqlite3.Cursor object at 0x10d38f340>) completed
2026-02-14 11:41:12,940 [DEBUG] [aiosqlite] executing functools.partial(<built-in method close of sqlite3.Cursor object at 0x10d38f340>)
2026-02-14 11:41:12,940 [DEBUG] [aiosqlite] operation functools.partial(<built-in method close of sqlite3.Cursor object at 0x10d38f340>) completed
2026-02-14 11:41:12,940 [DEBUG] [aiosqlite] executing functools.partial(<built-in method cursor of sqlite3.Connection object at 0x10d36ed40>)
2026-02-14 11:41:12,940 [DEBUG] [aiosqlite] operation functools.partial(<built-in method cursor of sqlite3.Connection object at 0x10d36ed40>) completed
2026-02-14 11:41:12,940 [DEBUG] [aiosqlite] executing functools.partial(<built-in method execute of sqlite3.Cursor object at 0x10d3aaf40>, 'PRAGMA temp.table_info("concept_definitions")', ())
2026-02-14 11:41:12,940 [DEBUG] [aiosqlite] operation functools.partial(<built-in method execute of sqlite3.Cursor object at 0x10d3aaf40>, 'PRAGMA temp.table_info("concept_definitions")', ()) completed
2026-02-14 11:41:12,940 [DEBUG] [aiosqlite] executing functools.partial(<built-in method fetchall of sqlite3.Cursor object at 0x10d3aaf40>)
2026-02-14 11:41:12,940 [DEBUG] [aiosqlite] operation functools.partial(<built-in method fetchall of sqlite3.Cursor object at 0x10d3aaf40>) completed
2026-02-14 11:41:12,940 [DEBUG] [aiosqlite] executing functools.partial(<built-in method close of sqlite3.Cursor object at 0x10d3aaf40>)
2026-02-14 11:41:12,940 [DEBUG] [aiosqlite] operation functools.partial(<built-in method close of sqlite3.Cursor object at 0x10d3aaf40>) completed
2026-02-14 11:41:12,940 [DEBUG] [aiosqlite] executing functools.partial(<built-in method cursor of sqlite3.Connection object at 0x10d36ed40>)
2026-02-14 11:41:12,940 [DEBUG] [aiosqlite] operation functools.partial(<built-in method cursor of sqlite3.Connection object at 0x10d36ed40>) completed
2026-02-14 11:41:12,940 [DEBUG] [aiosqlite] executing functools.partial(<built-in method execute of sqlite3.Cursor object at 0x10d3ab0c0>, 'PRAGMA main.table_info("health_reports")', ())
2026-02-14 11:41:12,940 [DEBUG] [aiosqlite] operation functools.partial(<built-in method execute of sqlite3.Cursor object at 0x10d3ab0c0>, 'PRAGMA main.table_info("health_reports")', ()) completed
2026-02-14 11:41:12,940 [DEBUG] [aiosqlite] executing functools.partial(<built-in method fetchall of sqlite3.Cursor object at 0x10d3ab0c0>)
2026-02-14 11:41:12,940 [DEBUG] [aiosqlite] operation functools.partial(<built-in method fetchall of sqlite3.Cursor object at 0x10d3ab0c0>) completed
2026-02-14 11:41:12,940 [DEBUG] [aiosqlite] executing functools.partial(<built-in method close of sqlite3.Cursor object at 0x10d3ab0c0>)
2026-02-14 11:41:12,940 [DEBUG] [aiosqlite] operation functools.partial(<built-in method close of sqlite3.Cursor object at 0x10d3ab0c0>) completed
2026-02-14 11:41:12,940 [DEBUG] [aiosqlite] executing functools.partial(<built-in method cursor of sqlite3.Connection object at 0x10d36ed40>)
2026-02-14 11:41:12,940 [DEBUG] [aiosqlite] operation functools.partial(<built-in method cursor of sqlite3.Connection object at 0x10d36ed40>) completed
2026-02-14 11:41:12,940 [DEBUG] [aiosqlite] executing functools.partial(<built-in method execute of sqlite3.Cursor object at 0x10d3ab240>, 'PRAGMA temp.table_info("health_reports")', ())
2026-02-14 11:41:12,940 [DEBUG] [aiosqlite] operation functools.partial(<built-in method execute of sqlite3.Cursor object at 0x10d3ab240>, 'PRAGMA temp.table_info("health_reports")', ()) completed
2026-02-14 11:41:12,941 [DEBUG] [aiosqlite] executing functools.partial(<built-in method fetchall of sqlite3.Cursor object at 0x10d3ab240>)
2026-02-14 11:41:12,941 [DEBUG] [aiosqlite] operation functools.partial(<built-in method fetchall of sqlite3.Cursor object at 0x10d3ab240>) completed
2026-02-14 11:41:12,941 [DEBUG] [aiosqlite] executing functools.partial(<built-in method close of sqlite3.Cursor object at 0x10d3ab240>)
2026-02-14 11:41:12,941 [DEBUG] [aiosqlite] operation functools.partial(<built-in method close of sqlite3.Cursor object at 0x10d3ab240>) completed
2026-02-14 11:41:12,941 [DEBUG] [aiosqlite] executing functools.partial(<built-in method cursor of sqlite3.Connection object at 0x10d36ed40>)
2026-02-14 11:41:12,941 [DEBUG] [aiosqlite] operation functools.partial(<built-in method cursor of sqlite3.Connection object at 0x10d36ed40>) completed
2026-02-14 11:41:12,941 [DEBUG] [aiosqlite] executing functools.partial(<built-in method execute of sqlite3.Cursor object at 0x10d3aa640>, 'PRAGMA main.table_info("strategy_adjustments")', ())
2026-02-14 11:41:12,941 [DEBUG] [aiosqlite] operation functools.partial(<built-in method execute of sqlite3.Cursor object at 0x10d3aa640>, 'PRAGMA main.table_info("strategy_adjustments")', ()) completed
2026-02-14 11:41:12,941 [DEBUG] [aiosqlite] executing functools.partial(<built-in method fetchall of sqlite3.Cursor object at 0x10d3aa640>)
2026-02-14 11:41:12,941 [DEBUG] [aiosqlite] operation functools.partial(<built-in method fetchall of sqlite3.Cursor object at 0x10d3aa640>) completed
2026-02-14 11:41:12,941 [DEBUG] [aiosqlite] executing functools.partial(<built-in method close of sqlite3.Cursor object at 0x10d3aa640>)
2026-02-14 11:41:12,941 [DEBUG] [aiosqlite] operation functools.partial(<built-in method close of sqlite3.Cursor object at 0x10d3aa640>) completed
2026-02-14 11:41:12,941 [DEBUG] [aiosqlite] executing functools.partial(<built-in method cursor of sqlite3.Connection object at 0x10d36ed40>)
2026-02-14 11:41:12,941 [DEBUG] [aiosqlite] operation functools.partial(<built-in method cursor of sqlite3.Connection object at 0x10d36ed40>) completed
2026-02-14 11:41:12,941 [DEBUG] [aiosqlite] executing functools.partial(<built-in method execute of sqlite3.Cursor object at 0x10d3ab340>, 'PRAGMA temp.table_info("strategy_adjustments")', ())
2026-02-14 11:41:12,941 [DEBUG] [aiosqlite] operation functools.partial(<built-in method execute of sqlite3.Cursor object at 0x10d3ab340>, 'PRAGMA temp.table_info("strategy_adjustments")', ()) completed
2026-02-14 11:41:12,941 [DEBUG] [aiosqlite] executing functools.partial(<built-in method fetchall of sqlite3.Cursor object at 0x10d3ab340>)
2026-02-14 11:41:12,941 [DEBUG] [aiosqlite] operation functools.partial(<built-in method fetchall of sqlite3.Cursor object at 0x10d3ab340>) completed
2026-02-14 11:41:12,941 [DEBUG] [aiosqlite] executing functools.partial(<built-in method close of sqlite3.Cursor object at 0x10d3ab340>)
2026-02-14 11:41:12,941 [DEBUG] [aiosqlite] operation functools.partial(<built-in method close of sqlite3.Cursor object at 0x10d3ab340>) completed
2026-02-14 11:41:12,942 [DEBUG] [aiosqlite] executing functools.partial(<built-in method cursor of sqlite3.Connection object at 0x10d36ed40>)
2026-02-14 11:41:12,942 [DEBUG] [aiosqlite] operation functools.partial(<built-in method cursor of sqlite3.Connection object at 0x10d36ed40>) completed
2026-02-14 11:41:12,942 [DEBUG] [aiosqlite] executing functools.partial(<built-in method execute of sqlite3.Cursor object at 0x10d3ab2c0>, 'PRAGMA main.table_info("scheduled_tasks")', ())
2026-02-14 11:41:12,942 [DEBUG] [aiosqlite] operation functools.partial(<built-in method execute of sqlite3.Cursor object at 0x10d3ab2c0>, 'PRAGMA main.table_info("scheduled_tasks")', ()) completed
2026-02-14 11:41:12,942 [DEBUG] [aiosqlite] executing functools.partial(<built-in method fetchall of sqlite3.Cursor object at 0x10d3ab2c0>)
2026-02-14 11:41:12,942 [DEBUG] [aiosqlite] operation functools.partial(<built-in method fetchall of sqlite3.Cursor object at 0x10d3ab2c0>) completed
2026-02-14 11:41:12,942 [DEBUG] [aiosqlite] executing functools.partial(<built-in method close of sqlite3.Cursor object at 0x10d3ab2c0>)
2026-02-14 11:41:12,943 [DEBUG] [aiosqlite] operation functools.partial(<built-in method close of sqlite3.Cursor object at 0x10d3ab2c0>) completed
2026-02-14 11:41:12,943 [DEBUG] [aiosqlite] executing functools.partial(<built-in method cursor of sqlite3.Connection object at 0x10d36ed40>)
2026-02-14 11:41:12,943 [DEBUG] [aiosqlite] operation functools.partial(<built-in method cursor of sqlite3.Connection object at 0x10d36ed40>) completed
2026-02-14 11:41:12,943 [DEBUG] [aiosqlite] executing functools.partial(<built-in method execute of sqlite3.Cursor object at 0x10d3ab440>, 'PRAGMA temp.table_info("scheduled_tasks")', ())
2026-02-14 11:41:12,943 [DEBUG] [aiosqlite] operation functools.partial(<built-in method execute of sqlite3.Cursor object at 0x10d3ab440>, 'PRAGMA temp.table_info("scheduled_tasks")', ()) completed
2026-02-14 11:41:12,943 [DEBUG] [aiosqlite] executing functools.partial(<built-in method fetchall of sqlite3.Cursor object at 0x10d3ab440>)
2026-02-14 11:41:12,943 [DEBUG] [aiosqlite] operation functools.partial(<built-in method fetchall of sqlite3.Cursor object at 0x10d3ab440>) completed
2026-02-14 11:41:12,943 [DEBUG] [aiosqlite] executing functools.partial(<built-in method close of sqlite3.Cursor object at 0x10d3ab440>)
2026-02-14 11:41:12,943 [DEBUG] [aiosqlite] operation functools.partial(<built-in method close of sqlite3.Cursor object at 0x10d3ab440>) completed
2026-02-14 11:41:12,943 [DEBUG] [aiosqlite] executing functools.partial(<built-in method cursor of sqlite3.Connection object at 0x10d36ed40>)
2026-02-14 11:41:12,943 [DEBUG] [aiosqlite] operation functools.partial(<built-in method cursor of sqlite3.Connection object at 0x10d36ed40>) completed
2026-02-14 11:41:12,943 [DEBUG] [aiosqlite] executing functools.partial(<built-in method execute of sqlite3.Cursor object at 0x10d3ab3c0>, 'PRAGMA main.table_info("task_executions")', ())
2026-02-14 11:41:12,943 [DEBUG] [aiosqlite] operation functools.partial(<built-in method execute of sqlite3.Cursor object at 0x10d3ab3c0>, 'PRAGMA main.table_info("task_executions")', ()) completed
2026-02-14 11:41:12,943 [DEBUG] [aiosqlite] executing functools.partial(<built-in method fetchall of sqlite3.Cursor object at 0x10d3ab3c0>)
2026-02-14 11:41:12,943 [DEBUG] [aiosqlite] operation functools.partial(<built-in method fetchall of sqlite3.Cursor object at 0x10d3ab3c0>) completed
2026-02-14 11:41:12,943 [DEBUG] [aiosqlite] executing functools.partial(<built-in method close of sqlite3.Cursor object at 0x10d3ab3c0>)
2026-02-14 11:41:12,943 [DEBUG] [aiosqlite] operation functools.partial(<built-in method close of sqlite3.Cursor object at 0x10d3ab3c0>) completed
2026-02-14 11:41:12,943 [DEBUG] [aiosqlite] executing functools.partial(<built-in method cursor of sqlite3.Connection object at 0x10d36ed40>)
2026-02-14 11:41:12,943 [DEBUG] [aiosqlite] operation functools.partial(<built-in method cursor of sqlite3.Connection object at 0x10d36ed40>) completed
2026-02-14 11:41:12,943 [DEBUG] [aiosqlite] executing functools.partial(<built-in method execute of sqlite3.Cursor object at 0x10d3ab540>, 'PRAGMA temp.table_info("task_executions")', ())
2026-02-14 11:41:12,943 [DEBUG] [aiosqlite] operation functools.partial(<built-in method execute of sqlite3.Cursor object at 0x10d3ab540>, 'PRAGMA temp.table_info("task_executions")', ()) completed
2026-02-14 11:41:12,943 [DEBUG] [aiosqlite] executing functools.partial(<built-in method fetchall of sqlite3.Cursor object at 0x10d3ab540>)
2026-02-14 11:41:12,943 [DEBUG] [aiosqlite] operation functools.partial(<built-in method fetchall of sqlite3.Cursor object at 0x10d3ab540>) completed
2026-02-14 11:41:12,943 [DEBUG] [aiosqlite] executing functools.partial(<built-in method close of sqlite3.Cursor object at 0x10d3ab540>)
2026-02-14 11:41:12,944 [DEBUG] [aiosqlite] operation functools.partial(<built-in method close of sqlite3.Cursor object at 0x10d3ab540>) completed
2026-02-14 11:41:12,944 [DEBUG] [aiosqlite] executing functools.partial(<built-in method cursor of sqlite3.Connection object at 0x10d36ed40>)
2026-02-14 11:41:12,944 [DEBUG] [aiosqlite] operation functools.partial(<built-in method cursor of sqlite3.Connection object at 0x10d36ed40>) completed
2026-02-14 11:41:12,944 [DEBUG] [aiosqlite] executing functools.partial(<built-in method execute of sqlite3.Cursor object at 0x10d3ab4c0>, 'PRAGMA main.table_info("config_history")', ())
2026-02-14 11:41:12,944 [DEBUG] [aiosqlite] operation functools.partial(<built-in method execute of sqlite3.Cursor object at 0x10d3ab4c0>, 'PRAGMA main.table_info("config_history")', ()) completed
2026-02-14 11:41:12,944 [DEBUG] [aiosqlite] executing functools.partial(<built-in method fetchall of sqlite3.Cursor object at 0x10d3ab4c0>)
2026-02-14 11:41:12,944 [DEBUG] [aiosqlite] operation functools.partial(<built-in method fetchall of sqlite3.Cursor object at 0x10d3ab4c0>) completed
2026-02-14 11:41:12,944 [DEBUG] [aiosqlite] executing functools.partial(<built-in method close of sqlite3.Cursor object at 0x10d3ab4c0>)
2026-02-14 11:41:12,944 [DEBUG] [aiosqlite] operation functools.partial(<built-in method close of sqlite3.Cursor object at 0x10d3ab4c0>) completed
2026-02-14 11:41:12,944 [DEBUG] [aiosqlite] executing functools.partial(<built-in method cursor of sqlite3.Connection object at 0x10d36ed40>)
2026-02-14 11:41:12,944 [DEBUG] [aiosqlite] operation functools.partial(<built-in method cursor of sqlite3.Connection object at 0x10d36ed40>) completed
2026-02-14 11:41:12,944 [DEBUG] [aiosqlite] executing functools.partial(<built-in method execute of sqlite3.Cursor object at 0x10d3ab640>, 'PRAGMA temp.table_info("config_history")', ())
2026-02-14 11:41:12,944 [DEBUG] [aiosqlite] operation functools.partial(<built-in method execute of sqlite3.Cursor object at 0x10d3ab640>, 'PRAGMA temp.table_info("config_history")', ()) completed
2026-02-14 11:41:12,944 [DEBUG] [aiosqlite] executing functools.partial(<built-in method fetchall of sqlite3.Cursor object at 0x10d3ab640>)
2026-02-14 11:41:12,944 [DEBUG] [aiosqlite] operation functools.partial(<built-in method fetchall of sqlite3.Cursor object at 0x10d3ab640>) completed
2026-02-14 11:41:12,944 [DEBUG] [aiosqlite] executing functools.partial(<built-in method close of sqlite3.Cursor object at 0x10d3ab640>)
2026-02-14 11:41:12,944 [DEBUG] [aiosqlite] operation functools.partial(<built-in method close of sqlite3.Cursor object at 0x10d3ab640>) completed
2026-02-14 11:41:12,944 [DEBUG] [aiosqlite] executing functools.partial(<built-in method cursor of sqlite3.Connection object at 0x10d36ed40>)
2026-02-14 11:41:12,944 [DEBUG] [aiosqlite] operation functools.partial(<built-in method cursor of sqlite3.Connection object at 0x10d36ed40>) completed
2026-02-14 11:41:12,944 [DEBUG] [aiosqlite] executing functools.partial(<built-in method execute of sqlite3.Cursor object at 0x10d3ab5c0>, 'PRAGMA main.table_info("prompt_templates")', ())
2026-02-14 11:41:12,944 [DEBUG] [aiosqlite] operation functools.partial(<built-in method execute of sqlite3.Cursor object at 0x10d3ab5c0>, 'PRAGMA main.table_info("prompt_templates")', ()) completed
2026-02-14 11:41:12,944 [DEBUG] [aiosqlite] executing functools.partial(<built-in method fetchall of sqlite3.Cursor object at 0x10d3ab5c0>)
2026-02-14 11:41:12,944 [DEBUG] [aiosqlite] operation functools.partial(<built-in method fetchall of sqlite3.Cursor object at 0x10d3ab5c0>) completed
2026-02-14 11:41:12,944 [DEBUG] [aiosqlite] executing functools.partial(<built-in method close of sqlite3.Cursor object at 0x10d3ab5c0>)
2026-02-14 11:41:12,944 [DEBUG] [aiosqlite] operation functools.partial(<built-in method close of sqlite3.Cursor object at 0x10d3ab5c0>) completed
2026-02-14 11:41:12,945 [DEBUG] [aiosqlite] executing functools.partial(<built-in method cursor of sqlite3.Connection object at 0x10d36ed40>)
2026-02-14 11:41:12,945 [DEBUG] [aiosqlite] operation functools.partial(<built-in method cursor of sqlite3.Connection object at 0x10d36ed40>) completed
2026-02-14 11:41:12,945 [DEBUG] [aiosqlite] executing functools.partial(<built-in method execute of sqlite3.Cursor object at 0x10d3ab740>, 'PRAGMA temp.table_info("prompt_templates")', ())
2026-02-14 11:41:12,945 [DEBUG] [aiosqlite] operation functools.partial(<built-in method execute of sqlite3.Cursor object at 0x10d3ab740>, 'PRAGMA temp.table_info("prompt_templates")', ()) completed
2026-02-14 11:41:12,945 [DEBUG] [aiosqlite] executing functools.partial(<built-in method fetchall of sqlite3.Cursor object at 0x10d3ab740>)
2026-02-14 11:41:12,945 [DEBUG] [aiosqlite] operation functools.partial(<built-in method fetchall of sqlite3.Cursor object at 0x10d3ab740>) completed
2026-02-14 11:41:12,945 [DEBUG] [aiosqlite] executing functools.partial(<built-in method close of sqlite3.Cursor object at 0x10d3ab740>)
2026-02-14 11:41:12,945 [DEBUG] [aiosqlite] operation functools.partial(<built-in method close of sqlite3.Cursor object at 0x10d3ab740>) completed
2026-02-14 11:41:12,945 [DEBUG] [aiosqlite] executing functools.partial(<built-in method cursor of sqlite3.Connection object at 0x10d36ed40>)
2026-02-14 11:41:12,945 [DEBUG] [aiosqlite] operation functools.partial(<built-in method cursor of sqlite3.Connection object at 0x10d36ed40>) completed
2026-02-14 11:41:12,945 [DEBUG] [aiosqlite] executing functools.partial(<built-in method execute of sqlite3.Cursor object at 0x10d3ab6c0>, 'PRAGMA main.table_info("prompt_versions")', ())
2026-02-14 11:41:12,945 [DEBUG] [aiosqlite] operation functools.partial(<built-in method execute of sqlite3.Cursor object at 0x10d3ab6c0>, 'PRAGMA main.table_info("prompt_versions")', ()) completed
2026-02-14 11:41:12,945 [DEBUG] [aiosqlite] executing functools.partial(<built-in method fetchall of sqlite3.Cursor object at 0x10d3ab6c0>)
2026-02-14 11:41:12,945 [DEBUG] [aiosqlite] operation functools.partial(<built-in method fetchall of sqlite3.Cursor object at 0x10d3ab6c0>) completed
2026-02-14 11:41:12,945 [DEBUG] [aiosqlite] executing functools.partial(<built-in method close of sqlite3.Cursor object at 0x10d3ab6c0>)
2026-02-14 11:41:12,945 [DEBUG] [aiosqlite] operation functools.partial(<built-in method close of sqlite3.Cursor object at 0x10d3ab6c0>) completed
2026-02-14 11:41:12,945 [DEBUG] [aiosqlite] executing functools.partial(<built-in method cursor of sqlite3.Connection object at 0x10d36ed40>)
2026-02-14 11:41:12,945 [DEBUG] [aiosqlite] operation functools.partial(<built-in method cursor of sqlite3.Connection object at 0x10d36ed40>) completed
2026-02-14 11:41:12,945 [DEBUG] [aiosqlite] executing functools.partial(<built-in method execute of sqlite3.Cursor object at 0x10d3ab840>, 'PRAGMA temp.table_info("prompt_versions")', ())
2026-02-14 11:41:12,945 [DEBUG] [aiosqlite] operation functools.partial(<built-in method execute of sqlite3.Cursor object at 0x10d3ab840>, 'PRAGMA temp.table_info("prompt_versions")', ()) completed
2026-02-14 11:41:12,945 [DEBUG] [aiosqlite] executing functools.partial(<built-in method fetchall of sqlite3.Cursor object at 0x10d3ab840>)
2026-02-14 11:41:12,945 [DEBUG] [aiosqlite] operation functools.partial(<built-in method fetchall of sqlite3.Cursor object at 0x10d3ab840>) completed
2026-02-14 11:41:12,945 [DEBUG] [aiosqlite] executing functools.partial(<built-in method close of sqlite3.Cursor object at 0x10d3ab840>)
2026-02-14 11:41:12,945 [DEBUG] [aiosqlite] operation functools.partial(<built-in method close of sqlite3.Cursor object at 0x10d3ab840>) completed
2026-02-14 11:41:12,945 [DEBUG] [aiosqlite] executing functools.partial(<built-in method cursor of sqlite3.Connection object at 0x10d36ed40>)
2026-02-14 11:41:12,946 [DEBUG] [aiosqlite] operation functools.partial(<built-in method cursor of sqlite3.Connection object at 0x10d36ed40>) completed
2026-02-14 11:41:12,946 [DEBUG] [aiosqlite] executing functools.partial(<built-in method execute of sqlite3.Cursor object at 0x10d3ab7c0>, 'PRAGMA main.table_info("ab_tests")', ())
2026-02-14 11:41:12,946 [DEBUG] [aiosqlite] operation functools.partial(<built-in method execute of sqlite3.Cursor object at 0x10d3ab7c0>, 'PRAGMA main.table_info("ab_tests")', ()) completed
2026-02-14 11:41:12,946 [DEBUG] [aiosqlite] executing functools.partial(<built-in method fetchall of sqlite3.Cursor object at 0x10d3ab7c0>)
2026-02-14 11:41:12,946 [DEBUG] [aiosqlite] operation functools.partial(<built-in method fetchall of sqlite3.Cursor object at 0x10d3ab7c0>) completed
2026-02-14 11:41:12,946 [DEBUG] [aiosqlite] executing functools.partial(<built-in method close of sqlite3.Cursor object at 0x10d3ab7c0>)
2026-02-14 11:41:12,946 [DEBUG] [aiosqlite] operation functools.partial(<built-in method close of sqlite3.Cursor object at 0x10d3ab7c0>) completed
2026-02-14 11:41:12,946 [DEBUG] [aiosqlite] executing functools.partial(<built-in method cursor of sqlite3.Connection object at 0x10d36ed40>)
2026-02-14 11:41:12,946 [DEBUG] [aiosqlite] operation functools.partial(<built-in method cursor of sqlite3.Connection object at 0x10d36ed40>) completed
2026-02-14 11:41:12,946 [DEBUG] [aiosqlite] executing functools.partial(<built-in method execute of sqlite3.Cursor object at 0x10d3ab940>, 'PRAGMA temp.table_info("ab_tests")', ())
2026-02-14 11:41:12,946 [DEBUG] [aiosqlite] operation functools.partial(<built-in method execute of sqlite3.Cursor object at 0x10d3ab940>, 'PRAGMA temp.table_info("ab_tests")', ()) completed
2026-02-14 11:41:12,946 [DEBUG] [aiosqlite] executing functools.partial(<built-in method fetchall of sqlite3.Cursor object at 0x10d3ab940>)
2026-02-14 11:41:12,946 [DEBUG] [aiosqlite] operation functools.partial(<built-in method fetchall of sqlite3.Cursor object at 0x10d3ab940>) completed
2026-02-14 11:41:12,946 [DEBUG] [aiosqlite] executing functools.partial(<built-in method close of sqlite3.Cursor object at 0x10d3ab940>)
2026-02-14 11:41:12,946 [DEBUG] [aiosqlite] operation functools.partial(<built-in method close of sqlite3.Cursor object at 0x10d3ab940>) completed
2026-02-14 11:41:12,946 [DEBUG] [aiosqlite] executing functools.partial(<built-in method cursor of sqlite3.Connection object at 0x10d36ed40>)
2026-02-14 11:41:12,946 [DEBUG] [aiosqlite] operation functools.partial(<built-in method cursor of sqlite3.Connection object at 0x10d36ed40>) completed
2026-02-14 11:41:12,946 [DEBUG] [aiosqlite] executing functools.partial(<built-in method execute of sqlite3.Cursor object at 0x10d3ab8c0>, 'PRAGMA main.table_info("notifications")', ())
2026-02-14 11:41:12,946 [DEBUG] [aiosqlite] operation functools.partial(<built-in method execute of sqlite3.Cursor object at 0x10d3ab8c0>, 'PRAGMA main.table_info("notifications")', ()) completed
2026-02-14 11:41:12,946 [DEBUG] [aiosqlite] executing functools.partial(<built-in method fetchall of sqlite3.Cursor object at 0x10d3ab8c0>)
2026-02-14 11:41:12,946 [DEBUG] [aiosqlite] operation functools.partial(<built-in method fetchall of sqlite3.Cursor object at 0x10d3ab8c0>) completed
2026-02-14 11:41:12,946 [DEBUG] [aiosqlite] executing functools.partial(<built-in method close of sqlite3.Cursor object at 0x10d3ab8c0>)
2026-02-14 11:41:12,946 [DEBUG] [aiosqlite] operation functools.partial(<built-in method close of sqlite3.Cursor object at 0x10d3ab8c0>) completed
2026-02-14 11:41:12,947 [DEBUG] [aiosqlite] executing functools.partial(<built-in method cursor of sqlite3.Connection object at 0x10d36ed40>)
2026-02-14 11:41:12,947 [DEBUG] [aiosqlite] operation functools.partial(<built-in method cursor of sqlite3.Connection object at 0x10d36ed40>) completed
2026-02-14 11:41:12,947 [DEBUG] [aiosqlite] executing functools.partial(<built-in method execute of sqlite3.Cursor object at 0x10d3aba40>, 'PRAGMA temp.table_info("notifications")', ())
2026-02-14 11:41:12,947 [DEBUG] [aiosqlite] operation functools.partial(<built-in method execute of sqlite3.Cursor object at 0x10d3aba40>, 'PRAGMA temp.table_info("notifications")', ()) completed
2026-02-14 11:41:12,947 [DEBUG] [aiosqlite] executing functools.partial(<built-in method fetchall of sqlite3.Cursor object at 0x10d3aba40>)
2026-02-14 11:41:12,947 [DEBUG] [aiosqlite] operation functools.partial(<built-in method fetchall of sqlite3.Cursor object at 0x10d3aba40>) completed
2026-02-14 11:41:12,947 [DEBUG] [aiosqlite] executing functools.partial(<built-in method close of sqlite3.Cursor object at 0x10d3aba40>)
2026-02-14 11:41:12,947 [DEBUG] [aiosqlite] operation functools.partial(<built-in method close of sqlite3.Cursor object at 0x10d3aba40>) completed
2026-02-14 11:41:12,947 [DEBUG] [aiosqlite] executing functools.partial(<built-in method cursor of sqlite3.Connection object at 0x10d36ed40>)
2026-02-14 11:41:12,947 [DEBUG] [aiosqlite] operation functools.partial(<built-in method cursor of sqlite3.Connection object at 0x10d36ed40>) completed
2026-02-14 11:41:12,947 [DEBUG] [aiosqlite] executing functools.partial(<built-in method execute of sqlite3.Cursor object at 0x10d3ab9c0>, 'PRAGMA main.table_info("notification_preferences")', ())
2026-02-14 11:41:12,947 [DEBUG] [aiosqlite] operation functools.partial(<built-in method execute of sqlite3.Cursor object at 0x10d3ab9c0>, 'PRAGMA main.table_info("notification_preferences")', ()) completed
2026-02-14 11:41:12,947 [DEBUG] [aiosqlite] executing functools.partial(<built-in method fetchall of sqlite3.Cursor object at 0x10d3ab9c0>)
2026-02-14 11:41:12,947 [DEBUG] [aiosqlite] operation functools.partial(<built-in method fetchall of sqlite3.Cursor object at 0x10d3ab9c0>) completed
2026-02-14 11:41:12,947 [DEBUG] [aiosqlite] executing functools.partial(<built-in method close of sqlite3.Cursor object at 0x10d3ab9c0>)
2026-02-14 11:41:12,947 [DEBUG] [aiosqlite] operation functools.partial(<built-in method close of sqlite3.Cursor object at 0x10d3ab9c0>) completed
2026-02-14 11:41:12,947 [DEBUG] [aiosqlite] executing functools.partial(<built-in method cursor of sqlite3.Connection object at 0x10d36ed40>)
2026-02-14 11:41:12,947 [DEBUG] [aiosqlite] operation functools.partial(<built-in method cursor of sqlite3.Connection object at 0x10d36ed40>) completed
2026-02-14 11:41:12,947 [DEBUG] [aiosqlite] executing functools.partial(<built-in method execute of sqlite3.Cursor object at 0x10d3abb40>, 'PRAGMA temp.table_info("notification_preferences")', ())
2026-02-14 11:41:12,947 [DEBUG] [aiosqlite] operation functools.partial(<built-in method execute of sqlite3.Cursor object at 0x10d3abb40>, 'PRAGMA temp.table_info("notification_preferences")', ()) completed
2026-02-14 11:41:12,947 [DEBUG] [aiosqlite] executing functools.partial(<built-in method fetchall of sqlite3.Cursor object at 0x10d3abb40>)
2026-02-14 11:41:12,947 [DEBUG] [aiosqlite] operation functools.partial(<built-in method fetchall of sqlite3.Cursor object at 0x10d3abb40>) completed
2026-02-14 11:41:12,947 [DEBUG] [aiosqlite] executing functools.partial(<built-in method close of sqlite3.Cursor object at 0x10d3abb40>)
2026-02-14 11:41:12,947 [DEBUG] [aiosqlite] operation functools.partial(<built-in method close of sqlite3.Cursor object at 0x10d3abb40>) completed
2026-02-14 11:41:12,948 [DEBUG] [aiosqlite] executing functools.partial(<built-in method cursor of sqlite3.Connection object at 0x10d36ed40>)
2026-02-14 11:41:12,948 [DEBUG] [aiosqlite] operation functools.partial(<built-in method cursor of sqlite3.Connection object at 0x10d36ed40>) completed
2026-02-14 11:41:12,948 [DEBUG] [aiosqlite] executing functools.partial(<built-in method execute of sqlite3.Cursor object at 0x10d3abac0>, 'PRAGMA main.table_info("api_metrics")', ())
2026-02-14 11:41:12,948 [DEBUG] [aiosqlite] operation functools.partial(<built-in method execute of sqlite3.Cursor object at 0x10d3abac0>, 'PRAGMA main.table_info("api_metrics")', ()) completed
2026-02-14 11:41:12,948 [DEBUG] [aiosqlite] executing functools.partial(<built-in method fetchall of sqlite3.Cursor object at 0x10d3abac0>)
2026-02-14 11:41:12,948 [DEBUG] [aiosqlite] operation functools.partial(<built-in method fetchall of sqlite3.Cursor object at 0x10d3abac0>) completed
2026-02-14 11:41:12,948 [DEBUG] [aiosqlite] executing functools.partial(<built-in method close of sqlite3.Cursor object at 0x10d3abac0>)
2026-02-14 11:41:12,948 [DEBUG] [aiosqlite] operation functools.partial(<built-in method close of sqlite3.Cursor object at 0x10d3abac0>) completed
2026-02-14 11:41:12,948 [DEBUG] [aiosqlite] executing functools.partial(<built-in method cursor of sqlite3.Connection object at 0x10d36ed40>)
2026-02-14 11:41:12,948 [DEBUG] [aiosqlite] operation functools.partial(<built-in method cursor of sqlite3.Connection object at 0x10d36ed40>) completed
2026-02-14 11:41:12,948 [DEBUG] [aiosqlite] executing functools.partial(<built-in method execute of sqlite3.Cursor object at 0x10d3abc40>, 'PRAGMA temp.table_info("api_metrics")', ())
2026-02-14 11:41:12,948 [DEBUG] [aiosqlite] operation functools.partial(<built-in method execute of sqlite3.Cursor object at 0x10d3abc40>, 'PRAGMA temp.table_info("api_metrics")', ()) completed
2026-02-14 11:41:12,948 [DEBUG] [aiosqlite] executing functools.partial(<built-in method fetchall of sqlite3.Cursor object at 0x10d3abc40>)
2026-02-14 11:41:12,948 [DEBUG] [aiosqlite] operation functools.partial(<built-in method fetchall of sqlite3.Cursor object at 0x10d3abc40>) completed
2026-02-14 11:41:12,948 [DEBUG] [aiosqlite] executing functools.partial(<built-in method close of sqlite3.Cursor object at 0x10d3abc40>)
2026-02-14 11:41:12,948 [DEBUG] [aiosqlite] operation functools.partial(<built-in method close of sqlite3.Cursor object at 0x10d3abc40>) completed
2026-02-14 11:41:12,948 [DEBUG] [aiosqlite] executing functools.partial(<built-in method cursor of sqlite3.Connection object at 0x10d36ed40>)
2026-02-14 11:41:12,948 [DEBUG] [aiosqlite] operation functools.partial(<built-in method cursor of sqlite3.Connection object at 0x10d36ed40>) completed
2026-02-14 11:41:12,948 [DEBUG] [aiosqlite] executing functools.partial(<built-in method execute of sqlite3.Cursor object at 0x10d3abbc0>, 'PRAGMA main.table_info("error_records")', ())
2026-02-14 11:41:12,948 [DEBUG] [aiosqlite] operation functools.partial(<built-in method execute of sqlite3.Cursor object at 0x10d3abbc0>, 'PRAGMA main.table_info("error_records")', ()) completed
2026-02-14 11:41:12,948 [DEBUG] [aiosqlite] executing functools.partial(<built-in method fetchall of sqlite3.Cursor object at 0x10d3abbc0>)
2026-02-14 11:41:12,948 [DEBUG] [aiosqlite] operation functools.partial(<built-in method fetchall of sqlite3.Cursor object at 0x10d3abbc0>) completed
2026-02-14 11:41:12,948 [DEBUG] [aiosqlite] executing functools.partial(<built-in method close of sqlite3.Cursor object at 0x10d3abbc0>)
2026-02-14 11:41:12,948 [DEBUG] [aiosqlite] operation functools.partial(<built-in method close of sqlite3.Cursor object at 0x10d3abbc0>) completed
2026-02-14 11:41:12,948 [DEBUG] [aiosqlite] executing functools.partial(<built-in method cursor of sqlite3.Connection object at 0x10d36ed40>)
2026-02-14 11:41:12,948 [DEBUG] [aiosqlite] operation functools.partial(<built-in method cursor of sqlite3.Connection object at 0x10d36ed40>) completed
2026-02-14 11:41:12,948 [DEBUG] [aiosqlite] executing functools.partial(<built-in method execute of sqlite3.Cursor object at 0x10d3abd40>, 'PRAGMA temp.table_info("error_records")', ())
2026-02-14 11:41:12,948 [DEBUG] [aiosqlite] operation functools.partial(<built-in method execute of sqlite3.Cursor object at 0x10d3abd40>, 'PRAGMA temp.table_info("error_records")', ()) completed
2026-02-14 11:41:12,949 [DEBUG] [aiosqlite] executing functools.partial(<built-in method fetchall of sqlite3.Cursor object at 0x10d3abd40>)
2026-02-14 11:41:12,949 [DEBUG] [aiosqlite] operation functools.partial(<built-in method fetchall of sqlite3.Cursor object at 0x10d3abd40>) completed
2026-02-14 11:41:12,949 [DEBUG] [aiosqlite] executing functools.partial(<built-in method close of sqlite3.Cursor object at 0x10d3abd40>)
2026-02-14 11:41:12,949 [DEBUG] [aiosqlite] operation functools.partial(<built-in method close of sqlite3.Cursor object at 0x10d3abd40>) completed
2026-02-14 11:41:12,949 [DEBUG] [aiosqlite] executing functools.partial(<built-in method cursor of sqlite3.Connection object at 0x10d36ed40>)
2026-02-14 11:41:12,949 [DEBUG] [aiosqlite] operation functools.partial(<built-in method cursor of sqlite3.Connection object at 0x10d36ed40>) completed
2026-02-14 11:41:12,949 [DEBUG] [aiosqlite] executing functools.partial(<built-in method execute of sqlite3.Cursor object at 0x10d3aa4c0>, "\nCREATE TABLE pyramids (\n\tid CHAR(32) NOT NULL, \n\tname VARCHAR(100) NOT NULL, \n\tdescription TEXT, \n\tcreated_at DATETIME DEFAULT CURRENT_TIMESTAMP NOT NULL, \n\tupdated_at DATETIME DEFAULT CURRENT_TIMESTAMP NOT NULL, \n\tis_deleted BOOLEAN DEFAULT 'false' NOT NULL, \n\tCONSTRAINT pk_pyramids PRIMARY KEY (id)\n)\n\n", ())
2026-02-14 11:41:12,950 [DEBUG] [aiosqlite] operation functools.partial(<built-in method execute of sqlite3.Cursor object at 0x10d3aa4c0>, "\nCREATE TABLE pyramids (\n\tid CHAR(32) NOT NULL, \n\tname VARCHAR(100) NOT NULL, \n\tdescription TEXT, \n\tcreated_at DATETIME DEFAULT CURRENT_TIMESTAMP NOT NULL, \n\tupdated_at DATETIME DEFAULT CURRENT_TIMESTAMP NOT NULL, \n\tis_deleted BOOLEAN DEFAULT 'false' NOT NULL, \n\tCONSTRAINT pk_pyramids PRIMARY KEY (id)\n)\n\n", ()) completed
2026-02-14 11:41:12,950 [DEBUG] [aiosqlite] executing functools.partial(<built-in method close of sqlite3.Cursor object at 0x10d3aa4c0>)
2026-02-14 11:41:12,950 [DEBUG] [aiosqlite] operation functools.partial(<built-in method close of sqlite3.Cursor object at 0x10d3aa4c0>) completed
2026-02-14 11:41:12,951 [DEBUG] [aiosqlite] executing functools.partial(<built-in method cursor of sqlite3.Connection object at 0x10d36ed40>)
2026-02-14 11:41:12,951 [DEBUG] [aiosqlite] operation functools.partial(<built-in method cursor of sqlite3.Connection object at 0x10d36ed40>) completed
2026-02-14 11:41:12,951 [DEBUG] [aiosqlite] executing functools.partial(<built-in method execute of sqlite3.Cursor object at 0x10d38e7c0>, "\nCREATE TABLE information_sources (\n\tid CHAR(32) NOT NULL, \n\tname VARCHAR(100) NOT NULL, \n\ttype VARCHAR(20) NOT NULL, \n\turl VARCHAR(500) NOT NULL, \n\tconfig JSON, \n\ttemplate_id VARCHAR(50), \n\tstatus VARCHAR(20) NOT NULL, \n\thealth_score INTEGER NOT NULL, \n\tlast_crawled_at DATETIME, \n\tcheck_interval INTEGER NOT NULL, \n\terror_count INTEGER NOT NULL, \n\ttrial_runs INTEGER NOT NULL, \n\ttrial_successes INTEGER NOT NULL, \n\trecovery_count INTEGER NOT NULL, \n\tlast_error_message TEXT, \n\tis_deleted BOOLEAN DEFAULT 'false' NOT NULL, \n\tcreated_at DATETIME DEFAULT CURRENT_TIMESTAMP NOT NULL, \n\tupdated_at DATETIME DEFAULT CURRENT_TIMESTAMP NOT NULL, \n\tCONSTRAINT pk_information_sources PRIMARY KEY (id)\n)\n\n", ())
2026-02-14 11:41:12,951 [DEBUG] [aiosqlite] operation functools.partial(<built-in method execute of sqlite3.Cursor object at 0x10d38e7c0>, "\nCREATE TABLE information_sources (\n\tid CHAR(32) NOT NULL, \n\tname VARCHAR(100) NOT NULL, \n\ttype VARCHAR(20) NOT NULL, \n\turl VARCHAR(500) NOT NULL, \n\tconfig JSON, \n\ttemplate_id VARCHAR(50), \n\tstatus VARCHAR(20) NOT NULL, \n\thealth_score INTEGER NOT NULL, \n\tlast_crawled_at DATETIME, \n\tcheck_interval INTEGER NOT NULL, \n\terror_count INTEGER NOT NULL, \n\ttrial_runs INTEGER NOT NULL, \n\ttrial_successes INTEGER NOT NULL, \n\trecovery_count INTEGER NOT NULL, \n\tlast_error_message TEXT, \n\tis_deleted BOOLEAN DEFAULT 'false' NOT NULL, \n\tcreated_at DATETIME DEFAULT CURRENT_TIMESTAMP NOT NULL, \n\tupdated_at DATETIME DEFAULT CURRENT_TIMESTAMP NOT NULL, \n\tCONSTRAINT pk_information_sources PRIMARY KEY (id)\n)\n\n", ()) completed
2026-02-14 11:41:12,951 [DEBUG] [aiosqlite] executing functools.partial(<built-in method close of sqlite3.Cursor object at 0x10d38e7c0>)
2026-02-14 11:41:12,951 [DEBUG] [aiosqlite] operation functools.partial(<built-in method close of sqlite3.Cursor object at 0x10d38e7c0>) completed
2026-02-14 11:41:12,952 [DEBUG] [aiosqlite] executing functools.partial(<built-in method cursor of sqlite3.Connection object at 0x10d36ed40>)
2026-02-14 11:41:12,952 [DEBUG] [aiosqlite] operation functools.partial(<built-in method cursor of sqlite3.Connection object at 0x10d36ed40>) completed
2026-02-14 11:41:12,952 [DEBUG] [aiosqlite] executing functools.partial(<built-in method execute of sqlite3.Cursor object at 0x10d38f0c0>, '\nCREATE TABLE concepts (\n\tid CHAR(32) NOT NULL, \n\tname VARCHAR(100) NOT NULL, \n\ttype VARCHAR(50) NOT NULL, \n\tdescription TEXT, \n\tcreated_at DATETIME DEFAULT CURRENT_TIMESTAMP NOT NULL, \n\tupdated_at DATETIME DEFAULT CURRENT_TIMESTAMP NOT NULL, \n\tCONSTRAINT pk_concepts PRIMARY KEY (id)\n)\n\n', ())
2026-02-14 11:41:12,952 [DEBUG] [aiosqlite] operation functools.partial(<built-in method execute of sqlite3.Cursor object at 0x10d38f0c0>, '\nCREATE TABLE concepts (\n\tid CHAR(32) NOT NULL, \n\tname VARCHAR(100) NOT NULL, \n\ttype VARCHAR(50) NOT NULL, \n\tdescription TEXT, \n\tcreated_at DATETIME DEFAULT CURRENT_TIMESTAMP NOT NULL, \n\tupdated_at DATETIME DEFAULT CURRENT_TIMESTAMP NOT NULL, \n\tCONSTRAINT pk_concepts PRIMARY KEY (id)\n)\n\n', ()) completed
2026-02-14 11:41:12,952 [DEBUG] [aiosqlite] executing functools.partial(<built-in method close of sqlite3.Cursor object at 0x10d38f0c0>)
2026-02-14 11:41:12,952 [DEBUG] [aiosqlite] operation functools.partial(<built-in method close of sqlite3.Cursor object at 0x10d38f0c0>) completed
2026-02-14 11:41:12,952 [DEBUG] [aiosqlite] executing functools.partial(<built-in method cursor of sqlite3.Connection object at 0x10d36ed40>)
2026-02-14 11:41:12,952 [DEBUG] [aiosqlite] operation functools.partial(<built-in method cursor of sqlite3.Connection object at 0x10d36ed40>) completed
2026-02-14 11:41:12,952 [DEBUG] [aiosqlite] executing functools.partial(<built-in method execute of sqlite3.Cursor object at 0x10d46c140>, 'CREATE INDEX ix_concepts_name ON concepts (name)', ())
2026-02-14 11:41:12,952 [DEBUG] [aiosqlite] operation functools.partial(<built-in method execute of sqlite3.Cursor object at 0x10d46c140>, 'CREATE INDEX ix_concepts_name ON concepts (name)', ()) completed
2026-02-14 11:41:12,952 [DEBUG] [aiosqlite] executing functools.partial(<built-in method close of sqlite3.Cursor object at 0x10d46c140>)
2026-02-14 11:41:12,952 [DEBUG] [aiosqlite] operation functools.partial(<built-in method close of sqlite3.Cursor object at 0x10d46c140>) completed
2026-02-14 11:41:12,953 [DEBUG] [aiosqlite] executing functools.partial(<built-in method cursor of sqlite3.Connection object at 0x10d36ed40>)
2026-02-14 11:41:12,953 [DEBUG] [aiosqlite] operation functools.partial(<built-in method cursor of sqlite3.Connection object at 0x10d36ed40>) completed
2026-02-14 11:41:12,953 [DEBUG] [aiosqlite] executing functools.partial(<built-in method execute of sqlite3.Cursor object at 0x10d3aa940>, '\nCREATE TABLE synonym_mappings (\n\tid CHAR(32) NOT NULL, \n\tcanonical_term VARCHAR(100) NOT NULL, \n\tsynonym VARCHAR(100) NOT NULL, \n\tsource VARCHAR(50) NOT NULL, \n\tconfidence FLOAT NOT NULL, \n\tis_active BOOLEAN NOT NULL, \n\tusage_count INTEGER NOT NULL, \n\tcreated_at DATETIME NOT NULL, \n\tupdated_at DATETIME NOT NULL, \n\tCONSTRAINT pk_synonym_mappings PRIMARY KEY (id)\n)\n\n', ())
2026-02-14 11:41:12,953 [DEBUG] [aiosqlite] operation functools.partial(<built-in method execute of sqlite3.Cursor object at 0x10d3aa940>, '\nCREATE TABLE synonym_mappings (\n\tid CHAR(32) NOT NULL, \n\tcanonical_term VARCHAR(100) NOT NULL, \n\tsynonym VARCHAR(100) NOT NULL, \n\tsource VARCHAR(50) NOT NULL, \n\tconfidence FLOAT NOT NULL, \n\tis_active BOOLEAN NOT NULL, \n\tusage_count INTEGER NOT NULL, \n\tcreated_at DATETIME NOT NULL, \n\tupdated_at DATETIME NOT NULL, \n\tCONSTRAINT pk_synonym_mappings PRIMARY KEY (id)\n)\n\n', ()) completed
2026-02-14 11:41:12,953 [DEBUG] [aiosqlite] executing functools.partial(<built-in method close of sqlite3.Cursor object at 0x10d3aa940>)
2026-02-14 11:41:12,953 [DEBUG] [aiosqlite] operation functools.partial(<built-in method close of sqlite3.Cursor object at 0x10d3aa940>) completed
2026-02-14 11:41:12,953 [DEBUG] [aiosqlite] executing functools.partial(<built-in method cursor of sqlite3.Connection object at 0x10d36ed40>)
2026-02-14 11:41:12,953 [DEBUG] [aiosqlite] operation functools.partial(<built-in method cursor of sqlite3.Connection object at 0x10d36ed40>) completed
2026-02-14 11:41:12,953 [DEBUG] [aiosqlite] executing functools.partial(<built-in method execute of sqlite3.Cursor object at 0x10d46dc40>, 'CREATE INDEX ix_synonym_mappings_canonical_term ON synonym_mappings (canonical_term)', ())
2026-02-14 11:41:12,953 [DEBUG] [aiosqlite] operation functools.partial(<built-in method execute of sqlite3.Cursor object at 0x10d46dc40>, 'CREATE INDEX ix_synonym_mappings_canonical_term ON synonym_mappings (canonical_term)', ()) completed
2026-02-14 11:41:12,953 [DEBUG] [aiosqlite] executing functools.partial(<built-in method close of sqlite3.Cursor object at 0x10d46dc40>)
2026-02-14 11:41:12,953 [DEBUG] [aiosqlite] operation functools.partial(<built-in method close of sqlite3.Cursor object at 0x10d46dc40>) completed
2026-02-14 11:41:12,953 [DEBUG] [aiosqlite] executing functools.partial(<built-in method cursor of sqlite3.Connection object at 0x10d36ed40>)
2026-02-14 11:41:12,953 [DEBUG] [aiosqlite] operation functools.partial(<built-in method cursor of sqlite3.Connection object at 0x10d36ed40>) completed
2026-02-14 11:41:12,953 [DEBUG] [aiosqlite] executing functools.partial(<built-in method execute of sqlite3.Cursor object at 0x10d46efc0>, 'CREATE INDEX ix_synonym_mappings_synonym ON synonym_mappings (synonym)', ())
2026-02-14 11:41:12,953 [DEBUG] [aiosqlite] operation functools.partial(<built-in method execute of sqlite3.Cursor object at 0x10d46efc0>, 'CREATE INDEX ix_synonym_mappings_synonym ON synonym_mappings (synonym)', ()) completed
2026-02-14 11:41:12,953 [DEBUG] [aiosqlite] executing functools.partial(<built-in method close of sqlite3.Cursor object at 0x10d46efc0>)
2026-02-14 11:41:12,953 [DEBUG] [aiosqlite] operation functools.partial(<built-in method close of sqlite3.Cursor object at 0x10d46efc0>) completed
2026-02-14 11:41:12,954 [DEBUG] [aiosqlite] executing functools.partial(<built-in method cursor of sqlite3.Connection object at 0x10d36ed40>)
2026-02-14 11:41:12,954 [DEBUG] [aiosqlite] operation functools.partial(<built-in method cursor of sqlite3.Connection object at 0x10d36ed40>) completed
2026-02-14 11:41:12,954 [DEBUG] [aiosqlite] executing functools.partial(<built-in method execute of sqlite3.Cursor object at 0x10d46d0c0>, '\nCREATE TABLE batch_tasks (\n\tid CHAR(32) NOT NULL, \n\tuser_id VARCHAR(100), \n\ttask_type VARCHAR(50) NOT NULL, \n\tstatus VARCHAR(15) NOT NULL, \n\ttotal_items INTEGER NOT NULL, \n\tprocessed_items INTEGER NOT NULL, \n\tfailed_items INTEGER NOT NULL, \n\tresult JSON, \n\terror_message TEXT, \n\tcreated_at DATETIME DEFAULT CURRENT_TIMESTAMP NOT NULL, \n\tupdated_at DATETIME DEFAULT CURRENT_TIMESTAMP NOT NULL, \n\tCONSTRAINT pk_batch_tasks PRIMARY KEY (id)\n)\n\n', ())
2026-02-14 11:41:12,954 [DEBUG] [aiosqlite] operation functools.partial(<built-in method execute of sqlite3.Cursor object at 0x10d46d0c0>, '\nCREATE TABLE batch_tasks (\n\tid CHAR(32) NOT NULL, \n\tuser_id VARCHAR(100), \n\ttask_type VARCHAR(50) NOT NULL, \n\tstatus VARCHAR(15) NOT NULL, \n\ttotal_items INTEGER NOT NULL, \n\tprocessed_items INTEGER NOT NULL, \n\tfailed_items INTEGER NOT NULL, \n\tresult JSON, \n\terror_message TEXT, \n\tcreated_at DATETIME DEFAULT CURRENT_TIMESTAMP NOT NULL, \n\tupdated_at DATETIME DEFAULT CURRENT_TIMESTAMP NOT NULL, \n\tCONSTRAINT pk_batch_tasks PRIMARY KEY (id)\n)\n\n', ()) completed
2026-02-14 11:41:12,954 [DEBUG] [aiosqlite] executing functools.partial(<built-in method close of sqlite3.Cursor object at 0x10d46d0c0>)
2026-02-14 11:41:12,954 [DEBUG] [aiosqlite] operation functools.partial(<built-in method close of sqlite3.Cursor object at 0x10d46d0c0>) completed
2026-02-14 11:41:12,954 [DEBUG] [aiosqlite] executing functools.partial(<built-in method cursor of sqlite3.Connection object at 0x10d36ed40>)
2026-02-14 11:41:12,954 [DEBUG] [aiosqlite] operation functools.partial(<built-in method cursor of sqlite3.Connection object at 0x10d36ed40>) completed
2026-02-14 11:41:12,954 [DEBUG] [aiosqlite] executing functools.partial(<built-in method execute of sqlite3.Cursor object at 0x10d46f0c0>, '\nCREATE TABLE domain_whitelists (\n\tid CHAR(32) NOT NULL, \n\tdomain VARCHAR(255) NOT NULL, \n\tcredibility INTEGER NOT NULL, \n\treason TEXT, \n\tis_deleted BOOLEAN NOT NULL, \n\tcreated_at DATETIME DEFAULT CURRENT_TIMESTAMP NOT NULL, \n\tupdated_at DATETIME DEFAULT CURRENT_TIMESTAMP NOT NULL, \n\tCONSTRAINT pk_domain_whitelists PRIMARY KEY (id)\n)\n\n', ())
2026-02-14 11:41:12,954 [DEBUG] [aiosqlite] operation functools.partial(<built-in method execute of sqlite3.Cursor object at 0x10d46f0c0>, '\nCREATE TABLE domain_whitelists (\n\tid CHAR(32) NOT NULL, \n\tdomain VARCHAR(255) NOT NULL, \n\tcredibility INTEGER NOT NULL, \n\treason TEXT, \n\tis_deleted BOOLEAN NOT NULL, \n\tcreated_at DATETIME DEFAULT CURRENT_TIMESTAMP NOT NULL, \n\tupdated_at DATETIME DEFAULT CURRENT_TIMESTAMP NOT NULL, \n\tCONSTRAINT pk_domain_whitelists PRIMARY KEY (id)\n)\n\n', ()) completed
2026-02-14 11:41:12,954 [DEBUG] [aiosqlite] executing functools.partial(<built-in method close of sqlite3.Cursor object at 0x10d46f0c0>)
2026-02-14 11:41:12,954 [DEBUG] [aiosqlite] operation functools.partial(<built-in method close of sqlite3.Cursor object at 0x10d46f0c0>) completed
2026-02-14 11:41:12,954 [DEBUG] [aiosqlite] executing functools.partial(<built-in method cursor of sqlite3.Connection object at 0x10d36ed40>)
2026-02-14 11:41:12,954 [DEBUG] [aiosqlite] operation functools.partial(<built-in method cursor of sqlite3.Connection object at 0x10d36ed40>) completed
2026-02-14 11:41:12,954 [DEBUG] [aiosqlite] executing functools.partial(<built-in method execute of sqlite3.Cursor object at 0x10d46e9c0>, 'CREATE UNIQUE INDEX ix_domain_whitelists_domain ON domain_whitelists (domain)', ())
2026-02-14 11:41:12,954 [DEBUG] [aiosqlite] operation functools.partial(<built-in method execute of sqlite3.Cursor object at 0x10d46e9c0>, 'CREATE UNIQUE INDEX ix_domain_whitelists_domain ON domain_whitelists (domain)', ()) completed
2026-02-14 11:41:12,954 [DEBUG] [aiosqlite] executing functools.partial(<built-in method close of sqlite3.Cursor object at 0x10d46e9c0>)
2026-02-14 11:41:12,954 [DEBUG] [aiosqlite] operation functools.partial(<built-in method close of sqlite3.Cursor object at 0x10d46e9c0>) completed
2026-02-14 11:41:12,955 [DEBUG] [aiosqlite] executing functools.partial(<built-in method cursor of sqlite3.Connection object at 0x10d36ed40>)
2026-02-14 11:41:12,955 [DEBUG] [aiosqlite] operation functools.partial(<built-in method cursor of sqlite3.Connection object at 0x10d36ed40>) completed
2026-02-14 11:41:12,955 [DEBUG] [aiosqlite] executing functools.partial(<built-in method execute of sqlite3.Cursor object at 0x10d46e340>, '\nCREATE TABLE hotspots (\n\tid CHAR(32) NOT NULL, \n\ttopic_name VARCHAR(255) NOT NULL, \n\tdescription TEXT, \n\tstatus VARCHAR(8) NOT NULL, \n\tmention_count INTEGER NOT NULL, \n\trecent_7d_count INTEGER NOT NULL, \n\tprevious_7d_count INTEGER NOT NULL, \n\tgrowth_rate FLOAT NOT NULL, \n\tdisplay_priority INTEGER NOT NULL, \n\trelated_node_ids JSON, \n\trelated_content_ids JSON, \n\tfirst_seen_at DATETIME DEFAULT CURRENT_TIMESTAMP NOT NULL, \n\tlast_mentioned_at DATETIME DEFAULT CURRENT_TIMESTAMP NOT NULL, \n\tstatus_changed_at DATETIME DEFAULT CURRENT_TIMESTAMP NOT NULL, \n\tcreated_at DATETIME DEFAULT CURRENT_TIMESTAMP NOT NULL, \n\tupdated_at DATETIME DEFAULT CURRENT_TIMESTAMP NOT NULL, \n\tCONSTRAINT pk_hotspots PRIMARY KEY (id)\n)\n\n', ())
2026-02-14 11:41:12,955 [DEBUG] [aiosqlite] operation functools.partial(<built-in method execute of sqlite3.Cursor object at 0x10d46e340>, '\nCREATE TABLE hotspots (\n\tid CHAR(32) NOT NULL, \n\ttopic_name VARCHAR(255) NOT NULL, \n\tdescription TEXT, \n\tstatus VARCHAR(8) NOT NULL, \n\tmention_count INTEGER NOT NULL, \n\trecent_7d_count INTEGER NOT NULL, \n\tprevious_7d_count INTEGER NOT NULL, \n\tgrowth_rate FLOAT NOT NULL, \n\tdisplay_priority INTEGER NOT NULL, \n\trelated_node_ids JSON, \n\trelated_content_ids JSON, \n\tfirst_seen_at DATETIME DEFAULT CURRENT_TIMESTAMP NOT NULL, \n\tlast_mentioned_at DATETIME DEFAULT CURRENT_TIMESTAMP NOT NULL, \n\tstatus_changed_at DATETIME DEFAULT CURRENT_TIMESTAMP NOT NULL, \n\tcreated_at DATETIME DEFAULT CURRENT_TIMESTAMP NOT NULL, \n\tupdated_at DATETIME DEFAULT CURRENT_TIMESTAMP NOT NULL, \n\tCONSTRAINT pk_hotspots PRIMARY KEY (id)\n)\n\n', ()) completed
2026-02-14 11:41:12,955 [DEBUG] [aiosqlite] executing functools.partial(<built-in method close of sqlite3.Cursor object at 0x10d46e340>)
2026-02-14 11:41:12,955 [DEBUG] [aiosqlite] operation functools.partial(<built-in method close of sqlite3.Cursor object at 0x10d46e340>) completed
2026-02-14 11:41:12,955 [DEBUG] [aiosqlite] executing functools.partial(<built-in method cursor of sqlite3.Connection object at 0x10d36ed40>)
2026-02-14 11:41:12,955 [DEBUG] [aiosqlite] operation functools.partial(<built-in method cursor of sqlite3.Connection object at 0x10d36ed40>) completed
2026-02-14 11:41:12,955 [DEBUG] [aiosqlite] executing functools.partial(<built-in method execute of sqlite3.Cursor object at 0x10d46e640>, 'CREATE INDEX ix_hotspots_topic_name ON hotspots (topic_name)', ())
2026-02-14 11:41:12,955 [DEBUG] [aiosqlite] operation functools.partial(<built-in method execute of sqlite3.Cursor object at 0x10d46e640>, 'CREATE INDEX ix_hotspots_topic_name ON hotspots (topic_name)', ()) completed
2026-02-14 11:41:12,955 [DEBUG] [aiosqlite] executing functools.partial(<built-in method close of sqlite3.Cursor object at 0x10d46e640>)
2026-02-14 11:41:12,955 [DEBUG] [aiosqlite] operation functools.partial(<built-in method close of sqlite3.Cursor object at 0x10d46e640>) completed
2026-02-14 11:41:12,955 [DEBUG] [aiosqlite] executing functools.partial(<built-in method cursor of sqlite3.Connection object at 0x10d36ed40>)
2026-02-14 11:41:12,955 [DEBUG] [aiosqlite] operation functools.partial(<built-in method cursor of sqlite3.Connection object at 0x10d36ed40>) completed
2026-02-14 11:41:12,955 [DEBUG] [aiosqlite] executing functools.partial(<built-in method execute of sqlite3.Cursor object at 0x10d46cbc0>, '\nCREATE TABLE concept_definitions (\n\tid CHAR(32) NOT NULL, \n\tterm VARCHAR(255) NOT NULL, \n\tdefinition TEXT NOT NULL, \n\tcontext_examples JSON, \n\tversion INTEGER NOT NULL, \n\tdrift_detected BOOLEAN NOT NULL, \n\tdrift_evidence JSON, \n\tprevious_version_id CHAR(32), \n\tproposal_id VARCHAR(36), \n\tis_current BOOLEAN NOT NULL, \n\tcreated_at DATETIME DEFAULT CURRENT_TIMESTAMP NOT NULL, \n\tCONSTRAINT pk_concept_definitions PRIMARY KEY (id), \n\tCONSTRAINT fk_concept_definitions_previous_version_id_concept_definitions FOREIGN KEY(previous_version_id) REFERENCES concept_definitions (id)\n)\n\n', ())
2026-02-14 11:41:12,955 [DEBUG] [aiosqlite] operation functools.partial(<built-in method execute of sqlite3.Cursor object at 0x10d46cbc0>, '\nCREATE TABLE concept_definitions (\n\tid CHAR(32) NOT NULL, \n\tterm VARCHAR(255) NOT NULL, \n\tdefinition TEXT NOT NULL, \n\tcontext_examples JSON, \n\tversion INTEGER NOT NULL, \n\tdrift_detected BOOLEAN NOT NULL, \n\tdrift_evidence JSON, \n\tprevious_version_id CHAR(32), \n\tproposal_id VARCHAR(36), \n\tis_current BOOLEAN NOT NULL, \n\tcreated_at DATETIME DEFAULT CURRENT_TIMESTAMP NOT NULL, \n\tCONSTRAINT pk_concept_definitions PRIMARY KEY (id), \n\tCONSTRAINT fk_concept_definitions_previous_version_id_concept_definitions FOREIGN KEY(previous_version_id) REFERENCES concept_definitions (id)\n)\n\n', ()) completed
2026-02-14 11:41:12,956 [DEBUG] [aiosqlite] executing functools.partial(<built-in method close of sqlite3.Cursor object at 0x10d46cbc0>)
2026-02-14 11:41:12,956 [DEBUG] [aiosqlite] operation functools.partial(<built-in method close of sqlite3.Cursor object at 0x10d46cbc0>) completed
2026-02-14 11:41:12,956 [DEBUG] [aiosqlite] executing functools.partial(<built-in method cursor of sqlite3.Connection object at 0x10d36ed40>)
2026-02-14 11:41:12,956 [DEBUG] [aiosqlite] operation functools.partial(<built-in method cursor of sqlite3.Connection object at 0x10d36ed40>) completed
2026-02-14 11:41:12,956 [DEBUG] [aiosqlite] executing functools.partial(<built-in method execute of sqlite3.Cursor object at 0x10d48a540>, 'CREATE INDEX ix_concept_definitions_term ON concept_definitions (term)', ())
2026-02-14 11:41:12,956 [DEBUG] [aiosqlite] operation functools.partial(<built-in method execute of sqlite3.Cursor object at 0x10d48a540>, 'CREATE INDEX ix_concept_definitions_term ON concept_definitions (term)', ()) completed
2026-02-14 11:41:12,956 [DEBUG] [aiosqlite] executing functools.partial(<built-in method close of sqlite3.Cursor object at 0x10d48a540>)
2026-02-14 11:41:12,956 [DEBUG] [aiosqlite] operation functools.partial(<built-in method close of sqlite3.Cursor object at 0x10d48a540>) completed
2026-02-14 11:41:12,956 [DEBUG] [aiosqlite] executing functools.partial(<built-in method cursor of sqlite3.Connection object at 0x10d36ed40>)
2026-02-14 11:41:12,956 [DEBUG] [aiosqlite] operation functools.partial(<built-in method cursor of sqlite3.Connection object at 0x10d36ed40>) completed
2026-02-14 11:41:12,956 [DEBUG] [aiosqlite] executing functools.partial(<built-in method execute of sqlite3.Cursor object at 0x10d46f3c0>, '\nCREATE TABLE health_reports (\n\tid CHAR(32) NOT NULL, \n\treport_type VARCHAR(9) NOT NULL, \n\toverall_score FLOAT NOT NULL, \n\tpyramid_scores JSON NOT NULL, \n\tsource_health_score FLOAT NOT NULL, \n\tcontent_coverage_score FLOAT NOT NULL, \n\thotspot_distribution JSON NOT NULL, \n\tapproval_backlog JSON NOT NULL, \n\tcrawl_stats JSON NOT NULL, \n\tissues JSON NOT NULL, \n\tcreated_at DATETIME DEFAULT CURRENT_TIMESTAMP NOT NULL, \n\tCONSTRAINT pk_health_reports PRIMARY KEY (id)\n)\n\n', ())
2026-02-14 11:41:12,956 [DEBUG] [aiosqlite] operation functools.partial(<built-in method execute of sqlite3.Cursor object at 0x10d46f3c0>, '\nCREATE TABLE health_reports (\n\tid CHAR(32) NOT NULL, \n\treport_type VARCHAR(9) NOT NULL, \n\toverall_score FLOAT NOT NULL, \n\tpyramid_scores JSON NOT NULL, \n\tsource_health_score FLOAT NOT NULL, \n\tcontent_coverage_score FLOAT NOT NULL, \n\thotspot_distribution JSON NOT NULL, \n\tapproval_backlog JSON NOT NULL, \n\tcrawl_stats JSON NOT NULL, \n\tissues JSON NOT NULL, \n\tcreated_at DATETIME DEFAULT CURRENT_TIMESTAMP NOT NULL, \n\tCONSTRAINT pk_health_reports PRIMARY KEY (id)\n)\n\n', ()) completed
2026-02-14 11:41:12,956 [DEBUG] [aiosqlite] executing functools.partial(<built-in method close of sqlite3.Cursor object at 0x10d46f3c0>)
2026-02-14 11:41:12,956 [DEBUG] [aiosqlite] operation functools.partial(<built-in method close of sqlite3.Cursor object at 0x10d46f3c0>) completed
2026-02-14 11:41:12,956 [DEBUG] [aiosqlite] executing functools.partial(<built-in method cursor of sqlite3.Connection object at 0x10d36ed40>)
2026-02-14 11:41:12,956 [DEBUG] [aiosqlite] operation functools.partial(<built-in method cursor of sqlite3.Connection object at 0x10d36ed40>) completed
2026-02-14 11:41:12,956 [DEBUG] [aiosqlite] executing functools.partial(<built-in method execute of sqlite3.Cursor object at 0x10d48b340>, '\nCREATE TABLE scheduled_tasks (\n\tid CHAR(32) NOT NULL, \n\ttask_name VARCHAR(100) NOT NULL, \n\ttask_type VARCHAR(50) NOT NULL, \n\tcron_expression VARCHAR(50) NOT NULL, \n\tis_active BOOLEAN NOT NULL, \n\tlast_run_at DATETIME, \n\tnext_run_at DATETIME, \n\tis_running BOOLEAN NOT NULL, \n\tmax_retries INTEGER NOT NULL, \n\tretry_delay_seconds INTEGER NOT NULL, \n\tcreated_at DATETIME DEFAULT CURRENT_TIMESTAMP NOT NULL, \n\tupdated_at DATETIME DEFAULT CURRENT_TIMESTAMP NOT NULL, \n\tCONSTRAINT pk_scheduled_tasks PRIMARY KEY (id), \n\tCONSTRAINT uq_scheduled_tasks_task_name UNIQUE (task_name)\n)\n\n', ())
2026-02-14 11:41:12,957 [DEBUG] [aiosqlite] operation functools.partial(<built-in method execute of sqlite3.Cursor object at 0x10d48b340>, '\nCREATE TABLE scheduled_tasks (\n\tid CHAR(32) NOT NULL, \n\ttask_name VARCHAR(100) NOT NULL, \n\ttask_type VARCHAR(50) NOT NULL, \n\tcron_expression VARCHAR(50) NOT NULL, \n\tis_active BOOLEAN NOT NULL, \n\tlast_run_at DATETIME, \n\tnext_run_at DATETIME, \n\tis_running BOOLEAN NOT NULL, \n\tmax_retries INTEGER NOT NULL, \n\tretry_delay_seconds INTEGER NOT NULL, \n\tcreated_at DATETIME DEFAULT CURRENT_TIMESTAMP NOT NULL, \n\tupdated_at DATETIME DEFAULT CURRENT_TIMESTAMP NOT NULL, \n\tCONSTRAINT pk_scheduled_tasks PRIMARY KEY (id), \n\tCONSTRAINT uq_scheduled_tasks_task_name UNIQUE (task_name)\n)\n\n', ()) completed
2026-02-14 11:41:12,957 [DEBUG] [aiosqlite] executing functools.partial(<built-in method close of sqlite3.Cursor object at 0x10d48b340>)
2026-02-14 11:41:12,957 [DEBUG] [aiosqlite] operation functools.partial(<built-in method close of sqlite3.Cursor object at 0x10d48b340>) completed
2026-02-14 11:41:12,957 [DEBUG] [aiosqlite] executing functools.partial(<built-in method cursor of sqlite3.Connection object at 0x10d36ed40>)
2026-02-14 11:41:12,957 [DEBUG] [aiosqlite] operation functools.partial(<built-in method cursor of sqlite3.Connection object at 0x10d36ed40>) completed
2026-02-14 11:41:12,957 [DEBUG] [aiosqlite] executing functools.partial(<built-in method execute of sqlite3.Cursor object at 0x10d489fc0>, '\nCREATE TABLE config_history (\n\tid CHAR(32) NOT NULL, \n\tconfig_key VARCHAR(100) NOT NULL, \n\told_value JSON, \n\tnew_value JSON, \n\tchanged_by VARCHAR(100), \n\tcreated_at DATETIME DEFAULT CURRENT_TIMESTAMP NOT NULL, \n\tCONSTRAINT pk_config_history PRIMARY KEY (id)\n)\n\n', ())
2026-02-14 11:41:12,957 [DEBUG] [aiosqlite] operation functools.partial(<built-in method execute of sqlite3.Cursor object at 0x10d489fc0>, '\nCREATE TABLE config_history (\n\tid CHAR(32) NOT NULL, \n\tconfig_key VARCHAR(100) NOT NULL, \n\told_value JSON, \n\tnew_value JSON, \n\tchanged_by VARCHAR(100), \n\tcreated_at DATETIME DEFAULT CURRENT_TIMESTAMP NOT NULL, \n\tCONSTRAINT pk_config_history PRIMARY KEY (id)\n)\n\n', ()) completed
2026-02-14 11:41:12,957 [DEBUG] [aiosqlite] executing functools.partial(<built-in method close of sqlite3.Cursor object at 0x10d489fc0>)
2026-02-14 11:41:12,957 [DEBUG] [aiosqlite] operation functools.partial(<built-in method close of sqlite3.Cursor object at 0x10d489fc0>) completed
2026-02-14 11:41:12,957 [DEBUG] [aiosqlite] executing functools.partial(<built-in method cursor of sqlite3.Connection object at 0x10d36ed40>)
2026-02-14 11:41:12,957 [DEBUG] [aiosqlite] operation functools.partial(<built-in method cursor of sqlite3.Connection object at 0x10d36ed40>) completed
2026-02-14 11:41:12,957 [DEBUG] [aiosqlite] executing functools.partial(<built-in method execute of sqlite3.Cursor object at 0x10d48a9c0>, 'CREATE INDEX ix_config_history_config_key ON config_history (config_key)', ())
2026-02-14 11:41:12,957 [DEBUG] [aiosqlite] operation functools.partial(<built-in method execute of sqlite3.Cursor object at 0x10d48a9c0>, 'CREATE INDEX ix_config_history_config_key ON config_history (config_key)', ()) completed
2026-02-14 11:41:12,957 [DEBUG] [aiosqlite] executing functools.partial(<built-in method close of sqlite3.Cursor object at 0x10d48a9c0>)
2026-02-14 11:41:12,957 [DEBUG] [aiosqlite] operation functools.partial(<built-in method close of sqlite3.Cursor object at 0x10d48a9c0>) completed
2026-02-14 11:41:12,957 [DEBUG] [aiosqlite] executing functools.partial(<built-in method cursor of sqlite3.Connection object at 0x10d36ed40>)
2026-02-14 11:41:12,957 [DEBUG] [aiosqlite] operation functools.partial(<built-in method cursor of sqlite3.Connection object at 0x10d36ed40>) completed
2026-02-14 11:41:12,957 [DEBUG] [aiosqlite] executing functools.partial(<built-in method execute of sqlite3.Cursor object at 0x10d48a240>, '\nCREATE TABLE prompt_templates (\n\tid CHAR(32) NOT NULL, \n\tscene VARCHAR(50) NOT NULL, \n\tname VARCHAR(100) NOT NULL, \n\tdescription TEXT, \n\tcurrent_version_id CHAR(32), \n\tcreated_at DATETIME DEFAULT CURRENT_TIMESTAMP NOT NULL, \n\tupdated_at DATETIME DEFAULT CURRENT_TIMESTAMP NOT NULL, \n\tCONSTRAINT pk_prompt_templates PRIMARY KEY (id), \n\tCONSTRAINT uq_prompt_templates_scene UNIQUE (scene), \n\tCONSTRAINT fk_prompt_templates_current_version_id_prompt_versions FOREIGN KEY(current_version_id) REFERENCES prompt_versions (id)\n)\n\n', ())
2026-02-14 11:41:12,957 [DEBUG] [aiosqlite] operation functools.partial(<built-in method execute of sqlite3.Cursor object at 0x10d48a240>, '\nCREATE TABLE prompt_templates (\n\tid CHAR(32) NOT NULL, \n\tscene VARCHAR(50) NOT NULL, \n\tname VARCHAR(100) NOT NULL, \n\tdescription TEXT, \n\tcurrent_version_id CHAR(32), \n\tcreated_at DATETIME DEFAULT CURRENT_TIMESTAMP NOT NULL, \n\tupdated_at DATETIME DEFAULT CURRENT_TIMESTAMP NOT NULL, \n\tCONSTRAINT pk_prompt_templates PRIMARY KEY (id), \n\tCONSTRAINT uq_prompt_templates_scene UNIQUE (scene), \n\tCONSTRAINT fk_prompt_templates_current_version_id_prompt_versions FOREIGN KEY(current_version_id) REFERENCES prompt_versions (id)\n)\n\n', ()) completed
2026-02-14 11:41:12,958 [DEBUG] [aiosqlite] executing functools.partial(<built-in method close of sqlite3.Cursor object at 0x10d48a240>)
2026-02-14 11:41:12,958 [DEBUG] [aiosqlite] operation functools.partial(<built-in method close of sqlite3.Cursor object at 0x10d48a240>) completed
2026-02-14 11:41:12,958 [DEBUG] [aiosqlite] executing functools.partial(<built-in method cursor of sqlite3.Connection object at 0x10d36ed40>)
2026-02-14 11:41:12,958 [DEBUG] [aiosqlite] operation functools.partial(<built-in method cursor of sqlite3.Connection object at 0x10d36ed40>) completed
2026-02-14 11:41:12,958 [DEBUG] [aiosqlite] executing functools.partial(<built-in method execute of sqlite3.Cursor object at 0x10d488540>, '\nCREATE TABLE prompt_versions (\n\tid CHAR(32) NOT NULL, \n\ttemplate_id CHAR(32) NOT NULL, \n\tversion INTEGER NOT NULL, \n\tcontent TEXT NOT NULL, \n\tvariables JSON NOT NULL, \n\tcall_count INTEGER NOT NULL, \n\tavg_latency_ms FLOAT NOT NULL, \n\tavg_quality_score FLOAT NOT NULL, \n\terror_rate FLOAT NOT NULL, \n\tcreated_at DATETIME DEFAULT CURRENT_TIMESTAMP NOT NULL, \n\tcreated_by VARCHAR(100) NOT NULL, \n\tCONSTRAINT pk_prompt_versions PRIMARY KEY (id), \n\tCONSTRAINT fk_prompt_versions_template_id_prompt_templates FOREIGN KEY(template_id) REFERENCES prompt_templates (id)\n)\n\n', ())
2026-02-14 11:41:12,958 [DEBUG] [aiosqlite] operation functools.partial(<built-in method execute of sqlite3.Cursor object at 0x10d488540>, '\nCREATE TABLE prompt_versions (\n\tid CHAR(32) NOT NULL, \n\ttemplate_id CHAR(32) NOT NULL, \n\tversion INTEGER NOT NULL, \n\tcontent TEXT NOT NULL, \n\tvariables JSON NOT NULL, \n\tcall_count INTEGER NOT NULL, \n\tavg_latency_ms FLOAT NOT NULL, \n\tavg_quality_score FLOAT NOT NULL, \n\terror_rate FLOAT NOT NULL, \n\tcreated_at DATETIME DEFAULT CURRENT_TIMESTAMP NOT NULL, \n\tcreated_by VARCHAR(100) NOT NULL, \n\tCONSTRAINT pk_prompt_versions PRIMARY KEY (id), \n\tCONSTRAINT fk_prompt_versions_template_id_prompt_templates FOREIGN KEY(template_id) REFERENCES prompt_templates (id)\n)\n\n', ()) completed
2026-02-14 11:41:12,958 [DEBUG] [aiosqlite] executing functools.partial(<built-in method close of sqlite3.Cursor object at 0x10d488540>)
2026-02-14 11:41:12,958 [DEBUG] [aiosqlite] operation functools.partial(<built-in method close of sqlite3.Cursor object at 0x10d488540>) completed
2026-02-14 11:41:12,958 [DEBUG] [aiosqlite] executing functools.partial(<built-in method cursor of sqlite3.Connection object at 0x10d36ed40>)
2026-02-14 11:41:12,958 [DEBUG] [aiosqlite] operation functools.partial(<built-in method cursor of sqlite3.Connection object at 0x10d36ed40>) completed
2026-02-14 11:41:12,958 [DEBUG] [aiosqlite] executing functools.partial(<built-in method execute of sqlite3.Cursor object at 0x10d48b440>, '\nCREATE TABLE notifications (\n\tid CHAR(32) NOT NULL, \n\tlevel VARCHAR(20) NOT NULL, \n\ttitle VARCHAR(200) NOT NULL, \n\tmessage TEXT NOT NULL, \n\tsource_type VARCHAR(50) NOT NULL, \n\tsource_id VARCHAR(100), \n\tis_read BOOLEAN NOT NULL, \n\tread_at DATETIME, \n\tchannels_sent JSON NOT NULL, \n\twebhook_status VARCHAR(20), \n\tcreated_at DATETIME DEFAULT CURRENT_TIMESTAMP NOT NULL, \n\tCONSTRAINT pk_notifications PRIMARY KEY (id)\n)\n\n', ())
2026-02-14 11:41:12,958 [DEBUG] [aiosqlite] operation functools.partial(<built-in method execute of sqlite3.Cursor object at 0x10d48b440>, '\nCREATE TABLE notifications (\n\tid CHAR(32) NOT NULL, \n\tlevel VARCHAR(20) NOT NULL, \n\ttitle VARCHAR(200) NOT NULL, \n\tmessage TEXT NOT NULL, \n\tsource_type VARCHAR(50) NOT NULL, \n\tsource_id VARCHAR(100), \n\tis_read BOOLEAN NOT NULL, \n\tread_at DATETIME, \n\tchannels_sent JSON NOT NULL, \n\twebhook_status VARCHAR(20), \n\tcreated_at DATETIME DEFAULT CURRENT_TIMESTAMP NOT NULL, \n\tCONSTRAINT pk_notifications PRIMARY KEY (id)\n)\n\n', ()) completed
2026-02-14 11:41:12,958 [DEBUG] [aiosqlite] executing functools.partial(<built-in method close of sqlite3.Cursor object at 0x10d48b440>)
2026-02-14 11:41:12,958 [DEBUG] [aiosqlite] operation functools.partial(<built-in method close of sqlite3.Cursor object at 0x10d48b440>) completed
2026-02-14 11:41:12,958 [DEBUG] [aiosqlite] executing functools.partial(<built-in method cursor of sqlite3.Connection object at 0x10d36ed40>)
2026-02-14 11:41:12,958 [DEBUG] [aiosqlite] operation functools.partial(<built-in method cursor of sqlite3.Connection object at 0x10d36ed40>) completed
2026-02-14 11:41:12,959 [DEBUG] [aiosqlite] executing functools.partial(<built-in method execute of sqlite3.Cursor object at 0x10d489b40>, '\nCREATE TABLE notification_preferences (\n\tid CHAR(32) NOT NULL, \n\tin_app_enabled BOOLEAN NOT NULL, \n\twebhook_enabled BOOLEAN NOT NULL, \n\twebhook_url VARCHAR(500), \n\tmin_level VARCHAR(20) NOT NULL, \n\tquiet_hours_enabled BOOLEAN NOT NULL, \n\tquiet_hours_start VARCHAR(5) NOT NULL, \n\tquiet_hours_end VARCHAR(5) NOT NULL, \n\tquiet_hours_allow_critical BOOLEAN NOT NULL, \n\tupdated_at DATETIME DEFAULT CURRENT_TIMESTAMP NOT NULL, \n\tCONSTRAINT pk_notification_preferences PRIMARY KEY (id)\n)\n\n', ())
2026-02-14 11:41:12,959 [DEBUG] [aiosqlite] operation functools.partial(<built-in method execute of sqlite3.Cursor object at 0x10d489b40>, '\nCREATE TABLE notification_preferences (\n\tid CHAR(32) NOT NULL, \n\tin_app_enabled BOOLEAN NOT NULL, \n\twebhook_enabled BOOLEAN NOT NULL, \n\twebhook_url VARCHAR(500), \n\tmin_level VARCHAR(20) NOT NULL, \n\tquiet_hours_enabled BOOLEAN NOT NULL, \n\tquiet_hours_start VARCHAR(5) NOT NULL, \n\tquiet_hours_end VARCHAR(5) NOT NULL, \n\tquiet_hours_allow_critical BOOLEAN NOT NULL, \n\tupdated_at DATETIME DEFAULT CURRENT_TIMESTAMP NOT NULL, \n\tCONSTRAINT pk_notification_preferences PRIMARY KEY (id)\n)\n\n', ()) completed
2026-02-14 11:41:12,959 [DEBUG] [aiosqlite] executing functools.partial(<built-in method close of sqlite3.Cursor object at 0x10d489b40>)
2026-02-14 11:41:12,959 [DEBUG] [aiosqlite] operation functools.partial(<built-in method close of sqlite3.Cursor object at 0x10d489b40>) completed
2026-02-14 11:41:12,959 [DEBUG] [aiosqlite] executing functools.partial(<built-in method cursor of sqlite3.Connection object at 0x10d36ed40>)
2026-02-14 11:41:12,959 [DEBUG] [aiosqlite] operation functools.partial(<built-in method cursor of sqlite3.Connection object at 0x10d36ed40>) completed
2026-02-14 11:41:12,959 [DEBUG] [aiosqlite] executing functools.partial(<built-in method execute of sqlite3.Cursor object at 0x10d488940>, '\nCREATE TABLE api_metrics (\n\tid CHAR(32) NOT NULL, \n\tendpoint VARCHAR(200) NOT NULL, \n\tmethod VARCHAR(10) NOT NULL, \n\tstatus_code INTEGER NOT NULL, \n\tresponse_time_ms FLOAT NOT NULL, \n\tcreated_at DATETIME DEFAULT CURRENT_TIMESTAMP NOT NULL, \n\tCONSTRAINT pk_api_metrics PRIMARY KEY (id)\n)\n\n', ())
2026-02-14 11:41:12,959 [DEBUG] [aiosqlite] operation functools.partial(<built-in method execute of sqlite3.Cursor object at 0x10d488940>, '\nCREATE TABLE api_metrics (\n\tid CHAR(32) NOT NULL, \n\tendpoint VARCHAR(200) NOT NULL, \n\tmethod VARCHAR(10) NOT NULL, \n\tstatus_code INTEGER NOT NULL, \n\tresponse_time_ms FLOAT NOT NULL, \n\tcreated_at DATETIME DEFAULT CURRENT_TIMESTAMP NOT NULL, \n\tCONSTRAINT pk_api_metrics PRIMARY KEY (id)\n)\n\n', ()) completed
2026-02-14 11:41:12,959 [DEBUG] [aiosqlite] executing functools.partial(<built-in method close of sqlite3.Cursor object at 0x10d488940>)
2026-02-14 11:41:12,959 [DEBUG] [aiosqlite] operation functools.partial(<built-in method close of sqlite3.Cursor object at 0x10d488940>) completed
2026-02-14 11:41:12,959 [DEBUG] [aiosqlite] executing functools.partial(<built-in method cursor of sqlite3.Connection object at 0x10d36ed40>)
2026-02-14 11:41:12,959 [DEBUG] [aiosqlite] operation functools.partial(<built-in method cursor of sqlite3.Connection object at 0x10d36ed40>) completed
2026-02-14 11:41:12,959 [DEBUG] [aiosqlite] executing functools.partial(<built-in method execute of sqlite3.Cursor object at 0x10d488440>, '\nCREATE TABLE error_records (\n\tid CHAR(32) NOT NULL, \n\terror_type VARCHAR(50) NOT NULL, \n\terror_message TEXT NOT NULL, \n\tstack_trace TEXT, \n\tcontext JSON NOT NULL, \n\tsource_service VARCHAR(50) NOT NULL, \n\tsource_task_id VARCHAR(100), \n\tretry_count INTEGER NOT NULL, \n\tmax_retries INTEGER NOT NULL, \n\tis_resolved BOOLEAN NOT NULL, \n\tresolved_at DATETIME, \n\tcreated_at DATETIME DEFAULT CURRENT_TIMESTAMP NOT NULL, \n\tCONSTRAINT pk_error_records PRIMARY KEY (id)\n)\n\n', ())
2026-02-14 11:41:12,959 [DEBUG] [aiosqlite] operation functools.partial(<built-in method execute of sqlite3.Cursor object at 0x10d488440>, '\nCREATE TABLE error_records (\n\tid CHAR(32) NOT NULL, \n\terror_type VARCHAR(50) NOT NULL, \n\terror_message TEXT NOT NULL, \n\tstack_trace TEXT, \n\tcontext JSON NOT NULL, \n\tsource_service VARCHAR(50) NOT NULL, \n\tsource_task_id VARCHAR(100), \n\tretry_count INTEGER NOT NULL, \n\tmax_retries INTEGER NOT NULL, \n\tis_resolved BOOLEAN NOT NULL, \n\tresolved_at DATETIME, \n\tcreated_at DATETIME DEFAULT CURRENT_TIMESTAMP NOT NULL, \n\tCONSTRAINT pk_error_records PRIMARY KEY (id)\n)\n\n', ()) completed
2026-02-14 11:41:12,959 [DEBUG] [aiosqlite] executing functools.partial(<built-in method close of sqlite3.Cursor object at 0x10d488440>)
2026-02-14 11:41:12,959 [DEBUG] [aiosqlite] operation functools.partial(<built-in method close of sqlite3.Cursor object at 0x10d488440>) completed
2026-02-14 11:41:12,960 [DEBUG] [aiosqlite] executing functools.partial(<built-in method cursor of sqlite3.Connection object at 0x10d36ed40>)
2026-02-14 11:41:12,960 [DEBUG] [aiosqlite] operation functools.partial(<built-in method cursor of sqlite3.Connection object at 0x10d36ed40>) completed
2026-02-14 11:41:12,960 [DEBUG] [aiosqlite] executing functools.partial(<built-in method execute of sqlite3.Cursor object at 0x10d4abcc0>, "\nCREATE TABLE pyramid_nodes (\n\tid CHAR(32) NOT NULL, \n\tpyramid_id CHAR(32) NOT NULL, \n\tparent_id CHAR(32), \n\tname VARCHAR(100) NOT NULL, \n\tdescription TEXT, \n\tlevel INTEGER NOT NULL, \n\tsort_order INTEGER NOT NULL, \n\tpath VARCHAR(255) NOT NULL, \n\thealth_score INTEGER NOT NULL, \n\tstatus VARCHAR(20) NOT NULL, \n\tcontent_count INTEGER DEFAULT '0' NOT NULL, \n\tlast_content_at DATETIME, \n\tis_deleted BOOLEAN DEFAULT 'false' NOT NULL, \n\tCONSTRAINT pk_pyramid_nodes PRIMARY KEY (id), \n\tCONSTRAINT fk_pyramid_nodes_pyramid_id_pyramids FOREIGN KEY(pyramid_id) REFERENCES pyramids (id), \n\tCONSTRAINT fk_pyramid_nodes_parent_id_pyramid_nodes FOREIGN KEY(parent_id) REFERENCES pyramid_nodes (id)\n)\n\n", ())
2026-02-14 11:41:12,960 [DEBUG] [aiosqlite] operation functools.partial(<built-in method execute of sqlite3.Cursor object at 0x10d4abcc0>, "\nCREATE TABLE pyramid_nodes (\n\tid CHAR(32) NOT NULL, \n\tpyramid_id CHAR(32) NOT NULL, \n\tparent_id CHAR(32), \n\tname VARCHAR(100) NOT NULL, \n\tdescription TEXT, \n\tlevel INTEGER NOT NULL, \n\tsort_order INTEGER NOT NULL, \n\tpath VARCHAR(255) NOT NULL, \n\thealth_score INTEGER NOT NULL, \n\tstatus VARCHAR(20) NOT NULL, \n\tcontent_count INTEGER DEFAULT '0' NOT NULL, \n\tlast_content_at DATETIME, \n\tis_deleted BOOLEAN DEFAULT 'false' NOT NULL, \n\tCONSTRAINT pk_pyramid_nodes PRIMARY KEY (id), \n\tCONSTRAINT fk_pyramid_nodes_pyramid_id_pyramids FOREIGN KEY(pyramid_id) REFERENCES pyramids (id), \n\tCONSTRAINT fk_pyramid_nodes_parent_id_pyramid_nodes FOREIGN KEY(parent_id) REFERENCES pyramid_nodes (id)\n)\n\n", ()) completed
2026-02-14 11:41:12,960 [DEBUG] [aiosqlite] executing functools.partial(<built-in method close of sqlite3.Cursor object at 0x10d4abcc0>)
2026-02-14 11:41:12,960 [DEBUG] [aiosqlite] operation functools.partial(<built-in method close of sqlite3.Cursor object at 0x10d4abcc0>) completed
2026-02-14 11:41:12,960 [DEBUG] [aiosqlite] executing functools.partial(<built-in method cursor of sqlite3.Connection object at 0x10d36ed40>)
2026-02-14 11:41:12,960 [DEBUG] [aiosqlite] operation functools.partial(<built-in method cursor of sqlite3.Connection object at 0x10d36ed40>) completed
2026-02-14 11:41:12,960 [DEBUG] [aiosqlite] executing functools.partial(<built-in method execute of sqlite3.Cursor object at 0x10d4a8740>, 'CREATE INDEX ix_pyramid_nodes_path ON pyramid_nodes (path)', ())
2026-02-14 11:41:12,960 [DEBUG] [aiosqlite] operation functools.partial(<built-in method execute of sqlite3.Cursor object at 0x10d4a8740>, 'CREATE INDEX ix_pyramid_nodes_path ON pyramid_nodes (path)', ()) completed
2026-02-14 11:41:12,960 [DEBUG] [aiosqlite] executing functools.partial(<built-in method close of sqlite3.Cursor object at 0x10d4a8740>)
2026-02-14 11:41:12,960 [DEBUG] [aiosqlite] operation functools.partial(<built-in method close of sqlite3.Cursor object at 0x10d4a8740>) completed
2026-02-14 11:41:12,960 [DEBUG] [aiosqlite] executing functools.partial(<built-in method cursor of sqlite3.Connection object at 0x10d36ed40>)
2026-02-14 11:41:12,960 [DEBUG] [aiosqlite] operation functools.partial(<built-in method cursor of sqlite3.Connection object at 0x10d36ed40>) completed
2026-02-14 11:41:12,960 [DEBUG] [aiosqlite] executing functools.partial(<built-in method execute of sqlite3.Cursor object at 0x10d4ab140>, "\nCREATE TABLE content_items (\n\tid CHAR(32) NOT NULL, \n\tsource_id CHAR(32), \n\toriginal_id VARCHAR(255), \n\turl VARCHAR(500) NOT NULL, \n\ttitle VARCHAR(255) NOT NULL, \n\tsummary TEXT, \n\tcontent_text TEXT, \n\tpublish_time DATETIME, \n\tcontent_hash VARCHAR(64), \n\tstatus VARCHAR(20) NOT NULL, \n\ttags JSON, \n\tconcepts JSON, \n\tsubmitter_id VARCHAR(100), \n\tinput_type VARCHAR(20) DEFAULT 'url' NOT NULL, \n\tai_processed BOOLEAN DEFAULT 'false' NOT NULL, \n\tis_deleted BOOLEAN DEFAULT 'false' NOT NULL, \n\tlifecycle_status VARCHAR(20) DEFAULT 'ACTIVE' NOT NULL, \n\tmetabolism_score FLOAT DEFAULT '0.0' NOT NULL, \n\tlast_accessed_at DATETIME DEFAULT CURRENT_TIMESTAMP NOT NULL, \n\taccess_count INTEGER DEFAULT '0' NOT NULL, \n\tcreated_at DATETIME DEFAULT CURRENT_TIMESTAMP NOT NULL, \n\tupdated_at DATETIME DEFAULT CURRENT_TIMESTAMP NOT NULL, \n\tCONSTRAINT pk_content_items PRIMARY KEY (id), \n\tCONSTRAINT fk_content_items_source_id_information_sources FOREIGN KEY(source_id) REFERENCES information_sources (id)\n)\n\n", ())
2026-02-14 11:41:12,960 [DEBUG] [aiosqlite] operation functools.partial(<built-in method execute of sqlite3.Cursor object at 0x10d4ab140>, "\nCREATE TABLE content_items (\n\tid CHAR(32) NOT NULL, \n\tsource_id CHAR(32), \n\toriginal_id VARCHAR(255), \n\turl VARCHAR(500) NOT NULL, \n\ttitle VARCHAR(255) NOT NULL, \n\tsummary TEXT, \n\tcontent_text TEXT, \n\tpublish_time DATETIME, \n\tcontent_hash VARCHAR(64), \n\tstatus VARCHAR(20) NOT NULL, \n\ttags JSON, \n\tconcepts JSON, \n\tsubmitter_id VARCHAR(100), \n\tinput_type VARCHAR(20) DEFAULT 'url' NOT NULL, \n\tai_processed BOOLEAN DEFAULT 'false' NOT NULL, \n\tis_deleted BOOLEAN DEFAULT 'false' NOT NULL, \n\tlifecycle_status VARCHAR(20) DEFAULT 'ACTIVE' NOT NULL, \n\tmetabolism_score FLOAT DEFAULT '0.0' NOT NULL, \n\tlast_accessed_at DATETIME DEFAULT CURRENT_TIMESTAMP NOT NULL, \n\taccess_count INTEGER DEFAULT '0' NOT NULL, \n\tcreated_at DATETIME DEFAULT CURRENT_TIMESTAMP NOT NULL, \n\tupdated_at DATETIME DEFAULT CURRENT_TIMESTAMP NOT NULL, \n\tCONSTRAINT pk_content_items PRIMARY KEY (id), \n\tCONSTRAINT fk_content_items_source_id_information_sources FOREIGN KEY(source_id) REFERENCES information_sources (id)\n)\n\n", ()) completed
2026-02-14 11:41:12,960 [DEBUG] [aiosqlite] executing functools.partial(<built-in method close of sqlite3.Cursor object at 0x10d4ab140>)
2026-02-14 11:41:12,960 [DEBUG] [aiosqlite] operation functools.partial(<built-in method close of sqlite3.Cursor object at 0x10d4ab140>) completed
2026-02-14 11:41:12,961 [DEBUG] [aiosqlite] executing functools.partial(<built-in method cursor of sqlite3.Connection object at 0x10d36ed40>)
2026-02-14 11:41:12,961 [DEBUG] [aiosqlite] operation functools.partial(<built-in method cursor of sqlite3.Connection object at 0x10d36ed40>) completed
2026-02-14 11:41:12,961 [DEBUG] [aiosqlite] executing functools.partial(<built-in method execute of sqlite3.Cursor object at 0x10d4c60c0>, 'CREATE INDEX ix_content_items_metabolism_score ON content_items (metabolism_score)', ())
2026-02-14 11:41:12,961 [DEBUG] [aiosqlite] operation functools.partial(<built-in method execute of sqlite3.Cursor object at 0x10d4c60c0>, 'CREATE INDEX ix_content_items_metabolism_score ON content_items (metabolism_score)', ()) completed
2026-02-14 11:41:12,961 [DEBUG] [aiosqlite] executing functools.partial(<built-in method close of sqlite3.Cursor object at 0x10d4c60c0>)
2026-02-14 11:41:12,961 [DEBUG] [aiosqlite] operation functools.partial(<built-in method close of sqlite3.Cursor object at 0x10d4c60c0>) completed
2026-02-14 11:41:12,961 [DEBUG] [aiosqlite] executing functools.partial(<built-in method cursor of sqlite3.Connection object at 0x10d36ed40>)
2026-02-14 11:41:12,961 [DEBUG] [aiosqlite] operation functools.partial(<built-in method cursor of sqlite3.Connection object at 0x10d36ed40>) completed
2026-02-14 11:41:12,961 [DEBUG] [aiosqlite] executing functools.partial(<built-in method execute of sqlite3.Cursor object at 0x10d4aa9c0>, 'CREATE INDEX ix_content_items_lifecycle_status ON content_items (lifecycle_status)', ())
2026-02-14 11:41:12,961 [DEBUG] [aiosqlite] operation functools.partial(<built-in method execute of sqlite3.Cursor object at 0x10d4aa9c0>, 'CREATE INDEX ix_content_items_lifecycle_status ON content_items (lifecycle_status)', ()) completed
2026-02-14 11:41:12,961 [DEBUG] [aiosqlite] executing functools.partial(<built-in method close of sqlite3.Cursor object at 0x10d4aa9c0>)
2026-02-14 11:41:12,961 [DEBUG] [aiosqlite] operation functools.partial(<built-in method close of sqlite3.Cursor object at 0x10d4aa9c0>) completed
2026-02-14 11:41:12,961 [DEBUG] [aiosqlite] executing functools.partial(<built-in method cursor of sqlite3.Connection object at 0x10d36ed40>)
2026-02-14 11:41:12,961 [DEBUG] [aiosqlite] operation functools.partial(<built-in method cursor of sqlite3.Connection object at 0x10d36ed40>) completed
2026-02-14 11:41:12,961 [DEBUG] [aiosqlite] executing functools.partial(<built-in method execute of sqlite3.Cursor object at 0x10d4c6540>, 'CREATE INDEX ix_content_items_content_hash ON content_items (content_hash)', ())
2026-02-14 11:41:12,961 [DEBUG] [aiosqlite] operation functools.partial(<built-in method execute of sqlite3.Cursor object at 0x10d4c6540>, 'CREATE INDEX ix_content_items_content_hash ON content_items (content_hash)', ()) completed
2026-02-14 11:41:12,961 [DEBUG] [aiosqlite] executing functools.partial(<built-in method close of sqlite3.Cursor object at 0x10d4c6540>)
2026-02-14 11:41:12,961 [DEBUG] [aiosqlite] operation functools.partial(<built-in method close of sqlite3.Cursor object at 0x10d4c6540>) completed
2026-02-14 11:41:12,961 [DEBUG] [aiosqlite] executing functools.partial(<built-in method cursor of sqlite3.Connection object at 0x10d36ed40>)
2026-02-14 11:41:12,961 [DEBUG] [aiosqlite] operation functools.partial(<built-in method cursor of sqlite3.Connection object at 0x10d36ed40>) completed
2026-02-14 11:41:12,962 [DEBUG] [aiosqlite] executing functools.partial(<built-in method execute of sqlite3.Cursor object at 0x10d4c6740>, 'CREATE INDEX ix_content_items_last_accessed_at ON content_items (last_accessed_at)', ())
2026-02-14 11:41:12,962 [DEBUG] [aiosqlite] operation functools.partial(<built-in method execute of sqlite3.Cursor object at 0x10d4c6740>, 'CREATE INDEX ix_content_items_last_accessed_at ON content_items (last_accessed_at)', ()) completed
2026-02-14 11:41:12,962 [DEBUG] [aiosqlite] executing functools.partial(<built-in method close of sqlite3.Cursor object at 0x10d4c6740>)
2026-02-14 11:41:12,962 [DEBUG] [aiosqlite] operation functools.partial(<built-in method close of sqlite3.Cursor object at 0x10d4c6740>) completed
2026-02-14 11:41:12,962 [DEBUG] [aiosqlite] executing functools.partial(<built-in method cursor of sqlite3.Connection object at 0x10d36ed40>)
2026-02-14 11:41:12,962 [DEBUG] [aiosqlite] operation functools.partial(<built-in method cursor of sqlite3.Connection object at 0x10d36ed40>) completed
2026-02-14 11:41:12,962 [DEBUG] [aiosqlite] executing functools.partial(<built-in method execute of sqlite3.Cursor object at 0x10d4a9c40>, '\nCREATE TABLE crawl_jobs (\n\tid CHAR(32) NOT NULL, \n\tsource_id CHAR(32) NOT NULL, \n\tstatus VARCHAR(20) NOT NULL, \n\tstarted_at DATETIME, \n\tended_at DATETIME, \n\titems_fetched INTEGER NOT NULL, \n\titems_new INTEGER NOT NULL, \n\titems_duplicate INTEGER NOT NULL, \n\titems_failed INTEGER NOT NULL, \n\titems_classified INTEGER NOT NULL, \n\terror_message TEXT, \n\tresponse_time_ms INTEGER, \n\tcreated_at DATETIME DEFAULT CURRENT_TIMESTAMP NOT NULL, \n\tCONSTRAINT pk_crawl_jobs PRIMARY KEY (id), \n\tCONSTRAINT fk_crawl_jobs_source_id_information_sources FOREIGN KEY(source_id) REFERENCES information_sources (id)\n)\n\n', ())
2026-02-14 11:41:12,962 [DEBUG] [aiosqlite] operation functools.partial(<built-in method execute of sqlite3.Cursor object at 0x10d4a9c40>, '\nCREATE TABLE crawl_jobs (\n\tid CHAR(32) NOT NULL, \n\tsource_id CHAR(32) NOT NULL, \n\tstatus VARCHAR(20) NOT NULL, \n\tstarted_at DATETIME, \n\tended_at DATETIME, \n\titems_fetched INTEGER NOT NULL, \n\titems_new INTEGER NOT NULL, \n\titems_duplicate INTEGER NOT NULL, \n\titems_failed INTEGER NOT NULL, \n\titems_classified INTEGER NOT NULL, \n\terror_message TEXT, \n\tresponse_time_ms INTEGER, \n\tcreated_at DATETIME DEFAULT CURRENT_TIMESTAMP NOT NULL, \n\tCONSTRAINT pk_crawl_jobs PRIMARY KEY (id), \n\tCONSTRAINT fk_crawl_jobs_source_id_information_sources FOREIGN KEY(source_id) REFERENCES information_sources (id)\n)\n\n', ()) completed
2026-02-14 11:41:12,962 [DEBUG] [aiosqlite] executing functools.partial(<built-in method close of sqlite3.Cursor object at 0x10d4a9c40>)
2026-02-14 11:41:12,962 [DEBUG] [aiosqlite] operation functools.partial(<built-in method close of sqlite3.Cursor object at 0x10d4a9c40>) completed
2026-02-14 11:41:12,962 [DEBUG] [aiosqlite] executing functools.partial(<built-in method cursor of sqlite3.Connection object at 0x10d36ed40>)
2026-02-14 11:41:12,962 [DEBUG] [aiosqlite] operation functools.partial(<built-in method cursor of sqlite3.Connection object at 0x10d36ed40>) completed
2026-02-14 11:41:12,963 [DEBUG] [aiosqlite] executing functools.partial(<built-in method execute of sqlite3.Cursor object at 0x10d4c76c0>, '\nCREATE TABLE concept_synonyms (\n\tid CHAR(32) NOT NULL, \n\tconcept_id CHAR(32) NOT NULL, \n\tsynonym VARCHAR(100) NOT NULL, \n\tCONSTRAINT pk_concept_synonyms PRIMARY KEY (id), \n\tCONSTRAINT fk_concept_synonyms_concept_id_concepts FOREIGN KEY(concept_id) REFERENCES concepts (id)\n)\n\n', ())
2026-02-14 11:41:12,963 [DEBUG] [aiosqlite] operation functools.partial(<built-in method execute of sqlite3.Cursor object at 0x10d4c76c0>, '\nCREATE TABLE concept_synonyms (\n\tid CHAR(32) NOT NULL, \n\tconcept_id CHAR(32) NOT NULL, \n\tsynonym VARCHAR(100) NOT NULL, \n\tCONSTRAINT pk_concept_synonyms PRIMARY KEY (id), \n\tCONSTRAINT fk_concept_synonyms_concept_id_concepts FOREIGN KEY(concept_id) REFERENCES concepts (id)\n)\n\n', ()) completed
2026-02-14 11:41:12,963 [DEBUG] [aiosqlite] executing functools.partial(<built-in method close of sqlite3.Cursor object at 0x10d4c76c0>)
2026-02-14 11:41:12,963 [DEBUG] [aiosqlite] operation functools.partial(<built-in method close of sqlite3.Cursor object at 0x10d4c76c0>) completed
2026-02-14 11:41:12,963 [DEBUG] [aiosqlite] executing functools.partial(<built-in method cursor of sqlite3.Connection object at 0x10d36ed40>)
2026-02-14 11:41:12,963 [DEBUG] [aiosqlite] operation functools.partial(<built-in method cursor of sqlite3.Connection object at 0x10d36ed40>) completed
2026-02-14 11:41:12,963 [DEBUG] [aiosqlite] executing functools.partial(<built-in method execute of sqlite3.Cursor object at 0x10d4c7ac0>, 'CREATE INDEX ix_concept_synonyms_synonym ON concept_synonyms (synonym)', ())
2026-02-14 11:41:12,963 [DEBUG] [aiosqlite] operation functools.partial(<built-in method execute of sqlite3.Cursor object at 0x10d4c7ac0>, 'CREATE INDEX ix_concept_synonyms_synonym ON concept_synonyms (synonym)', ()) completed
2026-02-14 11:41:12,963 [DEBUG] [aiosqlite] executing functools.partial(<built-in method close of sqlite3.Cursor object at 0x10d4c7ac0>)
2026-02-14 11:41:12,963 [DEBUG] [aiosqlite] operation functools.partial(<built-in method close of sqlite3.Cursor object at 0x10d4c7ac0>) completed
2026-02-14 11:41:12,963 [DEBUG] [aiosqlite] executing functools.partial(<built-in method cursor of sqlite3.Connection object at 0x10d36ed40>)
2026-02-14 11:41:12,963 [DEBUG] [aiosqlite] operation functools.partial(<built-in method cursor of sqlite3.Connection object at 0x10d36ed40>) completed
2026-02-14 11:41:12,963 [DEBUG] [aiosqlite] executing functools.partial(<built-in method execute of sqlite3.Cursor object at 0x10d4c62c0>, '\nCREATE TABLE snapshots (\n\tid CHAR(32) NOT NULL, \n\tpyramid_id CHAR(32) NOT NULL, \n\tversion VARCHAR(50) NOT NULL, \n\tdata JSON NOT NULL, \n\treason TEXT, \n\tcreated_at DATETIME DEFAULT CURRENT_TIMESTAMP NOT NULL, \n\tCONSTRAINT pk_snapshots PRIMARY KEY (id), \n\tCONSTRAINT fk_snapshots_pyramid_id_pyramids FOREIGN KEY(pyramid_id) REFERENCES pyramids (id)\n)\n\n', ())
2026-02-14 11:41:12,963 [DEBUG] [aiosqlite] operation functools.partial(<built-in method execute of sqlite3.Cursor object at 0x10d4c62c0>, '\nCREATE TABLE snapshots (\n\tid CHAR(32) NOT NULL, \n\tpyramid_id CHAR(32) NOT NULL, \n\tversion VARCHAR(50) NOT NULL, \n\tdata JSON NOT NULL, \n\treason TEXT, \n\tcreated_at DATETIME DEFAULT CURRENT_TIMESTAMP NOT NULL, \n\tCONSTRAINT pk_snapshots PRIMARY KEY (id), \n\tCONSTRAINT fk_snapshots_pyramid_id_pyramids FOREIGN KEY(pyramid_id) REFERENCES pyramids (id)\n)\n\n', ()) completed
2026-02-14 11:41:12,963 [DEBUG] [aiosqlite] executing functools.partial(<built-in method close of sqlite3.Cursor object at 0x10d4c62c0>)
2026-02-14 11:41:12,963 [DEBUG] [aiosqlite] operation functools.partial(<built-in method close of sqlite3.Cursor object at 0x10d4c62c0>) completed
2026-02-14 11:41:12,963 [DEBUG] [aiosqlite] executing functools.partial(<built-in method cursor of sqlite3.Connection object at 0x10d36ed40>)
2026-02-14 11:41:12,963 [DEBUG] [aiosqlite] operation functools.partial(<built-in method cursor of sqlite3.Connection object at 0x10d36ed40>) completed
2026-02-14 11:41:12,963 [DEBUG] [aiosqlite] executing functools.partial(<built-in method execute of sqlite3.Cursor object at 0x10d4c6ec0>, '\nCREATE TABLE hotspot_events (\n\tid CHAR(32) NOT NULL, \n\thotspot_id CHAR(32) NOT NULL, \n\tevent_type VARCHAR(15) NOT NULL, \n\told_status VARCHAR(50), \n\tnew_status VARCHAR(50), \n\ttrigger_condition VARCHAR(255), \n\toperator VARCHAR(100), \n\tdetails JSON, \n\tcreated_at DATETIME DEFAULT CURRENT_TIMESTAMP NOT NULL, \n\tCONSTRAINT pk_hotspot_events PRIMARY KEY (id), \n\tCONSTRAINT fk_hotspot_events_hotspot_id_hotspots FOREIGN KEY(hotspot_id) REFERENCES hotspots (id)\n)\n\n', ())
2026-02-14 11:41:12,964 [DEBUG] [aiosqlite] operation functools.partial(<built-in method execute of sqlite3.Cursor object at 0x10d4c6ec0>, '\nCREATE TABLE hotspot_events (\n\tid CHAR(32) NOT NULL, \n\thotspot_id CHAR(32) NOT NULL, \n\tevent_type VARCHAR(15) NOT NULL, \n\told_status VARCHAR(50), \n\tnew_status VARCHAR(50), \n\ttrigger_condition VARCHAR(255), \n\toperator VARCHAR(100), \n\tdetails JSON, \n\tcreated_at DATETIME DEFAULT CURRENT_TIMESTAMP NOT NULL, \n\tCONSTRAINT pk_hotspot_events PRIMARY KEY (id), \n\tCONSTRAINT fk_hotspot_events_hotspot_id_hotspots FOREIGN KEY(hotspot_id) REFERENCES hotspots (id)\n)\n\n', ()) completed
2026-02-14 11:41:12,964 [DEBUG] [aiosqlite] executing functools.partial(<built-in method close of sqlite3.Cursor object at 0x10d4c6ec0>)
2026-02-14 11:41:12,964 [DEBUG] [aiosqlite] operation functools.partial(<built-in method close of sqlite3.Cursor object at 0x10d4c6ec0>) completed
2026-02-14 11:41:12,964 [DEBUG] [aiosqlite] executing functools.partial(<built-in method cursor of sqlite3.Connection object at 0x10d36ed40>)
2026-02-14 11:41:12,964 [DEBUG] [aiosqlite] operation functools.partial(<built-in method cursor of sqlite3.Connection object at 0x10d36ed40>) completed
2026-02-14 11:41:12,964 [DEBUG] [aiosqlite] executing functools.partial(<built-in method execute of sqlite3.Cursor object at 0x10d4c6240>, '\nCREATE TABLE strategy_adjustments (\n\tid CHAR(32) NOT NULL, \n\tsource_id CHAR(32), \n\tadjustment_type VARCHAR(50) NOT NULL, \n\told_value VARCHAR(255), \n\tnew_value VARCHAR(255), \n\treason TEXT, \n\texpected_effect TEXT, \n\trequires_approval BOOLEAN NOT NULL, \n\tproposal_id VARCHAR(36), \n\tapplied_at DATETIME DEFAULT CURRENT_TIMESTAMP NOT NULL, \n\tCONSTRAINT pk_strategy_adjustments PRIMARY KEY (id), \n\tCONSTRAINT fk_strategy_adjustments_source_id_information_sources FOREIGN KEY(source_id) REFERENCES information_sources (id)\n)\n\n', ())
2026-02-14 11:41:12,964 [DEBUG] [aiosqlite] operation functools.partial(<built-in method execute of sqlite3.Cursor object at 0x10d4c6240>, '\nCREATE TABLE strategy_adjustments (\n\tid CHAR(32) NOT NULL, \n\tsource_id CHAR(32), \n\tadjustment_type VARCHAR(50) NOT NULL, \n\told_value VARCHAR(255), \n\tnew_value VARCHAR(255), \n\treason TEXT, \n\texpected_effect TEXT, \n\trequires_approval BOOLEAN NOT NULL, \n\tproposal_id VARCHAR(36), \n\tapplied_at DATETIME DEFAULT CURRENT_TIMESTAMP NOT NULL, \n\tCONSTRAINT pk_strategy_adjustments PRIMARY KEY (id), \n\tCONSTRAINT fk_strategy_adjustments_source_id_information_sources FOREIGN KEY(source_id) REFERENCES information_sources (id)\n)\n\n', ()) completed
2026-02-14 11:41:12,964 [DEBUG] [aiosqlite] executing functools.partial(<built-in method close of sqlite3.Cursor object at 0x10d4c6240>)
2026-02-14 11:41:12,964 [DEBUG] [aiosqlite] operation functools.partial(<built-in method close of sqlite3.Cursor object at 0x10d4c6240>) completed
2026-02-14 11:41:12,964 [DEBUG] [aiosqlite] executing functools.partial(<built-in method cursor of sqlite3.Connection object at 0x10d36ed40>)
2026-02-14 11:41:12,964 [DEBUG] [aiosqlite] operation functools.partial(<built-in method cursor of sqlite3.Connection object at 0x10d36ed40>) completed
2026-02-14 11:41:12,964 [DEBUG] [aiosqlite] executing functools.partial(<built-in method execute of sqlite3.Cursor object at 0x10d4c6040>, '\nCREATE TABLE task_executions (\n\tid CHAR(32) NOT NULL, \n\ttask_id CHAR(32) NOT NULL, \n\tstatus VARCHAR(20) NOT NULL, \n\tstarted_at DATETIME DEFAULT CURRENT_TIMESTAMP NOT NULL, \n\tended_at DATETIME, \n\tduration_seconds FLOAT, \n\tresult JSON, \n\terror_message TEXT, \n\tretry_count INTEGER NOT NULL, \n\tCONSTRAINT pk_task_executions PRIMARY KEY (id), \n\tCONSTRAINT fk_task_executions_task_id_scheduled_tasks FOREIGN KEY(task_id) REFERENCES scheduled_tasks (id)\n)\n\n', ())
2026-02-14 11:41:12,964 [DEBUG] [aiosqlite] operation functools.partial(<built-in method execute of sqlite3.Cursor object at 0x10d4c6040>, '\nCREATE TABLE task_executions (\n\tid CHAR(32) NOT NULL, \n\ttask_id CHAR(32) NOT NULL, \n\tstatus VARCHAR(20) NOT NULL, \n\tstarted_at DATETIME DEFAULT CURRENT_TIMESTAMP NOT NULL, \n\tended_at DATETIME, \n\tduration_seconds FLOAT, \n\tresult JSON, \n\terror_message TEXT, \n\tretry_count INTEGER NOT NULL, \n\tCONSTRAINT pk_task_executions PRIMARY KEY (id), \n\tCONSTRAINT fk_task_executions_task_id_scheduled_tasks FOREIGN KEY(task_id) REFERENCES scheduled_tasks (id)\n)\n\n', ()) completed
2026-02-14 11:41:12,964 [DEBUG] [aiosqlite] executing functools.partial(<built-in method close of sqlite3.Cursor object at 0x10d4c6040>)
2026-02-14 11:41:12,964 [DEBUG] [aiosqlite] operation functools.partial(<built-in method close of sqlite3.Cursor object at 0x10d4c6040>) completed
2026-02-14 11:41:12,965 [DEBUG] [aiosqlite] executing functools.partial(<built-in method cursor of sqlite3.Connection object at 0x10d36ed40>)
2026-02-14 11:41:12,965 [DEBUG] [aiosqlite] operation functools.partial(<built-in method cursor of sqlite3.Connection object at 0x10d36ed40>) completed
2026-02-14 11:41:12,965 [DEBUG] [aiosqlite] executing functools.partial(<built-in method execute of sqlite3.Cursor object at 0x10d4c52c0>, '\nCREATE TABLE ab_tests (\n\tid CHAR(32) NOT NULL, \n\ttemplate_id CHAR(32) NOT NULL, \n\tversion_a_id CHAR(32) NOT NULL, \n\tversion_b_id CHAR(32) NOT NULL, \n\ttraffic_ratio FLOAT NOT NULL, \n\tstatus VARCHAR(20) NOT NULL, \n\tstarted_at DATETIME DEFAULT CURRENT_TIMESTAMP NOT NULL, \n\tended_at DATETIME, \n\tversion_a_calls INTEGER NOT NULL, \n\tversion_b_calls INTEGER NOT NULL, \n\tversion_a_avg_quality FLOAT NOT NULL, \n\tversion_b_avg_quality FLOAT NOT NULL, \n\twinner_version_id CHAR(32), \n\tCONSTRAINT pk_ab_tests PRIMARY KEY (id), \n\tCONSTRAINT fk_ab_tests_template_id_prompt_templates FOREIGN KEY(template_id) REFERENCES prompt_templates (id), \n\tCONSTRAINT fk_ab_tests_version_a_id_prompt_versions FOREIGN KEY(version_a_id) REFERENCES prompt_versions (id), \n\tCONSTRAINT fk_ab_tests_version_b_id_prompt_versions FOREIGN KEY(version_b_id) REFERENCES prompt_versions (id), \n\tCONSTRAINT fk_ab_tests_winner_version_id_prompt_versions FOREIGN KEY(winner_version_id) REFERENCES prompt_versions (id)\n)\n\n', ())
2026-02-14 11:41:12,965 [DEBUG] [aiosqlite] operation functools.partial(<built-in method execute of sqlite3.Cursor object at 0x10d4c52c0>, '\nCREATE TABLE ab_tests (\n\tid CHAR(32) NOT NULL, \n\ttemplate_id CHAR(32) NOT NULL, \n\tversion_a_id CHAR(32) NOT NULL, \n\tversion_b_id CHAR(32) NOT NULL, \n\ttraffic_ratio FLOAT NOT NULL, \n\tstatus VARCHAR(20) NOT NULL, \n\tstarted_at DATETIME DEFAULT CURRENT_TIMESTAMP NOT NULL, \n\tended_at DATETIME, \n\tversion_a_calls INTEGER NOT NULL, \n\tversion_b_calls INTEGER NOT NULL, \n\tversion_a_avg_quality FLOAT NOT NULL, \n\tversion_b_avg_quality FLOAT NOT NULL, \n\twinner_version_id CHAR(32), \n\tCONSTRAINT pk_ab_tests PRIMARY KEY (id), \n\tCONSTRAINT fk_ab_tests_template_id_prompt_templates FOREIGN KEY(template_id) REFERENCES prompt_templates (id), \n\tCONSTRAINT fk_ab_tests_version_a_id_prompt_versions FOREIGN KEY(version_a_id) REFERENCES prompt_versions (id), \n\tCONSTRAINT fk_ab_tests_version_b_id_prompt_versions FOREIGN KEY(version_b_id) REFERENCES prompt_versions (id), \n\tCONSTRAINT fk_ab_tests_winner_version_id_prompt_versions FOREIGN KEY(winner_version_id) REFERENCES prompt_versions (id)\n)\n\n', ()) completed
2026-02-14 11:41:12,965 [DEBUG] [aiosqlite] executing functools.partial(<built-in method close of sqlite3.Cursor object at 0x10d4c52c0>)
2026-02-14 11:41:12,965 [DEBUG] [aiosqlite] operation functools.partial(<built-in method close of sqlite3.Cursor object at 0x10d4c52c0>) completed
2026-02-14 11:41:12,965 [DEBUG] [aiosqlite] executing functools.partial(<built-in method cursor of sqlite3.Connection object at 0x10d36ed40>)
2026-02-14 11:41:12,965 [DEBUG] [aiosqlite] operation functools.partial(<built-in method cursor of sqlite3.Connection object at 0x10d36ed40>) completed
2026-02-14 11:41:12,965 [DEBUG] [aiosqlite] executing functools.partial(<built-in method execute of sqlite3.Cursor object at 0x10d4c6940>, '\nCREATE TABLE node_relations (\n\tid UUID NOT NULL, \n\tsource_node_id CHAR(32) NOT NULL, \n\ttarget_node_id CHAR(32) NOT NULL, \n\trelation_type VARCHAR(50) NOT NULL, \n\tCONSTRAINT pk_node_relations PRIMARY KEY (id), \n\tCONSTRAINT uq_node_relation UNIQUE (source_node_id, target_node_id, relation_type), \n\tCONSTRAINT fk_node_relations_source_node_id_pyramid_nodes FOREIGN KEY(source_node_id) REFERENCES pyramid_nodes (id) ON DELETE CASCADE, \n\tCONSTRAINT fk_node_relations_target_node_id_pyramid_nodes FOREIGN KEY(target_node_id) REFERENCES pyramid_nodes (id) ON DELETE CASCADE\n)\n\n', ())
2026-02-14 11:41:12,965 [DEBUG] [aiosqlite] operation functools.partial(<built-in method execute of sqlite3.Cursor object at 0x10d4c6940>, '\nCREATE TABLE node_relations (\n\tid UUID NOT NULL, \n\tsource_node_id CHAR(32) NOT NULL, \n\ttarget_node_id CHAR(32) NOT NULL, \n\trelation_type VARCHAR(50) NOT NULL, \n\tCONSTRAINT pk_node_relations PRIMARY KEY (id), \n\tCONSTRAINT uq_node_relation UNIQUE (source_node_id, target_node_id, relation_type), \n\tCONSTRAINT fk_node_relations_source_node_id_pyramid_nodes FOREIGN KEY(source_node_id) REFERENCES pyramid_nodes (id) ON DELETE CASCADE, \n\tCONSTRAINT fk_node_relations_target_node_id_pyramid_nodes FOREIGN KEY(target_node_id) REFERENCES pyramid_nodes (id) ON DELETE CASCADE\n)\n\n', ()) completed
2026-02-14 11:41:12,965 [DEBUG] [aiosqlite] executing functools.partial(<built-in method close of sqlite3.Cursor object at 0x10d4c6940>)
2026-02-14 11:41:12,965 [DEBUG] [aiosqlite] operation functools.partial(<built-in method close of sqlite3.Cursor object at 0x10d4c6940>) completed
2026-02-14 11:41:12,965 [DEBUG] [aiosqlite] executing functools.partial(<built-in method cursor of sqlite3.Connection object at 0x10d36ed40>)
2026-02-14 11:41:12,965 [DEBUG] [aiosqlite] operation functools.partial(<built-in method cursor of sqlite3.Connection object at 0x10d36ed40>) completed
2026-02-14 11:41:12,965 [DEBUG] [aiosqlite] executing functools.partial(<built-in method execute of sqlite3.Cursor object at 0x10d4c7940>, '\nCREATE TABLE source_node_relations (\n\tsource_id CHAR(32) NOT NULL, \n\tnode_id CHAR(32) NOT NULL, \n\tweight FLOAT NOT NULL, \n\tCONSTRAINT pk_source_node_relations PRIMARY KEY (source_id, node_id), \n\tCONSTRAINT fk_source_node_relations_source_id_information_sources FOREIGN KEY(source_id) REFERENCES information_sources (id), \n\tCONSTRAINT fk_source_node_relations_node_id_pyramid_nodes FOREIGN KEY(node_id) REFERENCES pyramid_nodes (id)\n)\n\n', ())
2026-02-14 11:41:12,965 [DEBUG] [aiosqlite] operation functools.partial(<built-in method execute of sqlite3.Cursor object at 0x10d4c7940>, '\nCREATE TABLE source_node_relations (\n\tsource_id CHAR(32) NOT NULL, \n\tnode_id CHAR(32) NOT NULL, \n\tweight FLOAT NOT NULL, \n\tCONSTRAINT pk_source_node_relations PRIMARY KEY (source_id, node_id), \n\tCONSTRAINT fk_source_node_relations_source_id_information_sources FOREIGN KEY(source_id) REFERENCES information_sources (id), \n\tCONSTRAINT fk_source_node_relations_node_id_pyramid_nodes FOREIGN KEY(node_id) REFERENCES pyramid_nodes (id)\n)\n\n', ()) completed
2026-02-14 11:41:12,965 [DEBUG] [aiosqlite] executing functools.partial(<built-in method close of sqlite3.Cursor object at 0x10d4c7940>)
2026-02-14 11:41:12,965 [DEBUG] [aiosqlite] operation functools.partial(<built-in method close of sqlite3.Cursor object at 0x10d4c7940>) completed
2026-02-14 11:41:12,966 [DEBUG] [aiosqlite] executing functools.partial(<built-in method cursor of sqlite3.Connection object at 0x10d36ed40>)
2026-02-14 11:41:12,966 [DEBUG] [aiosqlite] operation functools.partial(<built-in method cursor of sqlite3.Connection object at 0x10d36ed40>) completed
2026-02-14 11:41:12,966 [DEBUG] [aiosqlite] executing functools.partial(<built-in method execute of sqlite3.Cursor object at 0x10d3abf40>, "\nCREATE TABLE content_node_relations (\n\tcontent_id CHAR(32) NOT NULL, \n\tnode_id CHAR(32) NOT NULL, \n\tconfidence FLOAT DEFAULT '1.0' NOT NULL, \n\tsource VARCHAR(20) DEFAULT 'manual' NOT NULL, \n\tcreated_at DATETIME DEFAULT CURRENT_TIMESTAMP NOT NULL, \n\tis_manual BOOLEAN DEFAULT 'true' NOT NULL, \n\tCONSTRAINT pk_content_node_relations PRIMARY KEY (content_id, node_id), \n\tCONSTRAINT fk_content_node_relations_content_id_content_items FOREIGN KEY(content_id) REFERENCES content_items (id) ON DELETE CASCADE, \n\tCONSTRAINT fk_content_node_relations_node_id_pyramid_nodes FOREIGN KEY(node_id) REFERENCES pyramid_nodes (id) ON DELETE CASCADE\n)\n\n", ())
2026-02-14 11:41:12,966 [DEBUG] [aiosqlite] operation functools.partial(<built-in method execute of sqlite3.Cursor object at 0x10d3abf40>, "\nCREATE TABLE content_node_relations (\n\tcontent_id CHAR(32) NOT NULL, \n\tnode_id CHAR(32) NOT NULL, \n\tconfidence FLOAT DEFAULT '1.0' NOT NULL, \n\tsource VARCHAR(20) DEFAULT 'manual' NOT NULL, \n\tcreated_at DATETIME DEFAULT CURRENT_TIMESTAMP NOT NULL, \n\tis_manual BOOLEAN DEFAULT 'true' NOT NULL, \n\tCONSTRAINT pk_content_node_relations PRIMARY KEY (content_id, node_id), \n\tCONSTRAINT fk_content_node_relations_content_id_content_items FOREIGN KEY(content_id) REFERENCES content_items (id) ON DELETE CASCADE, \n\tCONSTRAINT fk_content_node_relations_node_id_pyramid_nodes FOREIGN KEY(node_id) REFERENCES pyramid_nodes (id) ON DELETE CASCADE\n)\n\n", ()) completed
2026-02-14 11:41:12,966 [DEBUG] [aiosqlite] executing functools.partial(<built-in method close of sqlite3.Cursor object at 0x10d3abf40>)
2026-02-14 11:41:12,966 [DEBUG] [aiosqlite] operation functools.partial(<built-in method close of sqlite3.Cursor object at 0x10d3abf40>) completed
2026-02-14 11:41:12,966 [DEBUG] [aiosqlite] executing functools.partial(<built-in method cursor of sqlite3.Connection object at 0x10d36ed40>)
2026-02-14 11:41:12,966 [DEBUG] [aiosqlite] operation functools.partial(<built-in method cursor of sqlite3.Connection object at 0x10d36ed40>) completed
2026-02-14 11:41:12,966 [DEBUG] [aiosqlite] executing functools.partial(<built-in method execute of sqlite3.Cursor object at 0x10d4c7740>, '\nCREATE TABLE validation_results (\n\tcontent_id CHAR(32) NOT NULL, \n\thard_result JSON, \n\tsoft_result JSON, \n\tcross_result JSON, \n\toverall_score INTEGER, \n\tverified_at DATETIME DEFAULT CURRENT_TIMESTAMP NOT NULL, \n\tCONSTRAINT pk_validation_results PRIMARY KEY (content_id), \n\tCONSTRAINT fk_validation_results_content_id_content_items FOREIGN KEY(content_id) REFERENCES content_items (id)\n)\n\n', ())
2026-02-14 11:41:12,966 [DEBUG] [aiosqlite] operation functools.partial(<built-in method execute of sqlite3.Cursor object at 0x10d4c7740>, '\nCREATE TABLE validation_results (\n\tcontent_id CHAR(32) NOT NULL, \n\thard_result JSON, \n\tsoft_result JSON, \n\tcross_result JSON, \n\toverall_score INTEGER, \n\tverified_at DATETIME DEFAULT CURRENT_TIMESTAMP NOT NULL, \n\tCONSTRAINT pk_validation_results PRIMARY KEY (content_id), \n\tCONSTRAINT fk_validation_results_content_id_content_items FOREIGN KEY(content_id) REFERENCES content_items (id)\n)\n\n', ()) completed
2026-02-14 11:41:12,966 [DEBUG] [aiosqlite] executing functools.partial(<built-in method close of sqlite3.Cursor object at 0x10d4c7740>)
2026-02-14 11:41:12,966 [DEBUG] [aiosqlite] operation functools.partial(<built-in method close of sqlite3.Cursor object at 0x10d4c7740>) completed
2026-02-14 11:41:12,966 [DEBUG] [aiosqlite] executing functools.partial(<built-in method cursor of sqlite3.Connection object at 0x10d36ed40>)
2026-02-14 11:41:12,966 [DEBUG] [aiosqlite] operation functools.partial(<built-in method cursor of sqlite3.Connection object at 0x10d36ed40>) completed
2026-02-14 11:41:12,966 [DEBUG] [aiosqlite] executing functools.partial(<built-in method execute of sqlite3.Cursor object at 0x10d4e7b40>, "\nCREATE TABLE approvals (\n\tid CHAR(32) NOT NULL, \n\ttype VARCHAR(50) NOT NULL, \n\ttarget_id CHAR(32), \n\tstatus VARCHAR(20) NOT NULL, \n\tdata JSON, \n\tsource_content_id CHAR(32), \n\tgenerated_by VARCHAR(50) DEFAULT 'user' NOT NULL, \n\treason TEXT, \n\tconfidence_score FLOAT, \n\toriginal_data JSON, \n\timpact_analysis JSON, \n\tapplicant_id VARCHAR(100), \n\treviewer_id VARCHAR(100), \n\treview_comment TEXT, \n\tcreated_at DATETIME DEFAULT CURRENT_TIMESTAMP NOT NULL, \n\tupdated_at DATETIME DEFAULT CURRENT_TIMESTAMP NOT NULL, \n\tCONSTRAINT pk_approvals PRIMARY KEY (id), \n\tCONSTRAINT fk_approvals_source_content_id_content_items FOREIGN KEY(source_content_id) REFERENCES content_items (id)\n)\n\n", ())
2026-02-14 11:41:12,966 [DEBUG] [aiosqlite] operation functools.partial(<built-in method execute of sqlite3.Cursor object at 0x10d4e7b40>, "\nCREATE TABLE approvals (\n\tid CHAR(32) NOT NULL, \n\ttype VARCHAR(50) NOT NULL, \n\ttarget_id CHAR(32), \n\tstatus VARCHAR(20) NOT NULL, \n\tdata JSON, \n\tsource_content_id CHAR(32), \n\tgenerated_by VARCHAR(50) DEFAULT 'user' NOT NULL, \n\treason TEXT, \n\tconfidence_score FLOAT, \n\toriginal_data JSON, \n\timpact_analysis JSON, \n\tapplicant_id VARCHAR(100), \n\treviewer_id VARCHAR(100), \n\treview_comment TEXT, \n\tcreated_at DATETIME DEFAULT CURRENT_TIMESTAMP NOT NULL, \n\tupdated_at DATETIME DEFAULT CURRENT_TIMESTAMP NOT NULL, \n\tCONSTRAINT pk_approvals PRIMARY KEY (id), \n\tCONSTRAINT fk_approvals_source_content_id_content_items FOREIGN KEY(source_content_id) REFERENCES content_items (id)\n)\n\n", ()) completed
2026-02-14 11:41:12,967 [DEBUG] [aiosqlite] executing functools.partial(<built-in method close of sqlite3.Cursor object at 0x10d4e7b40>)
2026-02-14 11:41:12,967 [DEBUG] [aiosqlite] operation functools.partial(<built-in method close of sqlite3.Cursor object at 0x10d4e7b40>) completed
2026-02-14 11:41:12,967 [DEBUG] [aiosqlite] executing functools.partial(<built-in method cursor of sqlite3.Connection object at 0x10d36ed40>)
2026-02-14 11:41:12,967 [DEBUG] [aiosqlite] operation functools.partial(<built-in method cursor of sqlite3.Connection object at 0x10d36ed40>) completed
2026-02-14 11:41:12,967 [DEBUG] [aiosqlite] executing functools.partial(<built-in method execute of sqlite3.Cursor object at 0x10d4e7640>, 'CREATE INDEX ix_approvals_status ON approvals (status)', ())
2026-02-14 11:41:12,967 [DEBUG] [aiosqlite] operation functools.partial(<built-in method execute of sqlite3.Cursor object at 0x10d4e7640>, 'CREATE INDEX ix_approvals_status ON approvals (status)', ()) completed
2026-02-14 11:41:12,967 [DEBUG] [aiosqlite] executing functools.partial(<built-in method close of sqlite3.Cursor object at 0x10d4e7640>)
2026-02-14 11:41:12,967 [DEBUG] [aiosqlite] operation functools.partial(<built-in method close of sqlite3.Cursor object at 0x10d4e7640>) completed
2026-02-14 11:41:12,967 [DEBUG] [aiosqlite] executing functools.partial(<built-in method cursor of sqlite3.Connection object at 0x10d36ed40>)
2026-02-14 11:41:12,967 [DEBUG] [aiosqlite] operation functools.partial(<built-in method cursor of sqlite3.Connection object at 0x10d36ed40>) completed
2026-02-14 11:41:12,967 [DEBUG] [aiosqlite] executing functools.partial(<built-in method execute of sqlite3.Cursor object at 0x10d4e7c40>, '\nCREATE TABLE contributions (\n\tid CHAR(32) NOT NULL, \n\tuser_id VARCHAR(50), \n\tinput_type VARCHAR(20) NOT NULL, \n\toriginal_input TEXT NOT NULL, \n\textracted_content TEXT, \n\textracted_concepts JSON, \n\tstatus VARCHAR(20) NOT NULL, \n\trejection_reason TEXT, \n\tcontent_id CHAR(32), \n\tcreated_at DATETIME NOT NULL, \n\tupdated_at DATETIME NOT NULL, \n\tCONSTRAINT pk_contributions PRIMARY KEY (id), \n\tCONSTRAINT fk_contributions_content_id_content_items FOREIGN KEY(content_id) REFERENCES content_items (id)\n)\n\n', ())
2026-02-14 11:41:12,967 [DEBUG] [aiosqlite] operation functools.partial(<built-in method execute of sqlite3.Cursor object at 0x10d4e7c40>, '\nCREATE TABLE contributions (\n\tid CHAR(32) NOT NULL, \n\tuser_id VARCHAR(50), \n\tinput_type VARCHAR(20) NOT NULL, \n\toriginal_input TEXT NOT NULL, \n\textracted_content TEXT, \n\textracted_concepts JSON, \n\tstatus VARCHAR(20) NOT NULL, \n\trejection_reason TEXT, \n\tcontent_id CHAR(32), \n\tcreated_at DATETIME NOT NULL, \n\tupdated_at DATETIME NOT NULL, \n\tCONSTRAINT pk_contributions PRIMARY KEY (id), \n\tCONSTRAINT fk_contributions_content_id_content_items FOREIGN KEY(content_id) REFERENCES content_items (id)\n)\n\n', ()) completed
2026-02-14 11:41:12,967 [DEBUG] [aiosqlite] executing functools.partial(<built-in method close of sqlite3.Cursor object at 0x10d4e7c40>)
2026-02-14 11:41:12,967 [DEBUG] [aiosqlite] operation functools.partial(<built-in method close of sqlite3.Cursor object at 0x10d4e7c40>) completed
2026-02-14 11:41:12,967 [DEBUG] [aiosqlite] executing functools.partial(<built-in method cursor of sqlite3.Connection object at 0x10d36ed40>)
2026-02-14 11:41:12,967 [DEBUG] [aiosqlite] operation functools.partial(<built-in method cursor of sqlite3.Connection object at 0x10d36ed40>) completed
2026-02-14 11:41:12,967 [DEBUG] [aiosqlite] executing functools.partial(<built-in method execute of sqlite3.Cursor object at 0x10d4e7dc0>, 'CREATE INDEX ix_contributions_status ON contributions (status)', ())
2026-02-14 11:41:12,967 [DEBUG] [aiosqlite] operation functools.partial(<built-in method execute of sqlite3.Cursor object at 0x10d4e7dc0>, 'CREATE INDEX ix_contributions_status ON contributions (status)', ()) completed
2026-02-14 11:41:12,967 [DEBUG] [aiosqlite] executing functools.partial(<built-in method close of sqlite3.Cursor object at 0x10d4e7dc0>)
2026-02-14 11:41:12,967 [DEBUG] [aiosqlite] operation functools.partial(<built-in method close of sqlite3.Cursor object at 0x10d4e7dc0>) completed
2026-02-14 11:41:12,968 [DEBUG] [aiosqlite] executing functools.partial(<built-in method cursor of sqlite3.Connection object at 0x10d36ed40>)
2026-02-14 11:41:12,968 [DEBUG] [aiosqlite] operation functools.partial(<built-in method cursor of sqlite3.Connection object at 0x10d36ed40>) completed
2026-02-14 11:41:12,968 [DEBUG] [aiosqlite] executing functools.partial(<built-in method execute of sqlite3.Cursor object at 0x10d4e7340>, '\nCREATE TABLE discovered_domains (\n\tid CHAR(32) NOT NULL, \n\tdomain VARCHAR(255) NOT NULL, \n\toccurrence_count INTEGER NOT NULL, \n\tfirst_seen_at DATETIME DEFAULT CURRENT_TIMESTAMP NOT NULL, \n\tlast_seen_at DATETIME DEFAULT CURRENT_TIMESTAMP NOT NULL, \n\tevaluation_status VARCHAR(20) NOT NULL, \n\thas_rss BOOLEAN NOT NULL, \n\tproposal_id CHAR(32), \n\tCONSTRAINT pk_discovered_domains PRIMARY KEY (id), \n\tCONSTRAINT fk_discovered_domains_proposal_id_approvals FOREIGN KEY(proposal_id) REFERENCES approvals (id)\n)\n\n', ())
2026-02-14 11:41:12,968 [DEBUG] [aiosqlite] operation functools.partial(<built-in method execute of sqlite3.Cursor object at 0x10d4e7340>, '\nCREATE TABLE discovered_domains (\n\tid CHAR(32) NOT NULL, \n\tdomain VARCHAR(255) NOT NULL, \n\toccurrence_count INTEGER NOT NULL, \n\tfirst_seen_at DATETIME DEFAULT CURRENT_TIMESTAMP NOT NULL, \n\tlast_seen_at DATETIME DEFAULT CURRENT_TIMESTAMP NOT NULL, \n\tevaluation_status VARCHAR(20) NOT NULL, \n\thas_rss BOOLEAN NOT NULL, \n\tproposal_id CHAR(32), \n\tCONSTRAINT pk_discovered_domains PRIMARY KEY (id), \n\tCONSTRAINT fk_discovered_domains_proposal_id_approvals FOREIGN KEY(proposal_id) REFERENCES approvals (id)\n)\n\n', ()) completed
2026-02-14 11:41:12,968 [DEBUG] [aiosqlite] executing functools.partial(<built-in method close of sqlite3.Cursor object at 0x10d4e7340>)
2026-02-14 11:41:12,968 [DEBUG] [aiosqlite] operation functools.partial(<built-in method close of sqlite3.Cursor object at 0x10d4e7340>) completed
2026-02-14 11:41:12,968 [DEBUG] [aiosqlite] executing functools.partial(<built-in method cursor of sqlite3.Connection object at 0x10d36ed40>)
2026-02-14 11:41:12,968 [DEBUG] [aiosqlite] operation functools.partial(<built-in method cursor of sqlite3.Connection object at 0x10d36ed40>) completed
2026-02-14 11:41:12,968 [DEBUG] [aiosqlite] executing functools.partial(<built-in method execute of sqlite3.Cursor object at 0x10d4e7f40>, 'CREATE UNIQUE INDEX ix_discovered_domains_domain ON discovered_domains (domain)', ())
2026-02-14 11:41:12,968 [DEBUG] [aiosqlite] operation functools.partial(<built-in method execute of sqlite3.Cursor object at 0x10d4e7f40>, 'CREATE UNIQUE INDEX ix_discovered_domains_domain ON discovered_domains (domain)', ()) completed
2026-02-14 11:41:12,968 [DEBUG] [aiosqlite] executing functools.partial(<built-in method close of sqlite3.Cursor object at 0x10d4e7f40>)
2026-02-14 11:41:12,968 [DEBUG] [aiosqlite] operation functools.partial(<built-in method close of sqlite3.Cursor object at 0x10d4e7f40>) completed
2026-02-14 11:41:12,968 [DEBUG] [aiosqlite] executing functools.partial(<built-in method commit of sqlite3.Connection object at 0x10d36ed40>)
2026-02-14 11:41:12,968 [DEBUG] [aiosqlite] operation functools.partial(<built-in method commit of sqlite3.Connection object at 0x10d36ed40>) completed
2026-02-14 11:41:12,968 [DEBUG] [aiosqlite] executing functools.partial(<built-in method rollback of sqlite3.Connection object at 0x10d36ed40>)
2026-02-14 11:41:12,968 [DEBUG] [aiosqlite] operation functools.partial(<built-in method rollback of sqlite3.Connection object at 0x10d36ed40>) completed
------------------------------ Captured log setup ------------------------------
DEBUG    asyncio:selector_events.py:64 Using selector: KqueueSelector
DEBUG    asyncio:selector_events.py:64 Using selector: KqueueSelector
DEBUG    aiosqlite:core.py:62 executing <function connect.<locals>.connector at 0x10d3a5580>
DEBUG    aiosqlite:core.py:67 operation <function connect.<locals>.connector at 0x10d3a5580> completed
DEBUG    aiosqlite:core.py:62 executing functools.partial(<built-in method create_function of sqlite3.Connection object at 0x10d36ed40>, 'regexp', 2, <function SQLiteDialect_pysqlite.on_connect.<locals>.regexp at 0x10d3a4e00>, deterministic=True)
DEBUG    aiosqlite:core.py:67 operation functools.partial(<built-in method create_function of sqlite3.Connection object at 0x10d36ed40>, 'regexp', 2, <function SQLiteDialect_pysqlite.on_connect.<locals>.regexp at 0x10d3a4e00>, deterministic=True) completed
DEBUG    aiosqlite:core.py:62 executing functools.partial(<built-in method create_function of sqlite3.Connection object at 0x10d36ed40>, 'floor', 1, <built-in function floor>, deterministic=True)
DEBUG    aiosqlite:core.py:67 operation functools.partial(<built-in method create_function of sqlite3.Connection object at 0x10d36ed40>, 'floor', 1, <built-in function floor>, deterministic=True) completed
DEBUG    aiosqlite:core.py:62 executing functools.partial(<built-in method cursor of sqlite3.Connection object at 0x10d36ed40>)
DEBUG    aiosqlite:core.py:67 operation functools.partial(<built-in method cursor of sqlite3.Connection object at 0x10d36ed40>) completed
DEBUG    aiosqlite:core.py:62 executing functools.partial(<built-in method execute of sqlite3.Cursor object at 0x10d3a9ac0>, 'PRAGMA read_uncommitted', [])
DEBUG    aiosqlite:core.py:67 operation functools.partial(<built-in method execute of sqlite3.Cursor object at 0x10d3a9ac0>, 'PRAGMA read_uncommitted', []) completed
DEBUG    aiosqlite:core.py:62 executing functools.partial(<built-in method fetchall of sqlite3.Cursor object at 0x10d3a9ac0>)
DEBUG    aiosqlite:core.py:67 operation functools.partial(<built-in method fetchall of sqlite3.Cursor object at 0x10d3a9ac0>) completed
DEBUG    aiosqlite:core.py:62 executing functools.partial(<built-in method close of sqlite3.Cursor object at 0x10d3a9ac0>)
DEBUG    aiosqlite:core.py:67 operation functools.partial(<built-in method close of sqlite3.Cursor object at 0x10d3a9ac0>) completed
DEBUG    aiosqlite:core.py:62 executing functools.partial(<built-in method rollback of sqlite3.Connection object at 0x10d36ed40>)
DEBUG    aiosqlite:core.py:67 operation functools.partial(<built-in method rollback of sqlite3.Connection object at 0x10d36ed40>) completed
DEBUG    aiosqlite:core.py:62 executing functools.partial(<built-in method cursor of sqlite3.Connection object at 0x10d36ed40>)
DEBUG    aiosqlite:core.py:67 operation functools.partial(<built-in method cursor of sqlite3.Connection object at 0x10d36ed40>) completed
DEBUG    aiosqlite:core.py:62 executing functools.partial(<built-in method execute of sqlite3.Cursor object at 0x10d3a99c0>, 'PRAGMA main.table_info("pyramids")', ())
DEBUG    aiosqlite:core.py:67 operation functools.partial(<built-in method execute of sqlite3.Cursor object at 0x10d3a99c0>, 'PRAGMA main.table_info("pyramids")', ()) completed
DEBUG    aiosqlite:core.py:62 executing functools.partial(<built-in method fetchall of sqlite3.Cursor object at 0x10d3a99c0>)
DEBUG    aiosqlite:core.py:67 operation functools.partial(<built-in method fetchall of sqlite3.Cursor object at 0x10d3a99c0>) completed
DEBUG    aiosqlite:core.py:62 executing functools.partial(<built-in method close of sqlite3.Cursor object at 0x10d3a99c0>)
DEBUG    aiosqlite:core.py:67 operation functools.partial(<built-in method close of sqlite3.Cursor object at 0x10d3a99c0>) completed
DEBUG    aiosqlite:core.py:62 executing functools.partial(<built-in method cursor of sqlite3.Connection object at 0x10d36ed40>)
DEBUG    aiosqlite:core.py:67 operation functools.partial(<built-in method cursor of sqlite3.Connection object at 0x10d36ed40>) completed
DEBUG    aiosqlite:core.py:62 executing functools.partial(<built-in method execute of sqlite3.Cursor object at 0x10d3a8f40>, 'PRAGMA temp.table_info("pyramids")', ())
DEBUG    aiosqlite:core.py:67 operation functools.partial(<built-in method execute of sqlite3.Cursor object at 0x10d3a8f40>, 'PRAGMA temp.table_info("pyramids")', ()) completed
DEBUG    aiosqlite:core.py:62 executing functools.partial(<built-in method fetchall of sqlite3.Cursor object at 0x10d3a8f40>)
DEBUG    aiosqlite:core.py:67 operation functools.partial(<built-in method fetchall of sqlite3.Cursor object at 0x10d3a8f40>) completed
DEBUG    aiosqlite:core.py:62 executing functools.partial(<built-in method close of sqlite3.Cursor object at 0x10d3a8f40>)
DEBUG    aiosqlite:core.py:67 operation functools.partial(<built-in method close of sqlite3.Cursor object at 0x10d3a8f40>) completed
DEBUG    aiosqlite:core.py:62 executing functools.partial(<built-in method cursor of sqlite3.Connection object at 0x10d36ed40>)
DEBUG    aiosqlite:core.py:67 operation functools.partial(<built-in method cursor of sqlite3.Connection object at 0x10d36ed40>) completed
DEBUG    aiosqlite:core.py:62 executing functools.partial(<built-in method execute of sqlite3.Cursor object at 0x10d3a9bc0>, 'PRAGMA main.table_info("pyramid_nodes")', ())
DEBUG    aiosqlite:core.py:67 operation functools.partial(<built-in method execute of sqlite3.Cursor object at 0x10d3a9bc0>, 'PRAGMA main.table_info("pyramid_nodes")', ()) completed
DEBUG    aiosqlite:core.py:62 executing functools.partial(<built-in method fetchall of sqlite3.Cursor object at 0x10d3a9bc0>)
DEBUG    aiosqlite:core.py:67 operation functools.partial(<built-in method fetchall of sqlite3.Cursor object at 0x10d3a9bc0>) completed
DEBUG    aiosqlite:core.py:62 executing functools.partial(<built-in method close of sqlite3.Cursor object at 0x10d3a9bc0>)
DEBUG    aiosqlite:core.py:67 operation functools.partial(<built-in method close of sqlite3.Cursor object at 0x10d3a9bc0>) completed
DEBUG    aiosqlite:core.py:62 executing functools.partial(<built-in method cursor of sqlite3.Connection object at 0x10d36ed40>)
DEBUG    aiosqlite:core.py:67 operation functools.partial(<built-in method cursor of sqlite3.Connection object at 0x10d36ed40>) completed
DEBUG    aiosqlite:core.py:62 executing functools.partial(<built-in method execute of sqlite3.Cursor object at 0x10d3a9c40>, 'PRAGMA temp.table_info("pyramid_nodes")', ())
DEBUG    aiosqlite:core.py:67 operation functools.partial(<built-in method execute of sqlite3.Cursor object at 0x10d3a9c40>, 'PRAGMA temp.table_info("pyramid_nodes")', ()) completed
DEBUG    aiosqlite:core.py:62 executing functools.partial(<built-in method fetchall of sqlite3.Cursor object at 0x10d3a9c40>)
DEBUG    aiosqlite:core.py:67 operation functools.partial(<built-in method fetchall of sqlite3.Cursor object at 0x10d3a9c40>) completed
DEBUG    aiosqlite:core.py:62 executing functools.partial(<built-in method close of sqlite3.Cursor object at 0x10d3a9c40>)
DEBUG    aiosqlite:core.py:67 operation functools.partial(<built-in method close of sqlite3.Cursor object at 0x10d3a9c40>) completed
DEBUG    aiosqlite:core.py:62 executing functools.partial(<built-in method cursor of sqlite3.Connection object at 0x10d36ed40>)
DEBUG    aiosqlite:core.py:67 operation functools.partial(<built-in method cursor of sqlite3.Connection object at 0x10d36ed40>) completed
DEBUG    aiosqlite:core.py:62 executing functools.partial(<built-in method execute of sqlite3.Cursor object at 0x10d3a9d40>, 'PRAGMA main.table_info("node_relations")', ())
DEBUG    aiosqlite:core.py:67 operation functools.partial(<built-in method execute of sqlite3.Cursor object at 0x10d3a9d40>, 'PRAGMA main.table_info("node_relations")', ()) completed
DEBUG    aiosqlite:core.py:62 executing functools.partial(<built-in method fetchall of sqlite3.Cursor object at 0x10d3a9d40>)
DEBUG    aiosqlite:core.py:67 operation functools.partial(<built-in method fetchall of sqlite3.Cursor object at 0x10d3a9d40>) completed
DEBUG    aiosqlite:core.py:62 executing functools.partial(<built-in method close of sqlite3.Cursor object at 0x10d3a9d40>)
DEBUG    aiosqlite:core.py:67 operation functools.partial(<built-in method close of sqlite3.Cursor object at 0x10d3a9d40>) completed
DEBUG    aiosqlite:core.py:62 executing functools.partial(<built-in method cursor of sqlite3.Connection object at 0x10d36ed40>)
DEBUG    aiosqlite:core.py:67 operation functools.partial(<built-in method cursor of sqlite3.Connection object at 0x10d36ed40>) completed
DEBUG    aiosqlite:core.py:62 executing functools.partial(<built-in method execute of sqlite3.Cursor object at 0x10d3a9dc0>, 'PRAGMA temp.table_info("node_relations")', ())
DEBUG    aiosqlite:core.py:67 operation functools.partial(<built-in method execute of sqlite3.Cursor object at 0x10d3a9dc0>, 'PRAGMA temp.table_info("node_relations")', ()) completed
DEBUG    aiosqlite:core.py:62 executing functools.partial(<built-in method fetchall of sqlite3.Cursor object at 0x10d3a9dc0>)
DEBUG    aiosqlite:core.py:67 operation functools.partial(<built-in method fetchall of sqlite3.Cursor object at 0x10d3a9dc0>) completed
DEBUG    aiosqlite:core.py:62 executing functools.partial(<built-in method close of sqlite3.Cursor object at 0x10d3a9dc0>)
DEBUG    aiosqlite:core.py:67 operation functools.partial(<built-in method close of sqlite3.Cursor object at 0x10d3a9dc0>) completed
DEBUG    aiosqlite:core.py:62 executing functools.partial(<built-in method cursor of sqlite3.Connection object at 0x10d36ed40>)
DEBUG    aiosqlite:core.py:67 operation functools.partial(<built-in method cursor of sqlite3.Connection object at 0x10d36ed40>) completed
DEBUG    aiosqlite:core.py:62 executing functools.partial(<built-in method execute of sqlite3.Cursor object at 0x10d3a9ec0>, 'PRAGMA main.table_info("information_sources")', ())
DEBUG    aiosqlite:core.py:67 operation functools.partial(<built-in method execute of sqlite3.Cursor object at 0x10d3a9ec0>, 'PRAGMA main.table_info("information_sources")', ()) completed
DEBUG    aiosqlite:core.py:62 executing functools.partial(<built-in method fetchall of sqlite3.Cursor object at 0x10d3a9ec0>)
DEBUG    aiosqlite:core.py:67 operation functools.partial(<built-in method fetchall of sqlite3.Cursor object at 0x10d3a9ec0>) completed
DEBUG    aiosqlite:core.py:62 executing functools.partial(<built-in method close of sqlite3.Cursor object at 0x10d3a9ec0>)
DEBUG    aiosqlite:core.py:67 operation functools.partial(<built-in method close of sqlite3.Cursor object at 0x10d3a9ec0>) completed
DEBUG    aiosqlite:core.py:62 executing functools.partial(<built-in method cursor of sqlite3.Connection object at 0x10d36ed40>)
DEBUG    aiosqlite:core.py:67 operation functools.partial(<built-in method cursor of sqlite3.Connection object at 0x10d36ed40>) completed
DEBUG    aiosqlite:core.py:62 executing functools.partial(<built-in method execute of sqlite3.Cursor object at 0x10d3a9f40>, 'PRAGMA temp.table_info("information_sources")', ())
DEBUG    aiosqlite:core.py:67 operation functools.partial(<built-in method execute of sqlite3.Cursor object at 0x10d3a9f40>, 'PRAGMA temp.table_info("information_sources")', ()) completed
DEBUG    aiosqlite:core.py:62 executing functools.partial(<built-in method fetchall of sqlite3.Cursor object at 0x10d3a9f40>)
DEBUG    aiosqlite:core.py:67 operation functools.partial(<built-in method fetchall of sqlite3.Cursor object at 0x10d3a9f40>) completed
DEBUG    aiosqlite:core.py:62 executing functools.partial(<built-in method close of sqlite3.Cursor object at 0x10d3a9f40>)
DEBUG    aiosqlite:core.py:67 operation functools.partial(<built-in method close of sqlite3.Cursor object at 0x10d3a9f40>) completed
DEBUG    aiosqlite:core.py:62 executing functools.partial(<built-in method cursor of sqlite3.Connection object at 0x10d36ed40>)
DEBUG    aiosqlite:core.py:67 operation functools.partial(<built-in method cursor of sqlite3.Connection object at 0x10d36ed40>) completed
DEBUG    aiosqlite:core.py:62 executing functools.partial(<built-in method execute of sqlite3.Cursor object at 0x10d3aa0c0>, 'PRAGMA main.table_info("source_node_relations")', ())
DEBUG    aiosqlite:core.py:67 operation functools.partial(<built-in method execute of sqlite3.Cursor object at 0x10d3aa0c0>, 'PRAGMA main.table_info("source_node_relations")', ()) completed
DEBUG    aiosqlite:core.py:62 executing functools.partial(<built-in method fetchall of sqlite3.Cursor object at 0x10d3aa0c0>)
DEBUG    aiosqlite:core.py:67 operation functools.partial(<built-in method fetchall of sqlite3.Cursor object at 0x10d3aa0c0>) completed
DEBUG    aiosqlite:core.py:62 executing functools.partial(<built-in method close of sqlite3.Cursor object at 0x10d3aa0c0>)
DEBUG    aiosqlite:core.py:67 operation functools.partial(<built-in method close of sqlite3.Cursor object at 0x10d3aa0c0>) completed
DEBUG    aiosqlite:core.py:62 executing functools.partial(<built-in method cursor of sqlite3.Connection object at 0x10d36ed40>)
DEBUG    aiosqlite:core.py:67 operation functools.partial(<built-in method cursor of sqlite3.Connection object at 0x10d36ed40>) completed
DEBUG    aiosqlite:core.py:62 executing functools.partial(<built-in method execute of sqlite3.Cursor object at 0x10d3aa140>, 'PRAGMA temp.table_info("source_node_relations")', ())
DEBUG    aiosqlite:core.py:67 operation functools.partial(<built-in method execute of sqlite3.Cursor object at 0x10d3aa140>, 'PRAGMA temp.table_info("source_node_relations")', ()) completed
DEBUG    aiosqlite:core.py:62 executing functools.partial(<built-in method fetchall of sqlite3.Cursor object at 0x10d3aa140>)
DEBUG    aiosqlite:core.py:67 operation functools.partial(<built-in method fetchall of sqlite3.Cursor object at 0x10d3aa140>) completed
DEBUG    aiosqlite:core.py:62 executing functools.partial(<built-in method close of sqlite3.Cursor object at 0x10d3aa140>)
DEBUG    aiosqlite:core.py:67 operation functools.partial(<built-in method close of sqlite3.Cursor object at 0x10d3aa140>) completed
DEBUG    aiosqlite:core.py:62 executing functools.partial(<built-in method cursor of sqlite3.Connection object at 0x10d36ed40>)
DEBUG    aiosqlite:core.py:67 operation functools.partial(<built-in method cursor of sqlite3.Connection object at 0x10d36ed40>) completed
DEBUG    aiosqlite:core.py:62 executing functools.partial(<built-in method execute of sqlite3.Cursor object at 0x10d3aa240>, 'PRAGMA main.table_info("content_items")', ())
DEBUG    aiosqlite:core.py:67 operation functools.partial(<built-in method execute of sqlite3.Cursor object at 0x10d3aa240>, 'PRAGMA main.table_info("content_items")', ()) completed
DEBUG    aiosqlite:core.py:62 executing functools.partial(<built-in method fetchall of sqlite3.Cursor object at 0x10d3aa240>)
DEBUG    aiosqlite:core.py:67 operation functools.partial(<built-in method fetchall of sqlite3.Cursor object at 0x10d3aa240>) completed
DEBUG    aiosqlite:core.py:62 executing functools.partial(<built-in method close of sqlite3.Cursor object at 0x10d3aa240>)
DEBUG    aiosqlite:core.py:67 operation functools.partial(<built-in method close of sqlite3.Cursor object at 0x10d3aa240>) completed
DEBUG    aiosqlite:core.py:62 executing functools.partial(<built-in method cursor of sqlite3.Connection object at 0x10d36ed40>)
DEBUG    aiosqlite:core.py:67 operation functools.partial(<built-in method cursor of sqlite3.Connection object at 0x10d36ed40>) completed
DEBUG    aiosqlite:core.py:62 executing functools.partial(<built-in method execute of sqlite3.Cursor object at 0x10d3aa2c0>, 'PRAGMA temp.table_info("content_items")', ())
DEBUG    aiosqlite:core.py:67 operation functools.partial(<built-in method execute of sqlite3.Cursor object at 0x10d3aa2c0>, 'PRAGMA temp.table_info("content_items")', ()) completed
DEBUG    aiosqlite:core.py:62 executing functools.partial(<built-in method fetchall of sqlite3.Cursor object at 0x10d3aa2c0>)
DEBUG    aiosqlite:core.py:67 operation functools.partial(<built-in method fetchall of sqlite3.Cursor object at 0x10d3aa2c0>) completed
DEBUG    aiosqlite:core.py:62 executing functools.partial(<built-in method close of sqlite3.Cursor object at 0x10d3aa2c0>)
DEBUG    aiosqlite:core.py:67 operation functools.partial(<built-in method close of sqlite3.Cursor object at 0x10d3aa2c0>) completed
DEBUG    aiosqlite:core.py:62 executing functools.partial(<built-in method cursor of sqlite3.Connection object at 0x10d36ed40>)
DEBUG    aiosqlite:core.py:67 operation functools.partial(<built-in method cursor of sqlite3.Connection object at 0x10d36ed40>) completed
DEBUG    aiosqlite:core.py:62 executing functools.partial(<built-in method execute of sqlite3.Cursor object at 0x10d3aa3c0>, 'PRAGMA main.table_info("content_node_relations")', ())
DEBUG    aiosqlite:core.py:67 operation functools.partial(<built-in method execute of sqlite3.Cursor object at 0x10d3aa3c0>, 'PRAGMA main.table_info("content_node_relations")', ()) completed
DEBUG    aiosqlite:core.py:62 executing functools.partial(<built-in method fetchall of sqlite3.Cursor object at 0x10d3aa3c0>)
DEBUG    aiosqlite:core.py:67 operation functools.partial(<built-in method fetchall of sqlite3.Cursor object at 0x10d3aa3c0>) completed
DEBUG    aiosqlite:core.py:62 executing functools.partial(<built-in method close of sqlite3.Cursor object at 0x10d3aa3c0>)
DEBUG    aiosqlite:core.py:67 operation functools.partial(<built-in method close of sqlite3.Cursor object at 0x10d3aa3c0>) completed
DEBUG    aiosqlite:core.py:62 executing functools.partial(<built-in method cursor of sqlite3.Connection object at 0x10d36ed40>)
DEBUG    aiosqlite:core.py:67 operation functools.partial(<built-in method cursor of sqlite3.Connection object at 0x10d36ed40>) completed
DEBUG    aiosqlite:core.py:62 executing functools.partial(<built-in method execute of sqlite3.Cursor object at 0x10d3aa440>, 'PRAGMA temp.table_info("content_node_relations")', ())
DEBUG    aiosqlite:core.py:67 operation functools.partial(<built-in method execute of sqlite3.Cursor object at 0x10d3aa440>, 'PRAGMA temp.table_info("content_node_relations")', ()) completed
DEBUG    aiosqlite:core.py:62 executing functools.partial(<built-in method fetchall of sqlite3.Cursor object at 0x10d3aa440>)
DEBUG    aiosqlite:core.py:67 operation functools.partial(<built-in method fetchall of sqlite3.Cursor object at 0x10d3aa440>) completed
DEBUG    aiosqlite:core.py:62 executing functools.partial(<built-in method close of sqlite3.Cursor object at 0x10d3aa440>)
DEBUG    aiosqlite:core.py:67 operation functools.partial(<built-in method close of sqlite3.Cursor object at 0x10d3aa440>) completed
DEBUG    aiosqlite:core.py:62 executing functools.partial(<built-in method cursor of sqlite3.Connection object at 0x10d36ed40>)
DEBUG    aiosqlite:core.py:67 operation functools.partial(<built-in method cursor of sqlite3.Connection object at 0x10d36ed40>) completed
DEBUG    aiosqlite:core.py:62 executing functools.partial(<built-in method execute of sqlite3.Cursor object at 0x10d3aa5c0>, 'PRAGMA main.table_info("validation_results")', ())
DEBUG    aiosqlite:core.py:67 operation functools.partial(<built-in method execute of sqlite3.Cursor object at 0x10d3aa5c0>, 'PRAGMA main.table_info("validation_results")', ()) completed
DEBUG    aiosqlite:core.py:62 executing functools.partial(<built-in method fetchall of sqlite3.Cursor object at 0x10d3aa5c0>)
DEBUG    aiosqlite:core.py:67 operation functools.partial(<built-in method fetchall of sqlite3.Cursor object at 0x10d3aa5c0>) completed
DEBUG    aiosqlite:core.py:62 executing functools.partial(<built-in method close of sqlite3.Cursor object at 0x10d3aa5c0>)
DEBUG    aiosqlite:core.py:67 operation functools.partial(<built-in method close of sqlite3.Cursor object at 0x10d3aa5c0>) completed
DEBUG    aiosqlite:core.py:62 executing functools.partial(<built-in method cursor of sqlite3.Connection object at 0x10d36ed40>)
DEBUG    aiosqlite:core.py:67 operation functools.partial(<built-in method cursor of sqlite3.Connection object at 0x10d36ed40>) completed
DEBUG    aiosqlite:core.py:62 executing functools.partial(<built-in method execute of sqlite3.Cursor object at 0x10d3aa6c0>, 'PRAGMA temp.table_info("validation_results")', ())
DEBUG    aiosqlite:core.py:67 operation functools.partial(<built-in method execute of sqlite3.Cursor object at 0x10d3aa6c0>, 'PRAGMA temp.table_info("validation_results")', ()) completed
DEBUG    aiosqlite:core.py:62 executing functools.partial(<built-in method fetchall of sqlite3.Cursor object at 0x10d3aa6c0>)
DEBUG    aiosqlite:core.py:67 operation functools.partial(<built-in method fetchall of sqlite3.Cursor object at 0x10d3aa6c0>) completed
DEBUG    aiosqlite:core.py:62 executing functools.partial(<built-in method close of sqlite3.Cursor object at 0x10d3aa6c0>)
DEBUG    aiosqlite:core.py:67 operation functools.partial(<built-in method close of sqlite3.Cursor object at 0x10d3aa6c0>) completed
DEBUG    aiosqlite:core.py:62 executing functools.partial(<built-in method cursor of sqlite3.Connection object at 0x10d36ed40>)
DEBUG    aiosqlite:core.py:67 operation functools.partial(<built-in method cursor of sqlite3.Connection object at 0x10d36ed40>) completed
DEBUG    aiosqlite:core.py:62 executing functools.partial(<built-in method execute of sqlite3.Cursor object at 0x10d3aa540>, 'PRAGMA main.table_info("crawl_jobs")', ())
DEBUG    aiosqlite:core.py:67 operation functools.partial(<built-in method execute of sqlite3.Cursor object at 0x10d3aa540>, 'PRAGMA main.table_info("crawl_jobs")', ()) completed
DEBUG    aiosqlite:core.py:62 executing functools.partial(<built-in method fetchall of sqlite3.Cursor object at 0x10d3aa540>)
DEBUG    aiosqlite:core.py:67 operation functools.partial(<built-in method fetchall of sqlite3.Cursor object at 0x10d3aa540>) completed
DEBUG    aiosqlite:core.py:62 executing functools.partial(<built-in method close of sqlite3.Cursor object at 0x10d3aa540>)
DEBUG    aiosqlite:core.py:67 operation functools.partial(<built-in method close of sqlite3.Cursor object at 0x10d3aa540>) completed
DEBUG    aiosqlite:core.py:62 executing functools.partial(<built-in method cursor of sqlite3.Connection object at 0x10d36ed40>)
DEBUG    aiosqlite:core.py:67 operation functools.partial(<built-in method cursor of sqlite3.Connection object at 0x10d36ed40>) completed
DEBUG    aiosqlite:core.py:62 executing functools.partial(<built-in method execute of sqlite3.Cursor object at 0x10d3aa840>, 'PRAGMA temp.table_info("crawl_jobs")', ())
DEBUG    aiosqlite:core.py:67 operation functools.partial(<built-in method execute of sqlite3.Cursor object at 0x10d3aa840>, 'PRAGMA temp.table_info("crawl_jobs")', ()) completed
DEBUG    aiosqlite:core.py:62 executing functools.partial(<built-in method fetchall of sqlite3.Cursor object at 0x10d3aa840>)
DEBUG    aiosqlite:core.py:67 operation functools.partial(<built-in method fetchall of sqlite3.Cursor object at 0x10d3aa840>) completed
DEBUG    aiosqlite:core.py:62 executing functools.partial(<built-in method close of sqlite3.Cursor object at 0x10d3aa840>)
DEBUG    aiosqlite:core.py:67 operation functools.partial(<built-in method close of sqlite3.Cursor object at 0x10d3aa840>) completed
DEBUG    aiosqlite:core.py:62 executing functools.partial(<built-in method cursor of sqlite3.Connection object at 0x10d36ed40>)
DEBUG    aiosqlite:core.py:67 operation functools.partial(<built-in method cursor of sqlite3.Connection object at 0x10d36ed40>) completed
DEBUG    aiosqlite:core.py:62 executing functools.partial(<built-in method execute of sqlite3.Cursor object at 0x10d3aa8c0>, 'PRAGMA main.table_info("approvals")', ())
DEBUG    aiosqlite:core.py:67 operation functools.partial(<built-in method execute of sqlite3.Cursor object at 0x10d3aa8c0>, 'PRAGMA main.table_info("approvals")', ()) completed
DEBUG    aiosqlite:core.py:62 executing functools.partial(<built-in method fetchall of sqlite3.Cursor object at 0x10d3aa8c0>)
DEBUG    aiosqlite:core.py:67 operation functools.partial(<built-in method fetchall of sqlite3.Cursor object at 0x10d3aa8c0>) completed
DEBUG    aiosqlite:core.py:62 executing functools.partial(<built-in method close of sqlite3.Cursor object at 0x10d3aa8c0>)
DEBUG    aiosqlite:core.py:67 operation functools.partial(<built-in method close of sqlite3.Cursor object at 0x10d3aa8c0>) completed
DEBUG    aiosqlite:core.py:62 executing functools.partial(<built-in method cursor of sqlite3.Connection object at 0x10d36ed40>)
DEBUG    aiosqlite:core.py:67 operation functools.partial(<built-in method cursor of sqlite3.Connection object at 0x10d36ed40>) completed
DEBUG    aiosqlite:core.py:62 executing functools.partial(<built-in method execute of sqlite3.Cursor object at 0x10d3aa9c0>, 'PRAGMA temp.table_info("approvals")', ())
DEBUG    aiosqlite:core.py:67 operation functools.partial(<built-in method execute of sqlite3.Cursor object at 0x10d3aa9c0>, 'PRAGMA temp.table_info("approvals")', ()) completed
DEBUG    aiosqlite:core.py:62 executing functools.partial(<built-in method fetchall of sqlite3.Cursor object at 0x10d3aa9c0>)
DEBUG    aiosqlite:core.py:67 operation functools.partial(<built-in method fetchall of sqlite3.Cursor object at 0x10d3aa9c0>) completed
DEBUG    aiosqlite:core.py:62 executing functools.partial(<built-in method close of sqlite3.Cursor object at 0x10d3aa9c0>)
DEBUG    aiosqlite:core.py:67 operation functools.partial(<built-in method close of sqlite3.Cursor object at 0x10d3aa9c0>) completed
DEBUG    aiosqlite:core.py:62 executing functools.partial(<built-in method cursor of sqlite3.Connection object at 0x10d36ed40>)
DEBUG    aiosqlite:core.py:67 operation functools.partial(<built-in method cursor of sqlite3.Connection object at 0x10d36ed40>) completed
DEBUG    aiosqlite:core.py:62 executing functools.partial(<built-in method execute of sqlite3.Cursor object at 0x10d3aaa40>, 'PRAGMA main.table_info("concepts")', ())
DEBUG    aiosqlite:core.py:67 operation functools.partial(<built-in method execute of sqlite3.Cursor object at 0x10d3aaa40>, 'PRAGMA main.table_info("concepts")', ()) completed
DEBUG    aiosqlite:core.py:62 executing functools.partial(<built-in method fetchall of sqlite3.Cursor object at 0x10d3aaa40>)
DEBUG    aiosqlite:core.py:67 operation functools.partial(<built-in method fetchall of sqlite3.Cursor object at 0x10d3aaa40>) completed
DEBUG    aiosqlite:core.py:62 executing functools.partial(<built-in method close of sqlite3.Cursor object at 0x10d3aaa40>)
DEBUG    aiosqlite:core.py:67 operation functools.partial(<built-in method close of sqlite3.Cursor object at 0x10d3aaa40>) completed
DEBUG    aiosqlite:core.py:62 executing functools.partial(<built-in method cursor of sqlite3.Connection object at 0x10d36ed40>)
DEBUG    aiosqlite:core.py:67 operation functools.partial(<built-in method cursor of sqlite3.Connection object at 0x10d36ed40>) completed
DEBUG    aiosqlite:core.py:62 executing functools.partial(<built-in method execute of sqlite3.Cursor object at 0x10d3aab40>, 'PRAGMA temp.table_info("concepts")', ())
DEBUG    aiosqlite:core.py:67 operation functools.partial(<built-in method execute of sqlite3.Cursor object at 0x10d3aab40>, 'PRAGMA temp.table_info("concepts")', ()) completed
DEBUG    aiosqlite:core.py:62 executing functools.partial(<built-in method fetchall of sqlite3.Cursor object at 0x10d3aab40>)
DEBUG    aiosqlite:core.py:67 operation functools.partial(<built-in method fetchall of sqlite3.Cursor object at 0x10d3aab40>) completed
DEBUG    aiosqlite:core.py:62 executing functools.partial(<built-in method close of sqlite3.Cursor object at 0x10d3aab40>)
DEBUG    aiosqlite:core.py:67 operation functools.partial(<built-in method close of sqlite3.Cursor object at 0x10d3aab40>) completed
DEBUG    aiosqlite:core.py:62 executing functools.partial(<built-in method cursor of sqlite3.Connection object at 0x10d36ed40>)
DEBUG    aiosqlite:core.py:67 operation functools.partial(<built-in method cursor of sqlite3.Connection object at 0x10d36ed40>) completed
DEBUG    aiosqlite:core.py:62 executing functools.partial(<built-in method execute of sqlite3.Cursor object at 0x10d3aabc0>, 'PRAGMA main.table_info("concept_synonyms")', ())
DEBUG    aiosqlite:core.py:67 operation functools.partial(<built-in method execute of sqlite3.Cursor object at 0x10d3aabc0>, 'PRAGMA main.table_info("concept_synonyms")', ()) completed
DEBUG    aiosqlite:core.py:62 executing functools.partial(<built-in method fetchall of sqlite3.Cursor object at 0x10d3aabc0>)
DEBUG    aiosqlite:core.py:67 operation functools.partial(<built-in method fetchall of sqlite3.Cursor object at 0x10d3aabc0>) completed
DEBUG    aiosqlite:core.py:62 executing functools.partial(<built-in method close of sqlite3.Cursor object at 0x10d3aabc0>)
DEBUG    aiosqlite:core.py:67 operation functools.partial(<built-in method close of sqlite3.Cursor object at 0x10d3aabc0>) completed
DEBUG    aiosqlite:core.py:62 executing functools.partial(<built-in method cursor of sqlite3.Connection object at 0x10d36ed40>)
DEBUG    aiosqlite:core.py:67 operation functools.partial(<built-in method cursor of sqlite3.Connection object at 0x10d36ed40>) completed
DEBUG    aiosqlite:core.py:62 executing functools.partial(<built-in method execute of sqlite3.Cursor object at 0x10d3aacc0>, 'PRAGMA temp.table_info("concept_synonyms")', ())
DEBUG    aiosqlite:core.py:67 operation functools.partial(<built-in method execute of sqlite3.Cursor object at 0x10d3aacc0>, 'PRAGMA temp.table_info("concept_synonyms")', ()) completed
DEBUG    aiosqlite:core.py:62 executing functools.partial(<built-in method fetchall of sqlite3.Cursor object at 0x10d3aacc0>)
DEBUG    aiosqlite:core.py:67 operation functools.partial(<built-in method fetchall of sqlite3.Cursor object at 0x10d3aacc0>) completed
DEBUG    aiosqlite:core.py:62 executing functools.partial(<built-in method close of sqlite3.Cursor object at 0x10d3aacc0>)
DEBUG    aiosqlite:core.py:67 operation functools.partial(<built-in method close of sqlite3.Cursor object at 0x10d3aacc0>) completed
DEBUG    aiosqlite:core.py:62 executing functools.partial(<built-in method cursor of sqlite3.Connection object at 0x10d36ed40>)
DEBUG    aiosqlite:core.py:67 operation functools.partial(<built-in method cursor of sqlite3.Connection object at 0x10d36ed40>) completed
DEBUG    aiosqlite:core.py:62 executing functools.partial(<built-in method execute of sqlite3.Cursor object at 0x10d3aad40>, 'PRAGMA main.table_info("snapshots")', ())
DEBUG    aiosqlite:core.py:67 operation functools.partial(<built-in method execute of sqlite3.Cursor object at 0x10d3aad40>, 'PRAGMA main.table_info("snapshots")', ()) completed
DEBUG    aiosqlite:core.py:62 executing functools.partial(<built-in method fetchall of sqlite3.Cursor object at 0x10d3aad40>)
DEBUG    aiosqlite:core.py:67 operation functools.partial(<built-in method fetchall of sqlite3.Cursor object at 0x10d3aad40>) completed
DEBUG    aiosqlite:core.py:62 executing functools.partial(<built-in method close of sqlite3.Cursor object at 0x10d3aad40>)
DEBUG    aiosqlite:core.py:67 operation functools.partial(<built-in method close of sqlite3.Cursor object at 0x10d3aad40>) completed
DEBUG    aiosqlite:core.py:62 executing functools.partial(<built-in method cursor of sqlite3.Connection object at 0x10d36ed40>)
DEBUG    aiosqlite:core.py:67 operation functools.partial(<built-in method cursor of sqlite3.Connection object at 0x10d36ed40>) completed
DEBUG    aiosqlite:core.py:62 executing functools.partial(<built-in method execute of sqlite3.Cursor object at 0x10d3aae40>, 'PRAGMA temp.table_info("snapshots")', ())
DEBUG    aiosqlite:core.py:67 operation functools.partial(<built-in method execute of sqlite3.Cursor object at 0x10d3aae40>, 'PRAGMA temp.table_info("snapshots")', ()) completed
DEBUG    aiosqlite:core.py:62 executing functools.partial(<built-in method fetchall of sqlite3.Cursor object at 0x10d3aae40>)
DEBUG    aiosqlite:core.py:67 operation functools.partial(<built-in method fetchall of sqlite3.Cursor object at 0x10d3aae40>) completed
DEBUG    aiosqlite:core.py:62 executing functools.partial(<built-in method close of sqlite3.Cursor object at 0x10d3aae40>)
DEBUG    aiosqlite:core.py:67 operation functools.partial(<built-in method close of sqlite3.Cursor object at 0x10d3aae40>) completed
DEBUG    aiosqlite:core.py:62 executing functools.partial(<built-in method cursor of sqlite3.Connection object at 0x10d36ed40>)
DEBUG    aiosqlite:core.py:67 operation functools.partial(<built-in method cursor of sqlite3.Connection object at 0x10d36ed40>) completed
DEBUG    aiosqlite:core.py:62 executing functools.partial(<built-in method execute of sqlite3.Cursor object at 0x10d3aaec0>, 'PRAGMA main.table_info("contributions")', ())
DEBUG    aiosqlite:core.py:67 operation functools.partial(<built-in method execute of sqlite3.Cursor object at 0x10d3aaec0>, 'PRAGMA main.table_info("contributions")', ()) completed
DEBUG    aiosqlite:core.py:62 executing functools.partial(<built-in method fetchall of sqlite3.Cursor object at 0x10d3aaec0>)
DEBUG    aiosqlite:core.py:67 operation functools.partial(<built-in method fetchall of sqlite3.Cursor object at 0x10d3aaec0>) completed
DEBUG    aiosqlite:core.py:62 executing functools.partial(<built-in method close of sqlite3.Cursor object at 0x10d3aaec0>)
DEBUG    aiosqlite:core.py:67 operation functools.partial(<built-in method close of sqlite3.Cursor object at 0x10d3aaec0>) completed
DEBUG    aiosqlite:core.py:62 executing functools.partial(<built-in method cursor of sqlite3.Connection object at 0x10d36ed40>)
DEBUG    aiosqlite:core.py:67 operation functools.partial(<built-in method cursor of sqlite3.Connection object at 0x10d36ed40>) completed
DEBUG    aiosqlite:core.py:62 executing functools.partial(<built-in method execute of sqlite3.Cursor object at 0x10d3aafc0>, 'PRAGMA temp.table_info("contributions")', ())
DEBUG    aiosqlite:core.py:67 operation functools.partial(<built-in method execute of sqlite3.Cursor object at 0x10d3aafc0>, 'PRAGMA temp.table_info("contributions")', ()) completed
DEBUG    aiosqlite:core.py:62 executing functools.partial(<built-in method fetchall of sqlite3.Cursor object at 0x10d3aafc0>)
DEBUG    aiosqlite:core.py:67 operation functools.partial(<built-in method fetchall of sqlite3.Cursor object at 0x10d3aafc0>) completed
DEBUG    aiosqlite:core.py:62 executing functools.partial(<built-in method close of sqlite3.Cursor object at 0x10d3aafc0>)
DEBUG    aiosqlite:core.py:67 operation functools.partial(<built-in method close of sqlite3.Cursor object at 0x10d3aafc0>) completed
DEBUG    aiosqlite:core.py:62 executing functools.partial(<built-in method cursor of sqlite3.Connection object at 0x10d36ed40>)
DEBUG    aiosqlite:core.py:67 operation functools.partial(<built-in method cursor of sqlite3.Connection object at 0x10d36ed40>) completed
DEBUG    aiosqlite:core.py:62 executing functools.partial(<built-in method execute of sqlite3.Cursor object at 0x10d3ab040>, 'PRAGMA main.table_info("synonym_mappings")', ())
DEBUG    aiosqlite:core.py:67 operation functools.partial(<built-in method execute of sqlite3.Cursor object at 0x10d3ab040>, 'PRAGMA main.table_info("synonym_mappings")', ()) completed
DEBUG    aiosqlite:core.py:62 executing functools.partial(<built-in method fetchall of sqlite3.Cursor object at 0x10d3ab040>)
DEBUG    aiosqlite:core.py:67 operation functools.partial(<built-in method fetchall of sqlite3.Cursor object at 0x10d3ab040>) completed
DEBUG    aiosqlite:core.py:62 executing functools.partial(<built-in method close of sqlite3.Cursor object at 0x10d3ab040>)
DEBUG    aiosqlite:core.py:67 operation functools.partial(<built-in method close of sqlite3.Cursor object at 0x10d3ab040>) completed
DEBUG    aiosqlite:core.py:62 executing functools.partial(<built-in method cursor of sqlite3.Connection object at 0x10d36ed40>)
DEBUG    aiosqlite:core.py:67 operation functools.partial(<built-in method cursor of sqlite3.Connection object at 0x10d36ed40>) completed
DEBUG    aiosqlite:core.py:62 executing functools.partial(<built-in method execute of sqlite3.Cursor object at 0x10d3ab140>, 'PRAGMA temp.table_info("synonym_mappings")', ())
DEBUG    aiosqlite:core.py:67 operation functools.partial(<built-in method execute of sqlite3.Cursor object at 0x10d3ab140>, 'PRAGMA temp.table_info("synonym_mappings")', ()) completed
DEBUG    aiosqlite:core.py:62 executing functools.partial(<built-in method fetchall of sqlite3.Cursor object at 0x10d3ab140>)
DEBUG    aiosqlite:core.py:67 operation functools.partial(<built-in method fetchall of sqlite3.Cursor object at 0x10d3ab140>) completed
DEBUG    aiosqlite:core.py:62 executing functools.partial(<built-in method close of sqlite3.Cursor object at 0x10d3ab140>)
DEBUG    aiosqlite:core.py:67 operation functools.partial(<built-in method close of sqlite3.Cursor object at 0x10d3ab140>) completed
DEBUG    aiosqlite:core.py:62 executing functools.partial(<built-in method cursor of sqlite3.Connection object at 0x10d36ed40>)
DEBUG    aiosqlite:core.py:67 operation functools.partial(<built-in method cursor of sqlite3.Connection object at 0x10d36ed40>) completed
DEBUG    aiosqlite:core.py:62 executing functools.partial(<built-in method execute of sqlite3.Cursor object at 0x10d3ab1c0>, 'PRAGMA main.table_info("batch_tasks")', ())
DEBUG    aiosqlite:core.py:67 operation functools.partial(<built-in method execute of sqlite3.Cursor object at 0x10d3ab1c0>, 'PRAGMA main.table_info("batch_tasks")', ()) completed
DEBUG    aiosqlite:core.py:62 executing functools.partial(<built-in method fetchall of sqlite3.Cursor object at 0x10d3ab1c0>)
DEBUG    aiosqlite:core.py:67 operation functools.partial(<built-in method fetchall of sqlite3.Cursor object at 0x10d3ab1c0>) completed
DEBUG    aiosqlite:core.py:62 executing functools.partial(<built-in method close of sqlite3.Cursor object at 0x10d3ab1c0>)
DEBUG    aiosqlite:core.py:67 operation functools.partial(<built-in method close of sqlite3.Cursor object at 0x10d3ab1c0>) completed
DEBUG    aiosqlite:core.py:62 executing functools.partial(<built-in method cursor of sqlite3.Connection object at 0x10d36ed40>)
DEBUG    aiosqlite:core.py:67 operation functools.partial(<built-in method cursor of sqlite3.Connection object at 0x10d36ed40>) completed
DEBUG    aiosqlite:core.py:62 executing functools.partial(<built-in method execute of sqlite3.Cursor object at 0x10d38f740>, 'PRAGMA temp.table_info("batch_tasks")', ())
DEBUG    aiosqlite:core.py:67 operation functools.partial(<built-in method execute of sqlite3.Cursor object at 0x10d38f740>, 'PRAGMA temp.table_info("batch_tasks")', ()) completed
DEBUG    aiosqlite:core.py:62 executing functools.partial(<built-in method fetchall of sqlite3.Cursor object at 0x10d38f740>)
DEBUG    aiosqlite:core.py:67 operation functools.partial(<built-in method fetchall of sqlite3.Cursor object at 0x10d38f740>) completed
DEBUG    aiosqlite:core.py:62 executing functools.partial(<built-in method close of sqlite3.Cursor object at 0x10d38f740>)
DEBUG    aiosqlite:core.py:67 operation functools.partial(<built-in method close of sqlite3.Cursor object at 0x10d38f740>) completed
DEBUG    aiosqlite:core.py:62 executing functools.partial(<built-in method cursor of sqlite3.Connection object at 0x10d36ed40>)
DEBUG    aiosqlite:core.py:67 operation functools.partial(<built-in method cursor of sqlite3.Connection object at 0x10d36ed40>) completed
DEBUG    aiosqlite:core.py:62 executing functools.partial(<built-in method execute of sqlite3.Cursor object at 0x10d38f2c0>, 'PRAGMA main.table_info("domain_whitelists")', ())
DEBUG    aiosqlite:core.py:67 operation functools.partial(<built-in method execute of sqlite3.Cursor object at 0x10d38f2c0>, 'PRAGMA main.table_info("domain_whitelists")', ()) completed
DEBUG    aiosqlite:core.py:62 executing functools.partial(<built-in method fetchall of sqlite3.Cursor object at 0x10d38f2c0>)
DEBUG    aiosqlite:core.py:67 operation functools.partial(<built-in method fetchall of sqlite3.Cursor object at 0x10d38f2c0>) completed
DEBUG    aiosqlite:core.py:62 executing functools.partial(<built-in method close of sqlite3.Cursor object at 0x10d38f2c0>)
DEBUG    aiosqlite:core.py:67 operation functools.partial(<built-in method close of sqlite3.Cursor object at 0x10d38f2c0>) completed
DEBUG    aiosqlite:core.py:62 executing functools.partial(<built-in method cursor of sqlite3.Connection object at 0x10d36ed40>)
DEBUG    aiosqlite:core.py:67 operation functools.partial(<built-in method cursor of sqlite3.Connection object at 0x10d36ed40>) completed
DEBUG    aiosqlite:core.py:62 executing functools.partial(<built-in method execute of sqlite3.Cursor object at 0x10d38f640>, 'PRAGMA temp.table_info("domain_whitelists")', ())
DEBUG    aiosqlite:core.py:67 operation functools.partial(<built-in method execute of sqlite3.Cursor object at 0x10d38f640>, 'PRAGMA temp.table_info("domain_whitelists")', ()) completed
DEBUG    aiosqlite:core.py:62 executing functools.partial(<built-in method fetchall of sqlite3.Cursor object at 0x10d38f640>)
DEBUG    aiosqlite:core.py:67 operation functools.partial(<built-in method fetchall of sqlite3.Cursor object at 0x10d38f640>) completed
DEBUG    aiosqlite:core.py:62 executing functools.partial(<built-in method close of sqlite3.Cursor object at 0x10d38f640>)
DEBUG    aiosqlite:core.py:67 operation functools.partial(<built-in method close of sqlite3.Cursor object at 0x10d38f640>) completed
DEBUG    aiosqlite:core.py:62 executing functools.partial(<built-in method cursor of sqlite3.Connection object at 0x10d36ed40>)
DEBUG    aiosqlite:core.py:67 operation functools.partial(<built-in method cursor of sqlite3.Connection object at 0x10d36ed40>) completed
DEBUG    aiosqlite:core.py:62 executing functools.partial(<built-in method execute of sqlite3.Cursor object at 0x10d38f140>, 'PRAGMA main.table_info("discovered_domains")', ())
DEBUG    aiosqlite:core.py:67 operation functools.partial(<built-in method execute of sqlite3.Cursor object at 0x10d38f140>, 'PRAGMA main.table_info("discovered_domains")', ()) completed
DEBUG    aiosqlite:core.py:62 executing functools.partial(<built-in method fetchall of sqlite3.Cursor object at 0x10d38f140>)
DEBUG    aiosqlite:core.py:67 operation functools.partial(<built-in method fetchall of sqlite3.Cursor object at 0x10d38f140>) completed
DEBUG    aiosqlite:core.py:62 executing functools.partial(<built-in method close of sqlite3.Cursor object at 0x10d38f140>)
DEBUG    aiosqlite:core.py:67 operation functools.partial(<built-in method close of sqlite3.Cursor object at 0x10d38f140>) completed
DEBUG    aiosqlite:core.py:62 executing functools.partial(<built-in method cursor of sqlite3.Connection object at 0x10d36ed40>)
DEBUG    aiosqlite:core.py:67 operation functools.partial(<built-in method cursor of sqlite3.Connection object at 0x10d36ed40>) completed
DEBUG    aiosqlite:core.py:62 executing functools.partial(<built-in method execute of sqlite3.Cursor object at 0x10d38f6c0>, 'PRAGMA temp.table_info("discovered_domains")', ())
DEBUG    aiosqlite:core.py:67 operation functools.partial(<built-in method execute of sqlite3.Cursor object at 0x10d38f6c0>, 'PRAGMA temp.table_info("discovered_domains")', ()) completed
DEBUG    aiosqlite:core.py:62 executing functools.partial(<built-in method fetchall of sqlite3.Cursor object at 0x10d38f6c0>)
DEBUG    aiosqlite:core.py:67 operation functools.partial(<built-in method fetchall of sqlite3.Cursor object at 0x10d38f6c0>) completed
DEBUG    aiosqlite:core.py:62 executing functools.partial(<built-in method close of sqlite3.Cursor object at 0x10d38f6c0>)
DEBUG    aiosqlite:core.py:67 operation functools.partial(<built-in method close of sqlite3.Cursor object at 0x10d38f6c0>) completed
DEBUG    aiosqlite:core.py:62 executing functools.partial(<built-in method cursor of sqlite3.Connection object at 0x10d36ed40>)
DEBUG    aiosqlite:core.py:67 operation functools.partial(<built-in method cursor of sqlite3.Connection object at 0x10d36ed40>) completed
DEBUG    aiosqlite:core.py:62 executing functools.partial(<built-in method execute of sqlite3.Cursor object at 0x10d38f840>, 'PRAGMA main.table_info("hotspots")', ())
DEBUG    aiosqlite:core.py:67 operation functools.partial(<built-in method execute of sqlite3.Cursor object at 0x10d38f840>, 'PRAGMA main.table_info("hotspots")', ()) completed
DEBUG    aiosqlite:core.py:62 executing functools.partial(<built-in method fetchall of sqlite3.Cursor object at 0x10d38f840>)
DEBUG    aiosqlite:core.py:67 operation functools.partial(<built-in method fetchall of sqlite3.Cursor object at 0x10d38f840>) completed
DEBUG    aiosqlite:core.py:62 executing functools.partial(<built-in method close of sqlite3.Cursor object at 0x10d38f840>)
DEBUG    aiosqlite:core.py:67 operation functools.partial(<built-in method close of sqlite3.Cursor object at 0x10d38f840>) completed
DEBUG    aiosqlite:core.py:62 executing functools.partial(<built-in method cursor of sqlite3.Connection object at 0x10d36ed40>)
DEBUG    aiosqlite:core.py:67 operation functools.partial(<built-in method cursor of sqlite3.Connection object at 0x10d36ed40>) completed
DEBUG    aiosqlite:core.py:62 executing functools.partial(<built-in method execute of sqlite3.Cursor object at 0x10d38f4c0>, 'PRAGMA temp.table_info("hotspots")', ())
DEBUG    aiosqlite:core.py:67 operation functools.partial(<built-in method execute of sqlite3.Cursor object at 0x10d38f4c0>, 'PRAGMA temp.table_info("hotspots")', ()) completed
DEBUG    aiosqlite:core.py:62 executing functools.partial(<built-in method fetchall of sqlite3.Cursor object at 0x10d38f4c0>)
DEBUG    aiosqlite:core.py:67 operation functools.partial(<built-in method fetchall of sqlite3.Cursor object at 0x10d38f4c0>) completed
DEBUG    aiosqlite:core.py:62 executing functools.partial(<built-in method close of sqlite3.Cursor object at 0x10d38f4c0>)
DEBUG    aiosqlite:core.py:67 operation functools.partial(<built-in method close of sqlite3.Cursor object at 0x10d38f4c0>) completed
DEBUG    aiosqlite:core.py:62 executing functools.partial(<built-in method cursor of sqlite3.Connection object at 0x10d36ed40>)
DEBUG    aiosqlite:core.py:67 operation functools.partial(<built-in method cursor of sqlite3.Connection object at 0x10d36ed40>) completed
DEBUG    aiosqlite:core.py:62 executing functools.partial(<built-in method execute of sqlite3.Cursor object at 0x10d38f540>, 'PRAGMA main.table_info("hotspot_events")', ())
DEBUG    aiosqlite:core.py:67 operation functools.partial(<built-in method execute of sqlite3.Cursor object at 0x10d38f540>, 'PRAGMA main.table_info("hotspot_events")', ()) completed
DEBUG    aiosqlite:core.py:62 executing functools.partial(<built-in method fetchall of sqlite3.Cursor object at 0x10d38f540>)
DEBUG    aiosqlite:core.py:67 operation functools.partial(<built-in method fetchall of sqlite3.Cursor object at 0x10d38f540>) completed
DEBUG    aiosqlite:core.py:62 executing functools.partial(<built-in method close of sqlite3.Cursor object at 0x10d38f540>)
DEBUG    aiosqlite:core.py:67 operation functools.partial(<built-in method close of sqlite3.Cursor object at 0x10d38f540>) completed
DEBUG    aiosqlite:core.py:62 executing functools.partial(<built-in method cursor of sqlite3.Connection object at 0x10d36ed40>)
DEBUG    aiosqlite:core.py:67 operation functools.partial(<built-in method cursor of sqlite3.Connection object at 0x10d36ed40>) completed
DEBUG    aiosqlite:core.py:62 executing functools.partial(<built-in method execute of sqlite3.Cursor object at 0x10d3aa7c0>, 'PRAGMA temp.table_info("hotspot_events")', ())
DEBUG    aiosqlite:core.py:67 operation functools.partial(<built-in method execute of sqlite3.Cursor object at 0x10d3aa7c0>, 'PRAGMA temp.table_info("hotspot_events")', ()) completed
DEBUG    aiosqlite:core.py:62 executing functools.partial(<built-in method fetchall of sqlite3.Cursor object at 0x10d3aa7c0>)
DEBUG    aiosqlite:core.py:67 operation functools.partial(<built-in method fetchall of sqlite3.Cursor object at 0x10d3aa7c0>) completed
DEBUG    aiosqlite:core.py:62 executing functools.partial(<built-in method close of sqlite3.Cursor object at 0x10d3aa7c0>)
DEBUG    aiosqlite:core.py:67 operation functools.partial(<built-in method close of sqlite3.Cursor object at 0x10d3aa7c0>) completed
DEBUG    aiosqlite:core.py:62 executing functools.partial(<built-in method cursor of sqlite3.Connection object at 0x10d36ed40>)
DEBUG    aiosqlite:core.py:67 operation functools.partial(<built-in method cursor of sqlite3.Connection object at 0x10d36ed40>) completed
DEBUG    aiosqlite:core.py:62 executing functools.partial(<built-in method execute of sqlite3.Cursor object at 0x10d38f340>, 'PRAGMA main.table_info("concept_definitions")', ())
DEBUG    aiosqlite:core.py:67 operation functools.partial(<built-in method execute of sqlite3.Cursor object at 0x10d38f340>, 'PRAGMA main.table_info("concept_definitions")', ()) completed
DEBUG    aiosqlite:core.py:62 executing functools.partial(<built-in method fetchall of sqlite3.Cursor object at 0x10d38f340>)
DEBUG    aiosqlite:core.py:67 operation functools.partial(<built-in method fetchall of sqlite3.Cursor object at 0x10d38f340>) completed
DEBUG    aiosqlite:core.py:62 executing functools.partial(<built-in method close of sqlite3.Cursor object at 0x10d38f340>)
DEBUG    aiosqlite:core.py:67 operation functools.partial(<built-in method close of sqlite3.Cursor object at 0x10d38f340>) completed
DEBUG    aiosqlite:core.py:62 executing functools.partial(<built-in method cursor of sqlite3.Connection object at 0x10d36ed40>)
DEBUG    aiosqlite:core.py:67 operation functools.partial(<built-in method cursor of sqlite3.Connection object at 0x10d36ed40>) completed
DEBUG    aiosqlite:core.py:62 executing functools.partial(<built-in method execute of sqlite3.Cursor object at 0x10d3aaf40>, 'PRAGMA temp.table_info("concept_definitions")', ())
DEBUG    aiosqlite:core.py:67 operation functools.partial(<built-in method execute of sqlite3.Cursor object at 0x10d3aaf40>, 'PRAGMA temp.table_info("concept_definitions")', ()) completed
DEBUG    aiosqlite:core.py:62 executing functools.partial(<built-in method fetchall of sqlite3.Cursor object at 0x10d3aaf40>)
DEBUG    aiosqlite:core.py:67 operation functools.partial(<built-in method fetchall of sqlite3.Cursor object at 0x10d3aaf40>) completed
DEBUG    aiosqlite:core.py:62 executing functools.partial(<built-in method close of sqlite3.Cursor object at 0x10d3aaf40>)
DEBUG    aiosqlite:core.py:67 operation functools.partial(<built-in method close of sqlite3.Cursor object at 0x10d3aaf40>) completed
DEBUG    aiosqlite:core.py:62 executing functools.partial(<built-in method cursor of sqlite3.Connection object at 0x10d36ed40>)
DEBUG    aiosqlite:core.py:67 operation functools.partial(<built-in method cursor of sqlite3.Connection object at 0x10d36ed40>) completed
DEBUG    aiosqlite:core.py:62 executing functools.partial(<built-in method execute of sqlite3.Cursor object at 0x10d3ab0c0>, 'PRAGMA main.table_info("health_reports")', ())
DEBUG    aiosqlite:core.py:67 operation functools.partial(<built-in method execute of sqlite3.Cursor object at 0x10d3ab0c0>, 'PRAGMA main.table_info("health_reports")', ()) completed
DEBUG    aiosqlite:core.py:62 executing functools.partial(<built-in method fetchall of sqlite3.Cursor object at 0x10d3ab0c0>)
DEBUG    aiosqlite:core.py:67 operation functools.partial(<built-in method fetchall of sqlite3.Cursor object at 0x10d3ab0c0>) completed
DEBUG    aiosqlite:core.py:62 executing functools.partial(<built-in method close of sqlite3.Cursor object at 0x10d3ab0c0>)
DEBUG    aiosqlite:core.py:67 operation functools.partial(<built-in method close of sqlite3.Cursor object at 0x10d3ab0c0>) completed
DEBUG    aiosqlite:core.py:62 executing functools.partial(<built-in method cursor of sqlite3.Connection object at 0x10d36ed40>)
DEBUG    aiosqlite:core.py:67 operation functools.partial(<built-in method cursor of sqlite3.Connection object at 0x10d36ed40>) completed
DEBUG    aiosqlite:core.py:62 executing functools.partial(<built-in method execute of sqlite3.Cursor object at 0x10d3ab240>, 'PRAGMA temp.table_info("health_reports")', ())
DEBUG    aiosqlite:core.py:67 operation functools.partial(<built-in method execute of sqlite3.Cursor object at 0x10d3ab240>, 'PRAGMA temp.table_info("health_reports")', ()) completed
DEBUG    aiosqlite:core.py:62 executing functools.partial(<built-in method fetchall of sqlite3.Cursor object at 0x10d3ab240>)
DEBUG    aiosqlite:core.py:67 operation functools.partial(<built-in method fetchall of sqlite3.Cursor object at 0x10d3ab240>) completed
DEBUG    aiosqlite:core.py:62 executing functools.partial(<built-in method close of sqlite3.Cursor object at 0x10d3ab240>)
DEBUG    aiosqlite:core.py:67 operation functools.partial(<built-in method close of sqlite3.Cursor object at 0x10d3ab240>) completed
DEBUG    aiosqlite:core.py:62 executing functools.partial(<built-in method cursor of sqlite3.Connection object at 0x10d36ed40>)
DEBUG    aiosqlite:core.py:67 operation functools.partial(<built-in method cursor of sqlite3.Connection object at 0x10d36ed40>) completed
DEBUG    aiosqlite:core.py:62 executing functools.partial(<built-in method execute of sqlite3.Cursor object at 0x10d3aa640>, 'PRAGMA main.table_info("strategy_adjustments")', ())
DEBUG    aiosqlite:core.py:67 operation functools.partial(<built-in method execute of sqlite3.Cursor object at 0x10d3aa640>, 'PRAGMA main.table_info("strategy_adjustments")', ()) completed
DEBUG    aiosqlite:core.py:62 executing functools.partial(<built-in method fetchall of sqlite3.Cursor object at 0x10d3aa640>)
DEBUG    aiosqlite:core.py:67 operation functools.partial(<built-in method fetchall of sqlite3.Cursor object at 0x10d3aa640>) completed
DEBUG    aiosqlite:core.py:62 executing functools.partial(<built-in method close of sqlite3.Cursor object at 0x10d3aa640>)
DEBUG    aiosqlite:core.py:67 operation functools.partial(<built-in method close of sqlite3.Cursor object at 0x10d3aa640>) completed
DEBUG    aiosqlite:core.py:62 executing functools.partial(<built-in method cursor of sqlite3.Connection object at 0x10d36ed40>)
DEBUG    aiosqlite:core.py:67 operation functools.partial(<built-in method cursor of sqlite3.Connection object at 0x10d36ed40>) completed
DEBUG    aiosqlite:core.py:62 executing functools.partial(<built-in method execute of sqlite3.Cursor object at 0x10d3ab340>, 'PRAGMA temp.table_info("strategy_adjustments")', ())
DEBUG    aiosqlite:core.py:67 operation functools.partial(<built-in method execute of sqlite3.Cursor object at 0x10d3ab340>, 'PRAGMA temp.table_info("strategy_adjustments")', ()) completed
DEBUG    aiosqlite:core.py:62 executing functools.partial(<built-in method fetchall of sqlite3.Cursor object at 0x10d3ab340>)
DEBUG    aiosqlite:core.py:67 operation functools.partial(<built-in method fetchall of sqlite3.Cursor object at 0x10d3ab340>) completed
DEBUG    aiosqlite:core.py:62 executing functools.partial(<built-in method close of sqlite3.Cursor object at 0x10d3ab340>)
DEBUG    aiosqlite:core.py:67 operation functools.partial(<built-in method close of sqlite3.Cursor object at 0x10d3ab340>) completed
DEBUG    aiosqlite:core.py:62 executing functools.partial(<built-in method cursor of sqlite3.Connection object at 0x10d36ed40>)
DEBUG    aiosqlite:core.py:67 operation functools.partial(<built-in method cursor of sqlite3.Connection object at 0x10d36ed40>) completed
DEBUG    aiosqlite:core.py:62 executing functools.partial(<built-in method execute of sqlite3.Cursor object at 0x10d3ab2c0>, 'PRAGMA main.table_info("scheduled_tasks")', ())
DEBUG    aiosqlite:core.py:67 operation functools.partial(<built-in method execute of sqlite3.Cursor object at 0x10d3ab2c0>, 'PRAGMA main.table_info("scheduled_tasks")', ()) completed
DEBUG    aiosqlite:core.py:62 executing functools.partial(<built-in method fetchall of sqlite3.Cursor object at 0x10d3ab2c0>)
DEBUG    aiosqlite:core.py:67 operation functools.partial(<built-in method fetchall of sqlite3.Cursor object at 0x10d3ab2c0>) completed
DEBUG    aiosqlite:core.py:62 executing functools.partial(<built-in method close of sqlite3.Cursor object at 0x10d3ab2c0>)
DEBUG    aiosqlite:core.py:67 operation functools.partial(<built-in method close of sqlite3.Cursor object at 0x10d3ab2c0>) completed
DEBUG    aiosqlite:core.py:62 executing functools.partial(<built-in method cursor of sqlite3.Connection object at 0x10d36ed40>)
DEBUG    aiosqlite:core.py:67 operation functools.partial(<built-in method cursor of sqlite3.Connection object at 0x10d36ed40>) completed
DEBUG    aiosqlite:core.py:62 executing functools.partial(<built-in method execute of sqlite3.Cursor object at 0x10d3ab440>, 'PRAGMA temp.table_info("scheduled_tasks")', ())
DEBUG    aiosqlite:core.py:67 operation functools.partial(<built-in method execute of sqlite3.Cursor object at 0x10d3ab440>, 'PRAGMA temp.table_info("scheduled_tasks")', ()) completed
DEBUG    aiosqlite:core.py:62 executing functools.partial(<built-in method fetchall of sqlite3.Cursor object at 0x10d3ab440>)
DEBUG    aiosqlite:core.py:67 operation functools.partial(<built-in method fetchall of sqlite3.Cursor object at 0x10d3ab440>) completed
DEBUG    aiosqlite:core.py:62 executing functools.partial(<built-in method close of sqlite3.Cursor object at 0x10d3ab440>)
DEBUG    aiosqlite:core.py:67 operation functools.partial(<built-in method close of sqlite3.Cursor object at 0x10d3ab440>) completed
DEBUG    aiosqlite:core.py:62 executing functools.partial(<built-in method cursor of sqlite3.Connection object at 0x10d36ed40>)
DEBUG    aiosqlite:core.py:67 operation functools.partial(<built-in method cursor of sqlite3.Connection object at 0x10d36ed40>) completed
DEBUG    aiosqlite:core.py:62 executing functools.partial(<built-in method execute of sqlite3.Cursor object at 0x10d3ab3c0>, 'PRAGMA main.table_info("task_executions")', ())
DEBUG    aiosqlite:core.py:67 operation functools.partial(<built-in method execute of sqlite3.Cursor object at 0x10d3ab3c0>, 'PRAGMA main.table_info("task_executions")', ()) completed
DEBUG    aiosqlite:core.py:62 executing functools.partial(<built-in method fetchall of sqlite3.Cursor object at 0x10d3ab3c0>)
DEBUG    aiosqlite:core.py:67 operation functools.partial(<built-in method fetchall of sqlite3.Cursor object at 0x10d3ab3c0>) completed
DEBUG    aiosqlite:core.py:62 executing functools.partial(<built-in method close of sqlite3.Cursor object at 0x10d3ab3c0>)
DEBUG    aiosqlite:core.py:67 operation functools.partial(<built-in method close of sqlite3.Cursor object at 0x10d3ab3c0>) completed
DEBUG    aiosqlite:core.py:62 executing functools.partial(<built-in method cursor of sqlite3.Connection object at 0x10d36ed40>)
DEBUG    aiosqlite:core.py:67 operation functools.partial(<built-in method cursor of sqlite3.Connection object at 0x10d36ed40>) completed
DEBUG    aiosqlite:core.py:62 executing functools.partial(<built-in method execute of sqlite3.Cursor object at 0x10d3ab540>, 'PRAGMA temp.table_info("task_executions")', ())
DEBUG    aiosqlite:core.py:67 operation functools.partial(<built-in method execute of sqlite3.Cursor object at 0x10d3ab540>, 'PRAGMA temp.table_info("task_executions")', ()) completed
DEBUG    aiosqlite:core.py:62 executing functools.partial(<built-in method fetchall of sqlite3.Cursor object at 0x10d3ab540>)
DEBUG    aiosqlite:core.py:67 operation functools.partial(<built-in method fetchall of sqlite3.Cursor object at 0x10d3ab540>) completed
DEBUG    aiosqlite:core.py:62 executing functools.partial(<built-in method close of sqlite3.Cursor object at 0x10d3ab540>)
DEBUG    aiosqlite:core.py:67 operation functools.partial(<built-in method close of sqlite3.Cursor object at 0x10d3ab540>) completed
DEBUG    aiosqlite:core.py:62 executing functools.partial(<built-in method cursor of sqlite3.Connection object at 0x10d36ed40>)
DEBUG    aiosqlite:core.py:67 operation functools.partial(<built-in method cursor of sqlite3.Connection object at 0x10d36ed40>) completed
DEBUG    aiosqlite:core.py:62 executing functools.partial(<built-in method execute of sqlite3.Cursor object at 0x10d3ab4c0>, 'PRAGMA main.table_info("config_history")', ())
DEBUG    aiosqlite:core.py:67 operation functools.partial(<built-in method execute of sqlite3.Cursor object at 0x10d3ab4c0>, 'PRAGMA main.table_info("config_history")', ()) completed
DEBUG    aiosqlite:core.py:62 executing functools.partial(<built-in method fetchall of sqlite3.Cursor object at 0x10d3ab4c0>)
DEBUG    aiosqlite:core.py:67 operation functools.partial(<built-in method fetchall of sqlite3.Cursor object at 0x10d3ab4c0>) completed
DEBUG    aiosqlite:core.py:62 executing functools.partial(<built-in method close of sqlite3.Cursor object at 0x10d3ab4c0>)
DEBUG    aiosqlite:core.py:67 operation functools.partial(<built-in method close of sqlite3.Cursor object at 0x10d3ab4c0>) completed
DEBUG    aiosqlite:core.py:62 executing functools.partial(<built-in method cursor of sqlite3.Connection object at 0x10d36ed40>)
DEBUG    aiosqlite:core.py:67 operation functools.partial(<built-in method cursor of sqlite3.Connection object at 0x10d36ed40>) completed
DEBUG    aiosqlite:core.py:62 executing functools.partial(<built-in method execute of sqlite3.Cursor object at 0x10d3ab640>, 'PRAGMA temp.table_info("config_history")', ())
DEBUG    aiosqlite:core.py:67 operation functools.partial(<built-in method execute of sqlite3.Cursor object at 0x10d3ab640>, 'PRAGMA temp.table_info("config_history")', ()) completed
DEBUG    aiosqlite:core.py:62 executing functools.partial(<built-in method fetchall of sqlite3.Cursor object at 0x10d3ab640>)
DEBUG    aiosqlite:core.py:67 operation functools.partial(<built-in method fetchall of sqlite3.Cursor object at 0x10d3ab640>) completed
DEBUG    aiosqlite:core.py:62 executing functools.partial(<built-in method close of sqlite3.Cursor object at 0x10d3ab640>)
DEBUG    aiosqlite:core.py:67 operation functools.partial(<built-in method close of sqlite3.Cursor object at 0x10d3ab640>) completed
DEBUG    aiosqlite:core.py:62 executing functools.partial(<built-in method cursor of sqlite3.Connection object at 0x10d36ed40>)
DEBUG    aiosqlite:core.py:67 operation functools.partial(<built-in method cursor of sqlite3.Connection object at 0x10d36ed40>) completed
DEBUG    aiosqlite:core.py:62 executing functools.partial(<built-in method execute of sqlite3.Cursor object at 0x10d3ab5c0>, 'PRAGMA main.table_info("prompt_templates")', ())
DEBUG    aiosqlite:core.py:67 operation functools.partial(<built-in method execute of sqlite3.Cursor object at 0x10d3ab5c0>, 'PRAGMA main.table_info("prompt_templates")', ()) completed
DEBUG    aiosqlite:core.py:62 executing functools.partial(<built-in method fetchall of sqlite3.Cursor object at 0x10d3ab5c0>)
DEBUG    aiosqlite:core.py:67 operation functools.partial(<built-in method fetchall of sqlite3.Cursor object at 0x10d3ab5c0>) completed
DEBUG    aiosqlite:core.py:62 executing functools.partial(<built-in method close of sqlite3.Cursor object at 0x10d3ab5c0>)
DEBUG    aiosqlite:core.py:67 operation functools.partial(<built-in method close of sqlite3.Cursor object at 0x10d3ab5c0>) completed
DEBUG    aiosqlite:core.py:62 executing functools.partial(<built-in method cursor of sqlite3.Connection object at 0x10d36ed40>)
DEBUG    aiosqlite:core.py:67 operation functools.partial(<built-in method cursor of sqlite3.Connection object at 0x10d36ed40>) completed
DEBUG    aiosqlite:core.py:62 executing functools.partial(<built-in method execute of sqlite3.Cursor object at 0x10d3ab740>, 'PRAGMA temp.table_info("prompt_templates")', ())
DEBUG    aiosqlite:core.py:67 operation functools.partial(<built-in method execute of sqlite3.Cursor object at 0x10d3ab740>, 'PRAGMA temp.table_info("prompt_templates")', ()) completed
DEBUG    aiosqlite:core.py:62 executing functools.partial(<built-in method fetchall of sqlite3.Cursor object at 0x10d3ab740>)
DEBUG    aiosqlite:core.py:67 operation functools.partial(<built-in method fetchall of sqlite3.Cursor object at 0x10d3ab740>) completed
DEBUG    aiosqlite:core.py:62 executing functools.partial(<built-in method close of sqlite3.Cursor object at 0x10d3ab740>)
DEBUG    aiosqlite:core.py:67 operation functools.partial(<built-in method close of sqlite3.Cursor object at 0x10d3ab740>) completed
DEBUG    aiosqlite:core.py:62 executing functools.partial(<built-in method cursor of sqlite3.Connection object at 0x10d36ed40>)
DEBUG    aiosqlite:core.py:67 operation functools.partial(<built-in method cursor of sqlite3.Connection object at 0x10d36ed40>) completed
DEBUG    aiosqlite:core.py:62 executing functools.partial(<built-in method execute of sqlite3.Cursor object at 0x10d3ab6c0>, 'PRAGMA main.table_info("prompt_versions")', ())
DEBUG    aiosqlite:core.py:67 operation functools.partial(<built-in method execute of sqlite3.Cursor object at 0x10d3ab6c0>, 'PRAGMA main.table_info("prompt_versions")', ()) completed
DEBUG    aiosqlite:core.py:62 executing functools.partial(<built-in method fetchall of sqlite3.Cursor object at 0x10d3ab6c0>)
DEBUG    aiosqlite:core.py:67 operation functools.partial(<built-in method fetchall of sqlite3.Cursor object at 0x10d3ab6c0>) completed
DEBUG    aiosqlite:core.py:62 executing functools.partial(<built-in method close of sqlite3.Cursor object at 0x10d3ab6c0>)
DEBUG    aiosqlite:core.py:67 operation functools.partial(<built-in method close of sqlite3.Cursor object at 0x10d3ab6c0>) completed
DEBUG    aiosqlite:core.py:62 executing functools.partial(<built-in method cursor of sqlite3.Connection object at 0x10d36ed40>)
DEBUG    aiosqlite:core.py:67 operation functools.partial(<built-in method cursor of sqlite3.Connection object at 0x10d36ed40>) completed
DEBUG    aiosqlite:core.py:62 executing functools.partial(<built-in method execute of sqlite3.Cursor object at 0x10d3ab840>, 'PRAGMA temp.table_info("prompt_versions")', ())
DEBUG    aiosqlite:core.py:67 operation functools.partial(<built-in method execute of sqlite3.Cursor object at 0x10d3ab840>, 'PRAGMA temp.table_info("prompt_versions")', ()) completed
DEBUG    aiosqlite:core.py:62 executing functools.partial(<built-in method fetchall of sqlite3.Cursor object at 0x10d3ab840>)
DEBUG    aiosqlite:core.py:67 operation functools.partial(<built-in method fetchall of sqlite3.Cursor object at 0x10d3ab840>) completed
DEBUG    aiosqlite:core.py:62 executing functools.partial(<built-in method close of sqlite3.Cursor object at 0x10d3ab840>)
DEBUG    aiosqlite:core.py:67 operation functools.partial(<built-in method close of sqlite3.Cursor object at 0x10d3ab840>) completed
DEBUG    aiosqlite:core.py:62 executing functools.partial(<built-in method cursor of sqlite3.Connection object at 0x10d36ed40>)
DEBUG    aiosqlite:core.py:67 operation functools.partial(<built-in method cursor of sqlite3.Connection object at 0x10d36ed40>) completed
DEBUG    aiosqlite:core.py:62 executing functools.partial(<built-in method execute of sqlite3.Cursor object at 0x10d3ab7c0>, 'PRAGMA main.table_info("ab_tests")', ())
DEBUG    aiosqlite:core.py:67 operation functools.partial(<built-in method execute of sqlite3.Cursor object at 0x10d3ab7c0>, 'PRAGMA main.table_info("ab_tests")', ()) completed
DEBUG    aiosqlite:core.py:62 executing functools.partial(<built-in method fetchall of sqlite3.Cursor object at 0x10d3ab7c0>)
DEBUG    aiosqlite:core.py:67 operation functools.partial(<built-in method fetchall of sqlite3.Cursor object at 0x10d3ab7c0>) completed
DEBUG    aiosqlite:core.py:62 executing functools.partial(<built-in method close of sqlite3.Cursor object at 0x10d3ab7c0>)
DEBUG    aiosqlite:core.py:67 operation functools.partial(<built-in method close of sqlite3.Cursor object at 0x10d3ab7c0>) completed
DEBUG    aiosqlite:core.py:62 executing functools.partial(<built-in method cursor of sqlite3.Connection object at 0x10d36ed40>)
DEBUG    aiosqlite:core.py:67 operation functools.partial(<built-in method cursor of sqlite3.Connection object at 0x10d36ed40>) completed
DEBUG    aiosqlite:core.py:62 executing functools.partial(<built-in method execute of sqlite3.Cursor object at 0x10d3ab940>, 'PRAGMA temp.table_info("ab_tests")', ())
DEBUG    aiosqlite:core.py:67 operation functools.partial(<built-in method execute of sqlite3.Cursor object at 0x10d3ab940>, 'PRAGMA temp.table_info("ab_tests")', ()) completed
DEBUG    aiosqlite:core.py:62 executing functools.partial(<built-in method fetchall of sqlite3.Cursor object at 0x10d3ab940>)
DEBUG    aiosqlite:core.py:67 operation functools.partial(<built-in method fetchall of sqlite3.Cursor object at 0x10d3ab940>) completed
DEBUG    aiosqlite:core.py:62 executing functools.partial(<built-in method close of sqlite3.Cursor object at 0x10d3ab940>)
DEBUG    aiosqlite:core.py:67 operation functools.partial(<built-in method close of sqlite3.Cursor object at 0x10d3ab940>) completed
DEBUG    aiosqlite:core.py:62 executing functools.partial(<built-in method cursor of sqlite3.Connection object at 0x10d36ed40>)
DEBUG    aiosqlite:core.py:67 operation functools.partial(<built-in method cursor of sqlite3.Connection object at 0x10d36ed40>) completed
DEBUG    aiosqlite:core.py:62 executing functools.partial(<built-in method execute of sqlite3.Cursor object at 0x10d3ab8c0>, 'PRAGMA main.table_info("notifications")', ())
DEBUG    aiosqlite:core.py:67 operation functools.partial(<built-in method execute of sqlite3.Cursor object at 0x10d3ab8c0>, 'PRAGMA main.table_info("notifications")', ()) completed
DEBUG    aiosqlite:core.py:62 executing functools.partial(<built-in method fetchall of sqlite3.Cursor object at 0x10d3ab8c0>)
DEBUG    aiosqlite:core.py:67 operation functools.partial(<built-in method fetchall of sqlite3.Cursor object at 0x10d3ab8c0>) completed
DEBUG    aiosqlite:core.py:62 executing functools.partial(<built-in method close of sqlite3.Cursor object at 0x10d3ab8c0>)
DEBUG    aiosqlite:core.py:67 operation functools.partial(<built-in method close of sqlite3.Cursor object at 0x10d3ab8c0>) completed
DEBUG    aiosqlite:core.py:62 executing functools.partial(<built-in method cursor of sqlite3.Connection object at 0x10d36ed40>)
DEBUG    aiosqlite:core.py:67 operation functools.partial(<built-in method cursor of sqlite3.Connection object at 0x10d36ed40>) completed
DEBUG    aiosqlite:core.py:62 executing functools.partial(<built-in method execute of sqlite3.Cursor object at 0x10d3aba40>, 'PRAGMA temp.table_info("notifications")', ())
DEBUG    aiosqlite:core.py:67 operation functools.partial(<built-in method execute of sqlite3.Cursor object at 0x10d3aba40>, 'PRAGMA temp.table_info("notifications")', ()) completed
DEBUG    aiosqlite:core.py:62 executing functools.partial(<built-in method fetchall of sqlite3.Cursor object at 0x10d3aba40>)
DEBUG    aiosqlite:core.py:67 operation functools.partial(<built-in method fetchall of sqlite3.Cursor object at 0x10d3aba40>) completed
DEBUG    aiosqlite:core.py:62 executing functools.partial(<built-in method close of sqlite3.Cursor object at 0x10d3aba40>)
DEBUG    aiosqlite:core.py:67 operation functools.partial(<built-in method close of sqlite3.Cursor object at 0x10d3aba40>) completed
DEBUG    aiosqlite:core.py:62 executing functools.partial(<built-in method cursor of sqlite3.Connection object at 0x10d36ed40>)
DEBUG    aiosqlite:core.py:67 operation functools.partial(<built-in method cursor of sqlite3.Connection object at 0x10d36ed40>) completed
DEBUG    aiosqlite:core.py:62 executing functools.partial(<built-in method execute of sqlite3.Cursor object at 0x10d3ab9c0>, 'PRAGMA main.table_info("notification_preferences")', ())
DEBUG    aiosqlite:core.py:67 operation functools.partial(<built-in method execute of sqlite3.Cursor object at 0x10d3ab9c0>, 'PRAGMA main.table_info("notification_preferences")', ()) completed
DEBUG    aiosqlite:core.py:62 executing functools.partial(<built-in method fetchall of sqlite3.Cursor object at 0x10d3ab9c0>)
DEBUG    aiosqlite:core.py:67 operation functools.partial(<built-in method fetchall of sqlite3.Cursor object at 0x10d3ab9c0>) completed
DEBUG    aiosqlite:core.py:62 executing functools.partial(<built-in method close of sqlite3.Cursor object at 0x10d3ab9c0>)
DEBUG    aiosqlite:core.py:67 operation functools.partial(<built-in method close of sqlite3.Cursor object at 0x10d3ab9c0>) completed
DEBUG    aiosqlite:core.py:62 executing functools.partial(<built-in method cursor of sqlite3.Connection object at 0x10d36ed40>)
DEBUG    aiosqlite:core.py:67 operation functools.partial(<built-in method cursor of sqlite3.Connection object at 0x10d36ed40>) completed
DEBUG    aiosqlite:core.py:62 executing functools.partial(<built-in method execute of sqlite3.Cursor object at 0x10d3abb40>, 'PRAGMA temp.table_info("notification_preferences")', ())
DEBUG    aiosqlite:core.py:67 operation functools.partial(<built-in method execute of sqlite3.Cursor object at 0x10d3abb40>, 'PRAGMA temp.table_info("notification_preferences")', ()) completed
DEBUG    aiosqlite:core.py:62 executing functools.partial(<built-in method fetchall of sqlite3.Cursor object at 0x10d3abb40>)
DEBUG    aiosqlite:core.py:67 operation functools.partial(<built-in method fetchall of sqlite3.Cursor object at 0x10d3abb40>) completed
DEBUG    aiosqlite:core.py:62 executing functools.partial(<built-in method close of sqlite3.Cursor object at 0x10d3abb40>)
DEBUG    aiosqlite:core.py:67 operation functools.partial(<built-in method close of sqlite3.Cursor object at 0x10d3abb40>) completed
DEBUG    aiosqlite:core.py:62 executing functools.partial(<built-in method cursor of sqlite3.Connection object at 0x10d36ed40>)
DEBUG    aiosqlite:core.py:67 operation functools.partial(<built-in method cursor of sqlite3.Connection object at 0x10d36ed40>) completed
DEBUG    aiosqlite:core.py:62 executing functools.partial(<built-in method execute of sqlite3.Cursor object at 0x10d3abac0>, 'PRAGMA main.table_info("api_metrics")', ())
DEBUG    aiosqlite:core.py:67 operation functools.partial(<built-in method execute of sqlite3.Cursor object at 0x10d3abac0>, 'PRAGMA main.table_info("api_metrics")', ()) completed
DEBUG    aiosqlite:core.py:62 executing functools.partial(<built-in method fetchall of sqlite3.Cursor object at 0x10d3abac0>)
DEBUG    aiosqlite:core.py:67 operation functools.partial(<built-in method fetchall of sqlite3.Cursor object at 0x10d3abac0>) completed
DEBUG    aiosqlite:core.py:62 executing functools.partial(<built-in method close of sqlite3.Cursor object at 0x10d3abac0>)
DEBUG    aiosqlite:core.py:67 operation functools.partial(<built-in method close of sqlite3.Cursor object at 0x10d3abac0>) completed
DEBUG    aiosqlite:core.py:62 executing functools.partial(<built-in method cursor of sqlite3.Connection object at 0x10d36ed40>)
DEBUG    aiosqlite:core.py:67 operation functools.partial(<built-in method cursor of sqlite3.Connection object at 0x10d36ed40>) completed
DEBUG    aiosqlite:core.py:62 executing functools.partial(<built-in method execute of sqlite3.Cursor object at 0x10d3abc40>, 'PRAGMA temp.table_info("api_metrics")', ())
DEBUG    aiosqlite:core.py:67 operation functools.partial(<built-in method execute of sqlite3.Cursor object at 0x10d3abc40>, 'PRAGMA temp.table_info("api_metrics")', ()) completed
DEBUG    aiosqlite:core.py:62 executing functools.partial(<built-in method fetchall of sqlite3.Cursor object at 0x10d3abc40>)
DEBUG    aiosqlite:core.py:67 operation functools.partial(<built-in method fetchall of sqlite3.Cursor object at 0x10d3abc40>) completed
DEBUG    aiosqlite:core.py:62 executing functools.partial(<built-in method close of sqlite3.Cursor object at 0x10d3abc40>)
DEBUG    aiosqlite:core.py:67 operation functools.partial(<built-in method close of sqlite3.Cursor object at 0x10d3abc40>) completed
DEBUG    aiosqlite:core.py:62 executing functools.partial(<built-in method cursor of sqlite3.Connection object at 0x10d36ed40>)
DEBUG    aiosqlite:core.py:67 operation functools.partial(<built-in method cursor of sqlite3.Connection object at 0x10d36ed40>) completed
DEBUG    aiosqlite:core.py:62 executing functools.partial(<built-in method execute of sqlite3.Cursor object at 0x10d3abbc0>, 'PRAGMA main.table_info("error_records")', ())
DEBUG    aiosqlite:core.py:67 operation functools.partial(<built-in method execute of sqlite3.Cursor object at 0x10d3abbc0>, 'PRAGMA main.table_info("error_records")', ()) completed
DEBUG    aiosqlite:core.py:62 executing functools.partial(<built-in method fetchall of sqlite3.Cursor object at 0x10d3abbc0>)
DEBUG    aiosqlite:core.py:67 operation functools.partial(<built-in method fetchall of sqlite3.Cursor object at 0x10d3abbc0>) completed
DEBUG    aiosqlite:core.py:62 executing functools.partial(<built-in method close of sqlite3.Cursor object at 0x10d3abbc0>)
DEBUG    aiosqlite:core.py:67 operation functools.partial(<built-in method close of sqlite3.Cursor object at 0x10d3abbc0>) completed
DEBUG    aiosqlite:core.py:62 executing functools.partial(<built-in method cursor of sqlite3.Connection object at 0x10d36ed40>)
DEBUG    aiosqlite:core.py:67 operation functools.partial(<built-in method cursor of sqlite3.Connection object at 0x10d36ed40>) completed
DEBUG    aiosqlite:core.py:62 executing functools.partial(<built-in method execute of sqlite3.Cursor object at 0x10d3abd40>, 'PRAGMA temp.table_info("error_records")', ())
DEBUG    aiosqlite:core.py:67 operation functools.partial(<built-in method execute of sqlite3.Cursor object at 0x10d3abd40>, 'PRAGMA temp.table_info("error_records")', ()) completed
DEBUG    aiosqlite:core.py:62 executing functools.partial(<built-in method fetchall of sqlite3.Cursor object at 0x10d3abd40>)
DEBUG    aiosqlite:core.py:67 operation functools.partial(<built-in method fetchall of sqlite3.Cursor object at 0x10d3abd40>) completed
DEBUG    aiosqlite:core.py:62 executing functools.partial(<built-in method close of sqlite3.Cursor object at 0x10d3abd40>)
DEBUG    aiosqlite:core.py:67 operation functools.partial(<built-in method close of sqlite3.Cursor object at 0x10d3abd40>) completed
DEBUG    aiosqlite:core.py:62 executing functools.partial(<built-in method cursor of sqlite3.Connection object at 0x10d36ed40>)
DEBUG    aiosqlite:core.py:67 operation functools.partial(<built-in method cursor of sqlite3.Connection object at 0x10d36ed40>) completed
DEBUG    aiosqlite:core.py:62 executing functools.partial(<built-in method execute of sqlite3.Cursor object at 0x10d3aa4c0>, "\nCREATE TABLE pyramids (\n\tid CHAR(32) NOT NULL, \n\tname VARCHAR(100) NOT NULL, \n\tdescription TEXT, \n\tcreated_at DATETIME DEFAULT CURRENT_TIMESTAMP NOT NULL, \n\tupdated_at DATETIME DEFAULT CURRENT_TIMESTAMP NOT NULL, \n\tis_deleted BOOLEAN DEFAULT 'false' NOT NULL, \n\tCONSTRAINT pk_pyramids PRIMARY KEY (id)\n)\n\n", ())
DEBUG    aiosqlite:core.py:67 operation functools.partial(<built-in method execute of sqlite3.Cursor object at 0x10d3aa4c0>, "\nCREATE TABLE pyramids (\n\tid CHAR(32) NOT NULL, \n\tname VARCHAR(100) NOT NULL, \n\tdescription TEXT, \n\tcreated_at DATETIME DEFAULT CURRENT_TIMESTAMP NOT NULL, \n\tupdated_at DATETIME DEFAULT CURRENT_TIMESTAMP NOT NULL, \n\tis_deleted BOOLEAN DEFAULT 'false' NOT NULL, \n\tCONSTRAINT pk_pyramids PRIMARY KEY (id)\n)\n\n", ()) completed
DEBUG    aiosqlite:core.py:62 executing functools.partial(<built-in method close of sqlite3.Cursor object at 0x10d3aa4c0>)
DEBUG    aiosqlite:core.py:67 operation functools.partial(<built-in method close of sqlite3.Cursor object at 0x10d3aa4c0>) completed
DEBUG    aiosqlite:core.py:62 executing functools.partial(<built-in method cursor of sqlite3.Connection object at 0x10d36ed40>)
DEBUG    aiosqlite:core.py:67 operation functools.partial(<built-in method cursor of sqlite3.Connection object at 0x10d36ed40>) completed
DEBUG    aiosqlite:core.py:62 executing functools.partial(<built-in method execute of sqlite3.Cursor object at 0x10d38e7c0>, "\nCREATE TABLE information_sources (\n\tid CHAR(32) NOT NULL, \n\tname VARCHAR(100) NOT NULL, \n\ttype VARCHAR(20) NOT NULL, \n\turl VARCHAR(500) NOT NULL, \n\tconfig JSON, \n\ttemplate_id VARCHAR(50), \n\tstatus VARCHAR(20) NOT NULL, \n\thealth_score INTEGER NOT NULL, \n\tlast_crawled_at DATETIME, \n\tcheck_interval INTEGER NOT NULL, \n\terror_count INTEGER NOT NULL, \n\ttrial_runs INTEGER NOT NULL, \n\ttrial_successes INTEGER NOT NULL, \n\trecovery_count INTEGER NOT NULL, \n\tlast_error_message TEXT, \n\tis_deleted BOOLEAN DEFAULT 'false' NOT NULL, \n\tcreated_at DATETIME DEFAULT CURRENT_TIMESTAMP NOT NULL, \n\tupdated_at DATETIME DEFAULT CURRENT_TIMESTAMP NOT NULL, \n\tCONSTRAINT pk_information_sources PRIMARY KEY (id)\n)\n\n", ())
DEBUG    aiosqlite:core.py:67 operation functools.partial(<built-in method execute of sqlite3.Cursor object at 0x10d38e7c0>, "\nCREATE TABLE information_sources (\n\tid CHAR(32) NOT NULL, \n\tname VARCHAR(100) NOT NULL, \n\ttype VARCHAR(20) NOT NULL, \n\turl VARCHAR(500) NOT NULL, \n\tconfig JSON, \n\ttemplate_id VARCHAR(50), \n\tstatus VARCHAR(20) NOT NULL, \n\thealth_score INTEGER NOT NULL, \n\tlast_crawled_at DATETIME, \n\tcheck_interval INTEGER NOT NULL, \n\terror_count INTEGER NOT NULL, \n\ttrial_runs INTEGER NOT NULL, \n\ttrial_successes INTEGER NOT NULL, \n\trecovery_count INTEGER NOT NULL, \n\tlast_error_message TEXT, \n\tis_deleted BOOLEAN DEFAULT 'false' NOT NULL, \n\tcreated_at DATETIME DEFAULT CURRENT_TIMESTAMP NOT NULL, \n\tupdated_at DATETIME DEFAULT CURRENT_TIMESTAMP NOT NULL, \n\tCONSTRAINT pk_information_sources PRIMARY KEY (id)\n)\n\n", ()) completed
DEBUG    aiosqlite:core.py:62 executing functools.partial(<built-in method close of sqlite3.Cursor object at 0x10d38e7c0>)
DEBUG    aiosqlite:core.py:67 operation functools.partial(<built-in method close of sqlite3.Cursor object at 0x10d38e7c0>) completed
DEBUG    aiosqlite:core.py:62 executing functools.partial(<built-in method cursor of sqlite3.Connection object at 0x10d36ed40>)
DEBUG    aiosqlite:core.py:67 operation functools.partial(<built-in method cursor of sqlite3.Connection object at 0x10d36ed40>) completed
DEBUG    aiosqlite:core.py:62 executing functools.partial(<built-in method execute of sqlite3.Cursor object at 0x10d38f0c0>, '\nCREATE TABLE concepts (\n\tid CHAR(32) NOT NULL, \n\tname VARCHAR(100) NOT NULL, \n\ttype VARCHAR(50) NOT NULL, \n\tdescription TEXT, \n\tcreated_at DATETIME DEFAULT CURRENT_TIMESTAMP NOT NULL, \n\tupdated_at DATETIME DEFAULT CURRENT_TIMESTAMP NOT NULL, \n\tCONSTRAINT pk_concepts PRIMARY KEY (id)\n)\n\n', ())
DEBUG    aiosqlite:core.py:67 operation functools.partial(<built-in method execute of sqlite3.Cursor object at 0x10d38f0c0>, '\nCREATE TABLE concepts (\n\tid CHAR(32) NOT NULL, \n\tname VARCHAR(100) NOT NULL, \n\ttype VARCHAR(50) NOT NULL, \n\tdescription TEXT, \n\tcreated_at DATETIME DEFAULT CURRENT_TIMESTAMP NOT NULL, \n\tupdated_at DATETIME DEFAULT CURRENT_TIMESTAMP NOT NULL, \n\tCONSTRAINT pk_concepts PRIMARY KEY (id)\n)\n\n', ()) completed
DEBUG    aiosqlite:core.py:62 executing functools.partial(<built-in method close of sqlite3.Cursor object at 0x10d38f0c0>)
DEBUG    aiosqlite:core.py:67 operation functools.partial(<built-in method close of sqlite3.Cursor object at 0x10d38f0c0>) completed
DEBUG    aiosqlite:core.py:62 executing functools.partial(<built-in method cursor of sqlite3.Connection object at 0x10d36ed40>)
DEBUG    aiosqlite:core.py:67 operation functools.partial(<built-in method cursor of sqlite3.Connection object at 0x10d36ed40>) completed
DEBUG    aiosqlite:core.py:62 executing functools.partial(<built-in method execute of sqlite3.Cursor object at 0x10d46c140>, 'CREATE INDEX ix_concepts_name ON concepts (name)', ())
DEBUG    aiosqlite:core.py:67 operation functools.partial(<built-in method execute of sqlite3.Cursor object at 0x10d46c140>, 'CREATE INDEX ix_concepts_name ON concepts (name)', ()) completed
DEBUG    aiosqlite:core.py:62 executing functools.partial(<built-in method close of sqlite3.Cursor object at 0x10d46c140>)
DEBUG    aiosqlite:core.py:67 operation functools.partial(<built-in method close of sqlite3.Cursor object at 0x10d46c140>) completed
DEBUG    aiosqlite:core.py:62 executing functools.partial(<built-in method cursor of sqlite3.Connection object at 0x10d36ed40>)
DEBUG    aiosqlite:core.py:67 operation functools.partial(<built-in method cursor of sqlite3.Connection object at 0x10d36ed40>) completed
DEBUG    aiosqlite:core.py:62 executing functools.partial(<built-in method execute of sqlite3.Cursor object at 0x10d3aa940>, '\nCREATE TABLE synonym_mappings (\n\tid CHAR(32) NOT NULL, \n\tcanonical_term VARCHAR(100) NOT NULL, \n\tsynonym VARCHAR(100) NOT NULL, \n\tsource VARCHAR(50) NOT NULL, \n\tconfidence FLOAT NOT NULL, \n\tis_active BOOLEAN NOT NULL, \n\tusage_count INTEGER NOT NULL, \n\tcreated_at DATETIME NOT NULL, \n\tupdated_at DATETIME NOT NULL, \n\tCONSTRAINT pk_synonym_mappings PRIMARY KEY (id)\n)\n\n', ())
DEBUG    aiosqlite:core.py:67 operation functools.partial(<built-in method execute of sqlite3.Cursor object at 0x10d3aa940>, '\nCREATE TABLE synonym_mappings (\n\tid CHAR(32) NOT NULL, \n\tcanonical_term VARCHAR(100) NOT NULL, \n\tsynonym VARCHAR(100) NOT NULL, \n\tsource VARCHAR(50) NOT NULL, \n\tconfidence FLOAT NOT NULL, \n\tis_active BOOLEAN NOT NULL, \n\tusage_count INTEGER NOT NULL, \n\tcreated_at DATETIME NOT NULL, \n\tupdated_at DATETIME NOT NULL, \n\tCONSTRAINT pk_synonym_mappings PRIMARY KEY (id)\n)\n\n', ()) completed
DEBUG    aiosqlite:core.py:62 executing functools.partial(<built-in method close of sqlite3.Cursor object at 0x10d3aa940>)
DEBUG    aiosqlite:core.py:67 operation functools.partial(<built-in method close of sqlite3.Cursor object at 0x10d3aa940>) completed
DEBUG    aiosqlite:core.py:62 executing functools.partial(<built-in method cursor of sqlite3.Connection object at 0x10d36ed40>)
DEBUG    aiosqlite:core.py:67 operation functools.partial(<built-in method cursor of sqlite3.Connection object at 0x10d36ed40>) completed
DEBUG    aiosqlite:core.py:62 executing functools.partial(<built-in method execute of sqlite3.Cursor object at 0x10d46dc40>, 'CREATE INDEX ix_synonym_mappings_canonical_term ON synonym_mappings (canonical_term)', ())
DEBUG    aiosqlite:core.py:67 operation functools.partial(<built-in method execute of sqlite3.Cursor object at 0x10d46dc40>, 'CREATE INDEX ix_synonym_mappings_canonical_term ON synonym_mappings (canonical_term)', ()) completed
DEBUG    aiosqlite:core.py:62 executing functools.partial(<built-in method close of sqlite3.Cursor object at 0x10d46dc40>)
DEBUG    aiosqlite:core.py:67 operation functools.partial(<built-in method close of sqlite3.Cursor object at 0x10d46dc40>) completed
DEBUG    aiosqlite:core.py:62 executing functools.partial(<built-in method cursor of sqlite3.Connection object at 0x10d36ed40>)
DEBUG    aiosqlite:core.py:67 operation functools.partial(<built-in method cursor of sqlite3.Connection object at 0x10d36ed40>) completed
DEBUG    aiosqlite:core.py:62 executing functools.partial(<built-in method execute of sqlite3.Cursor object at 0x10d46efc0>, 'CREATE INDEX ix_synonym_mappings_synonym ON synonym_mappings (synonym)', ())
DEBUG    aiosqlite:core.py:67 operation functools.partial(<built-in method execute of sqlite3.Cursor object at 0x10d46efc0>, 'CREATE INDEX ix_synonym_mappings_synonym ON synonym_mappings (synonym)', ()) completed
DEBUG    aiosqlite:core.py:62 executing functools.partial(<built-in method close of sqlite3.Cursor object at 0x10d46efc0>)
DEBUG    aiosqlite:core.py:67 operation functools.partial(<built-in method close of sqlite3.Cursor object at 0x10d46efc0>) completed
DEBUG    aiosqlite:core.py:62 executing functools.partial(<built-in method cursor of sqlite3.Connection object at 0x10d36ed40>)
DEBUG    aiosqlite:core.py:67 operation functools.partial(<built-in method cursor of sqlite3.Connection object at 0x10d36ed40>) completed
DEBUG    aiosqlite:core.py:62 executing functools.partial(<built-in method execute of sqlite3.Cursor object at 0x10d46d0c0>, '\nCREATE TABLE batch_tasks (\n\tid CHAR(32) NOT NULL, \n\tuser_id VARCHAR(100), \n\ttask_type VARCHAR(50) NOT NULL, \n\tstatus VARCHAR(15) NOT NULL, \n\ttotal_items INTEGER NOT NULL, \n\tprocessed_items INTEGER NOT NULL, \n\tfailed_items INTEGER NOT NULL, \n\tresult JSON, \n\terror_message TEXT, \n\tcreated_at DATETIME DEFAULT CURRENT_TIMESTAMP NOT NULL, \n\tupdated_at DATETIME DEFAULT CURRENT_TIMESTAMP NOT NULL, \n\tCONSTRAINT pk_batch_tasks PRIMARY KEY (id)\n)\n\n', ())
DEBUG    aiosqlite:core.py:67 operation functools.partial(<built-in method execute of sqlite3.Cursor object at 0x10d46d0c0>, '\nCREATE TABLE batch_tasks (\n\tid CHAR(32) NOT NULL, \n\tuser_id VARCHAR(100), \n\ttask_type VARCHAR(50) NOT NULL, \n\tstatus VARCHAR(15) NOT NULL, \n\ttotal_items INTEGER NOT NULL, \n\tprocessed_items INTEGER NOT NULL, \n\tfailed_items INTEGER NOT NULL, \n\tresult JSON, \n\terror_message TEXT, \n\tcreated_at DATETIME DEFAULT CURRENT_TIMESTAMP NOT NULL, \n\tupdated_at DATETIME DEFAULT CURRENT_TIMESTAMP NOT NULL, \n\tCONSTRAINT pk_batch_tasks PRIMARY KEY (id)\n)\n\n', ()) completed
DEBUG    aiosqlite:core.py:62 executing functools.partial(<built-in method close of sqlite3.Cursor object at 0x10d46d0c0>)
DEBUG    aiosqlite:core.py:67 operation functools.partial(<built-in method close of sqlite3.Cursor object at 0x10d46d0c0>) completed
DEBUG    aiosqlite:core.py:62 executing functools.partial(<built-in method cursor of sqlite3.Connection object at 0x10d36ed40>)
DEBUG    aiosqlite:core.py:67 operation functools.partial(<built-in method cursor of sqlite3.Connection object at 0x10d36ed40>) completed
DEBUG    aiosqlite:core.py:62 executing functools.partial(<built-in method execute of sqlite3.Cursor object at 0x10d46f0c0>, '\nCREATE TABLE domain_whitelists (\n\tid CHAR(32) NOT NULL, \n\tdomain VARCHAR(255) NOT NULL, \n\tcredibility INTEGER NOT NULL, \n\treason TEXT, \n\tis_deleted BOOLEAN NOT NULL, \n\tcreated_at DATETIME DEFAULT CURRENT_TIMESTAMP NOT NULL, \n\tupdated_at DATETIME DEFAULT CURRENT_TIMESTAMP NOT NULL, \n\tCONSTRAINT pk_domain_whitelists PRIMARY KEY (id)\n)\n\n', ())
DEBUG    aiosqlite:core.py:67 operation functools.partial(<built-in method execute of sqlite3.Cursor object at 0x10d46f0c0>, '\nCREATE TABLE domain_whitelists (\n\tid CHAR(32) NOT NULL, \n\tdomain VARCHAR(255) NOT NULL, \n\tcredibility INTEGER NOT NULL, \n\treason TEXT, \n\tis_deleted BOOLEAN NOT NULL, \n\tcreated_at DATETIME DEFAULT CURRENT_TIMESTAMP NOT NULL, \n\tupdated_at DATETIME DEFAULT CURRENT_TIMESTAMP NOT NULL, \n\tCONSTRAINT pk_domain_whitelists PRIMARY KEY (id)\n)\n\n', ()) completed
DEBUG    aiosqlite:core.py:62 executing functools.partial(<built-in method close of sqlite3.Cursor object at 0x10d46f0c0>)
DEBUG    aiosqlite:core.py:67 operation functools.partial(<built-in method close of sqlite3.Cursor object at 0x10d46f0c0>) completed
DEBUG    aiosqlite:core.py:62 executing functools.partial(<built-in method cursor of sqlite3.Connection object at 0x10d36ed40>)
DEBUG    aiosqlite:core.py:67 operation functools.partial(<built-in method cursor of sqlite3.Connection object at 0x10d36ed40>) completed
DEBUG    aiosqlite:core.py:62 executing functools.partial(<built-in method execute of sqlite3.Cursor object at 0x10d46e9c0>, 'CREATE UNIQUE INDEX ix_domain_whitelists_domain ON domain_whitelists (domain)', ())
DEBUG    aiosqlite:core.py:67 operation functools.partial(<built-in method execute of sqlite3.Cursor object at 0x10d46e9c0>, 'CREATE UNIQUE INDEX ix_domain_whitelists_domain ON domain_whitelists (domain)', ()) completed
DEBUG    aiosqlite:core.py:62 executing functools.partial(<built-in method close of sqlite3.Cursor object at 0x10d46e9c0>)
DEBUG    aiosqlite:core.py:67 operation functools.partial(<built-in method close of sqlite3.Cursor object at 0x10d46e9c0>) completed
DEBUG    aiosqlite:core.py:62 executing functools.partial(<built-in method cursor of sqlite3.Connection object at 0x10d36ed40>)
DEBUG    aiosqlite:core.py:67 operation functools.partial(<built-in method cursor of sqlite3.Connection object at 0x10d36ed40>) completed
DEBUG    aiosqlite:core.py:62 executing functools.partial(<built-in method execute of sqlite3.Cursor object at 0x10d46e340>, '\nCREATE TABLE hotspots (\n\tid CHAR(32) NOT NULL, \n\ttopic_name VARCHAR(255) NOT NULL, \n\tdescription TEXT, \n\tstatus VARCHAR(8) NOT NULL, \n\tmention_count INTEGER NOT NULL, \n\trecent_7d_count INTEGER NOT NULL, \n\tprevious_7d_count INTEGER NOT NULL, \n\tgrowth_rate FLOAT NOT NULL, \n\tdisplay_priority INTEGER NOT NULL, \n\trelated_node_ids JSON, \n\trelated_content_ids JSON, \n\tfirst_seen_at DATETIME DEFAULT CURRENT_TIMESTAMP NOT NULL, \n\tlast_mentioned_at DATETIME DEFAULT CURRENT_TIMESTAMP NOT NULL, \n\tstatus_changed_at DATETIME DEFAULT CURRENT_TIMESTAMP NOT NULL, \n\tcreated_at DATETIME DEFAULT CURRENT_TIMESTAMP NOT NULL, \n\tupdated_at DATETIME DEFAULT CURRENT_TIMESTAMP NOT NULL, \n\tCONSTRAINT pk_hotspots PRIMARY KEY (id)\n)\n\n', ())
DEBUG    aiosqlite:core.py:67 operation functools.partial(<built-in method execute of sqlite3.Cursor object at 0x10d46e340>, '\nCREATE TABLE hotspots (\n\tid CHAR(32) NOT NULL, \n\ttopic_name VARCHAR(255) NOT NULL, \n\tdescription TEXT, \n\tstatus VARCHAR(8) NOT NULL, \n\tmention_count INTEGER NOT NULL, \n\trecent_7d_count INTEGER NOT NULL, \n\tprevious_7d_count INTEGER NOT NULL, \n\tgrowth_rate FLOAT NOT NULL, \n\tdisplay_priority INTEGER NOT NULL, \n\trelated_node_ids JSON, \n\trelated_content_ids JSON, \n\tfirst_seen_at DATETIME DEFAULT CURRENT_TIMESTAMP NOT NULL, \n\tlast_mentioned_at DATETIME DEFAULT CURRENT_TIMESTAMP NOT NULL, \n\tstatus_changed_at DATETIME DEFAULT CURRENT_TIMESTAMP NOT NULL, \n\tcreated_at DATETIME DEFAULT CURRENT_TIMESTAMP NOT NULL, \n\tupdated_at DATETIME DEFAULT CURRENT_TIMESTAMP NOT NULL, \n\tCONSTRAINT pk_hotspots PRIMARY KEY (id)\n)\n\n', ()) completed
DEBUG    aiosqlite:core.py:62 executing functools.partial(<built-in method close of sqlite3.Cursor object at 0x10d46e340>)
DEBUG    aiosqlite:core.py:67 operation functools.partial(<built-in method close of sqlite3.Cursor object at 0x10d46e340>) completed
DEBUG    aiosqlite:core.py:62 executing functools.partial(<built-in method cursor of sqlite3.Connection object at 0x10d36ed40>)
DEBUG    aiosqlite:core.py:67 operation functools.partial(<built-in method cursor of sqlite3.Connection object at 0x10d36ed40>) completed
DEBUG    aiosqlite:core.py:62 executing functools.partial(<built-in method execute of sqlite3.Cursor object at 0x10d46e640>, 'CREATE INDEX ix_hotspots_topic_name ON hotspots (topic_name)', ())
DEBUG    aiosqlite:core.py:67 operation functools.partial(<built-in method execute of sqlite3.Cursor object at 0x10d46e640>, 'CREATE INDEX ix_hotspots_topic_name ON hotspots (topic_name)', ()) completed
DEBUG    aiosqlite:core.py:62 executing functools.partial(<built-in method close of sqlite3.Cursor object at 0x10d46e640>)
DEBUG    aiosqlite:core.py:67 operation functools.partial(<built-in method close of sqlite3.Cursor object at 0x10d46e640>) completed
DEBUG    aiosqlite:core.py:62 executing functools.partial(<built-in method cursor of sqlite3.Connection object at 0x10d36ed40>)
DEBUG    aiosqlite:core.py:67 operation functools.partial(<built-in method cursor of sqlite3.Connection object at 0x10d36ed40>) completed
DEBUG    aiosqlite:core.py:62 executing functools.partial(<built-in method execute of sqlite3.Cursor object at 0x10d46cbc0>, '\nCREATE TABLE concept_definitions (\n\tid CHAR(32) NOT NULL, \n\tterm VARCHAR(255) NOT NULL, \n\tdefinition TEXT NOT NULL, \n\tcontext_examples JSON, \n\tversion INTEGER NOT NULL, \n\tdrift_detected BOOLEAN NOT NULL, \n\tdrift_evidence JSON, \n\tprevious_version_id CHAR(32), \n\tproposal_id VARCHAR(36), \n\tis_current BOOLEAN NOT NULL, \n\tcreated_at DATETIME DEFAULT CURRENT_TIMESTAMP NOT NULL, \n\tCONSTRAINT pk_concept_definitions PRIMARY KEY (id), \n\tCONSTRAINT fk_concept_definitions_previous_version_id_concept_definitions FOREIGN KEY(previous_version_id) REFERENCES concept_definitions (id)\n)\n\n', ())
DEBUG    aiosqlite:core.py:67 operation functools.partial(<built-in method execute of sqlite3.Cursor object at 0x10d46cbc0>, '\nCREATE TABLE concept_definitions (\n\tid CHAR(32) NOT NULL, \n\tterm VARCHAR(255) NOT NULL, \n\tdefinition TEXT NOT NULL, \n\tcontext_examples JSON, \n\tversion INTEGER NOT NULL, \n\tdrift_detected BOOLEAN NOT NULL, \n\tdrift_evidence JSON, \n\tprevious_version_id CHAR(32), \n\tproposal_id VARCHAR(36), \n\tis_current BOOLEAN NOT NULL, \n\tcreated_at DATETIME DEFAULT CURRENT_TIMESTAMP NOT NULL, \n\tCONSTRAINT pk_concept_definitions PRIMARY KEY (id), \n\tCONSTRAINT fk_concept_definitions_previous_version_id_concept_definitions FOREIGN KEY(previous_version_id) REFERENCES concept_definitions (id)\n)\n\n', ()) completed
DEBUG    aiosqlite:core.py:62 executing functools.partial(<built-in method close of sqlite3.Cursor object at 0x10d46cbc0>)
DEBUG    aiosqlite:core.py:67 operation functools.partial(<built-in method close of sqlite3.Cursor object at 0x10d46cbc0>) completed
DEBUG    aiosqlite:core.py:62 executing functools.partial(<built-in method cursor of sqlite3.Connection object at 0x10d36ed40>)
DEBUG    aiosqlite:core.py:67 operation functools.partial(<built-in method cursor of sqlite3.Connection object at 0x10d36ed40>) completed
DEBUG    aiosqlite:core.py:62 executing functools.partial(<built-in method execute of sqlite3.Cursor object at 0x10d48a540>, 'CREATE INDEX ix_concept_definitions_term ON concept_definitions (term)', ())
DEBUG    aiosqlite:core.py:67 operation functools.partial(<built-in method execute of sqlite3.Cursor object at 0x10d48a540>, 'CREATE INDEX ix_concept_definitions_term ON concept_definitions (term)', ()) completed
DEBUG    aiosqlite:core.py:62 executing functools.partial(<built-in method close of sqlite3.Cursor object at 0x10d48a540>)
DEBUG    aiosqlite:core.py:67 operation functools.partial(<built-in method close of sqlite3.Cursor object at 0x10d48a540>) completed
DEBUG    aiosqlite:core.py:62 executing functools.partial(<built-in method cursor of sqlite3.Connection object at 0x10d36ed40>)
DEBUG    aiosqlite:core.py:67 operation functools.partial(<built-in method cursor of sqlite3.Connection object at 0x10d36ed40>) completed
DEBUG    aiosqlite:core.py:62 executing functools.partial(<built-in method execute of sqlite3.Cursor object at 0x10d46f3c0>, '\nCREATE TABLE health_reports (\n\tid CHAR(32) NOT NULL, \n\treport_type VARCHAR(9) NOT NULL, \n\toverall_score FLOAT NOT NULL, \n\tpyramid_scores JSON NOT NULL, \n\tsource_health_score FLOAT NOT NULL, \n\tcontent_coverage_score FLOAT NOT NULL, \n\thotspot_distribution JSON NOT NULL, \n\tapproval_backlog JSON NOT NULL, \n\tcrawl_stats JSON NOT NULL, \n\tissues JSON NOT NULL, \n\tcreated_at DATETIME DEFAULT CURRENT_TIMESTAMP NOT NULL, \n\tCONSTRAINT pk_health_reports PRIMARY KEY (id)\n)\n\n', ())
DEBUG    aiosqlite:core.py:67 operation functools.partial(<built-in method execute of sqlite3.Cursor object at 0x10d46f3c0>, '\nCREATE TABLE health_reports (\n\tid CHAR(32) NOT NULL, \n\treport_type VARCHAR(9) NOT NULL, \n\toverall_score FLOAT NOT NULL, \n\tpyramid_scores JSON NOT NULL, \n\tsource_health_score FLOAT NOT NULL, \n\tcontent_coverage_score FLOAT NOT NULL, \n\thotspot_distribution JSON NOT NULL, \n\tapproval_backlog JSON NOT NULL, \n\tcrawl_stats JSON NOT NULL, \n\tissues JSON NOT NULL, \n\tcreated_at DATETIME DEFAULT CURRENT_TIMESTAMP NOT NULL, \n\tCONSTRAINT pk_health_reports PRIMARY KEY (id)\n)\n\n', ()) completed
DEBUG    aiosqlite:core.py:62 executing functools.partial(<built-in method close of sqlite3.Cursor object at 0x10d46f3c0>)
DEBUG    aiosqlite:core.py:67 operation functools.partial(<built-in method close of sqlite3.Cursor object at 0x10d46f3c0>) completed
DEBUG    aiosqlite:core.py:62 executing functools.partial(<built-in method cursor of sqlite3.Connection object at 0x10d36ed40>)
DEBUG    aiosqlite:core.py:67 operation functools.partial(<built-in method cursor of sqlite3.Connection object at 0x10d36ed40>) completed
DEBUG    aiosqlite:core.py:62 executing functools.partial(<built-in method execute of sqlite3.Cursor object at 0x10d48b340>, '\nCREATE TABLE scheduled_tasks (\n\tid CHAR(32) NOT NULL, \n\ttask_name VARCHAR(100) NOT NULL, \n\ttask_type VARCHAR(50) NOT NULL, \n\tcron_expression VARCHAR(50) NOT NULL, \n\tis_active BOOLEAN NOT NULL, \n\tlast_run_at DATETIME, \n\tnext_run_at DATETIME, \n\tis_running BOOLEAN NOT NULL, \n\tmax_retries INTEGER NOT NULL, \n\tretry_delay_seconds INTEGER NOT NULL, \n\tcreated_at DATETIME DEFAULT CURRENT_TIMESTAMP NOT NULL, \n\tupdated_at DATETIME DEFAULT CURRENT_TIMESTAMP NOT NULL, \n\tCONSTRAINT pk_scheduled_tasks PRIMARY KEY (id), \n\tCONSTRAINT uq_scheduled_tasks_task_name UNIQUE (task_name)\n)\n\n', ())
DEBUG    aiosqlite:core.py:67 operation functools.partial(<built-in method execute of sqlite3.Cursor object at 0x10d48b340>, '\nCREATE TABLE scheduled_tasks (\n\tid CHAR(32) NOT NULL, \n\ttask_name VARCHAR(100) NOT NULL, \n\ttask_type VARCHAR(50) NOT NULL, \n\tcron_expression VARCHAR(50) NOT NULL, \n\tis_active BOOLEAN NOT NULL, \n\tlast_run_at DATETIME, \n\tnext_run_at DATETIME, \n\tis_running BOOLEAN NOT NULL, \n\tmax_retries INTEGER NOT NULL, \n\tretry_delay_seconds INTEGER NOT NULL, \n\tcreated_at DATETIME DEFAULT CURRENT_TIMESTAMP NOT NULL, \n\tupdated_at DATETIME DEFAULT CURRENT_TIMESTAMP NOT NULL, \n\tCONSTRAINT pk_scheduled_tasks PRIMARY KEY (id), \n\tCONSTRAINT uq_scheduled_tasks_task_name UNIQUE (task_name)\n)\n\n', ()) completed
DEBUG    aiosqlite:core.py:62 executing functools.partial(<built-in method close of sqlite3.Cursor object at 0x10d48b340>)
DEBUG    aiosqlite:core.py:67 operation functools.partial(<built-in method close of sqlite3.Cursor object at 0x10d48b340>) completed
DEBUG    aiosqlite:core.py:62 executing functools.partial(<built-in method cursor of sqlite3.Connection object at 0x10d36ed40>)
DEBUG    aiosqlite:core.py:67 operation functools.partial(<built-in method cursor of sqlite3.Connection object at 0x10d36ed40>) completed
DEBUG    aiosqlite:core.py:62 executing functools.partial(<built-in method execute of sqlite3.Cursor object at 0x10d489fc0>, '\nCREATE TABLE config_history (\n\tid CHAR(32) NOT NULL, \n\tconfig_key VARCHAR(100) NOT NULL, \n\told_value JSON, \n\tnew_value JSON, \n\tchanged_by VARCHAR(100), \n\tcreated_at DATETIME DEFAULT CURRENT_TIMESTAMP NOT NULL, \n\tCONSTRAINT pk_config_history PRIMARY KEY (id)\n)\n\n', ())
DEBUG    aiosqlite:core.py:67 operation functools.partial(<built-in method execute of sqlite3.Cursor object at 0x10d489fc0>, '\nCREATE TABLE config_history (\n\tid CHAR(32) NOT NULL, \n\tconfig_key VARCHAR(100) NOT NULL, \n\told_value JSON, \n\tnew_value JSON, \n\tchanged_by VARCHAR(100), \n\tcreated_at DATETIME DEFAULT CURRENT_TIMESTAMP NOT NULL, \n\tCONSTRAINT pk_config_history PRIMARY KEY (id)\n)\n\n', ()) completed
DEBUG    aiosqlite:core.py:62 executing functools.partial(<built-in method close of sqlite3.Cursor object at 0x10d489fc0>)
DEBUG    aiosqlite:core.py:67 operation functools.partial(<built-in method close of sqlite3.Cursor object at 0x10d489fc0>) completed
DEBUG    aiosqlite:core.py:62 executing functools.partial(<built-in method cursor of sqlite3.Connection object at 0x10d36ed40>)
DEBUG    aiosqlite:core.py:67 operation functools.partial(<built-in method cursor of sqlite3.Connection object at 0x10d36ed40>) completed
DEBUG    aiosqlite:core.py:62 executing functools.partial(<built-in method execute of sqlite3.Cursor object at 0x10d48a9c0>, 'CREATE INDEX ix_config_history_config_key ON config_history (config_key)', ())
DEBUG    aiosqlite:core.py:67 operation functools.partial(<built-in method execute of sqlite3.Cursor object at 0x10d48a9c0>, 'CREATE INDEX ix_config_history_config_key ON config_history (config_key)', ()) completed
DEBUG    aiosqlite:core.py:62 executing functools.partial(<built-in method close of sqlite3.Cursor object at 0x10d48a9c0>)
DEBUG    aiosqlite:core.py:67 operation functools.partial(<built-in method close of sqlite3.Cursor object at 0x10d48a9c0>) completed
DEBUG    aiosqlite:core.py:62 executing functools.partial(<built-in method cursor of sqlite3.Connection object at 0x10d36ed40>)
DEBUG    aiosqlite:core.py:67 operation functools.partial(<built-in method cursor of sqlite3.Connection object at 0x10d36ed40>) completed
DEBUG    aiosqlite:core.py:62 executing functools.partial(<built-in method execute of sqlite3.Cursor object at 0x10d48a240>, '\nCREATE TABLE prompt_templates (\n\tid CHAR(32) NOT NULL, \n\tscene VARCHAR(50) NOT NULL, \n\tname VARCHAR(100) NOT NULL, \n\tdescription TEXT, \n\tcurrent_version_id CHAR(32), \n\tcreated_at DATETIME DEFAULT CURRENT_TIMESTAMP NOT NULL, \n\tupdated_at DATETIME DEFAULT CURRENT_TIMESTAMP NOT NULL, \n\tCONSTRAINT pk_prompt_templates PRIMARY KEY (id), \n\tCONSTRAINT uq_prompt_templates_scene UNIQUE (scene), \n\tCONSTRAINT fk_prompt_templates_current_version_id_prompt_versions FOREIGN KEY(current_version_id) REFERENCES prompt_versions (id)\n)\n\n', ())
DEBUG    aiosqlite:core.py:67 operation functools.partial(<built-in method execute of sqlite3.Cursor object at 0x10d48a240>, '\nCREATE TABLE prompt_templates (\n\tid CHAR(32) NOT NULL, \n\tscene VARCHAR(50) NOT NULL, \n\tname VARCHAR(100) NOT NULL, \n\tdescription TEXT, \n\tcurrent_version_id CHAR(32), \n\tcreated_at DATETIME DEFAULT CURRENT_TIMESTAMP NOT NULL, \n\tupdated_at DATETIME DEFAULT CURRENT_TIMESTAMP NOT NULL, \n\tCONSTRAINT pk_prompt_templates PRIMARY KEY (id), \n\tCONSTRAINT uq_prompt_templates_scene UNIQUE (scene), \n\tCONSTRAINT fk_prompt_templates_current_version_id_prompt_versions FOREIGN KEY(current_version_id) REFERENCES prompt_versions (id)\n)\n\n', ()) completed
DEBUG    aiosqlite:core.py:62 executing functools.partial(<built-in method close of sqlite3.Cursor object at 0x10d48a240>)
DEBUG    aiosqlite:core.py:67 operation functools.partial(<built-in method close of sqlite3.Cursor object at 0x10d48a240>) completed
DEBUG    aiosqlite:core.py:62 executing functools.partial(<built-in method cursor of sqlite3.Connection object at 0x10d36ed40>)
DEBUG    aiosqlite:core.py:67 operation functools.partial(<built-in method cursor of sqlite3.Connection object at 0x10d36ed40>) completed
DEBUG    aiosqlite:core.py:62 executing functools.partial(<built-in method execute of sqlite3.Cursor object at 0x10d488540>, '\nCREATE TABLE prompt_versions (\n\tid CHAR(32) NOT NULL, \n\ttemplate_id CHAR(32) NOT NULL, \n\tversion INTEGER NOT NULL, \n\tcontent TEXT NOT NULL, \n\tvariables JSON NOT NULL, \n\tcall_count INTEGER NOT NULL, \n\tavg_latency_ms FLOAT NOT NULL, \n\tavg_quality_score FLOAT NOT NULL, \n\terror_rate FLOAT NOT NULL, \n\tcreated_at DATETIME DEFAULT CURRENT_TIMESTAMP NOT NULL, \n\tcreated_by VARCHAR(100) NOT NULL, \n\tCONSTRAINT pk_prompt_versions PRIMARY KEY (id), \n\tCONSTRAINT fk_prompt_versions_template_id_prompt_templates FOREIGN KEY(template_id) REFERENCES prompt_templates (id)\n)\n\n', ())
DEBUG    aiosqlite:core.py:67 operation functools.partial(<built-in method execute of sqlite3.Cursor object at 0x10d488540>, '\nCREATE TABLE prompt_versions (\n\tid CHAR(32) NOT NULL, \n\ttemplate_id CHAR(32) NOT NULL, \n\tversion INTEGER NOT NULL, \n\tcontent TEXT NOT NULL, \n\tvariables JSON NOT NULL, \n\tcall_count INTEGER NOT NULL, \n\tavg_latency_ms FLOAT NOT NULL, \n\tavg_quality_score FLOAT NOT NULL, \n\terror_rate FLOAT NOT NULL, \n\tcreated_at DATETIME DEFAULT CURRENT_TIMESTAMP NOT NULL, \n\tcreated_by VARCHAR(100) NOT NULL, \n\tCONSTRAINT pk_prompt_versions PRIMARY KEY (id), \n\tCONSTRAINT fk_prompt_versions_template_id_prompt_templates FOREIGN KEY(template_id) REFERENCES prompt_templates (id)\n)\n\n', ()) completed
DEBUG    aiosqlite:core.py:62 executing functools.partial(<built-in method close of sqlite3.Cursor object at 0x10d488540>)
DEBUG    aiosqlite:core.py:67 operation functools.partial(<built-in method close of sqlite3.Cursor object at 0x10d488540>) completed
DEBUG    aiosqlite:core.py:62 executing functools.partial(<built-in method cursor of sqlite3.Connection object at 0x10d36ed40>)
DEBUG    aiosqlite:core.py:67 operation functools.partial(<built-in method cursor of sqlite3.Connection object at 0x10d36ed40>) completed
DEBUG    aiosqlite:core.py:62 executing functools.partial(<built-in method execute of sqlite3.Cursor object at 0x10d48b440>, '\nCREATE TABLE notifications (\n\tid CHAR(32) NOT NULL, \n\tlevel VARCHAR(20) NOT NULL, \n\ttitle VARCHAR(200) NOT NULL, \n\tmessage TEXT NOT NULL, \n\tsource_type VARCHAR(50) NOT NULL, \n\tsource_id VARCHAR(100), \n\tis_read BOOLEAN NOT NULL, \n\tread_at DATETIME, \n\tchannels_sent JSON NOT NULL, \n\twebhook_status VARCHAR(20), \n\tcreated_at DATETIME DEFAULT CURRENT_TIMESTAMP NOT NULL, \n\tCONSTRAINT pk_notifications PRIMARY KEY (id)\n)\n\n', ())
DEBUG    aiosqlite:core.py:67 operation functools.partial(<built-in method execute of sqlite3.Cursor object at 0x10d48b440>, '\nCREATE TABLE notifications (\n\tid CHAR(32) NOT NULL, \n\tlevel VARCHAR(20) NOT NULL, \n\ttitle VARCHAR(200) NOT NULL, \n\tmessage TEXT NOT NULL, \n\tsource_type VARCHAR(50) NOT NULL, \n\tsource_id VARCHAR(100), \n\tis_read BOOLEAN NOT NULL, \n\tread_at DATETIME, \n\tchannels_sent JSON NOT NULL, \n\twebhook_status VARCHAR(20), \n\tcreated_at DATETIME DEFAULT CURRENT_TIMESTAMP NOT NULL, \n\tCONSTRAINT pk_notifications PRIMARY KEY (id)\n)\n\n', ()) completed
DEBUG    aiosqlite:core.py:62 executing functools.partial(<built-in method close of sqlite3.Cursor object at 0x10d48b440>)
DEBUG    aiosqlite:core.py:67 operation functools.partial(<built-in method close of sqlite3.Cursor object at 0x10d48b440>) completed
DEBUG    aiosqlite:core.py:62 executing functools.partial(<built-in method cursor of sqlite3.Connection object at 0x10d36ed40>)
DEBUG    aiosqlite:core.py:67 operation functools.partial(<built-in method cursor of sqlite3.Connection object at 0x10d36ed40>) completed
DEBUG    aiosqlite:core.py:62 executing functools.partial(<built-in method execute of sqlite3.Cursor object at 0x10d489b40>, '\nCREATE TABLE notification_preferences (\n\tid CHAR(32) NOT NULL, \n\tin_app_enabled BOOLEAN NOT NULL, \n\twebhook_enabled BOOLEAN NOT NULL, \n\twebhook_url VARCHAR(500), \n\tmin_level VARCHAR(20) NOT NULL, \n\tquiet_hours_enabled BOOLEAN NOT NULL, \n\tquiet_hours_start VARCHAR(5) NOT NULL, \n\tquiet_hours_end VARCHAR(5) NOT NULL, \n\tquiet_hours_allow_critical BOOLEAN NOT NULL, \n\tupdated_at DATETIME DEFAULT CURRENT_TIMESTAMP NOT NULL, \n\tCONSTRAINT pk_notification_preferences PRIMARY KEY (id)\n)\n\n', ())
DEBUG    aiosqlite:core.py:67 operation functools.partial(<built-in method execute of sqlite3.Cursor object at 0x10d489b40>, '\nCREATE TABLE notification_preferences (\n\tid CHAR(32) NOT NULL, \n\tin_app_enabled BOOLEAN NOT NULL, \n\twebhook_enabled BOOLEAN NOT NULL, \n\twebhook_url VARCHAR(500), \n\tmin_level VARCHAR(20) NOT NULL, \n\tquiet_hours_enabled BOOLEAN NOT NULL, \n\tquiet_hours_start VARCHAR(5) NOT NULL, \n\tquiet_hours_end VARCHAR(5) NOT NULL, \n\tquiet_hours_allow_critical BOOLEAN NOT NULL, \n\tupdated_at DATETIME DEFAULT CURRENT_TIMESTAMP NOT NULL, \n\tCONSTRAINT pk_notification_preferences PRIMARY KEY (id)\n)\n\n', ()) completed
DEBUG    aiosqlite:core.py:62 executing functools.partial(<built-in method close of sqlite3.Cursor object at 0x10d489b40>)
DEBUG    aiosqlite:core.py:67 operation functools.partial(<built-in method close of sqlite3.Cursor object at 0x10d489b40>) completed
DEBUG    aiosqlite:core.py:62 executing functools.partial(<built-in method cursor of sqlite3.Connection object at 0x10d36ed40>)
DEBUG    aiosqlite:core.py:67 operation functools.partial(<built-in method cursor of sqlite3.Connection object at 0x10d36ed40>) completed
DEBUG    aiosqlite:core.py:62 executing functools.partial(<built-in method execute of sqlite3.Cursor object at 0x10d488940>, '\nCREATE TABLE api_metrics (\n\tid CHAR(32) NOT NULL, \n\tendpoint VARCHAR(200) NOT NULL, \n\tmethod VARCHAR(10) NOT NULL, \n\tstatus_code INTEGER NOT NULL, \n\tresponse_time_ms FLOAT NOT NULL, \n\tcreated_at DATETIME DEFAULT CURRENT_TIMESTAMP NOT NULL, \n\tCONSTRAINT pk_api_metrics PRIMARY KEY (id)\n)\n\n', ())
DEBUG    aiosqlite:core.py:67 operation functools.partial(<built-in method execute of sqlite3.Cursor object at 0x10d488940>, '\nCREATE TABLE api_metrics (\n\tid CHAR(32) NOT NULL, \n\tendpoint VARCHAR(200) NOT NULL, \n\tmethod VARCHAR(10) NOT NULL, \n\tstatus_code INTEGER NOT NULL, \n\tresponse_time_ms FLOAT NOT NULL, \n\tcreated_at DATETIME DEFAULT CURRENT_TIMESTAMP NOT NULL, \n\tCONSTRAINT pk_api_metrics PRIMARY KEY (id)\n)\n\n', ()) completed
DEBUG    aiosqlite:core.py:62 executing functools.partial(<built-in method close of sqlite3.Cursor object at 0x10d488940>)
DEBUG    aiosqlite:core.py:67 operation functools.partial(<built-in method close of sqlite3.Cursor object at 0x10d488940>) completed
DEBUG    aiosqlite:core.py:62 executing functools.partial(<built-in method cursor of sqlite3.Connection object at 0x10d36ed40>)
DEBUG    aiosqlite:core.py:67 operation functools.partial(<built-in method cursor of sqlite3.Connection object at 0x10d36ed40>) completed
DEBUG    aiosqlite:core.py:62 executing functools.partial(<built-in method execute of sqlite3.Cursor object at 0x10d488440>, '\nCREATE TABLE error_records (\n\tid CHAR(32) NOT NULL, \n\terror_type VARCHAR(50) NOT NULL, \n\terror_message TEXT NOT NULL, \n\tstack_trace TEXT, \n\tcontext JSON NOT NULL, \n\tsource_service VARCHAR(50) NOT NULL, \n\tsource_task_id VARCHAR(100), \n\tretry_count INTEGER NOT NULL, \n\tmax_retries INTEGER NOT NULL, \n\tis_resolved BOOLEAN NOT NULL, \n\tresolved_at DATETIME, \n\tcreated_at DATETIME DEFAULT CURRENT_TIMESTAMP NOT NULL, \n\tCONSTRAINT pk_error_records PRIMARY KEY (id)\n)\n\n', ())
DEBUG    aiosqlite:core.py:67 operation functools.partial(<built-in method execute of sqlite3.Cursor object at 0x10d488440>, '\nCREATE TABLE error_records (\n\tid CHAR(32) NOT NULL, \n\terror_type VARCHAR(50) NOT NULL, \n\terror_message TEXT NOT NULL, \n\tstack_trace TEXT, \n\tcontext JSON NOT NULL, \n\tsource_service VARCHAR(50) NOT NULL, \n\tsource_task_id VARCHAR(100), \n\tretry_count INTEGER NOT NULL, \n\tmax_retries INTEGER NOT NULL, \n\tis_resolved BOOLEAN NOT NULL, \n\tresolved_at DATETIME, \n\tcreated_at DATETIME DEFAULT CURRENT_TIMESTAMP NOT NULL, \n\tCONSTRAINT pk_error_records PRIMARY KEY (id)\n)\n\n', ()) completed
DEBUG    aiosqlite:core.py:62 executing functools.partial(<built-in method close of sqlite3.Cursor object at 0x10d488440>)
DEBUG    aiosqlite:core.py:67 operation functools.partial(<built-in method close of sqlite3.Cursor object at 0x10d488440>) completed
DEBUG    aiosqlite:core.py:62 executing functools.partial(<built-in method cursor of sqlite3.Connection object at 0x10d36ed40>)
DEBUG    aiosqlite:core.py:67 operation functools.partial(<built-in method cursor of sqlite3.Connection object at 0x10d36ed40>) completed
DEBUG    aiosqlite:core.py:62 executing functools.partial(<built-in method execute of sqlite3.Cursor object at 0x10d4abcc0>, "\nCREATE TABLE pyramid_nodes (\n\tid CHAR(32) NOT NULL, \n\tpyramid_id CHAR(32) NOT NULL, \n\tparent_id CHAR(32), \n\tname VARCHAR(100) NOT NULL, \n\tdescription TEXT, \n\tlevel INTEGER NOT NULL, \n\tsort_order INTEGER NOT NULL, \n\tpath VARCHAR(255) NOT NULL, \n\thealth_score INTEGER NOT NULL, \n\tstatus VARCHAR(20) NOT NULL, \n\tcontent_count INTEGER DEFAULT '0' NOT NULL, \n\tlast_content_at DATETIME, \n\tis_deleted BOOLEAN DEFAULT 'false' NOT NULL, \n\tCONSTRAINT pk_pyramid_nodes PRIMARY KEY (id), \n\tCONSTRAINT fk_pyramid_nodes_pyramid_id_pyramids FOREIGN KEY(pyramid_id) REFERENCES pyramids (id), \n\tCONSTRAINT fk_pyramid_nodes_parent_id_pyramid_nodes FOREIGN KEY(parent_id) REFERENCES pyramid_nodes (id)\n)\n\n", ())
DEBUG    aiosqlite:core.py:67 operation functools.partial(<built-in method execute of sqlite3.Cursor object at 0x10d4abcc0>, "\nCREATE TABLE pyramid_nodes (\n\tid CHAR(32) NOT NULL, \n\tpyramid_id CHAR(32) NOT NULL, \n\tparent_id CHAR(32), \n\tname VARCHAR(100) NOT NULL, \n\tdescription TEXT, \n\tlevel INTEGER NOT NULL, \n\tsort_order INTEGER NOT NULL, \n\tpath VARCHAR(255) NOT NULL, \n\thealth_score INTEGER NOT NULL, \n\tstatus VARCHAR(20) NOT NULL, \n\tcontent_count INTEGER DEFAULT '0' NOT NULL, \n\tlast_content_at DATETIME, \n\tis_deleted BOOLEAN DEFAULT 'false' NOT NULL, \n\tCONSTRAINT pk_pyramid_nodes PRIMARY KEY (id), \n\tCONSTRAINT fk_pyramid_nodes_pyramid_id_pyramids FOREIGN KEY(pyramid_id) REFERENCES pyramids (id), \n\tCONSTRAINT fk_pyramid_nodes_parent_id_pyramid_nodes FOREIGN KEY(parent_id) REFERENCES pyramid_nodes (id)\n)\n\n", ()) completed
DEBUG    aiosqlite:core.py:62 executing functools.partial(<built-in method close of sqlite3.Cursor object at 0x10d4abcc0>)
DEBUG    aiosqlite:core.py:67 operation functools.partial(<built-in method close of sqlite3.Cursor object at 0x10d4abcc0>) completed
DEBUG    aiosqlite:core.py:62 executing functools.partial(<built-in method cursor of sqlite3.Connection object at 0x10d36ed40>)
DEBUG    aiosqlite:core.py:67 operation functools.partial(<built-in method cursor of sqlite3.Connection object at 0x10d36ed40>) completed
DEBUG    aiosqlite:core.py:62 executing functools.partial(<built-in method execute of sqlite3.Cursor object at 0x10d4a8740>, 'CREATE INDEX ix_pyramid_nodes_path ON pyramid_nodes (path)', ())
DEBUG    aiosqlite:core.py:67 operation functools.partial(<built-in method execute of sqlite3.Cursor object at 0x10d4a8740>, 'CREATE INDEX ix_pyramid_nodes_path ON pyramid_nodes (path)', ()) completed
DEBUG    aiosqlite:core.py:62 executing functools.partial(<built-in method close of sqlite3.Cursor object at 0x10d4a8740>)
DEBUG    aiosqlite:core.py:67 operation functools.partial(<built-in method close of sqlite3.Cursor object at 0x10d4a8740>) completed
DEBUG    aiosqlite:core.py:62 executing functools.partial(<built-in method cursor of sqlite3.Connection object at 0x10d36ed40>)
DEBUG    aiosqlite:core.py:67 operation functools.partial(<built-in method cursor of sqlite3.Connection object at 0x10d36ed40>) completed
DEBUG    aiosqlite:core.py:62 executing functools.partial(<built-in method execute of sqlite3.Cursor object at 0x10d4ab140>, "\nCREATE TABLE content_items (\n\tid CHAR(32) NOT NULL, \n\tsource_id CHAR(32), \n\toriginal_id VARCHAR(255), \n\turl VARCHAR(500) NOT NULL, \n\ttitle VARCHAR(255) NOT NULL, \n\tsummary TEXT, \n\tcontent_text TEXT, \n\tpublish_time DATETIME, \n\tcontent_hash VARCHAR(64), \n\tstatus VARCHAR(20) NOT NULL, \n\ttags JSON, \n\tconcepts JSON, \n\tsubmitter_id VARCHAR(100), \n\tinput_type VARCHAR(20) DEFAULT 'url' NOT NULL, \n\tai_processed BOOLEAN DEFAULT 'false' NOT NULL, \n\tis_deleted BOOLEAN DEFAULT 'false' NOT NULL, \n\tlifecycle_status VARCHAR(20) DEFAULT 'ACTIVE' NOT NULL, \n\tmetabolism_score FLOAT DEFAULT '0.0' NOT NULL, \n\tlast_accessed_at DATETIME DEFAULT CURRENT_TIMESTAMP NOT NULL, \n\taccess_count INTEGER DEFAULT '0' NOT NULL, \n\tcreated_at DATETIME DEFAULT CURRENT_TIMESTAMP NOT NULL, \n\tupdated_at DATETIME DEFAULT CURRENT_TIMESTAMP NOT NULL, \n\tCONSTRAINT pk_content_items PRIMARY KEY (id), \n\tCONSTRAINT fk_content_items_source_id_information_sources FOREIGN KEY(source_id) REFERENCES information_sources (id)\n)\n\n", ())
DEBUG    aiosqlite:core.py:67 operation functools.partial(<built-in method execute of sqlite3.Cursor object at 0x10d4ab140>, "\nCREATE TABLE content_items (\n\tid CHAR(32) NOT NULL, \n\tsource_id CHAR(32), \n\toriginal_id VARCHAR(255), \n\turl VARCHAR(500) NOT NULL, \n\ttitle VARCHAR(255) NOT NULL, \n\tsummary TEXT, \n\tcontent_text TEXT, \n\tpublish_time DATETIME, \n\tcontent_hash VARCHAR(64), \n\tstatus VARCHAR(20) NOT NULL, \n\ttags JSON, \n\tconcepts JSON, \n\tsubmitter_id VARCHAR(100), \n\tinput_type VARCHAR(20) DEFAULT 'url' NOT NULL, \n\tai_processed BOOLEAN DEFAULT 'false' NOT NULL, \n\tis_deleted BOOLEAN DEFAULT 'false' NOT NULL, \n\tlifecycle_status VARCHAR(20) DEFAULT 'ACTIVE' NOT NULL, \n\tmetabolism_score FLOAT DEFAULT '0.0' NOT NULL, \n\tlast_accessed_at DATETIME DEFAULT CURRENT_TIMESTAMP NOT NULL, \n\taccess_count INTEGER DEFAULT '0' NOT NULL, \n\tcreated_at DATETIME DEFAULT CURRENT_TIMESTAMP NOT NULL, \n\tupdated_at DATETIME DEFAULT CURRENT_TIMESTAMP NOT NULL, \n\tCONSTRAINT pk_content_items PRIMARY KEY (id), \n\tCONSTRAINT fk_content_items_source_id_information_sources FOREIGN KEY(source_id) REFERENCES information_sources (id)\n)\n\n", ()) completed
DEBUG    aiosqlite:core.py:62 executing functools.partial(<built-in method close of sqlite3.Cursor object at 0x10d4ab140>)
DEBUG    aiosqlite:core.py:67 operation functools.partial(<built-in method close of sqlite3.Cursor object at 0x10d4ab140>) completed
DEBUG    aiosqlite:core.py:62 executing functools.partial(<built-in method cursor of sqlite3.Connection object at 0x10d36ed40>)
DEBUG    aiosqlite:core.py:67 operation functools.partial(<built-in method cursor of sqlite3.Connection object at 0x10d36ed40>) completed
DEBUG    aiosqlite:core.py:62 executing functools.partial(<built-in method execute of sqlite3.Cursor object at 0x10d4c60c0>, 'CREATE INDEX ix_content_items_metabolism_score ON content_items (metabolism_score)', ())
DEBUG    aiosqlite:core.py:67 operation functools.partial(<built-in method execute of sqlite3.Cursor object at 0x10d4c60c0>, 'CREATE INDEX ix_content_items_metabolism_score ON content_items (metabolism_score)', ()) completed
DEBUG    aiosqlite:core.py:62 executing functools.partial(<built-in method close of sqlite3.Cursor object at 0x10d4c60c0>)
DEBUG    aiosqlite:core.py:67 operation functools.partial(<built-in method close of sqlite3.Cursor object at 0x10d4c60c0>) completed
DEBUG    aiosqlite:core.py:62 executing functools.partial(<built-in method cursor of sqlite3.Connection object at 0x10d36ed40>)
DEBUG    aiosqlite:core.py:67 operation functools.partial(<built-in method cursor of sqlite3.Connection object at 0x10d36ed40>) completed
DEBUG    aiosqlite:core.py:62 executing functools.partial(<built-in method execute of sqlite3.Cursor object at 0x10d4aa9c0>, 'CREATE INDEX ix_content_items_lifecycle_status ON content_items (lifecycle_status)', ())
DEBUG    aiosqlite:core.py:67 operation functools.partial(<built-in method execute of sqlite3.Cursor object at 0x10d4aa9c0>, 'CREATE INDEX ix_content_items_lifecycle_status ON content_items (lifecycle_status)', ()) completed
DEBUG    aiosqlite:core.py:62 executing functools.partial(<built-in method close of sqlite3.Cursor object at 0x10d4aa9c0>)
DEBUG    aiosqlite:core.py:67 operation functools.partial(<built-in method close of sqlite3.Cursor object at 0x10d4aa9c0>) completed
DEBUG    aiosqlite:core.py:62 executing functools.partial(<built-in method cursor of sqlite3.Connection object at 0x10d36ed40>)
DEBUG    aiosqlite:core.py:67 operation functools.partial(<built-in method cursor of sqlite3.Connection object at 0x10d36ed40>) completed
DEBUG    aiosqlite:core.py:62 executing functools.partial(<built-in method execute of sqlite3.Cursor object at 0x10d4c6540>, 'CREATE INDEX ix_content_items_content_hash ON content_items (content_hash)', ())
DEBUG    aiosqlite:core.py:67 operation functools.partial(<built-in method execute of sqlite3.Cursor object at 0x10d4c6540>, 'CREATE INDEX ix_content_items_content_hash ON content_items (content_hash)', ()) completed
DEBUG    aiosqlite:core.py:62 executing functools.partial(<built-in method close of sqlite3.Cursor object at 0x10d4c6540>)
DEBUG    aiosqlite:core.py:67 operation functools.partial(<built-in method close of sqlite3.Cursor object at 0x10d4c6540>) completed
DEBUG    aiosqlite:core.py:62 executing functools.partial(<built-in method cursor of sqlite3.Connection object at 0x10d36ed40>)
DEBUG    aiosqlite:core.py:67 operation functools.partial(<built-in method cursor of sqlite3.Connection object at 0x10d36ed40>) completed
DEBUG    aiosqlite:core.py:62 executing functools.partial(<built-in method execute of sqlite3.Cursor object at 0x10d4c6740>, 'CREATE INDEX ix_content_items_last_accessed_at ON content_items (last_accessed_at)', ())
DEBUG    aiosqlite:core.py:67 operation functools.partial(<built-in method execute of sqlite3.Cursor object at 0x10d4c6740>, 'CREATE INDEX ix_content_items_last_accessed_at ON content_items (last_accessed_at)', ()) completed
DEBUG    aiosqlite:core.py:62 executing functools.partial(<built-in method close of sqlite3.Cursor object at 0x10d4c6740>)
DEBUG    aiosqlite:core.py:67 operation functools.partial(<built-in method close of sqlite3.Cursor object at 0x10d4c6740>) completed
DEBUG    aiosqlite:core.py:62 executing functools.partial(<built-in method cursor of sqlite3.Connection object at 0x10d36ed40>)
DEBUG    aiosqlite:core.py:67 operation functools.partial(<built-in method cursor of sqlite3.Connection object at 0x10d36ed40>) completed
DEBUG    aiosqlite:core.py:62 executing functools.partial(<built-in method execute of sqlite3.Cursor object at 0x10d4a9c40>, '\nCREATE TABLE crawl_jobs (\n\tid CHAR(32) NOT NULL, \n\tsource_id CHAR(32) NOT NULL, \n\tstatus VARCHAR(20) NOT NULL, \n\tstarted_at DATETIME, \n\tended_at DATETIME, \n\titems_fetched INTEGER NOT NULL, \n\titems_new INTEGER NOT NULL, \n\titems_duplicate INTEGER NOT NULL, \n\titems_failed INTEGER NOT NULL, \n\titems_classified INTEGER NOT NULL, \n\terror_message TEXT, \n\tresponse_time_ms INTEGER, \n\tcreated_at DATETIME DEFAULT CURRENT_TIMESTAMP NOT NULL, \n\tCONSTRAINT pk_crawl_jobs PRIMARY KEY (id), \n\tCONSTRAINT fk_crawl_jobs_source_id_information_sources FOREIGN KEY(source_id) REFERENCES information_sources (id)\n)\n\n', ())
DEBUG    aiosqlite:core.py:67 operation functools.partial(<built-in method execute of sqlite3.Cursor object at 0x10d4a9c40>, '\nCREATE TABLE crawl_jobs (\n\tid CHAR(32) NOT NULL, \n\tsource_id CHAR(32) NOT NULL, \n\tstatus VARCHAR(20) NOT NULL, \n\tstarted_at DATETIME, \n\tended_at DATETIME, \n\titems_fetched INTEGER NOT NULL, \n\titems_new INTEGER NOT NULL, \n\titems_duplicate INTEGER NOT NULL, \n\titems_failed INTEGER NOT NULL, \n\titems_classified INTEGER NOT NULL, \n\terror_message TEXT, \n\tresponse_time_ms INTEGER, \n\tcreated_at DATETIME DEFAULT CURRENT_TIMESTAMP NOT NULL, \n\tCONSTRAINT pk_crawl_jobs PRIMARY KEY (id), \n\tCONSTRAINT fk_crawl_jobs_source_id_information_sources FOREIGN KEY(source_id) REFERENCES information_sources (id)\n)\n\n', ()) completed
DEBUG    aiosqlite:core.py:62 executing functools.partial(<built-in method close of sqlite3.Cursor object at 0x10d4a9c40>)
DEBUG    aiosqlite:core.py:67 operation functools.partial(<built-in method close of sqlite3.Cursor object at 0x10d4a9c40>) completed
DEBUG    aiosqlite:core.py:62 executing functools.partial(<built-in method cursor of sqlite3.Connection object at 0x10d36ed40>)
DEBUG    aiosqlite:core.py:67 operation functools.partial(<built-in method cursor of sqlite3.Connection object at 0x10d36ed40>) completed
DEBUG    aiosqlite:core.py:62 executing functools.partial(<built-in method execute of sqlite3.Cursor object at 0x10d4c76c0>, '\nCREATE TABLE concept_synonyms (\n\tid CHAR(32) NOT NULL, \n\tconcept_id CHAR(32) NOT NULL, \n\tsynonym VARCHAR(100) NOT NULL, \n\tCONSTRAINT pk_concept_synonyms PRIMARY KEY (id), \n\tCONSTRAINT fk_concept_synonyms_concept_id_concepts FOREIGN KEY(concept_id) REFERENCES concepts (id)\n)\n\n', ())
DEBUG    aiosqlite:core.py:67 operation functools.partial(<built-in method execute of sqlite3.Cursor object at 0x10d4c76c0>, '\nCREATE TABLE concept_synonyms (\n\tid CHAR(32) NOT NULL, \n\tconcept_id CHAR(32) NOT NULL, \n\tsynonym VARCHAR(100) NOT NULL, \n\tCONSTRAINT pk_concept_synonyms PRIMARY KEY (id), \n\tCONSTRAINT fk_concept_synonyms_concept_id_concepts FOREIGN KEY(concept_id) REFERENCES concepts (id)\n)\n\n', ()) completed
DEBUG    aiosqlite:core.py:62 executing functools.partial(<built-in method close of sqlite3.Cursor object at 0x10d4c76c0>)
DEBUG    aiosqlite:core.py:67 operation functools.partial(<built-in method close of sqlite3.Cursor object at 0x10d4c76c0>) completed
DEBUG    aiosqlite:core.py:62 executing functools.partial(<built-in method cursor of sqlite3.Connection object at 0x10d36ed40>)
DEBUG    aiosqlite:core.py:67 operation functools.partial(<built-in method cursor of sqlite3.Connection object at 0x10d36ed40>) completed
DEBUG    aiosqlite:core.py:62 executing functools.partial(<built-in method execute of sqlite3.Cursor object at 0x10d4c7ac0>, 'CREATE INDEX ix_concept_synonyms_synonym ON concept_synonyms (synonym)', ())
DEBUG    aiosqlite:core.py:67 operation functools.partial(<built-in method execute of sqlite3.Cursor object at 0x10d4c7ac0>, 'CREATE INDEX ix_concept_synonyms_synonym ON concept_synonyms (synonym)', ()) completed
DEBUG    aiosqlite:core.py:62 executing functools.partial(<built-in method close of sqlite3.Cursor object at 0x10d4c7ac0>)
DEBUG    aiosqlite:core.py:67 operation functools.partial(<built-in method close of sqlite3.Cursor object at 0x10d4c7ac0>) completed
DEBUG    aiosqlite:core.py:62 executing functools.partial(<built-in method cursor of sqlite3.Connection object at 0x10d36ed40>)
DEBUG    aiosqlite:core.py:67 operation functools.partial(<built-in method cursor of sqlite3.Connection object at 0x10d36ed40>) completed
DEBUG    aiosqlite:core.py:62 executing functools.partial(<built-in method execute of sqlite3.Cursor object at 0x10d4c62c0>, '\nCREATE TABLE snapshots (\n\tid CHAR(32) NOT NULL, \n\tpyramid_id CHAR(32) NOT NULL, \n\tversion VARCHAR(50) NOT NULL, \n\tdata JSON NOT NULL, \n\treason TEXT, \n\tcreated_at DATETIME DEFAULT CURRENT_TIMESTAMP NOT NULL, \n\tCONSTRAINT pk_snapshots PRIMARY KEY (id), \n\tCONSTRAINT fk_snapshots_pyramid_id_pyramids FOREIGN KEY(pyramid_id) REFERENCES pyramids (id)\n)\n\n', ())
DEBUG    aiosqlite:core.py:67 operation functools.partial(<built-in method execute of sqlite3.Cursor object at 0x10d4c62c0>, '\nCREATE TABLE snapshots (\n\tid CHAR(32) NOT NULL, \n\tpyramid_id CHAR(32) NOT NULL, \n\tversion VARCHAR(50) NOT NULL, \n\tdata JSON NOT NULL, \n\treason TEXT, \n\tcreated_at DATETIME DEFAULT CURRENT_TIMESTAMP NOT NULL, \n\tCONSTRAINT pk_snapshots PRIMARY KEY (id), \n\tCONSTRAINT fk_snapshots_pyramid_id_pyramids FOREIGN KEY(pyramid_id) REFERENCES pyramids (id)\n)\n\n', ()) completed
DEBUG    aiosqlite:core.py:62 executing functools.partial(<built-in method close of sqlite3.Cursor object at 0x10d4c62c0>)
DEBUG    aiosqlite:core.py:67 operation functools.partial(<built-in method close of sqlite3.Cursor object at 0x10d4c62c0>) completed
DEBUG    aiosqlite:core.py:62 executing functools.partial(<built-in method cursor of sqlite3.Connection object at 0x10d36ed40>)
DEBUG    aiosqlite:core.py:67 operation functools.partial(<built-in method cursor of sqlite3.Connection object at 0x10d36ed40>) completed
DEBUG    aiosqlite:core.py:62 executing functools.partial(<built-in method execute of sqlite3.Cursor object at 0x10d4c6ec0>, '\nCREATE TABLE hotspot_events (\n\tid CHAR(32) NOT NULL, \n\thotspot_id CHAR(32) NOT NULL, \n\tevent_type VARCHAR(15) NOT NULL, \n\told_status VARCHAR(50), \n\tnew_status VARCHAR(50), \n\ttrigger_condition VARCHAR(255), \n\toperator VARCHAR(100), \n\tdetails JSON, \n\tcreated_at DATETIME DEFAULT CURRENT_TIMESTAMP NOT NULL, \n\tCONSTRAINT pk_hotspot_events PRIMARY KEY (id), \n\tCONSTRAINT fk_hotspot_events_hotspot_id_hotspots FOREIGN KEY(hotspot_id) REFERENCES hotspots (id)\n)\n\n', ())
DEBUG    aiosqlite:core.py:67 operation functools.partial(<built-in method execute of sqlite3.Cursor object at 0x10d4c6ec0>, '\nCREATE TABLE hotspot_events (\n\tid CHAR(32) NOT NULL, \n\thotspot_id CHAR(32) NOT NULL, \n\tevent_type VARCHAR(15) NOT NULL, \n\told_status VARCHAR(50), \n\tnew_status VARCHAR(50), \n\ttrigger_condition VARCHAR(255), \n\toperator VARCHAR(100), \n\tdetails JSON, \n\tcreated_at DATETIME DEFAULT CURRENT_TIMESTAMP NOT NULL, \n\tCONSTRAINT pk_hotspot_events PRIMARY KEY (id), \n\tCONSTRAINT fk_hotspot_events_hotspot_id_hotspots FOREIGN KEY(hotspot_id) REFERENCES hotspots (id)\n)\n\n', ()) completed
DEBUG    aiosqlite:core.py:62 executing functools.partial(<built-in method close of sqlite3.Cursor object at 0x10d4c6ec0>)
DEBUG    aiosqlite:core.py:67 operation functools.partial(<built-in method close of sqlite3.Cursor object at 0x10d4c6ec0>) completed
DEBUG    aiosqlite:core.py:62 executing functools.partial(<built-in method cursor of sqlite3.Connection object at 0x10d36ed40>)
DEBUG    aiosqlite:core.py:67 operation functools.partial(<built-in method cursor of sqlite3.Connection object at 0x10d36ed40>) completed
DEBUG    aiosqlite:core.py:62 executing functools.partial(<built-in method execute of sqlite3.Cursor object at 0x10d4c6240>, '\nCREATE TABLE strategy_adjustments (\n\tid CHAR(32) NOT NULL, \n\tsource_id CHAR(32), \n\tadjustment_type VARCHAR(50) NOT NULL, \n\told_value VARCHAR(255), \n\tnew_value VARCHAR(255), \n\treason TEXT, \n\texpected_effect TEXT, \n\trequires_approval BOOLEAN NOT NULL, \n\tproposal_id VARCHAR(36), \n\tapplied_at DATETIME DEFAULT CURRENT_TIMESTAMP NOT NULL, \n\tCONSTRAINT pk_strategy_adjustments PRIMARY KEY (id), \n\tCONSTRAINT fk_strategy_adjustments_source_id_information_sources FOREIGN KEY(source_id) REFERENCES information_sources (id)\n)\n\n', ())
DEBUG    aiosqlite:core.py:67 operation functools.partial(<built-in method execute of sqlite3.Cursor object at 0x10d4c6240>, '\nCREATE TABLE strategy_adjustments (\n\tid CHAR(32) NOT NULL, \n\tsource_id CHAR(32), \n\tadjustment_type VARCHAR(50) NOT NULL, \n\told_value VARCHAR(255), \n\tnew_value VARCHAR(255), \n\treason TEXT, \n\texpected_effect TEXT, \n\trequires_approval BOOLEAN NOT NULL, \n\tproposal_id VARCHAR(36), \n\tapplied_at DATETIME DEFAULT CURRENT_TIMESTAMP NOT NULL, \n\tCONSTRAINT pk_strategy_adjustments PRIMARY KEY (id), \n\tCONSTRAINT fk_strategy_adjustments_source_id_information_sources FOREIGN KEY(source_id) REFERENCES information_sources (id)\n)\n\n', ()) completed
DEBUG    aiosqlite:core.py:62 executing functools.partial(<built-in method close of sqlite3.Cursor object at 0x10d4c6240>)
DEBUG    aiosqlite:core.py:67 operation functools.partial(<built-in method close of sqlite3.Cursor object at 0x10d4c6240>) completed
DEBUG    aiosqlite:core.py:62 executing functools.partial(<built-in method cursor of sqlite3.Connection object at 0x10d36ed40>)
DEBUG    aiosqlite:core.py:67 operation functools.partial(<built-in method cursor of sqlite3.Connection object at 0x10d36ed40>) completed
DEBUG    aiosqlite:core.py:62 executing functools.partial(<built-in method execute of sqlite3.Cursor object at 0x10d4c6040>, '\nCREATE TABLE task_executions (\n\tid CHAR(32) NOT NULL, \n\ttask_id CHAR(32) NOT NULL, \n\tstatus VARCHAR(20) NOT NULL, \n\tstarted_at DATETIME DEFAULT CURRENT_TIMESTAMP NOT NULL, \n\tended_at DATETIME, \n\tduration_seconds FLOAT, \n\tresult JSON, \n\terror_message TEXT, \n\tretry_count INTEGER NOT NULL, \n\tCONSTRAINT pk_task_executions PRIMARY KEY (id), \n\tCONSTRAINT fk_task_executions_task_id_scheduled_tasks FOREIGN KEY(task_id) REFERENCES scheduled_tasks (id)\n)\n\n', ())
DEBUG    aiosqlite:core.py:67 operation functools.partial(<built-in method execute of sqlite3.Cursor object at 0x10d4c6040>, '\nCREATE TABLE task_executions (\n\tid CHAR(32) NOT NULL, \n\ttask_id CHAR(32) NOT NULL, \n\tstatus VARCHAR(20) NOT NULL, \n\tstarted_at DATETIME DEFAULT CURRENT_TIMESTAMP NOT NULL, \n\tended_at DATETIME, \n\tduration_seconds FLOAT, \n\tresult JSON, \n\terror_message TEXT, \n\tretry_count INTEGER NOT NULL, \n\tCONSTRAINT pk_task_executions PRIMARY KEY (id), \n\tCONSTRAINT fk_task_executions_task_id_scheduled_tasks FOREIGN KEY(task_id) REFERENCES scheduled_tasks (id)\n)\n\n', ()) completed
DEBUG    aiosqlite:core.py:62 executing functools.partial(<built-in method close of sqlite3.Cursor object at 0x10d4c6040>)
DEBUG    aiosqlite:core.py:67 operation functools.partial(<built-in method close of sqlite3.Cursor object at 0x10d4c6040>) completed
DEBUG    aiosqlite:core.py:62 executing functools.partial(<built-in method cursor of sqlite3.Connection object at 0x10d36ed40>)
DEBUG    aiosqlite:core.py:67 operation functools.partial(<built-in method cursor of sqlite3.Connection object at 0x10d36ed40>) completed
DEBUG    aiosqlite:core.py:62 executing functools.partial(<built-in method execute of sqlite3.Cursor object at 0x10d4c52c0>, '\nCREATE TABLE ab_tests (\n\tid CHAR(32) NOT NULL, \n\ttemplate_id CHAR(32) NOT NULL, \n\tversion_a_id CHAR(32) NOT NULL, \n\tversion_b_id CHAR(32) NOT NULL, \n\ttraffic_ratio FLOAT NOT NULL, \n\tstatus VARCHAR(20) NOT NULL, \n\tstarted_at DATETIME DEFAULT CURRENT_TIMESTAMP NOT NULL, \n\tended_at DATETIME, \n\tversion_a_calls INTEGER NOT NULL, \n\tversion_b_calls INTEGER NOT NULL, \n\tversion_a_avg_quality FLOAT NOT NULL, \n\tversion_b_avg_quality FLOAT NOT NULL, \n\twinner_version_id CHAR(32), \n\tCONSTRAINT pk_ab_tests PRIMARY KEY (id), \n\tCONSTRAINT fk_ab_tests_template_id_prompt_templates FOREIGN KEY(template_id) REFERENCES prompt_templates (id), \n\tCONSTRAINT fk_ab_tests_version_a_id_prompt_versions FOREIGN KEY(version_a_id) REFERENCES prompt_versions (id), \n\tCONSTRAINT fk_ab_tests_version_b_id_prompt_versions FOREIGN KEY(version_b_id) REFERENCES prompt_versions (id), \n\tCONSTRAINT fk_ab_tests_winner_version_id_prompt_versions FOREIGN KEY(winner_version_id) REFERENCES prompt_versions (id)\n)\n\n', ())
DEBUG    aiosqlite:core.py:67 operation functools.partial(<built-in method execute of sqlite3.Cursor object at 0x10d4c52c0>, '\nCREATE TABLE ab_tests (\n\tid CHAR(32) NOT NULL, \n\ttemplate_id CHAR(32) NOT NULL, \n\tversion_a_id CHAR(32) NOT NULL, \n\tversion_b_id CHAR(32) NOT NULL, \n\ttraffic_ratio FLOAT NOT NULL, \n\tstatus VARCHAR(20) NOT NULL, \n\tstarted_at DATETIME DEFAULT CURRENT_TIMESTAMP NOT NULL, \n\tended_at DATETIME, \n\tversion_a_calls INTEGER NOT NULL, \n\tversion_b_calls INTEGER NOT NULL, \n\tversion_a_avg_quality FLOAT NOT NULL, \n\tversion_b_avg_quality FLOAT NOT NULL, \n\twinner_version_id CHAR(32), \n\tCONSTRAINT pk_ab_tests PRIMARY KEY (id), \n\tCONSTRAINT fk_ab_tests_template_id_prompt_templates FOREIGN KEY(template_id) REFERENCES prompt_templates (id), \n\tCONSTRAINT fk_ab_tests_version_a_id_prompt_versions FOREIGN KEY(version_a_id) REFERENCES prompt_versions (id), \n\tCONSTRAINT fk_ab_tests_version_b_id_prompt_versions FOREIGN KEY(version_b_id) REFERENCES prompt_versions (id), \n\tCONSTRAINT fk_ab_tests_winner_version_id_prompt_versions FOREIGN KEY(winner_version_id) REFERENCES prompt_versions (id)\n)\n\n', ()) completed
DEBUG    aiosqlite:core.py:62 executing functools.partial(<built-in method close of sqlite3.Cursor object at 0x10d4c52c0>)
DEBUG    aiosqlite:core.py:67 operation functools.partial(<built-in method close of sqlite3.Cursor object at 0x10d4c52c0>) completed
DEBUG    aiosqlite:core.py:62 executing functools.partial(<built-in method cursor of sqlite3.Connection object at 0x10d36ed40>)
DEBUG    aiosqlite:core.py:67 operation functools.partial(<built-in method cursor of sqlite3.Connection object at 0x10d36ed40>) completed
DEBUG    aiosqlite:core.py:62 executing functools.partial(<built-in method execute of sqlite3.Cursor object at 0x10d4c6940>, '\nCREATE TABLE node_relations (\n\tid UUID NOT NULL, \n\tsource_node_id CHAR(32) NOT NULL, \n\ttarget_node_id CHAR(32) NOT NULL, \n\trelation_type VARCHAR(50) NOT NULL, \n\tCONSTRAINT pk_node_relations PRIMARY KEY (id), \n\tCONSTRAINT uq_node_relation UNIQUE (source_node_id, target_node_id, relation_type), \n\tCONSTRAINT fk_node_relations_source_node_id_pyramid_nodes FOREIGN KEY(source_node_id) REFERENCES pyramid_nodes (id) ON DELETE CASCADE, \n\tCONSTRAINT fk_node_relations_target_node_id_pyramid_nodes FOREIGN KEY(target_node_id) REFERENCES pyramid_nodes (id) ON DELETE CASCADE\n)\n\n', ())
DEBUG    aiosqlite:core.py:67 operation functools.partial(<built-in method execute of sqlite3.Cursor object at 0x10d4c6940>, '\nCREATE TABLE node_relations (\n\tid UUID NOT NULL, \n\tsource_node_id CHAR(32) NOT NULL, \n\ttarget_node_id CHAR(32) NOT NULL, \n\trelation_type VARCHAR(50) NOT NULL, \n\tCONSTRAINT pk_node_relations PRIMARY KEY (id), \n\tCONSTRAINT uq_node_relation UNIQUE (source_node_id, target_node_id, relation_type), \n\tCONSTRAINT fk_node_relations_source_node_id_pyramid_nodes FOREIGN KEY(source_node_id) REFERENCES pyramid_nodes (id) ON DELETE CASCADE, \n\tCONSTRAINT fk_node_relations_target_node_id_pyramid_nodes FOREIGN KEY(target_node_id) REFERENCES pyramid_nodes (id) ON DELETE CASCADE\n)\n\n', ()) completed
DEBUG    aiosqlite:core.py:62 executing functools.partial(<built-in method close of sqlite3.Cursor object at 0x10d4c6940>)
DEBUG    aiosqlite:core.py:67 operation functools.partial(<built-in method close of sqlite3.Cursor object at 0x10d4c6940>) completed
DEBUG    aiosqlite:core.py:62 executing functools.partial(<built-in method cursor of sqlite3.Connection object at 0x10d36ed40>)
DEBUG    aiosqlite:core.py:67 operation functools.partial(<built-in method cursor of sqlite3.Connection object at 0x10d36ed40>) completed
DEBUG    aiosqlite:core.py:62 executing functools.partial(<built-in method execute of sqlite3.Cursor object at 0x10d4c7940>, '\nCREATE TABLE source_node_relations (\n\tsource_id CHAR(32) NOT NULL, \n\tnode_id CHAR(32) NOT NULL, \n\tweight FLOAT NOT NULL, \n\tCONSTRAINT pk_source_node_relations PRIMARY KEY (source_id, node_id), \n\tCONSTRAINT fk_source_node_relations_source_id_information_sources FOREIGN KEY(source_id) REFERENCES information_sources (id), \n\tCONSTRAINT fk_source_node_relations_node_id_pyramid_nodes FOREIGN KEY(node_id) REFERENCES pyramid_nodes (id)\n)\n\n', ())
DEBUG    aiosqlite:core.py:67 operation functools.partial(<built-in method execute of sqlite3.Cursor object at 0x10d4c7940>, '\nCREATE TABLE source_node_relations (\n\tsource_id CHAR(32) NOT NULL, \n\tnode_id CHAR(32) NOT NULL, \n\tweight FLOAT NOT NULL, \n\tCONSTRAINT pk_source_node_relations PRIMARY KEY (source_id, node_id), \n\tCONSTRAINT fk_source_node_relations_source_id_information_sources FOREIGN KEY(source_id) REFERENCES information_sources (id), \n\tCONSTRAINT fk_source_node_relations_node_id_pyramid_nodes FOREIGN KEY(node_id) REFERENCES pyramid_nodes (id)\n)\n\n', ()) completed
DEBUG    aiosqlite:core.py:62 executing functools.partial(<built-in method close of sqlite3.Cursor object at 0x10d4c7940>)
DEBUG    aiosqlite:core.py:67 operation functools.partial(<built-in method close of sqlite3.Cursor object at 0x10d4c7940>) completed
DEBUG    aiosqlite:core.py:62 executing functools.partial(<built-in method cursor of sqlite3.Connection object at 0x10d36ed40>)
DEBUG    aiosqlite:core.py:67 operation functools.partial(<built-in method cursor of sqlite3.Connection object at 0x10d36ed40>) completed
DEBUG    aiosqlite:core.py:62 executing functools.partial(<built-in method execute of sqlite3.Cursor object at 0x10d3abf40>, "\nCREATE TABLE content_node_relations (\n\tcontent_id CHAR(32) NOT NULL, \n\tnode_id CHAR(32) NOT NULL, \n\tconfidence FLOAT DEFAULT '1.0' NOT NULL, \n\tsource VARCHAR(20) DEFAULT 'manual' NOT NULL, \n\tcreated_at DATETIME DEFAULT CURRENT_TIMESTAMP NOT NULL, \n\tis_manual BOOLEAN DEFAULT 'true' NOT NULL, \n\tCONSTRAINT pk_content_node_relations PRIMARY KEY (content_id, node_id), \n\tCONSTRAINT fk_content_node_relations_content_id_content_items FOREIGN KEY(content_id) REFERENCES content_items (id) ON DELETE CASCADE, \n\tCONSTRAINT fk_content_node_relations_node_id_pyramid_nodes FOREIGN KEY(node_id) REFERENCES pyramid_nodes (id) ON DELETE CASCADE\n)\n\n", ())
DEBUG    aiosqlite:core.py:67 operation functools.partial(<built-in method execute of sqlite3.Cursor object at 0x10d3abf40>, "\nCREATE TABLE content_node_relations (\n\tcontent_id CHAR(32) NOT NULL, \n\tnode_id CHAR(32) NOT NULL, \n\tconfidence FLOAT DEFAULT '1.0' NOT NULL, \n\tsource VARCHAR(20) DEFAULT 'manual' NOT NULL, \n\tcreated_at DATETIME DEFAULT CURRENT_TIMESTAMP NOT NULL, \n\tis_manual BOOLEAN DEFAULT 'true' NOT NULL, \n\tCONSTRAINT pk_content_node_relations PRIMARY KEY (content_id, node_id), \n\tCONSTRAINT fk_content_node_relations_content_id_content_items FOREIGN KEY(content_id) REFERENCES content_items (id) ON DELETE CASCADE, \n\tCONSTRAINT fk_content_node_relations_node_id_pyramid_nodes FOREIGN KEY(node_id) REFERENCES pyramid_nodes (id) ON DELETE CASCADE\n)\n\n", ()) completed
DEBUG    aiosqlite:core.py:62 executing functools.partial(<built-in method close of sqlite3.Cursor object at 0x10d3abf40>)
DEBUG    aiosqlite:core.py:67 operation functools.partial(<built-in method close of sqlite3.Cursor object at 0x10d3abf40>) completed
DEBUG    aiosqlite:core.py:62 executing functools.partial(<built-in method cursor of sqlite3.Connection object at 0x10d36ed40>)
DEBUG    aiosqlite:core.py:67 operation functools.partial(<built-in method cursor of sqlite3.Connection object at 0x10d36ed40>) completed
DEBUG    aiosqlite:core.py:62 executing functools.partial(<built-in method execute of sqlite3.Cursor object at 0x10d4c7740>, '\nCREATE TABLE validation_results (\n\tcontent_id CHAR(32) NOT NULL, \n\thard_result JSON, \n\tsoft_result JSON, \n\tcross_result JSON, \n\toverall_score INTEGER, \n\tverified_at DATETIME DEFAULT CURRENT_TIMESTAMP NOT NULL, \n\tCONSTRAINT pk_validation_results PRIMARY KEY (content_id), \n\tCONSTRAINT fk_validation_results_content_id_content_items FOREIGN KEY(content_id) REFERENCES content_items (id)\n)\n\n', ())
DEBUG    aiosqlite:core.py:67 operation functools.partial(<built-in method execute of sqlite3.Cursor object at 0x10d4c7740>, '\nCREATE TABLE validation_results (\n\tcontent_id CHAR(32) NOT NULL, \n\thard_result JSON, \n\tsoft_result JSON, \n\tcross_result JSON, \n\toverall_score INTEGER, \n\tverified_at DATETIME DEFAULT CURRENT_TIMESTAMP NOT NULL, \n\tCONSTRAINT pk_validation_results PRIMARY KEY (content_id), \n\tCONSTRAINT fk_validation_results_content_id_content_items FOREIGN KEY(content_id) REFERENCES content_items (id)\n)\n\n', ()) completed
DEBUG    aiosqlite:core.py:62 executing functools.partial(<built-in method close of sqlite3.Cursor object at 0x10d4c7740>)
DEBUG    aiosqlite:core.py:67 operation functools.partial(<built-in method close of sqlite3.Cursor object at 0x10d4c7740>) completed
DEBUG    aiosqlite:core.py:62 executing functools.partial(<built-in method cursor of sqlite3.Connection object at 0x10d36ed40>)
DEBUG    aiosqlite:core.py:67 operation functools.partial(<built-in method cursor of sqlite3.Connection object at 0x10d36ed40>) completed
DEBUG    aiosqlite:core.py:62 executing functools.partial(<built-in method execute of sqlite3.Cursor object at 0x10d4e7b40>, "\nCREATE TABLE approvals (\n\tid CHAR(32) NOT NULL, \n\ttype VARCHAR(50) NOT NULL, \n\ttarget_id CHAR(32), \n\tstatus VARCHAR(20) NOT NULL, \n\tdata JSON, \n\tsource_content_id CHAR(32), \n\tgenerated_by VARCHAR(50) DEFAULT 'user' NOT NULL, \n\treason TEXT, \n\tconfidence_score FLOAT, \n\toriginal_data JSON, \n\timpact_analysis JSON, \n\tapplicant_id VARCHAR(100), \n\treviewer_id VARCHAR(100), \n\treview_comment TEXT, \n\tcreated_at DATETIME DEFAULT CURRENT_TIMESTAMP NOT NULL, \n\tupdated_at DATETIME DEFAULT CURRENT_TIMESTAMP NOT NULL, \n\tCONSTRAINT pk_approvals PRIMARY KEY (id), \n\tCONSTRAINT fk_approvals_source_content_id_content_items FOREIGN KEY(source_content_id) REFERENCES content_items (id)\n)\n\n", ())
DEBUG    aiosqlite:core.py:67 operation functools.partial(<built-in method execute of sqlite3.Cursor object at 0x10d4e7b40>, "\nCREATE TABLE approvals (\n\tid CHAR(32) NOT NULL, \n\ttype VARCHAR(50) NOT NULL, \n\ttarget_id CHAR(32), \n\tstatus VARCHAR(20) NOT NULL, \n\tdata JSON, \n\tsource_content_id CHAR(32), \n\tgenerated_by VARCHAR(50) DEFAULT 'user' NOT NULL, \n\treason TEXT, \n\tconfidence_score FLOAT, \n\toriginal_data JSON, \n\timpact_analysis JSON, \n\tapplicant_id VARCHAR(100), \n\treviewer_id VARCHAR(100), \n\treview_comment TEXT, \n\tcreated_at DATETIME DEFAULT CURRENT_TIMESTAMP NOT NULL, \n\tupdated_at DATETIME DEFAULT CURRENT_TIMESTAMP NOT NULL, \n\tCONSTRAINT pk_approvals PRIMARY KEY (id), \n\tCONSTRAINT fk_approvals_source_content_id_content_items FOREIGN KEY(source_content_id) REFERENCES content_items (id)\n)\n\n", ()) completed
DEBUG    aiosqlite:core.py:62 executing functools.partial(<built-in method close of sqlite3.Cursor object at 0x10d4e7b40>)
DEBUG    aiosqlite:core.py:67 operation functools.partial(<built-in method close of sqlite3.Cursor object at 0x10d4e7b40>) completed
DEBUG    aiosqlite:core.py:62 executing functools.partial(<built-in method cursor of sqlite3.Connection object at 0x10d36ed40>)
DEBUG    aiosqlite:core.py:67 operation functools.partial(<built-in method cursor of sqlite3.Connection object at 0x10d36ed40>) completed
DEBUG    aiosqlite:core.py:62 executing functools.partial(<built-in method execute of sqlite3.Cursor object at 0x10d4e7640>, 'CREATE INDEX ix_approvals_status ON approvals (status)', ())
DEBUG    aiosqlite:core.py:67 operation functools.partial(<built-in method execute of sqlite3.Cursor object at 0x10d4e7640>, 'CREATE INDEX ix_approvals_status ON approvals (status)', ()) completed
DEBUG    aiosqlite:core.py:62 executing functools.partial(<built-in method close of sqlite3.Cursor object at 0x10d4e7640>)
DEBUG    aiosqlite:core.py:67 operation functools.partial(<built-in method close of sqlite3.Cursor object at 0x10d4e7640>) completed
DEBUG    aiosqlite:core.py:62 executing functools.partial(<built-in method cursor of sqlite3.Connection object at 0x10d36ed40>)
DEBUG    aiosqlite:core.py:67 operation functools.partial(<built-in method cursor of sqlite3.Connection object at 0x10d36ed40>) completed
DEBUG    aiosqlite:core.py:62 executing functools.partial(<built-in method execute of sqlite3.Cursor object at 0x10d4e7c40>, '\nCREATE TABLE contributions (\n\tid CHAR(32) NOT NULL, \n\tuser_id VARCHAR(50), \n\tinput_type VARCHAR(20) NOT NULL, \n\toriginal_input TEXT NOT NULL, \n\textracted_content TEXT, \n\textracted_concepts JSON, \n\tstatus VARCHAR(20) NOT NULL, \n\trejection_reason TEXT, \n\tcontent_id CHAR(32), \n\tcreated_at DATETIME NOT NULL, \n\tupdated_at DATETIME NOT NULL, \n\tCONSTRAINT pk_contributions PRIMARY KEY (id), \n\tCONSTRAINT fk_contributions_content_id_content_items FOREIGN KEY(content_id) REFERENCES content_items (id)\n)\n\n', ())
DEBUG    aiosqlite:core.py:67 operation functools.partial(<built-in method execute of sqlite3.Cursor object at 0x10d4e7c40>, '\nCREATE TABLE contributions (\n\tid CHAR(32) NOT NULL, \n\tuser_id VARCHAR(50), \n\tinput_type VARCHAR(20) NOT NULL, \n\toriginal_input TEXT NOT NULL, \n\textracted_content TEXT, \n\textracted_concepts JSON, \n\tstatus VARCHAR(20) NOT NULL, \n\trejection_reason TEXT, \n\tcontent_id CHAR(32), \n\tcreated_at DATETIME NOT NULL, \n\tupdated_at DATETIME NOT NULL, \n\tCONSTRAINT pk_contributions PRIMARY KEY (id), \n\tCONSTRAINT fk_contributions_content_id_content_items FOREIGN KEY(content_id) REFERENCES content_items (id)\n)\n\n', ()) completed
DEBUG    aiosqlite:core.py:62 executing functools.partial(<built-in method close of sqlite3.Cursor object at 0x10d4e7c40>)
DEBUG    aiosqlite:core.py:67 operation functools.partial(<built-in method close of sqlite3.Cursor object at 0x10d4e7c40>) completed
DEBUG    aiosqlite:core.py:62 executing functools.partial(<built-in method cursor of sqlite3.Connection object at 0x10d36ed40>)
DEBUG    aiosqlite:core.py:67 operation functools.partial(<built-in method cursor of sqlite3.Connection object at 0x10d36ed40>) completed
DEBUG    aiosqlite:core.py:62 executing functools.partial(<built-in method execute of sqlite3.Cursor object at 0x10d4e7dc0>, 'CREATE INDEX ix_contributions_status ON contributions (status)', ())
DEBUG    aiosqlite:core.py:67 operation functools.partial(<built-in method execute of sqlite3.Cursor object at 0x10d4e7dc0>, 'CREATE INDEX ix_contributions_status ON contributions (status)', ()) completed
DEBUG    aiosqlite:core.py:62 executing functools.partial(<built-in method close of sqlite3.Cursor object at 0x10d4e7dc0>)
DEBUG    aiosqlite:core.py:67 operation functools.partial(<built-in method close of sqlite3.Cursor object at 0x10d4e7dc0>) completed
DEBUG    aiosqlite:core.py:62 executing functools.partial(<built-in method cursor of sqlite3.Connection object at 0x10d36ed40>)
DEBUG    aiosqlite:core.py:67 operation functools.partial(<built-in method cursor of sqlite3.Connection object at 0x10d36ed40>) completed
DEBUG    aiosqlite:core.py:62 executing functools.partial(<built-in method execute of sqlite3.Cursor object at 0x10d4e7340>, '\nCREATE TABLE discovered_domains (\n\tid CHAR(32) NOT NULL, \n\tdomain VARCHAR(255) NOT NULL, \n\toccurrence_count INTEGER NOT NULL, \n\tfirst_seen_at DATETIME DEFAULT CURRENT_TIMESTAMP NOT NULL, \n\tlast_seen_at DATETIME DEFAULT CURRENT_TIMESTAMP NOT NULL, \n\tevaluation_status VARCHAR(20) NOT NULL, \n\thas_rss BOOLEAN NOT NULL, \n\tproposal_id CHAR(32), \n\tCONSTRAINT pk_discovered_domains PRIMARY KEY (id), \n\tCONSTRAINT fk_discovered_domains_proposal_id_approvals FOREIGN KEY(proposal_id) REFERENCES approvals (id)\n)\n\n', ())
DEBUG    aiosqlite:core.py:67 operation functools.partial(<built-in method execute of sqlite3.Cursor object at 0x10d4e7340>, '\nCREATE TABLE discovered_domains (\n\tid CHAR(32) NOT NULL, \n\tdomain VARCHAR(255) NOT NULL, \n\toccurrence_count INTEGER NOT NULL, \n\tfirst_seen_at DATETIME DEFAULT CURRENT_TIMESTAMP NOT NULL, \n\tlast_seen_at DATETIME DEFAULT CURRENT_TIMESTAMP NOT NULL, \n\tevaluation_status VARCHAR(20) NOT NULL, \n\thas_rss BOOLEAN NOT NULL, \n\tproposal_id CHAR(32), \n\tCONSTRAINT pk_discovered_domains PRIMARY KEY (id), \n\tCONSTRAINT fk_discovered_domains_proposal_id_approvals FOREIGN KEY(proposal_id) REFERENCES approvals (id)\n)\n\n', ()) completed
DEBUG    aiosqlite:core.py:62 executing functools.partial(<built-in method close of sqlite3.Cursor object at 0x10d4e7340>)
DEBUG    aiosqlite:core.py:67 operation functools.partial(<built-in method close of sqlite3.Cursor object at 0x10d4e7340>) completed
DEBUG    aiosqlite:core.py:62 executing functools.partial(<built-in method cursor of sqlite3.Connection object at 0x10d36ed40>)
DEBUG    aiosqlite:core.py:67 operation functools.partial(<built-in method cursor of sqlite3.Connection object at 0x10d36ed40>) completed
DEBUG    aiosqlite:core.py:62 executing functools.partial(<built-in method execute of sqlite3.Cursor object at 0x10d4e7f40>, 'CREATE UNIQUE INDEX ix_discovered_domains_domain ON discovered_domains (domain)', ())
DEBUG    aiosqlite:core.py:67 operation functools.partial(<built-in method execute of sqlite3.Cursor object at 0x10d4e7f40>, 'CREATE UNIQUE INDEX ix_discovered_domains_domain ON discovered_domains (domain)', ()) completed
DEBUG    aiosqlite:core.py:62 executing functools.partial(<built-in method close of sqlite3.Cursor object at 0x10d4e7f40>)
DEBUG    aiosqlite:core.py:67 operation functools.partial(<built-in method close of sqlite3.Cursor object at 0x10d4e7f40>) completed
DEBUG    aiosqlite:core.py:62 executing functools.partial(<built-in method commit of sqlite3.Connection object at 0x10d36ed40>)
DEBUG    aiosqlite:core.py:67 operation functools.partial(<built-in method commit of sqlite3.Connection object at 0x10d36ed40>) completed
DEBUG    aiosqlite:core.py:62 executing functools.partial(<built-in method rollback of sqlite3.Connection object at 0x10d36ed40>)
DEBUG    aiosqlite:core.py:67 operation functools.partial(<built-in method rollback of sqlite3.Connection object at 0x10d36ed40>) completed
----------------------------- Captured stderr call -----------------------------
2026-02-14 11:41:13,011 [DEBUG] [aiosqlite] executing functools.partial(<built-in method cursor of sqlite3.Connection object at 0x10d36ed40>)
2026-02-14 11:41:13,011 [DEBUG] [aiosqlite] operation functools.partial(<built-in method cursor of sqlite3.Connection object at 0x10d36ed40>) completed
2026-02-14 11:41:13,011 [DEBUG] [aiosqlite] executing functools.partial(<built-in method execute of sqlite3.Cursor object at 0x10d682340>, 'INSERT INTO pyramids (id, name, description, is_deleted) VALUES (?, ?, ?, ?) RETURNING created_at, updated_at', ('90ce073d28c34b6b94257f115a5f40bd', 'Lifecycle Pyramid', 'Testing snapshot lifecycle', 0))
2026-02-14 11:41:13,011 [DEBUG] [aiosqlite] operation functools.partial(<built-in method execute of sqlite3.Cursor object at 0x10d682340>, 'INSERT INTO pyramids (id, name, description, is_deleted) VALUES (?, ?, ?, ?) RETURNING created_at, updated_at', ('90ce073d28c34b6b94257f115a5f40bd', 'Lifecycle Pyramid', 'Testing snapshot lifecycle', 0)) completed
2026-02-14 11:41:13,014 [DEBUG] [aiosqlite] executing functools.partial(<built-in method fetchall of sqlite3.Cursor object at 0x10d682340>)
2026-02-14 11:41:13,014 [DEBUG] [aiosqlite] operation functools.partial(<built-in method fetchall of sqlite3.Cursor object at 0x10d682340>) completed
2026-02-14 11:41:13,014 [DEBUG] [aiosqlite] executing functools.partial(<built-in method close of sqlite3.Cursor object at 0x10d682340>)
2026-02-14 11:41:13,014 [DEBUG] [aiosqlite] operation functools.partial(<built-in method close of sqlite3.Cursor object at 0x10d682340>) completed
2026-02-14 11:41:13,015 [DEBUG] [aiosqlite] executing functools.partial(<built-in method commit of sqlite3.Connection object at 0x10d36ed40>)
2026-02-14 11:41:13,015 [DEBUG] [aiosqlite] operation functools.partial(<built-in method commit of sqlite3.Connection object at 0x10d36ed40>) completed
2026-02-14 11:41:13,015 [DEBUG] [aiosqlite] executing functools.partial(<built-in method rollback of sqlite3.Connection object at 0x10d36ed40>)
2026-02-14 11:41:13,015 [DEBUG] [aiosqlite] operation functools.partial(<built-in method rollback of sqlite3.Connection object at 0x10d36ed40>) completed
2026-02-14 11:41:13,017 [DEBUG] [aiosqlite] executing functools.partial(<built-in method cursor of sqlite3.Connection object at 0x10d36ed40>)
2026-02-14 11:41:13,017 [DEBUG] [aiosqlite] operation functools.partial(<built-in method cursor of sqlite3.Connection object at 0x10d36ed40>) completed
2026-02-14 11:41:13,018 [DEBUG] [aiosqlite] executing functools.partial(<built-in method execute of sqlite3.Cursor object at 0x10d682bc0>, 'INSERT INTO pyramid_nodes (id, pyramid_id, parent_id, name, description, level, sort_order, path, health_score, status, content_count, last_content_at, is_deleted) VALUES (?, ?, ?, ?, ?, ?, ?, ?, ?, ?, ?, ?, ?)', ('b3e24a85b14d4b50904b0f69abc800ad', '90ce073d28c34b6b94257f115a5f40bd', None, 'Node 1', 'Initial content', 0, 0, '001', 100, 'pending', 0, None, 0))
2026-02-14 11:41:13,018 [DEBUG] [aiosqlite] operation functools.partial(<built-in method execute of sqlite3.Cursor object at 0x10d682bc0>, 'INSERT INTO pyramid_nodes (id, pyramid_id, parent_id, name, description, level, sort_order, path, health_score, status, content_count, last_content_at, is_deleted) VALUES (?, ?, ?, ?, ?, ?, ?, ?, ?, ?, ?, ?, ?)', ('b3e24a85b14d4b50904b0f69abc800ad', '90ce073d28c34b6b94257f115a5f40bd', None, 'Node 1', 'Initial content', 0, 0, '001', 100, 'pending', 0, None, 0)) completed
2026-02-14 11:41:13,018 [DEBUG] [aiosqlite] executing functools.partial(<built-in method close of sqlite3.Cursor object at 0x10d682bc0>)
2026-02-14 11:41:13,018 [DEBUG] [aiosqlite] operation functools.partial(<built-in method close of sqlite3.Cursor object at 0x10d682bc0>) completed
2026-02-14 11:41:13,019 [DEBUG] [aiosqlite] executing functools.partial(<built-in method commit of sqlite3.Connection object at 0x10d36ed40>)
2026-02-14 11:41:13,019 [DEBUG] [aiosqlite] operation functools.partial(<built-in method commit of sqlite3.Connection object at 0x10d36ed40>) completed
2026-02-14 11:41:13,019 [DEBUG] [aiosqlite] executing functools.partial(<built-in method rollback of sqlite3.Connection object at 0x10d36ed40>)
2026-02-14 11:41:13,019 [DEBUG] [aiosqlite] operation functools.partial(<built-in method rollback of sqlite3.Connection object at 0x10d36ed40>) completed
2026-02-14 11:41:13,019 [INFO] [app.services.snapshot_service] Creating snapshot for pyramid 90ce073d-28c3-4b6b-9425-7f115a5f40bd
2026-02-14 11:41:13,020 [DEBUG] [aiosqlite] executing functools.partial(<built-in method cursor of sqlite3.Connection object at 0x10d36ed40>)
2026-02-14 11:41:13,020 [DEBUG] [aiosqlite] operation functools.partial(<built-in method cursor of sqlite3.Connection object at 0x10d36ed40>) completed
2026-02-14 11:41:13,020 [DEBUG] [aiosqlite] executing functools.partial(<built-in method execute of sqlite3.Cursor object at 0x10d6825c0>, 'SELECT pyramids.id, pyramids.name, pyramids.description, pyramids.created_at, pyramids.updated_at, pyramids.is_deleted \nFROM pyramids \nWHERE pyramids.id = ?', ('90ce073d28c34b6b94257f115a5f40bd',))
2026-02-14 11:41:13,020 [DEBUG] [aiosqlite] operation functools.partial(<built-in method execute of sqlite3.Cursor object at 0x10d6825c0>, 'SELECT pyramids.id, pyramids.name, pyramids.description, pyramids.created_at, pyramids.updated_at, pyramids.is_deleted \nFROM pyramids \nWHERE pyramids.id = ?', ('90ce073d28c34b6b94257f115a5f40bd',)) completed
2026-02-14 11:41:13,020 [DEBUG] [aiosqlite] executing functools.partial(<built-in method fetchall of sqlite3.Cursor object at 0x10d6825c0>)
2026-02-14 11:41:13,020 [DEBUG] [aiosqlite] operation functools.partial(<built-in method fetchall of sqlite3.Cursor object at 0x10d6825c0>) completed
2026-02-14 11:41:13,020 [DEBUG] [aiosqlite] executing functools.partial(<built-in method close of sqlite3.Cursor object at 0x10d6825c0>)
2026-02-14 11:41:13,020 [DEBUG] [aiosqlite] operation functools.partial(<built-in method close of sqlite3.Cursor object at 0x10d6825c0>) completed
2026-02-14 11:41:13,021 [DEBUG] [aiosqlite] executing functools.partial(<built-in method cursor of sqlite3.Connection object at 0x10d36ed40>)
2026-02-14 11:41:13,021 [DEBUG] [aiosqlite] operation functools.partial(<built-in method cursor of sqlite3.Connection object at 0x10d36ed40>) completed
2026-02-14 11:41:13,021 [DEBUG] [aiosqlite] executing functools.partial(<built-in method execute of sqlite3.Cursor object at 0x10d683940>, 'SELECT pyramid_nodes.id, pyramid_nodes.pyramid_id, pyramid_nodes.parent_id, pyramid_nodes.name, pyramid_nodes.description, pyramid_nodes.level, pyramid_nodes.sort_order, pyramid_nodes.path, pyramid_nodes.health_score, pyramid_nodes.status, pyramid_nodes.content_count, pyramid_nodes.last_content_at, pyramid_nodes.is_deleted \nFROM pyramid_nodes \nWHERE pyramid_nodes.pyramid_id = ?', ('90ce073d28c34b6b94257f115a5f40bd',))
2026-02-14 11:41:13,021 [DEBUG] [aiosqlite] operation functools.partial(<built-in method execute of sqlite3.Cursor object at 0x10d683940>, 'SELECT pyramid_nodes.id, pyramid_nodes.pyramid_id, pyramid_nodes.parent_id, pyramid_nodes.name, pyramid_nodes.description, pyramid_nodes.level, pyramid_nodes.sort_order, pyramid_nodes.path, pyramid_nodes.health_score, pyramid_nodes.status, pyramid_nodes.content_count, pyramid_nodes.last_content_at, pyramid_nodes.is_deleted \nFROM pyramid_nodes \nWHERE pyramid_nodes.pyramid_id = ?', ('90ce073d28c34b6b94257f115a5f40bd',)) completed
2026-02-14 11:41:13,021 [DEBUG] [aiosqlite] executing functools.partial(<built-in method fetchall of sqlite3.Cursor object at 0x10d683940>)
2026-02-14 11:41:13,021 [DEBUG] [aiosqlite] operation functools.partial(<built-in method fetchall of sqlite3.Cursor object at 0x10d683940>) completed
2026-02-14 11:41:13,021 [DEBUG] [aiosqlite] executing functools.partial(<built-in method close of sqlite3.Cursor object at 0x10d683940>)
2026-02-14 11:41:13,021 [DEBUG] [aiosqlite] operation functools.partial(<built-in method close of sqlite3.Cursor object at 0x10d683940>) completed
2026-02-14 11:41:13,022 [DEBUG] [aiosqlite] executing functools.partial(<built-in method cursor of sqlite3.Connection object at 0x10d36ed40>)
2026-02-14 11:41:13,022 [DEBUG] [aiosqlite] operation functools.partial(<built-in method cursor of sqlite3.Connection object at 0x10d36ed40>) completed
2026-02-14 11:41:13,022 [DEBUG] [aiosqlite] executing functools.partial(<built-in method execute of sqlite3.Cursor object at 0x10d698740>, 'SELECT node_relations.id, node_relations.source_node_id, node_relations.target_node_id, node_relations.relation_type \nFROM node_relations \nWHERE node_relations.source_node_id IN (?) OR node_relations.target_node_id IN (?)', ('b3e24a85b14d4b50904b0f69abc800ad', 'b3e24a85b14d4b50904b0f69abc800ad'))
2026-02-14 11:41:13,022 [DEBUG] [aiosqlite] operation functools.partial(<built-in method execute of sqlite3.Cursor object at 0x10d698740>, 'SELECT node_relations.id, node_relations.source_node_id, node_relations.target_node_id, node_relations.relation_type \nFROM node_relations \nWHERE node_relations.source_node_id IN (?) OR node_relations.target_node_id IN (?)', ('b3e24a85b14d4b50904b0f69abc800ad', 'b3e24a85b14d4b50904b0f69abc800ad')) completed
2026-02-14 11:41:13,022 [DEBUG] [aiosqlite] executing functools.partial(<built-in method fetchall of sqlite3.Cursor object at 0x10d698740>)
2026-02-14 11:41:13,022 [DEBUG] [aiosqlite] operation functools.partial(<built-in method fetchall of sqlite3.Cursor object at 0x10d698740>) completed
2026-02-14 11:41:13,022 [DEBUG] [aiosqlite] executing functools.partial(<built-in method close of sqlite3.Cursor object at 0x10d698740>)
2026-02-14 11:41:13,022 [DEBUG] [aiosqlite] operation functools.partial(<built-in method close of sqlite3.Cursor object at 0x10d698740>) completed
2026-02-14 11:41:13,023 [DEBUG] [aiosqlite] executing functools.partial(<built-in method cursor of sqlite3.Connection object at 0x10d36ed40>)
2026-02-14 11:41:13,023 [DEBUG] [aiosqlite] operation functools.partial(<built-in method cursor of sqlite3.Connection object at 0x10d36ed40>) completed
2026-02-14 11:41:13,023 [DEBUG] [aiosqlite] executing functools.partial(<built-in method execute of sqlite3.Cursor object at 0x10d698c40>, 'INSERT INTO snapshots (id, pyramid_id, version, data, reason) VALUES (?, ?, ?, ?, ?) RETURNING created_at', ('c6af594d433046c0b786a7c7f8219684', '90ce073d28c34b6b94257f115a5f40bd', 'v-20260214034113', '{"pyramid": {"id": "90ce073d-28c3-4b6b-9425-7f115a5f40bd", "name": "Lifecycle Pyramid", "description": "Testing snapshot lifecycle"}, "nodes": [{"id": "b3e24a85-b14d-4b50-904b-0f69abc800ad", "parent_id": null, "name": "Node 1", "description": "Initial content", "level": 0, "sort_order": 0, "path": "001", "health_score": 100}], "relations": [], "timestamp": "2026-02-14T03:41:13.023085+00:00"}', 'V1 Initial'))
2026-02-14 11:41:13,023 [DEBUG] [aiosqlite] operation functools.partial(<built-in method execute of sqlite3.Cursor object at 0x10d698c40>, 'INSERT INTO snapshots (id, pyramid_id, version, data, reason) VALUES (?, ?, ?, ?, ?) RETURNING created_at', ('c6af594d433046c0b786a7c7f8219684', '90ce073d28c34b6b94257f115a5f40bd', 'v-20260214034113', '{"pyramid": {"id": "90ce073d-28c3-4b6b-9425-7f115a5f40bd", "name": "Lifecycle Pyramid", "description": "Testing snapshot lifecycle"}, "nodes": [{"id": "b3e24a85-b14d-4b50-904b-0f69abc800ad", "parent_id": null, "name": "Node 1", "description": "Initial content", "level": 0, "sort_order": 0, "path": "001", "health_score": 100}], "relations": [], "timestamp": "2026-02-14T03:41:13.023085+00:00"}', 'V1 Initial')) completed
2026-02-14 11:41:13,023 [DEBUG] [aiosqlite] executing functools.partial(<built-in method fetchall of sqlite3.Cursor object at 0x10d698c40>)
2026-02-14 11:41:13,023 [DEBUG] [aiosqlite] operation functools.partial(<built-in method fetchall of sqlite3.Cursor object at 0x10d698c40>) completed
2026-02-14 11:41:13,023 [DEBUG] [aiosqlite] executing functools.partial(<built-in method close of sqlite3.Cursor object at 0x10d698c40>)
2026-02-14 11:41:13,023 [DEBUG] [aiosqlite] operation functools.partial(<built-in method close of sqlite3.Cursor object at 0x10d698c40>) completed
2026-02-14 11:41:13,024 [DEBUG] [aiosqlite] executing functools.partial(<built-in method commit of sqlite3.Connection object at 0x10d36ed40>)
2026-02-14 11:41:13,024 [DEBUG] [aiosqlite] operation functools.partial(<built-in method commit of sqlite3.Connection object at 0x10d36ed40>) completed
2026-02-14 11:41:13,024 [DEBUG] [aiosqlite] executing functools.partial(<built-in method rollback of sqlite3.Connection object at 0x10d36ed40>)
2026-02-14 11:41:13,024 [DEBUG] [aiosqlite] operation functools.partial(<built-in method rollback of sqlite3.Connection object at 0x10d36ed40>) completed
2026-02-14 11:41:13,025 [DEBUG] [aiosqlite] executing functools.partial(<built-in method cursor of sqlite3.Connection object at 0x10d36ed40>)
2026-02-14 11:41:13,025 [DEBUG] [aiosqlite] operation functools.partial(<built-in method cursor of sqlite3.Connection object at 0x10d36ed40>) completed
2026-02-14 11:41:13,025 [DEBUG] [aiosqlite] executing functools.partial(<built-in method execute of sqlite3.Cursor object at 0x10d69b140>, 'SELECT snapshots.id, snapshots.pyramid_id, snapshots.version, snapshots.data, snapshots.reason, snapshots.created_at \nFROM snapshots \nWHERE snapshots.id = ?', ('c6af594d433046c0b786a7c7f8219684',))
2026-02-14 11:41:13,025 [DEBUG] [aiosqlite] operation functools.partial(<built-in method execute of sqlite3.Cursor object at 0x10d69b140>, 'SELECT snapshots.id, snapshots.pyramid_id, snapshots.version, snapshots.data, snapshots.reason, snapshots.created_at \nFROM snapshots \nWHERE snapshots.id = ?', ('c6af594d433046c0b786a7c7f8219684',)) completed
2026-02-14 11:41:13,025 [DEBUG] [aiosqlite] executing functools.partial(<built-in method fetchall of sqlite3.Cursor object at 0x10d69b140>)
2026-02-14 11:41:13,025 [DEBUG] [aiosqlite] operation functools.partial(<built-in method fetchall of sqlite3.Cursor object at 0x10d69b140>) completed
2026-02-14 11:41:13,025 [DEBUG] [aiosqlite] executing functools.partial(<built-in method close of sqlite3.Cursor object at 0x10d69b140>)
2026-02-14 11:41:13,025 [DEBUG] [aiosqlite] operation functools.partial(<built-in method close of sqlite3.Cursor object at 0x10d69b140>) completed
2026-02-14 11:41:13,025 [INFO] [app.services.snapshot_service] Snapshot c6af594d-4330-46c0-b786-a7c7f8219684 created with version v-20260214034113
2026-02-14 11:41:13,026 [DEBUG] [aiosqlite] executing functools.partial(<built-in method cursor of sqlite3.Connection object at 0x10d36ed40>)
2026-02-14 11:41:13,026 [DEBUG] [aiosqlite] operation functools.partial(<built-in method cursor of sqlite3.Connection object at 0x10d36ed40>) completed
2026-02-14 11:41:13,026 [DEBUG] [aiosqlite] executing functools.partial(<built-in method execute of sqlite3.Cursor object at 0x10d683ec0>, 'UPDATE pyramid_nodes SET description=? WHERE pyramid_nodes.id = ?', ('Modified content', 'b3e24a85b14d4b50904b0f69abc800ad'))
2026-02-14 11:41:13,026 [DEBUG] [aiosqlite] operation functools.partial(<built-in method execute of sqlite3.Cursor object at 0x10d683ec0>, 'UPDATE pyramid_nodes SET description=? WHERE pyramid_nodes.id = ?', ('Modified content', 'b3e24a85b14d4b50904b0f69abc800ad')) completed
2026-02-14 11:41:13,026 [DEBUG] [aiosqlite] executing functools.partial(<built-in method close of sqlite3.Cursor object at 0x10d683ec0>)
2026-02-14 11:41:13,026 [DEBUG] [aiosqlite] operation functools.partial(<built-in method close of sqlite3.Cursor object at 0x10d683ec0>) completed
2026-02-14 11:41:13,026 [DEBUG] [aiosqlite] executing functools.partial(<built-in method cursor of sqlite3.Connection object at 0x10d36ed40>)
2026-02-14 11:41:13,026 [DEBUG] [aiosqlite] operation functools.partial(<built-in method cursor of sqlite3.Connection object at 0x10d36ed40>) completed
2026-02-14 11:41:13,026 [DEBUG] [aiosqlite] executing functools.partial(<built-in method execute of sqlite3.Cursor object at 0x10d698a40>, 'INSERT INTO pyramid_nodes (id, pyramid_id, parent_id, name, description, level, sort_order, path, health_score, status, content_count, last_content_at, is_deleted) VALUES (?, ?, ?, ?, ?, ?, ?, ?, ?, ?, ?, ?, ?)', ('dfe3d16390ca4e59b82b4cc5c3747a8a', '90ce073d28c34b6b94257f115a5f40bd', None, 'Node 2', 'New node', 0, 0, '002', 100, 'pending', 0, None, 0))
2026-02-14 11:41:13,026 [DEBUG] [aiosqlite] operation functools.partial(<built-in method execute of sqlite3.Cursor object at 0x10d698a40>, 'INSERT INTO pyramid_nodes (id, pyramid_id, parent_id, name, description, level, sort_order, path, health_score, status, content_count, last_content_at, is_deleted) VALUES (?, ?, ?, ?, ?, ?, ?, ?, ?, ?, ?, ?, ?)', ('dfe3d16390ca4e59b82b4cc5c3747a8a', '90ce073d28c34b6b94257f115a5f40bd', None, 'Node 2', 'New node', 0, 0, '002', 100, 'pending', 0, None, 0)) completed
2026-02-14 11:41:13,026 [DEBUG] [aiosqlite] executing functools.partial(<built-in method close of sqlite3.Cursor object at 0x10d698a40>)
2026-02-14 11:41:13,026 [DEBUG] [aiosqlite] operation functools.partial(<built-in method close of sqlite3.Cursor object at 0x10d698a40>) completed
2026-02-14 11:41:13,026 [DEBUG] [aiosqlite] executing functools.partial(<built-in method commit of sqlite3.Connection object at 0x10d36ed40>)
2026-02-14 11:41:13,026 [DEBUG] [aiosqlite] operation functools.partial(<built-in method commit of sqlite3.Connection object at 0x10d36ed40>) completed
2026-02-14 11:41:13,026 [DEBUG] [aiosqlite] executing functools.partial(<built-in method rollback of sqlite3.Connection object at 0x10d36ed40>)
2026-02-14 11:41:13,026 [DEBUG] [aiosqlite] operation functools.partial(<built-in method rollback of sqlite3.Connection object at 0x10d36ed40>) completed
2026-02-14 11:41:13,027 [DEBUG] [aiosqlite] executing functools.partial(<built-in method cursor of sqlite3.Connection object at 0x10d36ed40>)
2026-02-14 11:41:13,027 [DEBUG] [aiosqlite] operation functools.partial(<built-in method cursor of sqlite3.Connection object at 0x10d36ed40>) completed
2026-02-14 11:41:13,027 [DEBUG] [aiosqlite] executing functools.partial(<built-in method execute of sqlite3.Cursor object at 0x10d69bec0>, 'SELECT pyramids.id, pyramids.name, pyramids.description, pyramids.created_at, pyramids.updated_at, pyramids.is_deleted \nFROM pyramids \nWHERE pyramids.id = ?', ('90ce073d28c34b6b94257f115a5f40bd',))
2026-02-14 11:41:13,027 [DEBUG] [aiosqlite] operation functools.partial(<built-in method execute of sqlite3.Cursor object at 0x10d69bec0>, 'SELECT pyramids.id, pyramids.name, pyramids.description, pyramids.created_at, pyramids.updated_at, pyramids.is_deleted \nFROM pyramids \nWHERE pyramids.id = ?', ('90ce073d28c34b6b94257f115a5f40bd',)) completed
2026-02-14 11:41:13,027 [DEBUG] [aiosqlite] executing functools.partial(<built-in method fetchall of sqlite3.Cursor object at 0x10d69bec0>)
2026-02-14 11:41:13,027 [DEBUG] [aiosqlite] operation functools.partial(<built-in method fetchall of sqlite3.Cursor object at 0x10d69bec0>) completed
2026-02-14 11:41:13,027 [DEBUG] [aiosqlite] executing functools.partial(<built-in method close of sqlite3.Cursor object at 0x10d69bec0>)
2026-02-14 11:41:13,027 [DEBUG] [aiosqlite] operation functools.partial(<built-in method close of sqlite3.Cursor object at 0x10d69bec0>) completed
2026-02-14 11:41:13,027 [DEBUG] [aiosqlite] executing functools.partial(<built-in method cursor of sqlite3.Connection object at 0x10d36ed40>)
2026-02-14 11:41:13,027 [DEBUG] [aiosqlite] operation functools.partial(<built-in method cursor of sqlite3.Connection object at 0x10d36ed40>) completed
2026-02-14 11:41:13,027 [DEBUG] [aiosqlite] executing functools.partial(<built-in method execute of sqlite3.Cursor object at 0x10d69bd40>, 'SELECT pyramid_nodes.id, pyramid_nodes.pyramid_id, pyramid_nodes.parent_id, pyramid_nodes.name, pyramid_nodes.description, pyramid_nodes.level, pyramid_nodes.sort_order, pyramid_nodes.path, pyramid_nodes.health_score, pyramid_nodes.status, pyramid_nodes.content_count, pyramid_nodes.last_content_at, pyramid_nodes.is_deleted \nFROM pyramid_nodes \nWHERE pyramid_nodes.pyramid_id = ? AND pyramid_nodes.is_deleted = 0', ('90ce073d28c34b6b94257f115a5f40bd',))
2026-02-14 11:41:13,028 [DEBUG] [aiosqlite] operation functools.partial(<built-in method execute of sqlite3.Cursor object at 0x10d69bd40>, 'SELECT pyramid_nodes.id, pyramid_nodes.pyramid_id, pyramid_nodes.parent_id, pyramid_nodes.name, pyramid_nodes.description, pyramid_nodes.level, pyramid_nodes.sort_order, pyramid_nodes.path, pyramid_nodes.health_score, pyramid_nodes.status, pyramid_nodes.content_count, pyramid_nodes.last_content_at, pyramid_nodes.is_deleted \nFROM pyramid_nodes \nWHERE pyramid_nodes.pyramid_id = ? AND pyramid_nodes.is_deleted = 0', ('90ce073d28c34b6b94257f115a5f40bd',)) completed
2026-02-14 11:41:13,028 [DEBUG] [aiosqlite] executing functools.partial(<built-in method fetchall of sqlite3.Cursor object at 0x10d69bd40>)
2026-02-14 11:41:13,028 [DEBUG] [aiosqlite] operation functools.partial(<built-in method fetchall of sqlite3.Cursor object at 0x10d69bd40>) completed
2026-02-14 11:41:13,028 [DEBUG] [aiosqlite] executing functools.partial(<built-in method close of sqlite3.Cursor object at 0x10d69bd40>)
2026-02-14 11:41:13,028 [DEBUG] [aiosqlite] operation functools.partial(<built-in method close of sqlite3.Cursor object at 0x10d69bd40>) completed
2026-02-14 11:41:13,028 [INFO] [app.services.snapshot_service] Creating snapshot for pyramid 90ce073d-28c3-4b6b-9425-7f115a5f40bd
2026-02-14 11:41:13,028 [DEBUG] [aiosqlite] executing functools.partial(<built-in method cursor of sqlite3.Connection object at 0x10d36ed40>)
2026-02-14 11:41:13,028 [DEBUG] [aiosqlite] operation functools.partial(<built-in method cursor of sqlite3.Connection object at 0x10d36ed40>) completed
2026-02-14 11:41:13,028 [DEBUG] [aiosqlite] executing functools.partial(<built-in method execute of sqlite3.Cursor object at 0x10d69b640>, 'SELECT pyramids.id, pyramids.name, pyramids.description, pyramids.created_at, pyramids.updated_at, pyramids.is_deleted \nFROM pyramids \nWHERE pyramids.id = ?', ('90ce073d28c34b6b94257f115a5f40bd',))
2026-02-14 11:41:13,028 [DEBUG] [aiosqlite] operation functools.partial(<built-in method execute of sqlite3.Cursor object at 0x10d69b640>, 'SELECT pyramids.id, pyramids.name, pyramids.description, pyramids.created_at, pyramids.updated_at, pyramids.is_deleted \nFROM pyramids \nWHERE pyramids.id = ?', ('90ce073d28c34b6b94257f115a5f40bd',)) completed
2026-02-14 11:41:13,028 [DEBUG] [aiosqlite] executing functools.partial(<built-in method fetchall of sqlite3.Cursor object at 0x10d69b640>)
2026-02-14 11:41:13,028 [DEBUG] [aiosqlite] operation functools.partial(<built-in method fetchall of sqlite3.Cursor object at 0x10d69b640>) completed
2026-02-14 11:41:13,028 [DEBUG] [aiosqlite] executing functools.partial(<built-in method close of sqlite3.Cursor object at 0x10d69b640>)
2026-02-14 11:41:13,028 [DEBUG] [aiosqlite] operation functools.partial(<built-in method close of sqlite3.Cursor object at 0x10d69b640>) completed
2026-02-14 11:41:13,028 [DEBUG] [aiosqlite] executing functools.partial(<built-in method cursor of sqlite3.Connection object at 0x10d36ed40>)
2026-02-14 11:41:13,029 [DEBUG] [aiosqlite] operation functools.partial(<built-in method cursor of sqlite3.Connection object at 0x10d36ed40>) completed
2026-02-14 11:41:13,029 [DEBUG] [aiosqlite] executing functools.partial(<built-in method execute of sqlite3.Cursor object at 0x10d6dc540>, 'SELECT pyramid_nodes.id, pyramid_nodes.pyramid_id, pyramid_nodes.parent_id, pyramid_nodes.name, pyramid_nodes.description, pyramid_nodes.level, pyramid_nodes.sort_order, pyramid_nodes.path, pyramid_nodes.health_score, pyramid_nodes.status, pyramid_nodes.content_count, pyramid_nodes.last_content_at, pyramid_nodes.is_deleted \nFROM pyramid_nodes \nWHERE pyramid_nodes.pyramid_id = ?', ('90ce073d28c34b6b94257f115a5f40bd',))
2026-02-14 11:41:13,029 [DEBUG] [aiosqlite] operation functools.partial(<built-in method execute of sqlite3.Cursor object at 0x10d6dc540>, 'SELECT pyramid_nodes.id, pyramid_nodes.pyramid_id, pyramid_nodes.parent_id, pyramid_nodes.name, pyramid_nodes.description, pyramid_nodes.level, pyramid_nodes.sort_order, pyramid_nodes.path, pyramid_nodes.health_score, pyramid_nodes.status, pyramid_nodes.content_count, pyramid_nodes.last_content_at, pyramid_nodes.is_deleted \nFROM pyramid_nodes \nWHERE pyramid_nodes.pyramid_id = ?', ('90ce073d28c34b6b94257f115a5f40bd',)) completed
2026-02-14 11:41:13,029 [DEBUG] [aiosqlite] executing functools.partial(<built-in method fetchall of sqlite3.Cursor object at 0x10d6dc540>)
2026-02-14 11:41:13,029 [DEBUG] [aiosqlite] operation functools.partial(<built-in method fetchall of sqlite3.Cursor object at 0x10d6dc540>) completed
2026-02-14 11:41:13,029 [DEBUG] [aiosqlite] executing functools.partial(<built-in method close of sqlite3.Cursor object at 0x10d6dc540>)
2026-02-14 11:41:13,029 [DEBUG] [aiosqlite] operation functools.partial(<built-in method close of sqlite3.Cursor object at 0x10d6dc540>) completed
2026-02-14 11:41:13,029 [DEBUG] [aiosqlite] executing functools.partial(<built-in method cursor of sqlite3.Connection object at 0x10d36ed40>)
2026-02-14 11:41:13,029 [DEBUG] [aiosqlite] operation functools.partial(<built-in method cursor of sqlite3.Connection object at 0x10d36ed40>) completed
2026-02-14 11:41:13,029 [DEBUG] [aiosqlite] executing functools.partial(<built-in method execute of sqlite3.Cursor object at 0x10d6dc9c0>, 'SELECT node_relations.id, node_relations.source_node_id, node_relations.target_node_id, node_relations.relation_type \nFROM node_relations \nWHERE node_relations.source_node_id IN (?, ?) OR node_relations.target_node_id IN (?, ?)', ('b3e24a85b14d4b50904b0f69abc800ad', 'dfe3d16390ca4e59b82b4cc5c3747a8a', 'b3e24a85b14d4b50904b0f69abc800ad', 'dfe3d16390ca4e59b82b4cc5c3747a8a'))
2026-02-14 11:41:13,029 [DEBUG] [aiosqlite] operation functools.partial(<built-in method execute of sqlite3.Cursor object at 0x10d6dc9c0>, 'SELECT node_relations.id, node_relations.source_node_id, node_relations.target_node_id, node_relations.relation_type \nFROM node_relations \nWHERE node_relations.source_node_id IN (?, ?) OR node_relations.target_node_id IN (?, ?)', ('b3e24a85b14d4b50904b0f69abc800ad', 'dfe3d16390ca4e59b82b4cc5c3747a8a', 'b3e24a85b14d4b50904b0f69abc800ad', 'dfe3d16390ca4e59b82b4cc5c3747a8a')) completed
2026-02-14 11:41:13,029 [DEBUG] [aiosqlite] executing functools.partial(<built-in method fetchall of sqlite3.Cursor object at 0x10d6dc9c0>)
2026-02-14 11:41:13,030 [DEBUG] [aiosqlite] operation functools.partial(<built-in method fetchall of sqlite3.Cursor object at 0x10d6dc9c0>) completed
2026-02-14 11:41:13,030 [DEBUG] [aiosqlite] executing functools.partial(<built-in method close of sqlite3.Cursor object at 0x10d6dc9c0>)
2026-02-14 11:41:13,030 [DEBUG] [aiosqlite] operation functools.partial(<built-in method close of sqlite3.Cursor object at 0x10d6dc9c0>) completed
2026-02-14 11:41:13,030 [DEBUG] [aiosqlite] executing functools.partial(<built-in method cursor of sqlite3.Connection object at 0x10d36ed40>)
2026-02-14 11:41:13,030 [DEBUG] [aiosqlite] operation functools.partial(<built-in method cursor of sqlite3.Connection object at 0x10d36ed40>) completed
2026-02-14 11:41:13,030 [DEBUG] [aiosqlite] executing functools.partial(<built-in method execute of sqlite3.Cursor object at 0x10d6dccc0>, 'INSERT INTO snapshots (id, pyramid_id, version, data, reason) VALUES (?, ?, ?, ?, ?) RETURNING created_at', ('2ddb872cb6b04fc795430ef7ce5e24b2', '90ce073d28c34b6b94257f115a5f40bd', 'v-20260214034113', '{"pyramid": {"id": "90ce073d-28c3-4b6b-9425-7f115a5f40bd", "name": "Lifecycle Pyramid", "description": "Testing snapshot lifecycle"}, "nodes": [{"id": "b3e24a85-b14d-4b50-904b-0f69abc800ad", "parent_id": null, "name": "Node 1", "description": "Modified content", "level": 0, "sort_order": 0, "path": "001", "health_score": 100}, {"id": "dfe3d163-90ca-4e59-b82b-4cc5c3747a8a", "parent_id": null, "name": "Node 2", "description": "New node", "level": 0, "sort_order": 0, "path": "002", "health_score": 100}], "relations": [], "timestamp": "2026-02-14T03:41:13.030190+00:00"}', 'V2 Modified'))
2026-02-14 11:41:13,030 [DEBUG] [aiosqlite] operation functools.partial(<built-in method execute of sqlite3.Cursor object at 0x10d6dccc0>, 'INSERT INTO snapshots (id, pyramid_id, version, data, reason) VALUES (?, ?, ?, ?, ?) RETURNING created_at', ('2ddb872cb6b04fc795430ef7ce5e24b2', '90ce073d28c34b6b94257f115a5f40bd', 'v-20260214034113', '{"pyramid": {"id": "90ce073d-28c3-4b6b-9425-7f115a5f40bd", "name": "Lifecycle Pyramid", "description": "Testing snapshot lifecycle"}, "nodes": [{"id": "b3e24a85-b14d-4b50-904b-0f69abc800ad", "parent_id": null, "name": "Node 1", "description": "Modified content", "level": 0, "sort_order": 0, "path": "001", "health_score": 100}, {"id": "dfe3d163-90ca-4e59-b82b-4cc5c3747a8a", "parent_id": null, "name": "Node 2", "description": "New node", "level": 0, "sort_order": 0, "path": "002", "health_score": 100}], "relations": [], "timestamp": "2026-02-14T03:41:13.030190+00:00"}', 'V2 Modified')) completed
2026-02-14 11:41:13,030 [DEBUG] [aiosqlite] executing functools.partial(<built-in method fetchall of sqlite3.Cursor object at 0x10d6dccc0>)
2026-02-14 11:41:13,030 [DEBUG] [aiosqlite] operation functools.partial(<built-in method fetchall of sqlite3.Cursor object at 0x10d6dccc0>) completed
2026-02-14 11:41:13,030 [DEBUG] [aiosqlite] executing functools.partial(<built-in method close of sqlite3.Cursor object at 0x10d6dccc0>)
2026-02-14 11:41:13,030 [DEBUG] [aiosqlite] operation functools.partial(<built-in method close of sqlite3.Cursor object at 0x10d6dccc0>) completed
2026-02-14 11:41:13,030 [DEBUG] [aiosqlite] executing functools.partial(<built-in method commit of sqlite3.Connection object at 0x10d36ed40>)
2026-02-14 11:41:13,030 [DEBUG] [aiosqlite] operation functools.partial(<built-in method commit of sqlite3.Connection object at 0x10d36ed40>) completed
2026-02-14 11:41:13,030 [DEBUG] [aiosqlite] executing functools.partial(<built-in method rollback of sqlite3.Connection object at 0x10d36ed40>)
2026-02-14 11:41:13,031 [DEBUG] [aiosqlite] operation functools.partial(<built-in method rollback of sqlite3.Connection object at 0x10d36ed40>) completed
2026-02-14 11:41:13,031 [DEBUG] [aiosqlite] executing functools.partial(<built-in method cursor of sqlite3.Connection object at 0x10d36ed40>)
2026-02-14 11:41:13,031 [DEBUG] [aiosqlite] operation functools.partial(<built-in method cursor of sqlite3.Connection object at 0x10d36ed40>) completed
2026-02-14 11:41:13,031 [DEBUG] [aiosqlite] executing functools.partial(<built-in method execute of sqlite3.Cursor object at 0x10d6dd1c0>, 'SELECT snapshots.id, snapshots.pyramid_id, snapshots.version, snapshots.data, snapshots.reason, snapshots.created_at \nFROM snapshots \nWHERE snapshots.id = ?', ('2ddb872cb6b04fc795430ef7ce5e24b2',))
2026-02-14 11:41:13,031 [DEBUG] [aiosqlite] operation functools.partial(<built-in method execute of sqlite3.Cursor object at 0x10d6dd1c0>, 'SELECT snapshots.id, snapshots.pyramid_id, snapshots.version, snapshots.data, snapshots.reason, snapshots.created_at \nFROM snapshots \nWHERE snapshots.id = ?', ('2ddb872cb6b04fc795430ef7ce5e24b2',)) completed
2026-02-14 11:41:13,031 [DEBUG] [aiosqlite] executing functools.partial(<built-in method fetchall of sqlite3.Cursor object at 0x10d6dd1c0>)
2026-02-14 11:41:13,031 [DEBUG] [aiosqlite] operation functools.partial(<built-in method fetchall of sqlite3.Cursor object at 0x10d6dd1c0>) completed
2026-02-14 11:41:13,031 [DEBUG] [aiosqlite] executing functools.partial(<built-in method close of sqlite3.Cursor object at 0x10d6dd1c0>)
2026-02-14 11:41:13,031 [DEBUG] [aiosqlite] operation functools.partial(<built-in method close of sqlite3.Cursor object at 0x10d6dd1c0>) completed
2026-02-14 11:41:13,032 [INFO] [app.services.snapshot_service] Snapshot 2ddb872c-b6b0-4fc7-9543-0ef7ce5e24b2 created with version v-20260214034113
2026-02-14 11:41:13,032 [INFO] [app.services.snapshot_service] Restoring snapshot c6af594d-4330-46c0-b786-a7c7f8219684
2026-02-14 11:41:13,032 [DEBUG] [aiosqlite] executing functools.partial(<built-in method cursor of sqlite3.Connection object at 0x10d36ed40>)
2026-02-14 11:41:13,032 [DEBUG] [aiosqlite] operation functools.partial(<built-in method cursor of sqlite3.Connection object at 0x10d36ed40>) completed
2026-02-14 11:41:13,032 [DEBUG] [aiosqlite] executing functools.partial(<built-in method execute of sqlite3.Cursor object at 0x10d69a4c0>, 'SELECT snapshots.id, snapshots.pyramid_id, snapshots.version, snapshots.data, snapshots.reason, snapshots.created_at \nFROM snapshots \nWHERE snapshots.id = ?', ('c6af594d433046c0b786a7c7f8219684',))
2026-02-14 11:41:13,032 [DEBUG] [aiosqlite] operation functools.partial(<built-in method execute of sqlite3.Cursor object at 0x10d69a4c0>, 'SELECT snapshots.id, snapshots.pyramid_id, snapshots.version, snapshots.data, snapshots.reason, snapshots.created_at \nFROM snapshots \nWHERE snapshots.id = ?', ('c6af594d433046c0b786a7c7f8219684',)) completed
2026-02-14 11:41:13,032 [DEBUG] [aiosqlite] executing functools.partial(<built-in method fetchall of sqlite3.Cursor object at 0x10d69a4c0>)
2026-02-14 11:41:13,032 [DEBUG] [aiosqlite] operation functools.partial(<built-in method fetchall of sqlite3.Cursor object at 0x10d69a4c0>) completed
2026-02-14 11:41:13,033 [DEBUG] [aiosqlite] executing functools.partial(<built-in method close of sqlite3.Cursor object at 0x10d69a4c0>)
2026-02-14 11:41:13,033 [DEBUG] [aiosqlite] operation functools.partial(<built-in method close of sqlite3.Cursor object at 0x10d69a4c0>) completed
2026-02-14 11:41:13,033 [DEBUG] [aiosqlite] executing functools.partial(<built-in method cursor of sqlite3.Connection object at 0x10d36ed40>)
2026-02-14 11:41:13,033 [DEBUG] [aiosqlite] operation functools.partial(<built-in method cursor of sqlite3.Connection object at 0x10d36ed40>) completed
2026-02-14 11:41:13,033 [DEBUG] [aiosqlite] executing functools.partial(<built-in method execute of sqlite3.Cursor object at 0x10d6dcdc0>, 'SELECT pyramids.id, pyramids.name, pyramids.description, pyramids.created_at, pyramids.updated_at, pyramids.is_deleted \nFROM pyramids \nWHERE pyramids.id = ?', ('90ce073d28c34b6b94257f115a5f40bd',))
2026-02-14 11:41:13,033 [DEBUG] [aiosqlite] operation functools.partial(<built-in method execute of sqlite3.Cursor object at 0x10d6dcdc0>, 'SELECT pyramids.id, pyramids.name, pyramids.description, pyramids.created_at, pyramids.updated_at, pyramids.is_deleted \nFROM pyramids \nWHERE pyramids.id = ?', ('90ce073d28c34b6b94257f115a5f40bd',)) completed
2026-02-14 11:41:13,033 [DEBUG] [aiosqlite] executing functools.partial(<built-in method fetchall of sqlite3.Cursor object at 0x10d6dcdc0>)
2026-02-14 11:41:13,033 [DEBUG] [aiosqlite] operation functools.partial(<built-in method fetchall of sqlite3.Cursor object at 0x10d6dcdc0>) completed
2026-02-14 11:41:13,033 [DEBUG] [aiosqlite] executing functools.partial(<built-in method close of sqlite3.Cursor object at 0x10d6dcdc0>)
2026-02-14 11:41:13,033 [DEBUG] [aiosqlite] operation functools.partial(<built-in method close of sqlite3.Cursor object at 0x10d6dcdc0>) completed
2026-02-14 11:41:13,034 [DEBUG] [aiosqlite] executing functools.partial(<built-in method cursor of sqlite3.Connection object at 0x10d36ed40>)
2026-02-14 11:41:13,034 [DEBUG] [aiosqlite] operation functools.partial(<built-in method cursor of sqlite3.Connection object at 0x10d36ed40>) completed
2026-02-14 11:41:13,034 [DEBUG] [aiosqlite] executing functools.partial(<built-in method execute of sqlite3.Cursor object at 0x10d69a9c0>, 'DELETE FROM pyramid_nodes WHERE pyramid_nodes.pyramid_id = ?', ('90ce073d28c34b6b94257f115a5f40bd',))
2026-02-14 11:41:13,034 [DEBUG] [aiosqlite] operation functools.partial(<built-in method execute of sqlite3.Cursor object at 0x10d69a9c0>, 'DELETE FROM pyramid_nodes WHERE pyramid_nodes.pyramid_id = ?', ('90ce073d28c34b6b94257f115a5f40bd',)) completed
2026-02-14 11:41:13,034 [DEBUG] [aiosqlite] executing functools.partial(<built-in method close of sqlite3.Cursor object at 0x10d69a9c0>)
2026-02-14 11:41:13,034 [DEBUG] [aiosqlite] operation functools.partial(<built-in method close of sqlite3.Cursor object at 0x10d69a9c0>) completed
2026-02-14 11:41:13,036 [DEBUG] [aiosqlite] executing functools.partial(<built-in method cursor of sqlite3.Connection object at 0x10d36ed40>)
2026-02-14 11:41:13,037 [DEBUG] [aiosqlite] operation functools.partial(<built-in method cursor of sqlite3.Connection object at 0x10d36ed40>) completed
2026-02-14 11:41:13,037 [DEBUG] [aiosqlite] executing functools.partial(<built-in method execute of sqlite3.Cursor object at 0x10d69ae40>, 'INSERT INTO pyramid_nodes (id, pyramid_id, parent_id, name, description, level, sort_order, path, health_score, status, content_count, last_content_at, is_deleted) VALUES (?, ?, ?, ?, ?, ?, ?, ?, ?, ?, ?, ?, ?)', ('b3e24a85b14d4b50904b0f69abc800ad', '90ce073d28c34b6b94257f115a5f40bd', None, 'Node 1', 'Initial content', 0, 0, '001', 100, 'pending', 0, None, 0))
2026-02-14 11:41:13,037 [DEBUG] [aiosqlite] operation functools.partial(<built-in method execute of sqlite3.Cursor object at 0x10d69ae40>, 'INSERT INTO pyramid_nodes (id, pyramid_id, parent_id, name, description, level, sort_order, path, health_score, status, content_count, last_content_at, is_deleted) VALUES (?, ?, ?, ?, ?, ?, ?, ?, ?, ?, ?, ?, ?)', ('b3e24a85b14d4b50904b0f69abc800ad', '90ce073d28c34b6b94257f115a5f40bd', None, 'Node 1', 'Initial content', 0, 0, '001', 100, 'pending', 0, None, 0)) completed
2026-02-14 11:41:13,037 [DEBUG] [aiosqlite] executing functools.partial(<built-in method close of sqlite3.Cursor object at 0x10d69ae40>)
2026-02-14 11:41:13,037 [DEBUG] [aiosqlite] operation functools.partial(<built-in method close of sqlite3.Cursor object at 0x10d69ae40>) completed
2026-02-14 11:41:13,038 [DEBUG] [aiosqlite] executing functools.partial(<built-in method commit of sqlite3.Connection object at 0x10d36ed40>)
2026-02-14 11:41:13,038 [DEBUG] [aiosqlite] operation functools.partial(<built-in method commit of sqlite3.Connection object at 0x10d36ed40>) completed
2026-02-14 11:41:13,038 [DEBUG] [aiosqlite] executing functools.partial(<built-in method rollback of sqlite3.Connection object at 0x10d36ed40>)
2026-02-14 11:41:13,038 [DEBUG] [aiosqlite] operation functools.partial(<built-in method rollback of sqlite3.Connection object at 0x10d36ed40>) completed
2026-02-14 11:41:13,038 [INFO] [app.services.snapshot_service] Successfully restored snapshot c6af594d-4330-46c0-b786-a7c7f8219684
------------------------------ Captured log call -------------------------------
DEBUG    aiosqlite:core.py:62 executing functools.partial(<built-in method cursor of sqlite3.Connection object at 0x10d36ed40>)
DEBUG    aiosqlite:core.py:67 operation functools.partial(<built-in method cursor of sqlite3.Connection object at 0x10d36ed40>) completed
DEBUG    aiosqlite:core.py:62 executing functools.partial(<built-in method execute of sqlite3.Cursor object at 0x10d682340>, 'INSERT INTO pyramids (id, name, description, is_deleted) VALUES (?, ?, ?, ?) RETURNING created_at, updated_at', ('90ce073d28c34b6b94257f115a5f40bd', 'Lifecycle Pyramid', 'Testing snapshot lifecycle', 0))
DEBUG    aiosqlite:core.py:67 operation functools.partial(<built-in method execute of sqlite3.Cursor object at 0x10d682340>, 'INSERT INTO pyramids (id, name, description, is_deleted) VALUES (?, ?, ?, ?) RETURNING created_at, updated_at', ('90ce073d28c34b6b94257f115a5f40bd', 'Lifecycle Pyramid', 'Testing snapshot lifecycle', 0)) completed
DEBUG    aiosqlite:core.py:62 executing functools.partial(<built-in method fetchall of sqlite3.Cursor object at 0x10d682340>)
DEBUG    aiosqlite:core.py:67 operation functools.partial(<built-in method fetchall of sqlite3.Cursor object at 0x10d682340>) completed
DEBUG    aiosqlite:core.py:62 executing functools.partial(<built-in method close of sqlite3.Cursor object at 0x10d682340>)
DEBUG    aiosqlite:core.py:67 operation functools.partial(<built-in method close of sqlite3.Cursor object at 0x10d682340>) completed
DEBUG    aiosqlite:core.py:62 executing functools.partial(<built-in method commit of sqlite3.Connection object at 0x10d36ed40>)
DEBUG    aiosqlite:core.py:67 operation functools.partial(<built-in method commit of sqlite3.Connection object at 0x10d36ed40>) completed
DEBUG    aiosqlite:core.py:62 executing functools.partial(<built-in method rollback of sqlite3.Connection object at 0x10d36ed40>)
DEBUG    aiosqlite:core.py:67 operation functools.partial(<built-in method rollback of sqlite3.Connection object at 0x10d36ed40>) completed
DEBUG    aiosqlite:core.py:62 executing functools.partial(<built-in method cursor of sqlite3.Connection object at 0x10d36ed40>)
DEBUG    aiosqlite:core.py:67 operation functools.partial(<built-in method cursor of sqlite3.Connection object at 0x10d36ed40>) completed
DEBUG    aiosqlite:core.py:62 executing functools.partial(<built-in method execute of sqlite3.Cursor object at 0x10d682bc0>, 'INSERT INTO pyramid_nodes (id, pyramid_id, parent_id, name, description, level, sort_order, path, health_score, status, content_count, last_content_at, is_deleted) VALUES (?, ?, ?, ?, ?, ?, ?, ?, ?, ?, ?, ?, ?)', ('b3e24a85b14d4b50904b0f69abc800ad', '90ce073d28c34b6b94257f115a5f40bd', None, 'Node 1', 'Initial content', 0, 0, '001', 100, 'pending', 0, None, 0))
DEBUG    aiosqlite:core.py:67 operation functools.partial(<built-in method execute of sqlite3.Cursor object at 0x10d682bc0>, 'INSERT INTO pyramid_nodes (id, pyramid_id, parent_id, name, description, level, sort_order, path, health_score, status, content_count, last_content_at, is_deleted) VALUES (?, ?, ?, ?, ?, ?, ?, ?, ?, ?, ?, ?, ?)', ('b3e24a85b14d4b50904b0f69abc800ad', '90ce073d28c34b6b94257f115a5f40bd', None, 'Node 1', 'Initial content', 0, 0, '001', 100, 'pending', 0, None, 0)) completed
DEBUG    aiosqlite:core.py:62 executing functools.partial(<built-in method close of sqlite3.Cursor object at 0x10d682bc0>)
DEBUG    aiosqlite:core.py:67 operation functools.partial(<built-in method close of sqlite3.Cursor object at 0x10d682bc0>) completed
DEBUG    aiosqlite:core.py:62 executing functools.partial(<built-in method commit of sqlite3.Connection object at 0x10d36ed40>)
DEBUG    aiosqlite:core.py:67 operation functools.partial(<built-in method commit of sqlite3.Connection object at 0x10d36ed40>) completed
DEBUG    aiosqlite:core.py:62 executing functools.partial(<built-in method rollback of sqlite3.Connection object at 0x10d36ed40>)
DEBUG    aiosqlite:core.py:67 operation functools.partial(<built-in method rollback of sqlite3.Connection object at 0x10d36ed40>) completed
INFO     app.services.snapshot_service:snapshot_service.py:25 Creating snapshot for pyramid 90ce073d-28c3-4b6b-9425-7f115a5f40bd
DEBUG    aiosqlite:core.py:62 executing functools.partial(<built-in method cursor of sqlite3.Connection object at 0x10d36ed40>)
DEBUG    aiosqlite:core.py:67 operation functools.partial(<built-in method cursor of sqlite3.Connection object at 0x10d36ed40>) completed
DEBUG    aiosqlite:core.py:62 executing functools.partial(<built-in method execute of sqlite3.Cursor object at 0x10d6825c0>, 'SELECT pyramids.id, pyramids.name, pyramids.description, pyramids.created_at, pyramids.updated_at, pyramids.is_deleted \nFROM pyramids \nWHERE pyramids.id = ?', ('90ce073d28c34b6b94257f115a5f40bd',))
DEBUG    aiosqlite:core.py:67 operation functools.partial(<built-in method execute of sqlite3.Cursor object at 0x10d6825c0>, 'SELECT pyramids.id, pyramids.name, pyramids.description, pyramids.created_at, pyramids.updated_at, pyramids.is_deleted \nFROM pyramids \nWHERE pyramids.id = ?', ('90ce073d28c34b6b94257f115a5f40bd',)) completed
DEBUG    aiosqlite:core.py:62 executing functools.partial(<built-in method fetchall of sqlite3.Cursor object at 0x10d6825c0>)
DEBUG    aiosqlite:core.py:67 operation functools.partial(<built-in method fetchall of sqlite3.Cursor object at 0x10d6825c0>) completed
DEBUG    aiosqlite:core.py:62 executing functools.partial(<built-in method close of sqlite3.Cursor object at 0x10d6825c0>)
DEBUG    aiosqlite:core.py:67 operation functools.partial(<built-in method close of sqlite3.Cursor object at 0x10d6825c0>) completed
DEBUG    aiosqlite:core.py:62 executing functools.partial(<built-in method cursor of sqlite3.Connection object at 0x10d36ed40>)
DEBUG    aiosqlite:core.py:67 operation functools.partial(<built-in method cursor of sqlite3.Connection object at 0x10d36ed40>) completed
DEBUG    aiosqlite:core.py:62 executing functools.partial(<built-in method execute of sqlite3.Cursor object at 0x10d683940>, 'SELECT pyramid_nodes.id, pyramid_nodes.pyramid_id, pyramid_nodes.parent_id, pyramid_nodes.name, pyramid_nodes.description, pyramid_nodes.level, pyramid_nodes.sort_order, pyramid_nodes.path, pyramid_nodes.health_score, pyramid_nodes.status, pyramid_nodes.content_count, pyramid_nodes.last_content_at, pyramid_nodes.is_deleted \nFROM pyramid_nodes \nWHERE pyramid_nodes.pyramid_id = ?', ('90ce073d28c34b6b94257f115a5f40bd',))
DEBUG    aiosqlite:core.py:67 operation functools.partial(<built-in method execute of sqlite3.Cursor object at 0x10d683940>, 'SELECT pyramid_nodes.id, pyramid_nodes.pyramid_id, pyramid_nodes.parent_id, pyramid_nodes.name, pyramid_nodes.description, pyramid_nodes.level, pyramid_nodes.sort_order, pyramid_nodes.path, pyramid_nodes.health_score, pyramid_nodes.status, pyramid_nodes.content_count, pyramid_nodes.last_content_at, pyramid_nodes.is_deleted \nFROM pyramid_nodes \nWHERE pyramid_nodes.pyramid_id = ?', ('90ce073d28c34b6b94257f115a5f40bd',)) completed
DEBUG    aiosqlite:core.py:62 executing functools.partial(<built-in method fetchall of sqlite3.Cursor object at 0x10d683940>)
DEBUG    aiosqlite:core.py:67 operation functools.partial(<built-in method fetchall of sqlite3.Cursor object at 0x10d683940>) completed
DEBUG    aiosqlite:core.py:62 executing functools.partial(<built-in method close of sqlite3.Cursor object at 0x10d683940>)
DEBUG    aiosqlite:core.py:67 operation functools.partial(<built-in method close of sqlite3.Cursor object at 0x10d683940>) completed
DEBUG    aiosqlite:core.py:62 executing functools.partial(<built-in method cursor of sqlite3.Connection object at 0x10d36ed40>)
DEBUG    aiosqlite:core.py:67 operation functools.partial(<built-in method cursor of sqlite3.Connection object at 0x10d36ed40>) completed
DEBUG    aiosqlite:core.py:62 executing functools.partial(<built-in method execute of sqlite3.Cursor object at 0x10d698740>, 'SELECT node_relations.id, node_relations.source_node_id, node_relations.target_node_id, node_relations.relation_type \nFROM node_relations \nWHERE node_relations.source_node_id IN (?) OR node_relations.target_node_id IN (?)', ('b3e24a85b14d4b50904b0f69abc800ad', 'b3e24a85b14d4b50904b0f69abc800ad'))
DEBUG    aiosqlite:core.py:67 operation functools.partial(<built-in method execute of sqlite3.Cursor object at 0x10d698740>, 'SELECT node_relations.id, node_relations.source_node_id, node_relations.target_node_id, node_relations.relation_type \nFROM node_relations \nWHERE node_relations.source_node_id IN (?) OR node_relations.target_node_id IN (?)', ('b3e24a85b14d4b50904b0f69abc800ad', 'b3e24a85b14d4b50904b0f69abc800ad')) completed
DEBUG    aiosqlite:core.py:62 executing functools.partial(<built-in method fetchall of sqlite3.Cursor object at 0x10d698740>)
DEBUG    aiosqlite:core.py:67 operation functools.partial(<built-in method fetchall of sqlite3.Cursor object at 0x10d698740>) completed
DEBUG    aiosqlite:core.py:62 executing functools.partial(<built-in method close of sqlite3.Cursor object at 0x10d698740>)
DEBUG    aiosqlite:core.py:67 operation functools.partial(<built-in method close of sqlite3.Cursor object at 0x10d698740>) completed
DEBUG    aiosqlite:core.py:62 executing functools.partial(<built-in method cursor of sqlite3.Connection object at 0x10d36ed40>)
DEBUG    aiosqlite:core.py:67 operation functools.partial(<built-in method cursor of sqlite3.Connection object at 0x10d36ed40>) completed
DEBUG    aiosqlite:core.py:62 executing functools.partial(<built-in method execute of sqlite3.Cursor object at 0x10d698c40>, 'INSERT INTO snapshots (id, pyramid_id, version, data, reason) VALUES (?, ?, ?, ?, ?) RETURNING created_at', ('c6af594d433046c0b786a7c7f8219684', '90ce073d28c34b6b94257f115a5f40bd', 'v-20260214034113', '{"pyramid": {"id": "90ce073d-28c3-4b6b-9425-7f115a5f40bd", "name": "Lifecycle Pyramid", "description": "Testing snapshot lifecycle"}, "nodes": [{"id": "b3e24a85-b14d-4b50-904b-0f69abc800ad", "parent_id": null, "name": "Node 1", "description": "Initial content", "level": 0, "sort_order": 0, "path": "001", "health_score": 100}], "relations": [], "timestamp": "2026-02-14T03:41:13.023085+00:00"}', 'V1 Initial'))
DEBUG    aiosqlite:core.py:67 operation functools.partial(<built-in method execute of sqlite3.Cursor object at 0x10d698c40>, 'INSERT INTO snapshots (id, pyramid_id, version, data, reason) VALUES (?, ?, ?, ?, ?) RETURNING created_at', ('c6af594d433046c0b786a7c7f8219684', '90ce073d28c34b6b94257f115a5f40bd', 'v-20260214034113', '{"pyramid": {"id": "90ce073d-28c3-4b6b-9425-7f115a5f40bd", "name": "Lifecycle Pyramid", "description": "Testing snapshot lifecycle"}, "nodes": [{"id": "b3e24a85-b14d-4b50-904b-0f69abc800ad", "parent_id": null, "name": "Node 1", "description": "Initial content", "level": 0, "sort_order": 0, "path": "001", "health_score": 100}], "relations": [], "timestamp": "2026-02-14T03:41:13.023085+00:00"}', 'V1 Initial')) completed
DEBUG    aiosqlite:core.py:62 executing functools.partial(<built-in method fetchall of sqlite3.Cursor object at 0x10d698c40>)
DEBUG    aiosqlite:core.py:67 operation functools.partial(<built-in method fetchall of sqlite3.Cursor object at 0x10d698c40>) completed
DEBUG    aiosqlite:core.py:62 executing functools.partial(<built-in method close of sqlite3.Cursor object at 0x10d698c40>)
DEBUG    aiosqlite:core.py:67 operation functools.partial(<built-in method close of sqlite3.Cursor object at 0x10d698c40>) completed
DEBUG    aiosqlite:core.py:62 executing functools.partial(<built-in method commit of sqlite3.Connection object at 0x10d36ed40>)
DEBUG    aiosqlite:core.py:67 operation functools.partial(<built-in method commit of sqlite3.Connection object at 0x10d36ed40>) completed
DEBUG    aiosqlite:core.py:62 executing functools.partial(<built-in method rollback of sqlite3.Connection object at 0x10d36ed40>)
DEBUG    aiosqlite:core.py:67 operation functools.partial(<built-in method rollback of sqlite3.Connection object at 0x10d36ed40>) completed
DEBUG    aiosqlite:core.py:62 executing functools.partial(<built-in method cursor of sqlite3.Connection object at 0x10d36ed40>)
DEBUG    aiosqlite:core.py:67 operation functools.partial(<built-in method cursor of sqlite3.Connection object at 0x10d36ed40>) completed
DEBUG    aiosqlite:core.py:62 executing functools.partial(<built-in method execute of sqlite3.Cursor object at 0x10d69b140>, 'SELECT snapshots.id, snapshots.pyramid_id, snapshots.version, snapshots.data, snapshots.reason, snapshots.created_at \nFROM snapshots \nWHERE snapshots.id = ?', ('c6af594d433046c0b786a7c7f8219684',))
DEBUG    aiosqlite:core.py:67 operation functools.partial(<built-in method execute of sqlite3.Cursor object at 0x10d69b140>, 'SELECT snapshots.id, snapshots.pyramid_id, snapshots.version, snapshots.data, snapshots.reason, snapshots.created_at \nFROM snapshots \nWHERE snapshots.id = ?', ('c6af594d433046c0b786a7c7f8219684',)) completed
DEBUG    aiosqlite:core.py:62 executing functools.partial(<built-in method fetchall of sqlite3.Cursor object at 0x10d69b140>)
DEBUG    aiosqlite:core.py:67 operation functools.partial(<built-in method fetchall of sqlite3.Cursor object at 0x10d69b140>) completed
DEBUG    aiosqlite:core.py:62 executing functools.partial(<built-in method close of sqlite3.Cursor object at 0x10d69b140>)
DEBUG    aiosqlite:core.py:67 operation functools.partial(<built-in method close of sqlite3.Cursor object at 0x10d69b140>) completed
INFO     app.services.snapshot_service:snapshot_service.py:99 Snapshot c6af594d-4330-46c0-b786-a7c7f8219684 created with version v-20260214034113
DEBUG    aiosqlite:core.py:62 executing functools.partial(<built-in method cursor of sqlite3.Connection object at 0x10d36ed40>)
DEBUG    aiosqlite:core.py:67 operation functools.partial(<built-in method cursor of sqlite3.Connection object at 0x10d36ed40>) completed
DEBUG    aiosqlite:core.py:62 executing functools.partial(<built-in method execute of sqlite3.Cursor object at 0x10d683ec0>, 'UPDATE pyramid_nodes SET description=? WHERE pyramid_nodes.id = ?', ('Modified content', 'b3e24a85b14d4b50904b0f69abc800ad'))
DEBUG    aiosqlite:core.py:67 operation functools.partial(<built-in method execute of sqlite3.Cursor object at 0x10d683ec0>, 'UPDATE pyramid_nodes SET description=? WHERE pyramid_nodes.id = ?', ('Modified content', 'b3e24a85b14d4b50904b0f69abc800ad')) completed
DEBUG    aiosqlite:core.py:62 executing functools.partial(<built-in method close of sqlite3.Cursor object at 0x10d683ec0>)
DEBUG    aiosqlite:core.py:67 operation functools.partial(<built-in method close of sqlite3.Cursor object at 0x10d683ec0>) completed
DEBUG    aiosqlite:core.py:62 executing functools.partial(<built-in method cursor of sqlite3.Connection object at 0x10d36ed40>)
DEBUG    aiosqlite:core.py:67 operation functools.partial(<built-in method cursor of sqlite3.Connection object at 0x10d36ed40>) completed
DEBUG    aiosqlite:core.py:62 executing functools.partial(<built-in method execute of sqlite3.Cursor object at 0x10d698a40>, 'INSERT INTO pyramid_nodes (id, pyramid_id, parent_id, name, description, level, sort_order, path, health_score, status, content_count, last_content_at, is_deleted) VALUES (?, ?, ?, ?, ?, ?, ?, ?, ?, ?, ?, ?, ?)', ('dfe3d16390ca4e59b82b4cc5c3747a8a', '90ce073d28c34b6b94257f115a5f40bd', None, 'Node 2', 'New node', 0, 0, '002', 100, 'pending', 0, None, 0))
DEBUG    aiosqlite:core.py:67 operation functools.partial(<built-in method execute of sqlite3.Cursor object at 0x10d698a40>, 'INSERT INTO pyramid_nodes (id, pyramid_id, parent_id, name, description, level, sort_order, path, health_score, status, content_count, last_content_at, is_deleted) VALUES (?, ?, ?, ?, ?, ?, ?, ?, ?, ?, ?, ?, ?)', ('dfe3d16390ca4e59b82b4cc5c3747a8a', '90ce073d28c34b6b94257f115a5f40bd', None, 'Node 2', 'New node', 0, 0, '002', 100, 'pending', 0, None, 0)) completed
DEBUG    aiosqlite:core.py:62 executing functools.partial(<built-in method close of sqlite3.Cursor object at 0x10d698a40>)
DEBUG    aiosqlite:core.py:67 operation functools.partial(<built-in method close of sqlite3.Cursor object at 0x10d698a40>) completed
DEBUG    aiosqlite:core.py:62 executing functools.partial(<built-in method commit of sqlite3.Connection object at 0x10d36ed40>)
DEBUG    aiosqlite:core.py:67 operation functools.partial(<built-in method commit of sqlite3.Connection object at 0x10d36ed40>) completed
DEBUG    aiosqlite:core.py:62 executing functools.partial(<built-in method rollback of sqlite3.Connection object at 0x10d36ed40>)
DEBUG    aiosqlite:core.py:67 operation functools.partial(<built-in method rollback of sqlite3.Connection object at 0x10d36ed40>) completed
DEBUG    aiosqlite:core.py:62 executing functools.partial(<built-in method cursor of sqlite3.Connection object at 0x10d36ed40>)
DEBUG    aiosqlite:core.py:67 operation functools.partial(<built-in method cursor of sqlite3.Connection object at 0x10d36ed40>) completed
DEBUG    aiosqlite:core.py:62 executing functools.partial(<built-in method execute of sqlite3.Cursor object at 0x10d69bec0>, 'SELECT pyramids.id, pyramids.name, pyramids.description, pyramids.created_at, pyramids.updated_at, pyramids.is_deleted \nFROM pyramids \nWHERE pyramids.id = ?', ('90ce073d28c34b6b94257f115a5f40bd',))
DEBUG    aiosqlite:core.py:67 operation functools.partial(<built-in method execute of sqlite3.Cursor object at 0x10d69bec0>, 'SELECT pyramids.id, pyramids.name, pyramids.description, pyramids.created_at, pyramids.updated_at, pyramids.is_deleted \nFROM pyramids \nWHERE pyramids.id = ?', ('90ce073d28c34b6b94257f115a5f40bd',)) completed
DEBUG    aiosqlite:core.py:62 executing functools.partial(<built-in method fetchall of sqlite3.Cursor object at 0x10d69bec0>)
DEBUG    aiosqlite:core.py:67 operation functools.partial(<built-in method fetchall of sqlite3.Cursor object at 0x10d69bec0>) completed
DEBUG    aiosqlite:core.py:62 executing functools.partial(<built-in method close of sqlite3.Cursor object at 0x10d69bec0>)
DEBUG    aiosqlite:core.py:67 operation functools.partial(<built-in method close of sqlite3.Cursor object at 0x10d69bec0>) completed
DEBUG    aiosqlite:core.py:62 executing functools.partial(<built-in method cursor of sqlite3.Connection object at 0x10d36ed40>)
DEBUG    aiosqlite:core.py:67 operation functools.partial(<built-in method cursor of sqlite3.Connection object at 0x10d36ed40>) completed
DEBUG    aiosqlite:core.py:62 executing functools.partial(<built-in method execute of sqlite3.Cursor object at 0x10d69bd40>, 'SELECT pyramid_nodes.id, pyramid_nodes.pyramid_id, pyramid_nodes.parent_id, pyramid_nodes.name, pyramid_nodes.description, pyramid_nodes.level, pyramid_nodes.sort_order, pyramid_nodes.path, pyramid_nodes.health_score, pyramid_nodes.status, pyramid_nodes.content_count, pyramid_nodes.last_content_at, pyramid_nodes.is_deleted \nFROM pyramid_nodes \nWHERE pyramid_nodes.pyramid_id = ? AND pyramid_nodes.is_deleted = 0', ('90ce073d28c34b6b94257f115a5f40bd',))
DEBUG    aiosqlite:core.py:67 operation functools.partial(<built-in method execute of sqlite3.Cursor object at 0x10d69bd40>, 'SELECT pyramid_nodes.id, pyramid_nodes.pyramid_id, pyramid_nodes.parent_id, pyramid_nodes.name, pyramid_nodes.description, pyramid_nodes.level, pyramid_nodes.sort_order, pyramid_nodes.path, pyramid_nodes.health_score, pyramid_nodes.status, pyramid_nodes.content_count, pyramid_nodes.last_content_at, pyramid_nodes.is_deleted \nFROM pyramid_nodes \nWHERE pyramid_nodes.pyramid_id = ? AND pyramid_nodes.is_deleted = 0', ('90ce073d28c34b6b94257f115a5f40bd',)) completed
DEBUG    aiosqlite:core.py:62 executing functools.partial(<built-in method fetchall of sqlite3.Cursor object at 0x10d69bd40>)
DEBUG    aiosqlite:core.py:67 operation functools.partial(<built-in method fetchall of sqlite3.Cursor object at 0x10d69bd40>) completed
DEBUG    aiosqlite:core.py:62 executing functools.partial(<built-in method close of sqlite3.Cursor object at 0x10d69bd40>)
DEBUG    aiosqlite:core.py:67 operation functools.partial(<built-in method close of sqlite3.Cursor object at 0x10d69bd40>) completed
INFO     app.services.snapshot_service:snapshot_service.py:25 Creating snapshot for pyramid 90ce073d-28c3-4b6b-9425-7f115a5f40bd
DEBUG    aiosqlite:core.py:62 executing functools.partial(<built-in method cursor of sqlite3.Connection object at 0x10d36ed40>)
DEBUG    aiosqlite:core.py:67 operation functools.partial(<built-in method cursor of sqlite3.Connection object at 0x10d36ed40>) completed
DEBUG    aiosqlite:core.py:62 executing functools.partial(<built-in method execute of sqlite3.Cursor object at 0x10d69b640>, 'SELECT pyramids.id, pyramids.name, pyramids.description, pyramids.created_at, pyramids.updated_at, pyramids.is_deleted \nFROM pyramids \nWHERE pyramids.id = ?', ('90ce073d28c34b6b94257f115a5f40bd',))
DEBUG    aiosqlite:core.py:67 operation functools.partial(<built-in method execute of sqlite3.Cursor object at 0x10d69b640>, 'SELECT pyramids.id, pyramids.name, pyramids.description, pyramids.created_at, pyramids.updated_at, pyramids.is_deleted \nFROM pyramids \nWHERE pyramids.id = ?', ('90ce073d28c34b6b94257f115a5f40bd',)) completed
DEBUG    aiosqlite:core.py:62 executing functools.partial(<built-in method fetchall of sqlite3.Cursor object at 0x10d69b640>)
DEBUG    aiosqlite:core.py:67 operation functools.partial(<built-in method fetchall of sqlite3.Cursor object at 0x10d69b640>) completed
DEBUG    aiosqlite:core.py:62 executing functools.partial(<built-in method close of sqlite3.Cursor object at 0x10d69b640>)
DEBUG    aiosqlite:core.py:67 operation functools.partial(<built-in method close of sqlite3.Cursor object at 0x10d69b640>) completed
DEBUG    aiosqlite:core.py:62 executing functools.partial(<built-in method cursor of sqlite3.Connection object at 0x10d36ed40>)
DEBUG    aiosqlite:core.py:67 operation functools.partial(<built-in method cursor of sqlite3.Connection object at 0x10d36ed40>) completed
DEBUG    aiosqlite:core.py:62 executing functools.partial(<built-in method execute of sqlite3.Cursor object at 0x10d6dc540>, 'SELECT pyramid_nodes.id, pyramid_nodes.pyramid_id, pyramid_nodes.parent_id, pyramid_nodes.name, pyramid_nodes.description, pyramid_nodes.level, pyramid_nodes.sort_order, pyramid_nodes.path, pyramid_nodes.health_score, pyramid_nodes.status, pyramid_nodes.content_count, pyramid_nodes.last_content_at, pyramid_nodes.is_deleted \nFROM pyramid_nodes \nWHERE pyramid_nodes.pyramid_id = ?', ('90ce073d28c34b6b94257f115a5f40bd',))
DEBUG    aiosqlite:core.py:67 operation functools.partial(<built-in method execute of sqlite3.Cursor object at 0x10d6dc540>, 'SELECT pyramid_nodes.id, pyramid_nodes.pyramid_id, pyramid_nodes.parent_id, pyramid_nodes.name, pyramid_nodes.description, pyramid_nodes.level, pyramid_nodes.sort_order, pyramid_nodes.path, pyramid_nodes.health_score, pyramid_nodes.status, pyramid_nodes.content_count, pyramid_nodes.last_content_at, pyramid_nodes.is_deleted \nFROM pyramid_nodes \nWHERE pyramid_nodes.pyramid_id = ?', ('90ce073d28c34b6b94257f115a5f40bd',)) completed
DEBUG    aiosqlite:core.py:62 executing functools.partial(<built-in method fetchall of sqlite3.Cursor object at 0x10d6dc540>)
DEBUG    aiosqlite:core.py:67 operation functools.partial(<built-in method fetchall of sqlite3.Cursor object at 0x10d6dc540>) completed
DEBUG    aiosqlite:core.py:62 executing functools.partial(<built-in method close of sqlite3.Cursor object at 0x10d6dc540>)
DEBUG    aiosqlite:core.py:67 operation functools.partial(<built-in method close of sqlite3.Cursor object at 0x10d6dc540>) completed
DEBUG    aiosqlite:core.py:62 executing functools.partial(<built-in method cursor of sqlite3.Connection object at 0x10d36ed40>)
DEBUG    aiosqlite:core.py:67 operation functools.partial(<built-in method cursor of sqlite3.Connection object at 0x10d36ed40>) completed
DEBUG    aiosqlite:core.py:62 executing functools.partial(<built-in method execute of sqlite3.Cursor object at 0x10d6dc9c0>, 'SELECT node_relations.id, node_relations.source_node_id, node_relations.target_node_id, node_relations.relation_type \nFROM node_relations \nWHERE node_relations.source_node_id IN (?, ?) OR node_relations.target_node_id IN (?, ?)', ('b3e24a85b14d4b50904b0f69abc800ad', 'dfe3d16390ca4e59b82b4cc5c3747a8a', 'b3e24a85b14d4b50904b0f69abc800ad', 'dfe3d16390ca4e59b82b4cc5c3747a8a'))
DEBUG    aiosqlite:core.py:67 operation functools.partial(<built-in method execute of sqlite3.Cursor object at 0x10d6dc9c0>, 'SELECT node_relations.id, node_relations.source_node_id, node_relations.target_node_id, node_relations.relation_type \nFROM node_relations \nWHERE node_relations.source_node_id IN (?, ?) OR node_relations.target_node_id IN (?, ?)', ('b3e24a85b14d4b50904b0f69abc800ad', 'dfe3d16390ca4e59b82b4cc5c3747a8a', 'b3e24a85b14d4b50904b0f69abc800ad', 'dfe3d16390ca4e59b82b4cc5c3747a8a')) completed
DEBUG    aiosqlite:core.py:62 executing functools.partial(<built-in method fetchall of sqlite3.Cursor object at 0x10d6dc9c0>)
DEBUG    aiosqlite:core.py:67 operation functools.partial(<built-in method fetchall of sqlite3.Cursor object at 0x10d6dc9c0>) completed
DEBUG    aiosqlite:core.py:62 executing functools.partial(<built-in method close of sqlite3.Cursor object at 0x10d6dc9c0>)
DEBUG    aiosqlite:core.py:67 operation functools.partial(<built-in method close of sqlite3.Cursor object at 0x10d6dc9c0>) completed
DEBUG    aiosqlite:core.py:62 executing functools.partial(<built-in method cursor of sqlite3.Connection object at 0x10d36ed40>)
DEBUG    aiosqlite:core.py:67 operation functools.partial(<built-in method cursor of sqlite3.Connection object at 0x10d36ed40>) completed
DEBUG    aiosqlite:core.py:62 executing functools.partial(<built-in method execute of sqlite3.Cursor object at 0x10d6dccc0>, 'INSERT INTO snapshots (id, pyramid_id, version, data, reason) VALUES (?, ?, ?, ?, ?) RETURNING created_at', ('2ddb872cb6b04fc795430ef7ce5e24b2', '90ce073d28c34b6b94257f115a5f40bd', 'v-20260214034113', '{"pyramid": {"id": "90ce073d-28c3-4b6b-9425-7f115a5f40bd", "name": "Lifecycle Pyramid", "description": "Testing snapshot lifecycle"}, "nodes": [{"id": "b3e24a85-b14d-4b50-904b-0f69abc800ad", "parent_id": null, "name": "Node 1", "description": "Modified content", "level": 0, "sort_order": 0, "path": "001", "health_score": 100}, {"id": "dfe3d163-90ca-4e59-b82b-4cc5c3747a8a", "parent_id": null, "name": "Node 2", "description": "New node", "level": 0, "sort_order": 0, "path": "002", "health_score": 100}], "relations": [], "timestamp": "2026-02-14T03:41:13.030190+00:00"}', 'V2 Modified'))
DEBUG    aiosqlite:core.py:67 operation functools.partial(<built-in method execute of sqlite3.Cursor object at 0x10d6dccc0>, 'INSERT INTO snapshots (id, pyramid_id, version, data, reason) VALUES (?, ?, ?, ?, ?) RETURNING created_at', ('2ddb872cb6b04fc795430ef7ce5e24b2', '90ce073d28c34b6b94257f115a5f40bd', 'v-20260214034113', '{"pyramid": {"id": "90ce073d-28c3-4b6b-9425-7f115a5f40bd", "name": "Lifecycle Pyramid", "description": "Testing snapshot lifecycle"}, "nodes": [{"id": "b3e24a85-b14d-4b50-904b-0f69abc800ad", "parent_id": null, "name": "Node 1", "description": "Modified content", "level": 0, "sort_order": 0, "path": "001", "health_score": 100}, {"id": "dfe3d163-90ca-4e59-b82b-4cc5c3747a8a", "parent_id": null, "name": "Node 2", "description": "New node", "level": 0, "sort_order": 0, "path": "002", "health_score": 100}], "relations": [], "timestamp": "2026-02-14T03:41:13.030190+00:00"}', 'V2 Modified')) completed
DEBUG    aiosqlite:core.py:62 executing functools.partial(<built-in method fetchall of sqlite3.Cursor object at 0x10d6dccc0>)
DEBUG    aiosqlite:core.py:67 operation functools.partial(<built-in method fetchall of sqlite3.Cursor object at 0x10d6dccc0>) completed
DEBUG    aiosqlite:core.py:62 executing functools.partial(<built-in method close of sqlite3.Cursor object at 0x10d6dccc0>)
DEBUG    aiosqlite:core.py:67 operation functools.partial(<built-in method close of sqlite3.Cursor object at 0x10d6dccc0>) completed
DEBUG    aiosqlite:core.py:62 executing functools.partial(<built-in method commit of sqlite3.Connection object at 0x10d36ed40>)
DEBUG    aiosqlite:core.py:67 operation functools.partial(<built-in method commit of sqlite3.Connection object at 0x10d36ed40>) completed
DEBUG    aiosqlite:core.py:62 executing functools.partial(<built-in method rollback of sqlite3.Connection object at 0x10d36ed40>)
DEBUG    aiosqlite:core.py:67 operation functools.partial(<built-in method rollback of sqlite3.Connection object at 0x10d36ed40>) completed
DEBUG    aiosqlite:core.py:62 executing functools.partial(<built-in method cursor of sqlite3.Connection object at 0x10d36ed40>)
DEBUG    aiosqlite:core.py:67 operation functools.partial(<built-in method cursor of sqlite3.Connection object at 0x10d36ed40>) completed
DEBUG    aiosqlite:core.py:62 executing functools.partial(<built-in method execute of sqlite3.Cursor object at 0x10d6dd1c0>, 'SELECT snapshots.id, snapshots.pyramid_id, snapshots.version, snapshots.data, snapshots.reason, snapshots.created_at \nFROM snapshots \nWHERE snapshots.id = ?', ('2ddb872cb6b04fc795430ef7ce5e24b2',))
DEBUG    aiosqlite:core.py:67 operation functools.partial(<built-in method execute of sqlite3.Cursor object at 0x10d6dd1c0>, 'SELECT snapshots.id, snapshots.pyramid_id, snapshots.version, snapshots.data, snapshots.reason, snapshots.created_at \nFROM snapshots \nWHERE snapshots.id = ?', ('2ddb872cb6b04fc795430ef7ce5e24b2',)) completed
DEBUG    aiosqlite:core.py:62 executing functools.partial(<built-in method fetchall of sqlite3.Cursor object at 0x10d6dd1c0>)
DEBUG    aiosqlite:core.py:67 operation functools.partial(<built-in method fetchall of sqlite3.Cursor object at 0x10d6dd1c0>) completed
DEBUG    aiosqlite:core.py:62 executing functools.partial(<built-in method close of sqlite3.Cursor object at 0x10d6dd1c0>)
DEBUG    aiosqlite:core.py:67 operation functools.partial(<built-in method close of sqlite3.Cursor object at 0x10d6dd1c0>) completed
INFO     app.services.snapshot_service:snapshot_service.py:99 Snapshot 2ddb872c-b6b0-4fc7-9543-0ef7ce5e24b2 created with version v-20260214034113
INFO     app.services.snapshot_service:snapshot_service.py:126 Restoring snapshot c6af594d-4330-46c0-b786-a7c7f8219684
DEBUG    aiosqlite:core.py:62 executing functools.partial(<built-in method cursor of sqlite3.Connection object at 0x10d36ed40>)
DEBUG    aiosqlite:core.py:67 operation functools.partial(<built-in method cursor of sqlite3.Connection object at 0x10d36ed40>) completed
DEBUG    aiosqlite:core.py:62 executing functools.partial(<built-in method execute of sqlite3.Cursor object at 0x10d69a4c0>, 'SELECT snapshots.id, snapshots.pyramid_id, snapshots.version, snapshots.data, snapshots.reason, snapshots.created_at \nFROM snapshots \nWHERE snapshots.id = ?', ('c6af594d433046c0b786a7c7f8219684',))
DEBUG    aiosqlite:core.py:67 operation functools.partial(<built-in method execute of sqlite3.Cursor object at 0x10d69a4c0>, 'SELECT snapshots.id, snapshots.pyramid_id, snapshots.version, snapshots.data, snapshots.reason, snapshots.created_at \nFROM snapshots \nWHERE snapshots.id = ?', ('c6af594d433046c0b786a7c7f8219684',)) completed
DEBUG    aiosqlite:core.py:62 executing functools.partial(<built-in method fetchall of sqlite3.Cursor object at 0x10d69a4c0>)
DEBUG    aiosqlite:core.py:67 operation functools.partial(<built-in method fetchall of sqlite3.Cursor object at 0x10d69a4c0>) completed
DEBUG    aiosqlite:core.py:62 executing functools.partial(<built-in method close of sqlite3.Cursor object at 0x10d69a4c0>)
DEBUG    aiosqlite:core.py:67 operation functools.partial(<built-in method close of sqlite3.Cursor object at 0x10d69a4c0>) completed
DEBUG    aiosqlite:core.py:62 executing functools.partial(<built-in method cursor of sqlite3.Connection object at 0x10d36ed40>)
DEBUG    aiosqlite:core.py:67 operation functools.partial(<built-in method cursor of sqlite3.Connection object at 0x10d36ed40>) completed
DEBUG    aiosqlite:core.py:62 executing functools.partial(<built-in method execute of sqlite3.Cursor object at 0x10d6dcdc0>, 'SELECT pyramids.id, pyramids.name, pyramids.description, pyramids.created_at, pyramids.updated_at, pyramids.is_deleted \nFROM pyramids \nWHERE pyramids.id = ?', ('90ce073d28c34b6b94257f115a5f40bd',))
DEBUG    aiosqlite:core.py:67 operation functools.partial(<built-in method execute of sqlite3.Cursor object at 0x10d6dcdc0>, 'SELECT pyramids.id, pyramids.name, pyramids.description, pyramids.created_at, pyramids.updated_at, pyramids.is_deleted \nFROM pyramids \nWHERE pyramids.id = ?', ('90ce073d28c34b6b94257f115a5f40bd',)) completed
DEBUG    aiosqlite:core.py:62 executing functools.partial(<built-in method fetchall of sqlite3.Cursor object at 0x10d6dcdc0>)
DEBUG    aiosqlite:core.py:67 operation functools.partial(<built-in method fetchall of sqlite3.Cursor object at 0x10d6dcdc0>) completed
DEBUG    aiosqlite:core.py:62 executing functools.partial(<built-in method close of sqlite3.Cursor object at 0x10d6dcdc0>)
DEBUG    aiosqlite:core.py:67 operation functools.partial(<built-in method close of sqlite3.Cursor object at 0x10d6dcdc0>) completed
DEBUG    aiosqlite:core.py:62 executing functools.partial(<built-in method cursor of sqlite3.Connection object at 0x10d36ed40>)
DEBUG    aiosqlite:core.py:67 operation functools.partial(<built-in method cursor of sqlite3.Connection object at 0x10d36ed40>) completed
DEBUG    aiosqlite:core.py:62 executing functools.partial(<built-in method execute of sqlite3.Cursor object at 0x10d69a9c0>, 'DELETE FROM pyramid_nodes WHERE pyramid_nodes.pyramid_id = ?', ('90ce073d28c34b6b94257f115a5f40bd',))
DEBUG    aiosqlite:core.py:67 operation functools.partial(<built-in method execute of sqlite3.Cursor object at 0x10d69a9c0>, 'DELETE FROM pyramid_nodes WHERE pyramid_nodes.pyramid_id = ?', ('90ce073d28c34b6b94257f115a5f40bd',)) completed
DEBUG    aiosqlite:core.py:62 executing functools.partial(<built-in method close of sqlite3.Cursor object at 0x10d69a9c0>)
DEBUG    aiosqlite:core.py:67 operation functools.partial(<built-in method close of sqlite3.Cursor object at 0x10d69a9c0>) completed
DEBUG    aiosqlite:core.py:62 executing functools.partial(<built-in method cursor of sqlite3.Connection object at 0x10d36ed40>)
DEBUG    aiosqlite:core.py:67 operation functools.partial(<built-in method cursor of sqlite3.Connection object at 0x10d36ed40>) completed
DEBUG    aiosqlite:core.py:62 executing functools.partial(<built-in method execute of sqlite3.Cursor object at 0x10d69ae40>, 'INSERT INTO pyramid_nodes (id, pyramid_id, parent_id, name, description, level, sort_order, path, health_score, status, content_count, last_content_at, is_deleted) VALUES (?, ?, ?, ?, ?, ?, ?, ?, ?, ?, ?, ?, ?)', ('b3e24a85b14d4b50904b0f69abc800ad', '90ce073d28c34b6b94257f115a5f40bd', None, 'Node 1', 'Initial content', 0, 0, '001', 100, 'pending', 0, None, 0))
DEBUG    aiosqlite:core.py:67 operation functools.partial(<built-in method execute of sqlite3.Cursor object at 0x10d69ae40>, 'INSERT INTO pyramid_nodes (id, pyramid_id, parent_id, name, description, level, sort_order, path, health_score, status, content_count, last_content_at, is_deleted) VALUES (?, ?, ?, ?, ?, ?, ?, ?, ?, ?, ?, ?, ?)', ('b3e24a85b14d4b50904b0f69abc800ad', '90ce073d28c34b6b94257f115a5f40bd', None, 'Node 1', 'Initial content', 0, 0, '001', 100, 'pending', 0, None, 0)) completed
DEBUG    aiosqlite:core.py:62 executing functools.partial(<built-in method close of sqlite3.Cursor object at 0x10d69ae40>)
DEBUG    aiosqlite:core.py:67 operation functools.partial(<built-in method close of sqlite3.Cursor object at 0x10d69ae40>) completed
DEBUG    aiosqlite:core.py:62 executing functools.partial(<built-in method commit of sqlite3.Connection object at 0x10d36ed40>)
DEBUG    aiosqlite:core.py:67 operation functools.partial(<built-in method commit of sqlite3.Connection object at 0x10d36ed40>) completed
DEBUG    aiosqlite:core.py:62 executing functools.partial(<built-in method rollback of sqlite3.Connection object at 0x10d36ed40>)
DEBUG    aiosqlite:core.py:67 operation functools.partial(<built-in method rollback of sqlite3.Connection object at 0x10d36ed40>) completed
INFO     app.services.snapshot_service:snapshot_service.py:212 Successfully restored snapshot c6af594d-4330-46c0-b786-a7c7f8219684
--------------------------- Captured stderr teardown ---------------------------
2026-02-14 11:41:13,222 [DEBUG] [aiosqlite] executing functools.partial(<built-in method rollback of sqlite3.Connection object at 0x10d36ed40>)
2026-02-14 11:41:13,222 [DEBUG] [aiosqlite] operation functools.partial(<built-in method rollback of sqlite3.Connection object at 0x10d36ed40>) completed
2026-02-14 11:41:13,222 [DEBUG] [aiosqlite] executing functools.partial(<built-in method rollback of sqlite3.Connection object at 0x10d36ed40>)
2026-02-14 11:41:13,222 [DEBUG] [aiosqlite] operation functools.partial(<built-in method rollback of sqlite3.Connection object at 0x10d36ed40>) completed
2026-02-14 11:41:13,223 [DEBUG] [aiosqlite] executing functools.partial(<built-in method cursor of sqlite3.Connection object at 0x10d36ed40>)
2026-02-14 11:41:13,223 [DEBUG] [aiosqlite] operation functools.partial(<built-in method cursor of sqlite3.Connection object at 0x10d36ed40>) completed
2026-02-14 11:41:13,223 [DEBUG] [aiosqlite] executing functools.partial(<built-in method execute of sqlite3.Cursor object at 0x1288d8140>, 'PRAGMA main.table_info("pyramids")', ())
2026-02-14 11:41:13,223 [DEBUG] [aiosqlite] operation functools.partial(<built-in method execute of sqlite3.Cursor object at 0x1288d8140>, 'PRAGMA main.table_info("pyramids")', ()) completed
2026-02-14 11:41:13,223 [DEBUG] [aiosqlite] executing functools.partial(<built-in method fetchall of sqlite3.Cursor object at 0x1288d8140>)
2026-02-14 11:41:13,223 [DEBUG] [aiosqlite] operation functools.partial(<built-in method fetchall of sqlite3.Cursor object at 0x1288d8140>) completed
2026-02-14 11:41:13,223 [DEBUG] [aiosqlite] executing functools.partial(<built-in method close of sqlite3.Cursor object at 0x1288d8140>)
2026-02-14 11:41:13,223 [DEBUG] [aiosqlite] operation functools.partial(<built-in method close of sqlite3.Cursor object at 0x1288d8140>) completed
2026-02-14 11:41:13,223 [DEBUG] [aiosqlite] executing functools.partial(<built-in method cursor of sqlite3.Connection object at 0x10d36ed40>)
2026-02-14 11:41:13,223 [DEBUG] [aiosqlite] operation functools.partial(<built-in method cursor of sqlite3.Connection object at 0x10d36ed40>) completed
2026-02-14 11:41:13,223 [DEBUG] [aiosqlite] executing functools.partial(<built-in method execute of sqlite3.Cursor object at 0x1288d8440>, 'PRAGMA main.table_info("pyramid_nodes")', ())
2026-02-14 11:41:13,223 [DEBUG] [aiosqlite] operation functools.partial(<built-in method execute of sqlite3.Cursor object at 0x1288d8440>, 'PRAGMA main.table_info("pyramid_nodes")', ()) completed
2026-02-14 11:41:13,223 [DEBUG] [aiosqlite] executing functools.partial(<built-in method fetchall of sqlite3.Cursor object at 0x1288d8440>)
2026-02-14 11:41:13,224 [DEBUG] [aiosqlite] operation functools.partial(<built-in method fetchall of sqlite3.Cursor object at 0x1288d8440>) completed
2026-02-14 11:41:13,224 [DEBUG] [aiosqlite] executing functools.partial(<built-in method close of sqlite3.Cursor object at 0x1288d8440>)
2026-02-14 11:41:13,224 [DEBUG] [aiosqlite] operation functools.partial(<built-in method close of sqlite3.Cursor object at 0x1288d8440>) completed
2026-02-14 11:41:13,224 [DEBUG] [aiosqlite] executing functools.partial(<built-in method cursor of sqlite3.Connection object at 0x10d36ed40>)
2026-02-14 11:41:13,224 [DEBUG] [aiosqlite] operation functools.partial(<built-in method cursor of sqlite3.Connection object at 0x10d36ed40>) completed
2026-02-14 11:41:13,224 [DEBUG] [aiosqlite] executing functools.partial(<built-in method execute of sqlite3.Cursor object at 0x1288d80c0>, 'PRAGMA main.table_info("node_relations")', ())
2026-02-14 11:41:13,224 [DEBUG] [aiosqlite] operation functools.partial(<built-in method execute of sqlite3.Cursor object at 0x1288d80c0>, 'PRAGMA main.table_info("node_relations")', ()) completed
2026-02-14 11:41:13,224 [DEBUG] [aiosqlite] executing functools.partial(<built-in method fetchall of sqlite3.Cursor object at 0x1288d80c0>)
2026-02-14 11:41:13,224 [DEBUG] [aiosqlite] operation functools.partial(<built-in method fetchall of sqlite3.Cursor object at 0x1288d80c0>) completed
2026-02-14 11:41:13,224 [DEBUG] [aiosqlite] executing functools.partial(<built-in method close of sqlite3.Cursor object at 0x1288d80c0>)
2026-02-14 11:41:13,224 [DEBUG] [aiosqlite] operation functools.partial(<built-in method close of sqlite3.Cursor object at 0x1288d80c0>) completed
2026-02-14 11:41:13,224 [DEBUG] [aiosqlite] executing functools.partial(<built-in method cursor of sqlite3.Connection object at 0x10d36ed40>)
2026-02-14 11:41:13,224 [DEBUG] [aiosqlite] operation functools.partial(<built-in method cursor of sqlite3.Connection object at 0x10d36ed40>) completed
2026-02-14 11:41:13,224 [DEBUG] [aiosqlite] executing functools.partial(<built-in method execute of sqlite3.Cursor object at 0x1288d8640>, 'PRAGMA main.table_info("information_sources")', ())
2026-02-14 11:41:13,224 [DEBUG] [aiosqlite] operation functools.partial(<built-in method execute of sqlite3.Cursor object at 0x1288d8640>, 'PRAGMA main.table_info("information_sources")', ()) completed
2026-02-14 11:41:13,224 [DEBUG] [aiosqlite] executing functools.partial(<built-in method fetchall of sqlite3.Cursor object at 0x1288d8640>)
2026-02-14 11:41:13,224 [DEBUG] [aiosqlite] operation functools.partial(<built-in method fetchall of sqlite3.Cursor object at 0x1288d8640>) completed
2026-02-14 11:41:13,224 [DEBUG] [aiosqlite] executing functools.partial(<built-in method close of sqlite3.Cursor object at 0x1288d8640>)
2026-02-14 11:41:13,224 [DEBUG] [aiosqlite] operation functools.partial(<built-in method close of sqlite3.Cursor object at 0x1288d8640>) completed
2026-02-14 11:41:13,224 [DEBUG] [aiosqlite] executing functools.partial(<built-in method cursor of sqlite3.Connection object at 0x10d36ed40>)
2026-02-14 11:41:13,224 [DEBUG] [aiosqlite] operation functools.partial(<built-in method cursor of sqlite3.Connection object at 0x10d36ed40>) completed
2026-02-14 11:41:13,224 [DEBUG] [aiosqlite] executing functools.partial(<built-in method execute of sqlite3.Cursor object at 0x1288d86c0>, 'PRAGMA main.table_info("source_node_relations")', ())
2026-02-14 11:41:13,224 [DEBUG] [aiosqlite] operation functools.partial(<built-in method execute of sqlite3.Cursor object at 0x1288d86c0>, 'PRAGMA main.table_info("source_node_relations")', ()) completed
2026-02-14 11:41:13,225 [DEBUG] [aiosqlite] executing functools.partial(<built-in method fetchall of sqlite3.Cursor object at 0x1288d86c0>)
2026-02-14 11:41:13,225 [DEBUG] [aiosqlite] operation functools.partial(<built-in method fetchall of sqlite3.Cursor object at 0x1288d86c0>) completed
2026-02-14 11:41:13,225 [DEBUG] [aiosqlite] executing functools.partial(<built-in method close of sqlite3.Cursor object at 0x1288d86c0>)
2026-02-14 11:41:13,225 [DEBUG] [aiosqlite] operation functools.partial(<built-in method close of sqlite3.Cursor object at 0x1288d86c0>) completed
2026-02-14 11:41:13,225 [DEBUG] [aiosqlite] executing functools.partial(<built-in method cursor of sqlite3.Connection object at 0x10d36ed40>)
2026-02-14 11:41:13,225 [DEBUG] [aiosqlite] operation functools.partial(<built-in method cursor of sqlite3.Connection object at 0x10d36ed40>) completed
2026-02-14 11:41:13,225 [DEBUG] [aiosqlite] executing functools.partial(<built-in method execute of sqlite3.Cursor object at 0x1288d8540>, 'PRAGMA main.table_info("content_items")', ())
2026-02-14 11:41:13,225 [DEBUG] [aiosqlite] operation functools.partial(<built-in method execute of sqlite3.Cursor object at 0x1288d8540>, 'PRAGMA main.table_info("content_items")', ()) completed
2026-02-14 11:41:13,225 [DEBUG] [aiosqlite] executing functools.partial(<built-in method fetchall of sqlite3.Cursor object at 0x1288d8540>)
2026-02-14 11:41:13,225 [DEBUG] [aiosqlite] operation functools.partial(<built-in method fetchall of sqlite3.Cursor object at 0x1288d8540>) completed
2026-02-14 11:41:13,225 [DEBUG] [aiosqlite] executing functools.partial(<built-in method close of sqlite3.Cursor object at 0x1288d8540>)
2026-02-14 11:41:13,225 [DEBUG] [aiosqlite] operation functools.partial(<built-in method close of sqlite3.Cursor object at 0x1288d8540>) completed
2026-02-14 11:41:13,225 [DEBUG] [aiosqlite] executing functools.partial(<built-in method cursor of sqlite3.Connection object at 0x10d36ed40>)
2026-02-14 11:41:13,225 [DEBUG] [aiosqlite] operation functools.partial(<built-in method cursor of sqlite3.Connection object at 0x10d36ed40>) completed
2026-02-14 11:41:13,225 [DEBUG] [aiosqlite] executing functools.partial(<built-in method execute of sqlite3.Cursor object at 0x1288d8740>, 'PRAGMA main.table_info("content_node_relations")', ())
2026-02-14 11:41:13,225 [DEBUG] [aiosqlite] operation functools.partial(<built-in method execute of sqlite3.Cursor object at 0x1288d8740>, 'PRAGMA main.table_info("content_node_relations")', ()) completed
2026-02-14 11:41:13,225 [DEBUG] [aiosqlite] executing functools.partial(<built-in method fetchall of sqlite3.Cursor object at 0x1288d8740>)
2026-02-14 11:41:13,225 [DEBUG] [aiosqlite] operation functools.partial(<built-in method fetchall of sqlite3.Cursor object at 0x1288d8740>) completed
2026-02-14 11:41:13,225 [DEBUG] [aiosqlite] executing functools.partial(<built-in method close of sqlite3.Cursor object at 0x1288d8740>)
2026-02-14 11:41:13,225 [DEBUG] [aiosqlite] operation functools.partial(<built-in method close of sqlite3.Cursor object at 0x1288d8740>) completed
2026-02-14 11:41:13,225 [DEBUG] [aiosqlite] executing functools.partial(<built-in method cursor of sqlite3.Connection object at 0x10d36ed40>)
2026-02-14 11:41:13,225 [DEBUG] [aiosqlite] operation functools.partial(<built-in method cursor of sqlite3.Connection object at 0x10d36ed40>) completed
2026-02-14 11:41:13,225 [DEBUG] [aiosqlite] executing functools.partial(<built-in method execute of sqlite3.Cursor object at 0x1288d88c0>, 'PRAGMA main.table_info("validation_results")', ())
2026-02-14 11:41:13,226 [DEBUG] [aiosqlite] operation functools.partial(<built-in method execute of sqlite3.Cursor object at 0x1288d88c0>, 'PRAGMA main.table_info("validation_results")', ()) completed
2026-02-14 11:41:13,226 [DEBUG] [aiosqlite] executing functools.partial(<built-in method fetchall of sqlite3.Cursor object at 0x1288d88c0>)
2026-02-14 11:41:13,226 [DEBUG] [aiosqlite] operation functools.partial(<built-in method fetchall of sqlite3.Cursor object at 0x1288d88c0>) completed
2026-02-14 11:41:13,226 [DEBUG] [aiosqlite] executing functools.partial(<built-in method close of sqlite3.Cursor object at 0x1288d88c0>)
2026-02-14 11:41:13,226 [DEBUG] [aiosqlite] operation functools.partial(<built-in method close of sqlite3.Cursor object at 0x1288d88c0>) completed
2026-02-14 11:41:13,226 [DEBUG] [aiosqlite] executing functools.partial(<built-in method cursor of sqlite3.Connection object at 0x10d36ed40>)
2026-02-14 11:41:13,226 [DEBUG] [aiosqlite] operation functools.partial(<built-in method cursor of sqlite3.Connection object at 0x10d36ed40>) completed
2026-02-14 11:41:13,226 [DEBUG] [aiosqlite] executing functools.partial(<built-in method execute of sqlite3.Cursor object at 0x1288d8840>, 'PRAGMA main.table_info("crawl_jobs")', ())
2026-02-14 11:41:13,226 [DEBUG] [aiosqlite] operation functools.partial(<built-in method execute of sqlite3.Cursor object at 0x1288d8840>, 'PRAGMA main.table_info("crawl_jobs")', ()) completed
2026-02-14 11:41:13,226 [DEBUG] [aiosqlite] executing functools.partial(<built-in method fetchall of sqlite3.Cursor object at 0x1288d8840>)
2026-02-14 11:41:13,226 [DEBUG] [aiosqlite] operation functools.partial(<built-in method fetchall of sqlite3.Cursor object at 0x1288d8840>) completed
2026-02-14 11:41:13,226 [DEBUG] [aiosqlite] executing functools.partial(<built-in method close of sqlite3.Cursor object at 0x1288d8840>)
2026-02-14 11:41:13,226 [DEBUG] [aiosqlite] operation functools.partial(<built-in method close of sqlite3.Cursor object at 0x1288d8840>) completed
2026-02-14 11:41:13,226 [DEBUG] [aiosqlite] executing functools.partial(<built-in method cursor of sqlite3.Connection object at 0x10d36ed40>)
2026-02-14 11:41:13,226 [DEBUG] [aiosqlite] operation functools.partial(<built-in method cursor of sqlite3.Connection object at 0x10d36ed40>) completed
2026-02-14 11:41:13,226 [DEBUG] [aiosqlite] executing functools.partial(<built-in method execute of sqlite3.Cursor object at 0x1288d8940>, 'PRAGMA main.table_info("approvals")', ())
2026-02-14 11:41:13,226 [DEBUG] [aiosqlite] operation functools.partial(<built-in method execute of sqlite3.Cursor object at 0x1288d8940>, 'PRAGMA main.table_info("approvals")', ()) completed
2026-02-14 11:41:13,226 [DEBUG] [aiosqlite] executing functools.partial(<built-in method fetchall of sqlite3.Cursor object at 0x1288d8940>)
2026-02-14 11:41:13,226 [DEBUG] [aiosqlite] operation functools.partial(<built-in method fetchall of sqlite3.Cursor object at 0x1288d8940>) completed
2026-02-14 11:41:13,226 [DEBUG] [aiosqlite] executing functools.partial(<built-in method close of sqlite3.Cursor object at 0x1288d8940>)
2026-02-14 11:41:13,226 [DEBUG] [aiosqlite] operation functools.partial(<built-in method close of sqlite3.Cursor object at 0x1288d8940>) completed
2026-02-14 11:41:13,226 [DEBUG] [aiosqlite] executing functools.partial(<built-in method cursor of sqlite3.Connection object at 0x10d36ed40>)
2026-02-14 11:41:13,226 [DEBUG] [aiosqlite] operation functools.partial(<built-in method cursor of sqlite3.Connection object at 0x10d36ed40>) completed
2026-02-14 11:41:13,226 [DEBUG] [aiosqlite] executing functools.partial(<built-in method execute of sqlite3.Cursor object at 0x1288d85c0>, 'PRAGMA main.table_info("concepts")', ())
2026-02-14 11:41:13,227 [DEBUG] [aiosqlite] operation functools.partial(<built-in method execute of sqlite3.Cursor object at 0x1288d85c0>, 'PRAGMA main.table_info("concepts")', ()) completed
2026-02-14 11:41:13,227 [DEBUG] [aiosqlite] executing functools.partial(<built-in method fetchall of sqlite3.Cursor object at 0x1288d85c0>)
2026-02-14 11:41:13,227 [DEBUG] [aiosqlite] operation functools.partial(<built-in method fetchall of sqlite3.Cursor object at 0x1288d85c0>) completed
2026-02-14 11:41:13,227 [DEBUG] [aiosqlite] executing functools.partial(<built-in method close of sqlite3.Cursor object at 0x1288d85c0>)
2026-02-14 11:41:13,227 [DEBUG] [aiosqlite] operation functools.partial(<built-in method close of sqlite3.Cursor object at 0x1288d85c0>) completed
2026-02-14 11:41:13,227 [DEBUG] [aiosqlite] executing functools.partial(<built-in method cursor of sqlite3.Connection object at 0x10d36ed40>)
2026-02-14 11:41:13,227 [DEBUG] [aiosqlite] operation functools.partial(<built-in method cursor of sqlite3.Connection object at 0x10d36ed40>) completed
2026-02-14 11:41:13,227 [DEBUG] [aiosqlite] executing functools.partial(<built-in method execute of sqlite3.Cursor object at 0x1288d83c0>, 'PRAGMA main.table_info("concept_synonyms")', ())
2026-02-14 11:41:13,227 [DEBUG] [aiosqlite] operation functools.partial(<built-in method execute of sqlite3.Cursor object at 0x1288d83c0>, 'PRAGMA main.table_info("concept_synonyms")', ()) completed
2026-02-14 11:41:13,227 [DEBUG] [aiosqlite] executing functools.partial(<built-in method fetchall of sqlite3.Cursor object at 0x1288d83c0>)
2026-02-14 11:41:13,227 [DEBUG] [aiosqlite] operation functools.partial(<built-in method fetchall of sqlite3.Cursor object at 0x1288d83c0>) completed
2026-02-14 11:41:13,227 [DEBUG] [aiosqlite] executing functools.partial(<built-in method close of sqlite3.Cursor object at 0x1288d83c0>)
2026-02-14 11:41:13,227 [DEBUG] [aiosqlite] operation functools.partial(<built-in method close of sqlite3.Cursor object at 0x1288d83c0>) completed
2026-02-14 11:41:13,227 [DEBUG] [aiosqlite] executing functools.partial(<built-in method cursor of sqlite3.Connection object at 0x10d36ed40>)
2026-02-14 11:41:13,227 [DEBUG] [aiosqlite] operation functools.partial(<built-in method cursor of sqlite3.Connection object at 0x10d36ed40>) completed
2026-02-14 11:41:13,227 [DEBUG] [aiosqlite] executing functools.partial(<built-in method execute of sqlite3.Cursor object at 0x1288d8a40>, 'PRAGMA main.table_info("snapshots")', ())
2026-02-14 11:41:13,227 [DEBUG] [aiosqlite] operation functools.partial(<built-in method execute of sqlite3.Cursor object at 0x1288d8a40>, 'PRAGMA main.table_info("snapshots")', ()) completed
2026-02-14 11:41:13,227 [DEBUG] [aiosqlite] executing functools.partial(<built-in method fetchall of sqlite3.Cursor object at 0x1288d8a40>)
2026-02-14 11:41:13,227 [DEBUG] [aiosqlite] operation functools.partial(<built-in method fetchall of sqlite3.Cursor object at 0x1288d8a40>) completed
2026-02-14 11:41:13,227 [DEBUG] [aiosqlite] executing functools.partial(<built-in method close of sqlite3.Cursor object at 0x1288d8a40>)
2026-02-14 11:41:13,227 [DEBUG] [aiosqlite] operation functools.partial(<built-in method close of sqlite3.Cursor object at 0x1288d8a40>) completed
2026-02-14 11:41:13,227 [DEBUG] [aiosqlite] executing functools.partial(<built-in method cursor of sqlite3.Connection object at 0x10d36ed40>)
2026-02-14 11:41:13,227 [DEBUG] [aiosqlite] operation functools.partial(<built-in method cursor of sqlite3.Connection object at 0x10d36ed40>) completed
2026-02-14 11:41:13,227 [DEBUG] [aiosqlite] executing functools.partial(<built-in method execute of sqlite3.Cursor object at 0x1288d8b40>, 'PRAGMA main.table_info("contributions")', ())
2026-02-14 11:41:13,227 [DEBUG] [aiosqlite] operation functools.partial(<built-in method execute of sqlite3.Cursor object at 0x1288d8b40>, 'PRAGMA main.table_info("contributions")', ()) completed
2026-02-14 11:41:13,228 [DEBUG] [aiosqlite] executing functools.partial(<built-in method fetchall of sqlite3.Cursor object at 0x1288d8b40>)
2026-02-14 11:41:13,228 [DEBUG] [aiosqlite] operation functools.partial(<built-in method fetchall of sqlite3.Cursor object at 0x1288d8b40>) completed
2026-02-14 11:41:13,228 [DEBUG] [aiosqlite] executing functools.partial(<built-in method close of sqlite3.Cursor object at 0x1288d8b40>)
2026-02-14 11:41:13,228 [DEBUG] [aiosqlite] operation functools.partial(<built-in method close of sqlite3.Cursor object at 0x1288d8b40>) completed
2026-02-14 11:41:13,228 [DEBUG] [aiosqlite] executing functools.partial(<built-in method cursor of sqlite3.Connection object at 0x10d36ed40>)
2026-02-14 11:41:13,228 [DEBUG] [aiosqlite] operation functools.partial(<built-in method cursor of sqlite3.Connection object at 0x10d36ed40>) completed
2026-02-14 11:41:13,228 [DEBUG] [aiosqlite] executing functools.partial(<built-in method execute of sqlite3.Cursor object at 0x1288d87c0>, 'PRAGMA main.table_info("synonym_mappings")', ())
2026-02-14 11:41:13,228 [DEBUG] [aiosqlite] operation functools.partial(<built-in method execute of sqlite3.Cursor object at 0x1288d87c0>, 'PRAGMA main.table_info("synonym_mappings")', ()) completed
2026-02-14 11:41:13,228 [DEBUG] [aiosqlite] executing functools.partial(<built-in method fetchall of sqlite3.Cursor object at 0x1288d87c0>)
2026-02-14 11:41:13,228 [DEBUG] [aiosqlite] operation functools.partial(<built-in method fetchall of sqlite3.Cursor object at 0x1288d87c0>) completed
2026-02-14 11:41:13,228 [DEBUG] [aiosqlite] executing functools.partial(<built-in method close of sqlite3.Cursor object at 0x1288d87c0>)
2026-02-14 11:41:13,228 [DEBUG] [aiosqlite] operation functools.partial(<built-in method close of sqlite3.Cursor object at 0x1288d87c0>) completed
2026-02-14 11:41:13,228 [DEBUG] [aiosqlite] executing functools.partial(<built-in method cursor of sqlite3.Connection object at 0x10d36ed40>)
2026-02-14 11:41:13,228 [DEBUG] [aiosqlite] operation functools.partial(<built-in method cursor of sqlite3.Connection object at 0x10d36ed40>) completed
2026-02-14 11:41:13,228 [DEBUG] [aiosqlite] executing functools.partial(<built-in method execute of sqlite3.Cursor object at 0x1288d8bc0>, 'PRAGMA main.table_info("batch_tasks")', ())
2026-02-14 11:41:13,228 [DEBUG] [aiosqlite] operation functools.partial(<built-in method execute of sqlite3.Cursor object at 0x1288d8bc0>, 'PRAGMA main.table_info("batch_tasks")', ()) completed
2026-02-14 11:41:13,228 [DEBUG] [aiosqlite] executing functools.partial(<built-in method fetchall of sqlite3.Cursor object at 0x1288d8bc0>)
2026-02-14 11:41:13,228 [DEBUG] [aiosqlite] operation functools.partial(<built-in method fetchall of sqlite3.Cursor object at 0x1288d8bc0>) completed
2026-02-14 11:41:13,228 [DEBUG] [aiosqlite] executing functools.partial(<built-in method close of sqlite3.Cursor object at 0x1288d8bc0>)
2026-02-14 11:41:13,228 [DEBUG] [aiosqlite] operation functools.partial(<built-in method close of sqlite3.Cursor object at 0x1288d8bc0>) completed
2026-02-14 11:41:13,228 [DEBUG] [aiosqlite] executing functools.partial(<built-in method cursor of sqlite3.Connection object at 0x10d36ed40>)
2026-02-14 11:41:13,228 [DEBUG] [aiosqlite] operation functools.partial(<built-in method cursor of sqlite3.Connection object at 0x10d36ed40>) completed
2026-02-14 11:41:13,228 [DEBUG] [aiosqlite] executing functools.partial(<built-in method execute of sqlite3.Cursor object at 0x1288d8ac0>, 'PRAGMA main.table_info("domain_whitelists")', ())
2026-02-14 11:41:13,228 [DEBUG] [aiosqlite] operation functools.partial(<built-in method execute of sqlite3.Cursor object at 0x1288d8ac0>, 'PRAGMA main.table_info("domain_whitelists")', ()) completed
2026-02-14 11:41:13,229 [DEBUG] [aiosqlite] executing functools.partial(<built-in method fetchall of sqlite3.Cursor object at 0x1288d8ac0>)
2026-02-14 11:41:13,229 [DEBUG] [aiosqlite] operation functools.partial(<built-in method fetchall of sqlite3.Cursor object at 0x1288d8ac0>) completed
2026-02-14 11:41:13,229 [DEBUG] [aiosqlite] executing functools.partial(<built-in method close of sqlite3.Cursor object at 0x1288d8ac0>)
2026-02-14 11:41:13,229 [DEBUG] [aiosqlite] operation functools.partial(<built-in method close of sqlite3.Cursor object at 0x1288d8ac0>) completed
2026-02-14 11:41:13,229 [DEBUG] [aiosqlite] executing functools.partial(<built-in method cursor of sqlite3.Connection object at 0x10d36ed40>)
2026-02-14 11:41:13,229 [DEBUG] [aiosqlite] operation functools.partial(<built-in method cursor of sqlite3.Connection object at 0x10d36ed40>) completed
2026-02-14 11:41:13,229 [DEBUG] [aiosqlite] executing functools.partial(<built-in method execute of sqlite3.Cursor object at 0x1288d8c40>, 'PRAGMA main.table_info("discovered_domains")', ())
2026-02-14 11:41:13,229 [DEBUG] [aiosqlite] operation functools.partial(<built-in method execute of sqlite3.Cursor object at 0x1288d8c40>, 'PRAGMA main.table_info("discovered_domains")', ()) completed
2026-02-14 11:41:13,229 [DEBUG] [aiosqlite] executing functools.partial(<built-in method fetchall of sqlite3.Cursor object at 0x1288d8c40>)
2026-02-14 11:41:13,229 [DEBUG] [aiosqlite] operation functools.partial(<built-in method fetchall of sqlite3.Cursor object at 0x1288d8c40>) completed
2026-02-14 11:41:13,229 [DEBUG] [aiosqlite] executing functools.partial(<built-in method close of sqlite3.Cursor object at 0x1288d8c40>)
2026-02-14 11:41:13,229 [DEBUG] [aiosqlite] operation functools.partial(<built-in method close of sqlite3.Cursor object at 0x1288d8c40>) completed
2026-02-14 11:41:13,229 [DEBUG] [aiosqlite] executing functools.partial(<built-in method cursor of sqlite3.Connection object at 0x10d36ed40>)
2026-02-14 11:41:13,229 [DEBUG] [aiosqlite] operation functools.partial(<built-in method cursor of sqlite3.Connection object at 0x10d36ed40>) completed
2026-02-14 11:41:13,229 [DEBUG] [aiosqlite] executing functools.partial(<built-in method execute of sqlite3.Cursor object at 0x1288d8dc0>, 'PRAGMA main.table_info("hotspots")', ())
2026-02-14 11:41:13,229 [DEBUG] [aiosqlite] operation functools.partial(<built-in method execute of sqlite3.Cursor object at 0x1288d8dc0>, 'PRAGMA main.table_info("hotspots")', ()) completed
2026-02-14 11:41:13,229 [DEBUG] [aiosqlite] executing functools.partial(<built-in method fetchall of sqlite3.Cursor object at 0x1288d8dc0>)
2026-02-14 11:41:13,229 [DEBUG] [aiosqlite] operation functools.partial(<built-in method fetchall of sqlite3.Cursor object at 0x1288d8dc0>) completed
2026-02-14 11:41:13,229 [DEBUG] [aiosqlite] executing functools.partial(<built-in method close of sqlite3.Cursor object at 0x1288d8dc0>)
2026-02-14 11:41:13,229 [DEBUG] [aiosqlite] operation functools.partial(<built-in method close of sqlite3.Cursor object at 0x1288d8dc0>) completed
2026-02-14 11:41:13,229 [DEBUG] [aiosqlite] executing functools.partial(<built-in method cursor of sqlite3.Connection object at 0x10d36ed40>)
2026-02-14 11:41:13,229 [DEBUG] [aiosqlite] operation functools.partial(<built-in method cursor of sqlite3.Connection object at 0x10d36ed40>) completed
2026-02-14 11:41:13,229 [DEBUG] [aiosqlite] executing functools.partial(<built-in method execute of sqlite3.Cursor object at 0x1288d8340>, 'PRAGMA main.table_info("hotspot_events")', ())
2026-02-14 11:41:13,229 [DEBUG] [aiosqlite] operation functools.partial(<built-in method execute of sqlite3.Cursor object at 0x1288d8340>, 'PRAGMA main.table_info("hotspot_events")', ()) completed
2026-02-14 11:41:13,229 [DEBUG] [aiosqlite] executing functools.partial(<built-in method fetchall of sqlite3.Cursor object at 0x1288d8340>)
2026-02-14 11:41:13,229 [DEBUG] [aiosqlite] operation functools.partial(<built-in method fetchall of sqlite3.Cursor object at 0x1288d8340>) completed
2026-02-14 11:41:13,229 [DEBUG] [aiosqlite] executing functools.partial(<built-in method close of sqlite3.Cursor object at 0x1288d8340>)
2026-02-14 11:41:13,230 [DEBUG] [aiosqlite] operation functools.partial(<built-in method close of sqlite3.Cursor object at 0x1288d8340>) completed
2026-02-14 11:41:13,230 [DEBUG] [aiosqlite] executing functools.partial(<built-in method cursor of sqlite3.Connection object at 0x10d36ed40>)
2026-02-14 11:41:13,230 [DEBUG] [aiosqlite] operation functools.partial(<built-in method cursor of sqlite3.Connection object at 0x10d36ed40>) completed
2026-02-14 11:41:13,230 [DEBUG] [aiosqlite] executing functools.partial(<built-in method execute of sqlite3.Cursor object at 0x1288d8e40>, 'PRAGMA main.table_info("concept_definitions")', ())
2026-02-14 11:41:13,230 [DEBUG] [aiosqlite] operation functools.partial(<built-in method execute of sqlite3.Cursor object at 0x1288d8e40>, 'PRAGMA main.table_info("concept_definitions")', ()) completed
2026-02-14 11:41:13,230 [DEBUG] [aiosqlite] executing functools.partial(<built-in method fetchall of sqlite3.Cursor object at 0x1288d8e40>)
2026-02-14 11:41:13,230 [DEBUG] [aiosqlite] operation functools.partial(<built-in method fetchall of sqlite3.Cursor object at 0x1288d8e40>) completed
2026-02-14 11:41:13,230 [DEBUG] [aiosqlite] executing functools.partial(<built-in method close of sqlite3.Cursor object at 0x1288d8e40>)
2026-02-14 11:41:13,230 [DEBUG] [aiosqlite] operation functools.partial(<built-in method close of sqlite3.Cursor object at 0x1288d8e40>) completed
2026-02-14 11:41:13,230 [DEBUG] [aiosqlite] executing functools.partial(<built-in method cursor of sqlite3.Connection object at 0x10d36ed40>)
2026-02-14 11:41:13,230 [DEBUG] [aiosqlite] operation functools.partial(<built-in method cursor of sqlite3.Connection object at 0x10d36ed40>) completed
2026-02-14 11:41:13,230 [DEBUG] [aiosqlite] executing functools.partial(<built-in method execute of sqlite3.Cursor object at 0x1288d8d40>, 'PRAGMA main.table_info("health_reports")', ())
2026-02-14 11:41:13,230 [DEBUG] [aiosqlite] operation functools.partial(<built-in method execute of sqlite3.Cursor object at 0x1288d8d40>, 'PRAGMA main.table_info("health_reports")', ()) completed
2026-02-14 11:41:13,230 [DEBUG] [aiosqlite] executing functools.partial(<built-in method fetchall of sqlite3.Cursor object at 0x1288d8d40>)
2026-02-14 11:41:13,230 [DEBUG] [aiosqlite] operation functools.partial(<built-in method fetchall of sqlite3.Cursor object at 0x1288d8d40>) completed
2026-02-14 11:41:13,230 [DEBUG] [aiosqlite] executing functools.partial(<built-in method close of sqlite3.Cursor object at 0x1288d8d40>)
2026-02-14 11:41:13,230 [DEBUG] [aiosqlite] operation functools.partial(<built-in method close of sqlite3.Cursor object at 0x1288d8d40>) completed
2026-02-14 11:41:13,230 [DEBUG] [aiosqlite] executing functools.partial(<built-in method cursor of sqlite3.Connection object at 0x10d36ed40>)
2026-02-14 11:41:13,230 [DEBUG] [aiosqlite] operation functools.partial(<built-in method cursor of sqlite3.Connection object at 0x10d36ed40>) completed
2026-02-14 11:41:13,230 [DEBUG] [aiosqlite] executing functools.partial(<built-in method execute of sqlite3.Cursor object at 0x1288d8f40>, 'PRAGMA main.table_info("strategy_adjustments")', ())
2026-02-14 11:41:13,230 [DEBUG] [aiosqlite] operation functools.partial(<built-in method execute of sqlite3.Cursor object at 0x1288d8f40>, 'PRAGMA main.table_info("strategy_adjustments")', ()) completed
2026-02-14 11:41:13,230 [DEBUG] [aiosqlite] executing functools.partial(<built-in method fetchall of sqlite3.Cursor object at 0x1288d8f40>)
2026-02-14 11:41:13,230 [DEBUG] [aiosqlite] operation functools.partial(<built-in method fetchall of sqlite3.Cursor object at 0x1288d8f40>) completed
2026-02-14 11:41:13,230 [DEBUG] [aiosqlite] executing functools.partial(<built-in method close of sqlite3.Cursor object at 0x1288d8f40>)
2026-02-14 11:41:13,230 [DEBUG] [aiosqlite] operation functools.partial(<built-in method close of sqlite3.Cursor object at 0x1288d8f40>) completed
2026-02-14 11:41:13,230 [DEBUG] [aiosqlite] executing functools.partial(<built-in method cursor of sqlite3.Connection object at 0x10d36ed40>)
2026-02-14 11:41:13,231 [DEBUG] [aiosqlite] operation functools.partial(<built-in method cursor of sqlite3.Connection object at 0x10d36ed40>) completed
2026-02-14 11:41:13,231 [DEBUG] [aiosqlite] executing functools.partial(<built-in method execute of sqlite3.Cursor object at 0x1288d9040>, 'PRAGMA main.table_info("scheduled_tasks")', ())
2026-02-14 11:41:13,231 [DEBUG] [aiosqlite] operation functools.partial(<built-in method execute of sqlite3.Cursor object at 0x1288d9040>, 'PRAGMA main.table_info("scheduled_tasks")', ()) completed
2026-02-14 11:41:13,231 [DEBUG] [aiosqlite] executing functools.partial(<built-in method fetchall of sqlite3.Cursor object at 0x1288d9040>)
2026-02-14 11:41:13,231 [DEBUG] [aiosqlite] operation functools.partial(<built-in method fetchall of sqlite3.Cursor object at 0x1288d9040>) completed
2026-02-14 11:41:13,231 [DEBUG] [aiosqlite] executing functools.partial(<built-in method close of sqlite3.Cursor object at 0x1288d9040>)
2026-02-14 11:41:13,231 [DEBUG] [aiosqlite] operation functools.partial(<built-in method close of sqlite3.Cursor object at 0x1288d9040>) completed
2026-02-14 11:41:13,231 [DEBUG] [aiosqlite] executing functools.partial(<built-in method cursor of sqlite3.Connection object at 0x10d36ed40>)
2026-02-14 11:41:13,231 [DEBUG] [aiosqlite] operation functools.partial(<built-in method cursor of sqlite3.Connection object at 0x10d36ed40>) completed
2026-02-14 11:41:13,231 [DEBUG] [aiosqlite] executing functools.partial(<built-in method execute of sqlite3.Cursor object at 0x1288d8fc0>, 'PRAGMA main.table_info("task_executions")', ())
2026-02-14 11:41:13,231 [DEBUG] [aiosqlite] operation functools.partial(<built-in method execute of sqlite3.Cursor object at 0x1288d8fc0>, 'PRAGMA main.table_info("task_executions")', ()) completed
2026-02-14 11:41:13,231 [DEBUG] [aiosqlite] executing functools.partial(<built-in method fetchall of sqlite3.Cursor object at 0x1288d8fc0>)
2026-02-14 11:41:13,231 [DEBUG] [aiosqlite] operation functools.partial(<built-in method fetchall of sqlite3.Cursor object at 0x1288d8fc0>) completed
2026-02-14 11:41:13,231 [DEBUG] [aiosqlite] executing functools.partial(<built-in method close of sqlite3.Cursor object at 0x1288d8fc0>)
2026-02-14 11:41:13,231 [DEBUG] [aiosqlite] operation functools.partial(<built-in method close of sqlite3.Cursor object at 0x1288d8fc0>) completed
2026-02-14 11:41:13,231 [DEBUG] [aiosqlite] executing functools.partial(<built-in method cursor of sqlite3.Connection object at 0x10d36ed40>)
2026-02-14 11:41:13,231 [DEBUG] [aiosqlite] operation functools.partial(<built-in method cursor of sqlite3.Connection object at 0x10d36ed40>) completed
2026-02-14 11:41:13,231 [DEBUG] [aiosqlite] executing functools.partial(<built-in method execute of sqlite3.Cursor object at 0x1288d8ec0>, 'PRAGMA main.table_info("config_history")', ())
2026-02-14 11:41:13,231 [DEBUG] [aiosqlite] operation functools.partial(<built-in method execute of sqlite3.Cursor object at 0x1288d8ec0>, 'PRAGMA main.table_info("config_history")', ()) completed
2026-02-14 11:41:13,231 [DEBUG] [aiosqlite] executing functools.partial(<built-in method fetchall of sqlite3.Cursor object at 0x1288d8ec0>)
2026-02-14 11:41:13,231 [DEBUG] [aiosqlite] operation functools.partial(<built-in method fetchall of sqlite3.Cursor object at 0x1288d8ec0>) completed
2026-02-14 11:41:13,232 [DEBUG] [aiosqlite] executing functools.partial(<built-in method close of sqlite3.Cursor object at 0x1288d8ec0>)
2026-02-14 11:41:13,232 [DEBUG] [aiosqlite] operation functools.partial(<built-in method close of sqlite3.Cursor object at 0x1288d8ec0>) completed
2026-02-14 11:41:13,232 [DEBUG] [aiosqlite] executing functools.partial(<built-in method cursor of sqlite3.Connection object at 0x10d36ed40>)
2026-02-14 11:41:13,232 [DEBUG] [aiosqlite] operation functools.partial(<built-in method cursor of sqlite3.Connection object at 0x10d36ed40>) completed
2026-02-14 11:41:13,232 [DEBUG] [aiosqlite] executing functools.partial(<built-in method execute of sqlite3.Cursor object at 0x1288d9140>, 'PRAGMA main.table_info("prompt_templates")', ())
2026-02-14 11:41:13,232 [DEBUG] [aiosqlite] operation functools.partial(<built-in method execute of sqlite3.Cursor object at 0x1288d9140>, 'PRAGMA main.table_info("prompt_templates")', ()) completed
2026-02-14 11:41:13,232 [DEBUG] [aiosqlite] executing functools.partial(<built-in method fetchall of sqlite3.Cursor object at 0x1288d9140>)
2026-02-14 11:41:13,232 [DEBUG] [aiosqlite] operation functools.partial(<built-in method fetchall of sqlite3.Cursor object at 0x1288d9140>) completed
2026-02-14 11:41:13,232 [DEBUG] [aiosqlite] executing functools.partial(<built-in method close of sqlite3.Cursor object at 0x1288d9140>)
2026-02-14 11:41:13,232 [DEBUG] [aiosqlite] operation functools.partial(<built-in method close of sqlite3.Cursor object at 0x1288d9140>) completed
2026-02-14 11:41:13,232 [DEBUG] [aiosqlite] executing functools.partial(<built-in method cursor of sqlite3.Connection object at 0x10d36ed40>)
2026-02-14 11:41:13,232 [DEBUG] [aiosqlite] operation functools.partial(<built-in method cursor of sqlite3.Connection object at 0x10d36ed40>) completed
2026-02-14 11:41:13,232 [DEBUG] [aiosqlite] executing functools.partial(<built-in method execute of sqlite3.Cursor object at 0x1288d91c0>, 'PRAGMA main.table_info("prompt_versions")', ())
2026-02-14 11:41:13,232 [DEBUG] [aiosqlite] operation functools.partial(<built-in method execute of sqlite3.Cursor object at 0x1288d91c0>, 'PRAGMA main.table_info("prompt_versions")', ()) completed
2026-02-14 11:41:13,232 [DEBUG] [aiosqlite] executing functools.partial(<built-in method fetchall of sqlite3.Cursor object at 0x1288d91c0>)
2026-02-14 11:41:13,232 [DEBUG] [aiosqlite] operation functools.partial(<built-in method fetchall of sqlite3.Cursor object at 0x1288d91c0>) completed
2026-02-14 11:41:13,232 [DEBUG] [aiosqlite] executing functools.partial(<built-in method close of sqlite3.Cursor object at 0x1288d91c0>)
2026-02-14 11:41:13,232 [DEBUG] [aiosqlite] operation functools.partial(<built-in method close of sqlite3.Cursor object at 0x1288d91c0>) completed
2026-02-14 11:41:13,232 [DEBUG] [aiosqlite] executing functools.partial(<built-in method cursor of sqlite3.Connection object at 0x10d36ed40>)
2026-02-14 11:41:13,232 [DEBUG] [aiosqlite] operation functools.partial(<built-in method cursor of sqlite3.Connection object at 0x10d36ed40>) completed
2026-02-14 11:41:13,233 [DEBUG] [aiosqlite] executing functools.partial(<built-in method execute of sqlite3.Cursor object at 0x1288d90c0>, 'PRAGMA main.table_info("ab_tests")', ())
2026-02-14 11:41:13,233 [DEBUG] [aiosqlite] operation functools.partial(<built-in method execute of sqlite3.Cursor object at 0x1288d90c0>, 'PRAGMA main.table_info("ab_tests")', ()) completed
2026-02-14 11:41:13,233 [DEBUG] [aiosqlite] executing functools.partial(<built-in method fetchall of sqlite3.Cursor object at 0x1288d90c0>)
2026-02-14 11:41:13,233 [DEBUG] [aiosqlite] operation functools.partial(<built-in method fetchall of sqlite3.Cursor object at 0x1288d90c0>) completed
2026-02-14 11:41:13,233 [DEBUG] [aiosqlite] executing functools.partial(<built-in method close of sqlite3.Cursor object at 0x1288d90c0>)
2026-02-14 11:41:13,233 [DEBUG] [aiosqlite] operation functools.partial(<built-in method close of sqlite3.Cursor object at 0x1288d90c0>) completed
2026-02-14 11:41:13,233 [DEBUG] [aiosqlite] executing functools.partial(<built-in method cursor of sqlite3.Connection object at 0x10d36ed40>)
2026-02-14 11:41:13,233 [DEBUG] [aiosqlite] operation functools.partial(<built-in method cursor of sqlite3.Connection object at 0x10d36ed40>) completed
2026-02-14 11:41:13,233 [DEBUG] [aiosqlite] executing functools.partial(<built-in method execute of sqlite3.Cursor object at 0x1288d9240>, 'PRAGMA main.table_info("notifications")', ())
2026-02-14 11:41:13,233 [DEBUG] [aiosqlite] operation functools.partial(<built-in method execute of sqlite3.Cursor object at 0x1288d9240>, 'PRAGMA main.table_info("notifications")', ()) completed
2026-02-14 11:41:13,233 [DEBUG] [aiosqlite] executing functools.partial(<built-in method fetchall of sqlite3.Cursor object at 0x1288d9240>)
2026-02-14 11:41:13,233 [DEBUG] [aiosqlite] operation functools.partial(<built-in method fetchall of sqlite3.Cursor object at 0x1288d9240>) completed
2026-02-14 11:41:13,233 [DEBUG] [aiosqlite] executing functools.partial(<built-in method close of sqlite3.Cursor object at 0x1288d9240>)
2026-02-14 11:41:13,233 [DEBUG] [aiosqlite] operation functools.partial(<built-in method close of sqlite3.Cursor object at 0x1288d9240>) completed
2026-02-14 11:41:13,233 [DEBUG] [aiosqlite] executing functools.partial(<built-in method cursor of sqlite3.Connection object at 0x10d36ed40>)
2026-02-14 11:41:13,233 [DEBUG] [aiosqlite] operation functools.partial(<built-in method cursor of sqlite3.Connection object at 0x10d36ed40>) completed
2026-02-14 11:41:13,233 [DEBUG] [aiosqlite] executing functools.partial(<built-in method execute of sqlite3.Cursor object at 0x1288d92c0>, 'PRAGMA main.table_info("notification_preferences")', ())
2026-02-14 11:41:13,233 [DEBUG] [aiosqlite] operation functools.partial(<built-in method execute of sqlite3.Cursor object at 0x1288d92c0>, 'PRAGMA main.table_info("notification_preferences")', ()) completed
2026-02-14 11:41:13,233 [DEBUG] [aiosqlite] executing functools.partial(<built-in method fetchall of sqlite3.Cursor object at 0x1288d92c0>)
2026-02-14 11:41:13,233 [DEBUG] [aiosqlite] operation functools.partial(<built-in method fetchall of sqlite3.Cursor object at 0x1288d92c0>) completed
2026-02-14 11:41:13,233 [DEBUG] [aiosqlite] executing functools.partial(<built-in method close of sqlite3.Cursor object at 0x1288d92c0>)
2026-02-14 11:41:13,233 [DEBUG] [aiosqlite] operation functools.partial(<built-in method close of sqlite3.Cursor object at 0x1288d92c0>) completed
2026-02-14 11:41:13,233 [DEBUG] [aiosqlite] executing functools.partial(<built-in method cursor of sqlite3.Connection object at 0x10d36ed40>)
2026-02-14 11:41:13,233 [DEBUG] [aiosqlite] operation functools.partial(<built-in method cursor of sqlite3.Connection object at 0x10d36ed40>) completed
2026-02-14 11:41:13,234 [DEBUG] [aiosqlite] executing functools.partial(<built-in method execute of sqlite3.Cursor object at 0x1288d9340>, 'PRAGMA main.table_info("api_metrics")', ())
2026-02-14 11:41:13,234 [DEBUG] [aiosqlite] operation functools.partial(<built-in method execute of sqlite3.Cursor object at 0x1288d9340>, 'PRAGMA main.table_info("api_metrics")', ()) completed
2026-02-14 11:41:13,234 [DEBUG] [aiosqlite] executing functools.partial(<built-in method fetchall of sqlite3.Cursor object at 0x1288d9340>)
2026-02-14 11:41:13,234 [DEBUG] [aiosqlite] operation functools.partial(<built-in method fetchall of sqlite3.Cursor object at 0x1288d9340>) completed
2026-02-14 11:41:13,234 [DEBUG] [aiosqlite] executing functools.partial(<built-in method close of sqlite3.Cursor object at 0x1288d9340>)
2026-02-14 11:41:13,234 [DEBUG] [aiosqlite] operation functools.partial(<built-in method close of sqlite3.Cursor object at 0x1288d9340>) completed
2026-02-14 11:41:13,234 [DEBUG] [aiosqlite] executing functools.partial(<built-in method cursor of sqlite3.Connection object at 0x10d36ed40>)
2026-02-14 11:41:13,234 [DEBUG] [aiosqlite] operation functools.partial(<built-in method cursor of sqlite3.Connection object at 0x10d36ed40>) completed
2026-02-14 11:41:13,234 [DEBUG] [aiosqlite] executing functools.partial(<built-in method execute of sqlite3.Cursor object at 0x1288d9440>, 'PRAGMA main.table_info("error_records")', ())
2026-02-14 11:41:13,234 [DEBUG] [aiosqlite] operation functools.partial(<built-in method execute of sqlite3.Cursor object at 0x1288d9440>, 'PRAGMA main.table_info("error_records")', ()) completed
2026-02-14 11:41:13,234 [DEBUG] [aiosqlite] executing functools.partial(<built-in method fetchall of sqlite3.Cursor object at 0x1288d9440>)
2026-02-14 11:41:13,234 [DEBUG] [aiosqlite] operation functools.partial(<built-in method fetchall of sqlite3.Cursor object at 0x1288d9440>) completed
2026-02-14 11:41:13,234 [DEBUG] [aiosqlite] executing functools.partial(<built-in method close of sqlite3.Cursor object at 0x1288d9440>)
2026-02-14 11:41:13,234 [DEBUG] [aiosqlite] operation functools.partial(<built-in method close of sqlite3.Cursor object at 0x1288d9440>) completed
2026-02-14 11:41:13,234 [DEBUG] [aiosqlite] executing functools.partial(<built-in method cursor of sqlite3.Connection object at 0x10d36ed40>)
2026-02-14 11:41:13,234 [DEBUG] [aiosqlite] operation functools.partial(<built-in method cursor of sqlite3.Connection object at 0x10d36ed40>) completed
2026-02-14 11:41:13,235 [DEBUG] [aiosqlite] executing functools.partial(<built-in method execute of sqlite3.Cursor object at 0x1288d93c0>, '\nDROP TABLE pyramids', ())
2026-02-14 11:41:13,235 [DEBUG] [aiosqlite] operation functools.partial(<built-in method execute of sqlite3.Cursor object at 0x1288d93c0>, '\nDROP TABLE pyramids', ()) completed
2026-02-14 11:41:13,235 [DEBUG] [aiosqlite] executing functools.partial(<built-in method close of sqlite3.Cursor object at 0x1288d93c0>)
2026-02-14 11:41:13,235 [DEBUG] [aiosqlite] operation functools.partial(<built-in method close of sqlite3.Cursor object at 0x1288d93c0>) completed
2026-02-14 11:41:13,235 [DEBUG] [aiosqlite] executing functools.partial(<built-in method cursor of sqlite3.Connection object at 0x10d36ed40>)
2026-02-14 11:41:13,235 [DEBUG] [aiosqlite] operation functools.partial(<built-in method cursor of sqlite3.Connection object at 0x10d36ed40>) completed
2026-02-14 11:41:13,235 [DEBUG] [aiosqlite] executing functools.partial(<built-in method execute of sqlite3.Cursor object at 0x1288d89c0>, '\nDROP TABLE pyramid_nodes', ())
2026-02-14 11:41:13,235 [DEBUG] [aiosqlite] operation functools.partial(<built-in method execute of sqlite3.Cursor object at 0x1288d89c0>, '\nDROP TABLE pyramid_nodes', ()) completed
2026-02-14 11:41:13,235 [DEBUG] [aiosqlite] executing functools.partial(<built-in method close of sqlite3.Cursor object at 0x1288d89c0>)
2026-02-14 11:41:13,235 [DEBUG] [aiosqlite] operation functools.partial(<built-in method close of sqlite3.Cursor object at 0x1288d89c0>) completed
2026-02-14 11:41:13,235 [DEBUG] [aiosqlite] executing functools.partial(<built-in method cursor of sqlite3.Connection object at 0x10d36ed40>)
2026-02-14 11:41:13,235 [DEBUG] [aiosqlite] operation functools.partial(<built-in method cursor of sqlite3.Connection object at 0x10d36ed40>) completed
2026-02-14 11:41:13,235 [DEBUG] [aiosqlite] executing functools.partial(<built-in method execute of sqlite3.Cursor object at 0x1288d9540>, '\nDROP TABLE node_relations', ())
2026-02-14 11:41:13,235 [DEBUG] [aiosqlite] operation functools.partial(<built-in method execute of sqlite3.Cursor object at 0x1288d9540>, '\nDROP TABLE node_relations', ()) completed
2026-02-14 11:41:13,235 [DEBUG] [aiosqlite] executing functools.partial(<built-in method close of sqlite3.Cursor object at 0x1288d9540>)
2026-02-14 11:41:13,235 [DEBUG] [aiosqlite] operation functools.partial(<built-in method close of sqlite3.Cursor object at 0x1288d9540>) completed
2026-02-14 11:41:13,235 [DEBUG] [aiosqlite] executing functools.partial(<built-in method cursor of sqlite3.Connection object at 0x10d36ed40>)
2026-02-14 11:41:13,235 [DEBUG] [aiosqlite] operation functools.partial(<built-in method cursor of sqlite3.Connection object at 0x10d36ed40>) completed
2026-02-14 11:41:13,235 [DEBUG] [aiosqlite] executing functools.partial(<built-in method execute of sqlite3.Cursor object at 0x1288d81c0>, '\nDROP TABLE information_sources', ())
2026-02-14 11:41:13,236 [DEBUG] [aiosqlite] operation functools.partial(<built-in method execute of sqlite3.Cursor object at 0x1288d81c0>, '\nDROP TABLE information_sources', ()) completed
2026-02-14 11:41:13,236 [DEBUG] [aiosqlite] executing functools.partial(<built-in method close of sqlite3.Cursor object at 0x1288d81c0>)
2026-02-14 11:41:13,236 [DEBUG] [aiosqlite] operation functools.partial(<built-in method close of sqlite3.Cursor object at 0x1288d81c0>) completed
2026-02-14 11:41:13,236 [DEBUG] [aiosqlite] executing functools.partial(<built-in method cursor of sqlite3.Connection object at 0x10d36ed40>)
2026-02-14 11:41:13,236 [DEBUG] [aiosqlite] operation functools.partial(<built-in method cursor of sqlite3.Connection object at 0x10d36ed40>) completed
2026-02-14 11:41:13,236 [DEBUG] [aiosqlite] executing functools.partial(<built-in method execute of sqlite3.Cursor object at 0x1288d94c0>, '\nDROP TABLE source_node_relations', ())
2026-02-14 11:41:13,236 [DEBUG] [aiosqlite] operation functools.partial(<built-in method execute of sqlite3.Cursor object at 0x1288d94c0>, '\nDROP TABLE source_node_relations', ()) completed
2026-02-14 11:41:13,236 [DEBUG] [aiosqlite] executing functools.partial(<built-in method close of sqlite3.Cursor object at 0x1288d94c0>)
2026-02-14 11:41:13,236 [DEBUG] [aiosqlite] operation functools.partial(<built-in method close of sqlite3.Cursor object at 0x1288d94c0>) completed
2026-02-14 11:41:13,236 [DEBUG] [aiosqlite] executing functools.partial(<built-in method cursor of sqlite3.Connection object at 0x10d36ed40>)
2026-02-14 11:41:13,236 [DEBUG] [aiosqlite] operation functools.partial(<built-in method cursor of sqlite3.Connection object at 0x10d36ed40>) completed
2026-02-14 11:41:13,236 [DEBUG] [aiosqlite] executing functools.partial(<built-in method execute of sqlite3.Cursor object at 0x1288d8240>, '\nDROP TABLE content_items', ())
2026-02-14 11:41:13,236 [DEBUG] [aiosqlite] operation functools.partial(<built-in method execute of sqlite3.Cursor object at 0x1288d8240>, '\nDROP TABLE content_items', ()) completed
2026-02-14 11:41:13,236 [DEBUG] [aiosqlite] executing functools.partial(<built-in method close of sqlite3.Cursor object at 0x1288d8240>)
2026-02-14 11:41:13,236 [DEBUG] [aiosqlite] operation functools.partial(<built-in method close of sqlite3.Cursor object at 0x1288d8240>) completed
2026-02-14 11:41:13,236 [DEBUG] [aiosqlite] executing functools.partial(<built-in method cursor of sqlite3.Connection object at 0x10d36ed40>)
2026-02-14 11:41:13,236 [DEBUG] [aiosqlite] operation functools.partial(<built-in method cursor of sqlite3.Connection object at 0x10d36ed40>) completed
2026-02-14 11:41:13,236 [DEBUG] [aiosqlite] executing functools.partial(<built-in method execute of sqlite3.Cursor object at 0x1288d8cc0>, '\nDROP TABLE content_node_relations', ())
2026-02-14 11:41:13,236 [DEBUG] [aiosqlite] operation functools.partial(<built-in method execute of sqlite3.Cursor object at 0x1288d8cc0>, '\nDROP TABLE content_node_relations', ()) completed
2026-02-14 11:41:13,236 [DEBUG] [aiosqlite] executing functools.partial(<built-in method close of sqlite3.Cursor object at 0x1288d8cc0>)
2026-02-14 11:41:13,237 [DEBUG] [aiosqlite] operation functools.partial(<built-in method close of sqlite3.Cursor object at 0x1288d8cc0>) completed
2026-02-14 11:41:13,237 [DEBUG] [aiosqlite] executing functools.partial(<built-in method cursor of sqlite3.Connection object at 0x10d36ed40>)
2026-02-14 11:41:13,237 [DEBUG] [aiosqlite] operation functools.partial(<built-in method cursor of sqlite3.Connection object at 0x10d36ed40>) completed
2026-02-14 11:41:13,237 [DEBUG] [aiosqlite] executing functools.partial(<built-in method execute of sqlite3.Cursor object at 0x1288d9640>, '\nDROP TABLE validation_results', ())
2026-02-14 11:41:13,237 [DEBUG] [aiosqlite] operation functools.partial(<built-in method execute of sqlite3.Cursor object at 0x1288d9640>, '\nDROP TABLE validation_results', ()) completed
2026-02-14 11:41:13,237 [DEBUG] [aiosqlite] executing functools.partial(<built-in method close of sqlite3.Cursor object at 0x1288d9640>)
2026-02-14 11:41:13,237 [DEBUG] [aiosqlite] operation functools.partial(<built-in method close of sqlite3.Cursor object at 0x1288d9640>) completed
2026-02-14 11:41:13,237 [DEBUG] [aiosqlite] executing functools.partial(<built-in method cursor of sqlite3.Connection object at 0x10d36ed40>)
2026-02-14 11:41:13,237 [DEBUG] [aiosqlite] operation functools.partial(<built-in method cursor of sqlite3.Connection object at 0x10d36ed40>) completed
2026-02-14 11:41:13,237 [DEBUG] [aiosqlite] executing functools.partial(<built-in method execute of sqlite3.Cursor object at 0x1288d96c0>, '\nDROP TABLE crawl_jobs', ())
2026-02-14 11:41:13,237 [DEBUG] [aiosqlite] operation functools.partial(<built-in method execute of sqlite3.Cursor object at 0x1288d96c0>, '\nDROP TABLE crawl_jobs', ()) completed
2026-02-14 11:41:13,237 [DEBUG] [aiosqlite] executing functools.partial(<built-in method close of sqlite3.Cursor object at 0x1288d96c0>)
2026-02-14 11:41:13,237 [DEBUG] [aiosqlite] operation functools.partial(<built-in method close of sqlite3.Cursor object at 0x1288d96c0>) completed
2026-02-14 11:41:13,237 [DEBUG] [aiosqlite] executing functools.partial(<built-in method cursor of sqlite3.Connection object at 0x10d36ed40>)
2026-02-14 11:41:13,237 [DEBUG] [aiosqlite] operation functools.partial(<built-in method cursor of sqlite3.Connection object at 0x10d36ed40>) completed
2026-02-14 11:41:13,237 [DEBUG] [aiosqlite] executing functools.partial(<built-in method execute of sqlite3.Cursor object at 0x1288d9740>, '\nDROP TABLE approvals', ())
2026-02-14 11:41:13,237 [DEBUG] [aiosqlite] operation functools.partial(<built-in method execute of sqlite3.Cursor object at 0x1288d9740>, '\nDROP TABLE approvals', ()) completed
2026-02-14 11:41:13,237 [DEBUG] [aiosqlite] executing functools.partial(<built-in method close of sqlite3.Cursor object at 0x1288d9740>)
2026-02-14 11:41:13,237 [DEBUG] [aiosqlite] operation functools.partial(<built-in method close of sqlite3.Cursor object at 0x1288d9740>) completed
2026-02-14 11:41:13,237 [DEBUG] [aiosqlite] executing functools.partial(<built-in method cursor of sqlite3.Connection object at 0x10d36ed40>)
2026-02-14 11:41:13,237 [DEBUG] [aiosqlite] operation functools.partial(<built-in method cursor of sqlite3.Connection object at 0x10d36ed40>) completed
2026-02-14 11:41:13,237 [DEBUG] [aiosqlite] executing functools.partial(<built-in method execute of sqlite3.Cursor object at 0x1288d95c0>, '\nDROP TABLE concepts', ())
2026-02-14 11:41:13,238 [DEBUG] [aiosqlite] operation functools.partial(<built-in method execute of sqlite3.Cursor object at 0x1288d95c0>, '\nDROP TABLE concepts', ()) completed
2026-02-14 11:41:13,238 [DEBUG] [aiosqlite] executing functools.partial(<built-in method close of sqlite3.Cursor object at 0x1288d95c0>)
2026-02-14 11:41:13,238 [DEBUG] [aiosqlite] operation functools.partial(<built-in method close of sqlite3.Cursor object at 0x1288d95c0>) completed
2026-02-14 11:41:13,238 [DEBUG] [aiosqlite] executing functools.partial(<built-in method cursor of sqlite3.Connection object at 0x10d36ed40>)
2026-02-14 11:41:13,238 [DEBUG] [aiosqlite] operation functools.partial(<built-in method cursor of sqlite3.Connection object at 0x10d36ed40>) completed
2026-02-14 11:41:13,238 [DEBUG] [aiosqlite] executing functools.partial(<built-in method execute of sqlite3.Cursor object at 0x1288d97c0>, '\nDROP TABLE concept_synonyms', ())
2026-02-14 11:41:13,238 [DEBUG] [aiosqlite] operation functools.partial(<built-in method execute of sqlite3.Cursor object at 0x1288d97c0>, '\nDROP TABLE concept_synonyms', ()) completed
2026-02-14 11:41:13,238 [DEBUG] [aiosqlite] executing functools.partial(<built-in method close of sqlite3.Cursor object at 0x1288d97c0>)
2026-02-14 11:41:13,238 [DEBUG] [aiosqlite] operation functools.partial(<built-in method close of sqlite3.Cursor object at 0x1288d97c0>) completed
2026-02-14 11:41:13,238 [DEBUG] [aiosqlite] executing functools.partial(<built-in method cursor of sqlite3.Connection object at 0x10d36ed40>)
2026-02-14 11:41:13,238 [DEBUG] [aiosqlite] operation functools.partial(<built-in method cursor of sqlite3.Connection object at 0x10d36ed40>) completed
2026-02-14 11:41:13,238 [DEBUG] [aiosqlite] executing functools.partial(<built-in method execute of sqlite3.Cursor object at 0x1288d98c0>, '\nDROP TABLE snapshots', ())
2026-02-14 11:41:13,238 [DEBUG] [aiosqlite] operation functools.partial(<built-in method execute of sqlite3.Cursor object at 0x1288d98c0>, '\nDROP TABLE snapshots', ()) completed
2026-02-14 11:41:13,238 [DEBUG] [aiosqlite] executing functools.partial(<built-in method close of sqlite3.Cursor object at 0x1288d98c0>)
2026-02-14 11:41:13,238 [DEBUG] [aiosqlite] operation functools.partial(<built-in method close of sqlite3.Cursor object at 0x1288d98c0>) completed
2026-02-14 11:41:13,238 [DEBUG] [aiosqlite] executing functools.partial(<built-in method cursor of sqlite3.Connection object at 0x10d36ed40>)
2026-02-14 11:41:13,238 [DEBUG] [aiosqlite] operation functools.partial(<built-in method cursor of sqlite3.Connection object at 0x10d36ed40>) completed
2026-02-14 11:41:13,238 [DEBUG] [aiosqlite] executing functools.partial(<built-in method execute of sqlite3.Cursor object at 0x1288d9940>, '\nDROP TABLE contributions', ())
2026-02-14 11:41:13,238 [DEBUG] [aiosqlite] operation functools.partial(<built-in method execute of sqlite3.Cursor object at 0x1288d9940>, '\nDROP TABLE contributions', ()) completed
2026-02-14 11:41:13,239 [DEBUG] [aiosqlite] executing functools.partial(<built-in method close of sqlite3.Cursor object at 0x1288d9940>)
2026-02-14 11:41:13,239 [DEBUG] [aiosqlite] operation functools.partial(<built-in method close of sqlite3.Cursor object at 0x1288d9940>) completed
2026-02-14 11:41:13,239 [DEBUG] [aiosqlite] executing functools.partial(<built-in method cursor of sqlite3.Connection object at 0x10d36ed40>)
2026-02-14 11:41:13,239 [DEBUG] [aiosqlite] operation functools.partial(<built-in method cursor of sqlite3.Connection object at 0x10d36ed40>) completed
2026-02-14 11:41:13,239 [DEBUG] [aiosqlite] executing functools.partial(<built-in method execute of sqlite3.Cursor object at 0x1288d99c0>, '\nDROP TABLE synonym_mappings', ())
2026-02-14 11:41:13,239 [DEBUG] [aiosqlite] operation functools.partial(<built-in method execute of sqlite3.Cursor object at 0x1288d99c0>, '\nDROP TABLE synonym_mappings', ()) completed
2026-02-14 11:41:13,239 [DEBUG] [aiosqlite] executing functools.partial(<built-in method close of sqlite3.Cursor object at 0x1288d99c0>)
2026-02-14 11:41:13,239 [DEBUG] [aiosqlite] operation functools.partial(<built-in method close of sqlite3.Cursor object at 0x1288d99c0>) completed
2026-02-14 11:41:13,239 [DEBUG] [aiosqlite] executing functools.partial(<built-in method cursor of sqlite3.Connection object at 0x10d36ed40>)
2026-02-14 11:41:13,239 [DEBUG] [aiosqlite] operation functools.partial(<built-in method cursor of sqlite3.Connection object at 0x10d36ed40>) completed
2026-02-14 11:41:13,239 [DEBUG] [aiosqlite] executing functools.partial(<built-in method execute of sqlite3.Cursor object at 0x1288d9b40>, '\nDROP TABLE batch_tasks', ())
2026-02-14 11:41:13,239 [DEBUG] [aiosqlite] operation functools.partial(<built-in method execute of sqlite3.Cursor object at 0x1288d9b40>, '\nDROP TABLE batch_tasks', ()) completed
2026-02-14 11:41:13,239 [DEBUG] [aiosqlite] executing functools.partial(<built-in method close of sqlite3.Cursor object at 0x1288d9b40>)
2026-02-14 11:41:13,239 [DEBUG] [aiosqlite] operation functools.partial(<built-in method close of sqlite3.Cursor object at 0x1288d9b40>) completed
2026-02-14 11:41:13,239 [DEBUG] [aiosqlite] executing functools.partial(<built-in method cursor of sqlite3.Connection object at 0x10d36ed40>)
2026-02-14 11:41:13,239 [DEBUG] [aiosqlite] operation functools.partial(<built-in method cursor of sqlite3.Connection object at 0x10d36ed40>) completed
2026-02-14 11:41:13,239 [DEBUG] [aiosqlite] executing functools.partial(<built-in method execute of sqlite3.Cursor object at 0x1283e6bc0>, '\nDROP TABLE domain_whitelists', ())
2026-02-14 11:41:13,239 [DEBUG] [aiosqlite] operation functools.partial(<built-in method execute of sqlite3.Cursor object at 0x1283e6bc0>, '\nDROP TABLE domain_whitelists', ()) completed
2026-02-14 11:41:13,239 [DEBUG] [aiosqlite] executing functools.partial(<built-in method close of sqlite3.Cursor object at 0x1283e6bc0>)
2026-02-14 11:41:13,239 [DEBUG] [aiosqlite] operation functools.partial(<built-in method close of sqlite3.Cursor object at 0x1283e6bc0>) completed
2026-02-14 11:41:13,239 [DEBUG] [aiosqlite] executing functools.partial(<built-in method cursor of sqlite3.Connection object at 0x10d36ed40>)
2026-02-14 11:41:13,240 [DEBUG] [aiosqlite] operation functools.partial(<built-in method cursor of sqlite3.Connection object at 0x10d36ed40>) completed
2026-02-14 11:41:13,240 [DEBUG] [aiosqlite] executing functools.partial(<built-in method execute of sqlite3.Cursor object at 0x1283e69c0>, '\nDROP TABLE discovered_domains', ())
2026-02-14 11:41:13,240 [DEBUG] [aiosqlite] operation functools.partial(<built-in method execute of sqlite3.Cursor object at 0x1283e69c0>, '\nDROP TABLE discovered_domains', ()) completed
2026-02-14 11:41:13,240 [DEBUG] [aiosqlite] executing functools.partial(<built-in method close of sqlite3.Cursor object at 0x1283e69c0>)
2026-02-14 11:41:13,240 [DEBUG] [aiosqlite] operation functools.partial(<built-in method close of sqlite3.Cursor object at 0x1283e69c0>) completed
2026-02-14 11:41:13,240 [DEBUG] [aiosqlite] executing functools.partial(<built-in method cursor of sqlite3.Connection object at 0x10d36ed40>)
2026-02-14 11:41:13,240 [DEBUG] [aiosqlite] operation functools.partial(<built-in method cursor of sqlite3.Connection object at 0x10d36ed40>) completed
2026-02-14 11:41:13,240 [DEBUG] [aiosqlite] executing functools.partial(<built-in method execute of sqlite3.Cursor object at 0x1283e6a40>, '\nDROP TABLE hotspots', ())
2026-02-14 11:41:13,240 [DEBUG] [aiosqlite] operation functools.partial(<built-in method execute of sqlite3.Cursor object at 0x1283e6a40>, '\nDROP TABLE hotspots', ()) completed
2026-02-14 11:41:13,240 [DEBUG] [aiosqlite] executing functools.partial(<built-in method close of sqlite3.Cursor object at 0x1283e6a40>)
2026-02-14 11:41:13,240 [DEBUG] [aiosqlite] operation functools.partial(<built-in method close of sqlite3.Cursor object at 0x1283e6a40>) completed
2026-02-14 11:41:13,240 [DEBUG] [aiosqlite] executing functools.partial(<built-in method cursor of sqlite3.Connection object at 0x10d36ed40>)
2026-02-14 11:41:13,240 [DEBUG] [aiosqlite] operation functools.partial(<built-in method cursor of sqlite3.Connection object at 0x10d36ed40>) completed
2026-02-14 11:41:13,240 [DEBUG] [aiosqlite] executing functools.partial(<built-in method execute of sqlite3.Cursor object at 0x1283e6cc0>, '\nDROP TABLE hotspot_events', ())
2026-02-14 11:41:13,240 [DEBUG] [aiosqlite] operation functools.partial(<built-in method execute of sqlite3.Cursor object at 0x1283e6cc0>, '\nDROP TABLE hotspot_events', ()) completed
2026-02-14 11:41:13,240 [DEBUG] [aiosqlite] executing functools.partial(<built-in method close of sqlite3.Cursor object at 0x1283e6cc0>)
2026-02-14 11:41:13,240 [DEBUG] [aiosqlite] operation functools.partial(<built-in method close of sqlite3.Cursor object at 0x1283e6cc0>) completed
2026-02-14 11:41:13,240 [DEBUG] [aiosqlite] executing functools.partial(<built-in method cursor of sqlite3.Connection object at 0x10d36ed40>)
2026-02-14 11:41:13,240 [DEBUG] [aiosqlite] operation functools.partial(<built-in method cursor of sqlite3.Connection object at 0x10d36ed40>) completed
2026-02-14 11:41:13,240 [DEBUG] [aiosqlite] executing functools.partial(<built-in method execute of sqlite3.Cursor object at 0x1283e68c0>, '\nDROP TABLE concept_definitions', ())
2026-02-14 11:41:13,241 [DEBUG] [aiosqlite] operation functools.partial(<built-in method execute of sqlite3.Cursor object at 0x1283e68c0>, '\nDROP TABLE concept_definitions', ()) completed
2026-02-14 11:41:13,241 [DEBUG] [aiosqlite] executing functools.partial(<built-in method close of sqlite3.Cursor object at 0x1283e68c0>)
2026-02-14 11:41:13,241 [DEBUG] [aiosqlite] operation functools.partial(<built-in method close of sqlite3.Cursor object at 0x1283e68c0>) completed
2026-02-14 11:41:13,241 [DEBUG] [aiosqlite] executing functools.partial(<built-in method cursor of sqlite3.Connection object at 0x10d36ed40>)
2026-02-14 11:41:13,241 [DEBUG] [aiosqlite] operation functools.partial(<built-in method cursor of sqlite3.Connection object at 0x10d36ed40>) completed
2026-02-14 11:41:13,241 [DEBUG] [aiosqlite] executing functools.partial(<built-in method execute of sqlite3.Cursor object at 0x1283e6d40>, '\nDROP TABLE health_reports', ())
2026-02-14 11:41:13,241 [DEBUG] [aiosqlite] operation functools.partial(<built-in method execute of sqlite3.Cursor object at 0x1283e6d40>, '\nDROP TABLE health_reports', ()) completed
2026-02-14 11:41:13,241 [DEBUG] [aiosqlite] executing functools.partial(<built-in method close of sqlite3.Cursor object at 0x1283e6d40>)
2026-02-14 11:41:13,241 [DEBUG] [aiosqlite] operation functools.partial(<built-in method close of sqlite3.Cursor object at 0x1283e6d40>) completed
2026-02-14 11:41:13,241 [DEBUG] [aiosqlite] executing functools.partial(<built-in method cursor of sqlite3.Connection object at 0x10d36ed40>)
2026-02-14 11:41:13,241 [DEBUG] [aiosqlite] operation functools.partial(<built-in method cursor of sqlite3.Connection object at 0x10d36ed40>) completed
2026-02-14 11:41:13,241 [DEBUG] [aiosqlite] executing functools.partial(<built-in method execute of sqlite3.Cursor object at 0x1283e6c40>, '\nDROP TABLE strategy_adjustments', ())
2026-02-14 11:41:13,241 [DEBUG] [aiosqlite] operation functools.partial(<built-in method execute of sqlite3.Cursor object at 0x1283e6c40>, '\nDROP TABLE strategy_adjustments', ()) completed
2026-02-14 11:41:13,241 [DEBUG] [aiosqlite] executing functools.partial(<built-in method close of sqlite3.Cursor object at 0x1283e6c40>)
2026-02-14 11:41:13,242 [DEBUG] [aiosqlite] operation functools.partial(<built-in method close of sqlite3.Cursor object at 0x1283e6c40>) completed
2026-02-14 11:41:13,242 [DEBUG] [aiosqlite] executing functools.partial(<built-in method cursor of sqlite3.Connection object at 0x10d36ed40>)
2026-02-14 11:41:13,242 [DEBUG] [aiosqlite] operation functools.partial(<built-in method cursor of sqlite3.Connection object at 0x10d36ed40>) completed
2026-02-14 11:41:13,242 [DEBUG] [aiosqlite] executing functools.partial(<built-in method execute of sqlite3.Cursor object at 0x1283e6e40>, '\nDROP TABLE scheduled_tasks', ())
2026-02-14 11:41:13,242 [DEBUG] [aiosqlite] operation functools.partial(<built-in method execute of sqlite3.Cursor object at 0x1283e6e40>, '\nDROP TABLE scheduled_tasks', ()) completed
2026-02-14 11:41:13,242 [DEBUG] [aiosqlite] executing functools.partial(<built-in method close of sqlite3.Cursor object at 0x1283e6e40>)
2026-02-14 11:41:13,242 [DEBUG] [aiosqlite] operation functools.partial(<built-in method close of sqlite3.Cursor object at 0x1283e6e40>) completed
2026-02-14 11:41:13,242 [DEBUG] [aiosqlite] executing functools.partial(<built-in method cursor of sqlite3.Connection object at 0x10d36ed40>)
2026-02-14 11:41:13,242 [DEBUG] [aiosqlite] operation functools.partial(<built-in method cursor of sqlite3.Connection object at 0x10d36ed40>) completed
2026-02-14 11:41:13,242 [DEBUG] [aiosqlite] executing functools.partial(<built-in method execute of sqlite3.Cursor object at 0x1283e6f40>, '\nDROP TABLE task_executions', ())
2026-02-14 11:41:13,242 [DEBUG] [aiosqlite] operation functools.partial(<built-in method execute of sqlite3.Cursor object at 0x1283e6f40>, '\nDROP TABLE task_executions', ()) completed
2026-02-14 11:41:13,242 [DEBUG] [aiosqlite] executing functools.partial(<built-in method close of sqlite3.Cursor object at 0x1283e6f40>)
2026-02-14 11:41:13,242 [DEBUG] [aiosqlite] operation functools.partial(<built-in method close of sqlite3.Cursor object at 0x1283e6f40>) completed
2026-02-14 11:41:13,242 [DEBUG] [aiosqlite] executing functools.partial(<built-in method cursor of sqlite3.Connection object at 0x10d36ed40>)
2026-02-14 11:41:13,242 [DEBUG] [aiosqlite] operation functools.partial(<built-in method cursor of sqlite3.Connection object at 0x10d36ed40>) completed
2026-02-14 11:41:13,242 [DEBUG] [aiosqlite] executing functools.partial(<built-in method execute of sqlite3.Cursor object at 0x1283e6ac0>, '\nDROP TABLE config_history', ())
2026-02-14 11:41:13,242 [DEBUG] [aiosqlite] operation functools.partial(<built-in method execute of sqlite3.Cursor object at 0x1283e6ac0>, '\nDROP TABLE config_history', ()) completed
2026-02-14 11:41:13,242 [DEBUG] [aiosqlite] executing functools.partial(<built-in method close of sqlite3.Cursor object at 0x1283e6ac0>)
2026-02-14 11:41:13,243 [DEBUG] [aiosqlite] operation functools.partial(<built-in method close of sqlite3.Cursor object at 0x1283e6ac0>) completed
2026-02-14 11:41:13,243 [DEBUG] [aiosqlite] executing functools.partial(<built-in method cursor of sqlite3.Connection object at 0x10d36ed40>)
2026-02-14 11:41:13,243 [DEBUG] [aiosqlite] operation functools.partial(<built-in method cursor of sqlite3.Connection object at 0x10d36ed40>) completed
2026-02-14 11:41:13,243 [DEBUG] [aiosqlite] executing functools.partial(<built-in method execute of sqlite3.Cursor object at 0x1283e6fc0>, '\nDROP TABLE prompt_templates', ())
2026-02-14 11:41:13,243 [DEBUG] [aiosqlite] operation functools.partial(<built-in method execute of sqlite3.Cursor object at 0x1283e6fc0>, '\nDROP TABLE prompt_templates', ()) completed
2026-02-14 11:41:13,243 [DEBUG] [aiosqlite] executing functools.partial(<built-in method close of sqlite3.Cursor object at 0x1283e6fc0>)
2026-02-14 11:41:13,243 [DEBUG] [aiosqlite] operation functools.partial(<built-in method close of sqlite3.Cursor object at 0x1283e6fc0>) completed
2026-02-14 11:41:13,243 [DEBUG] [aiosqlite] executing functools.partial(<built-in method cursor of sqlite3.Connection object at 0x10d36ed40>)
2026-02-14 11:41:13,243 [DEBUG] [aiosqlite] operation functools.partial(<built-in method cursor of sqlite3.Connection object at 0x10d36ed40>) completed
2026-02-14 11:41:13,243 [DEBUG] [aiosqlite] executing functools.partial(<built-in method execute of sqlite3.Cursor object at 0x1283e6ec0>, '\nDROP TABLE prompt_versions', ())
2026-02-14 11:41:13,243 [DEBUG] [aiosqlite] operation functools.partial(<built-in method execute of sqlite3.Cursor object at 0x1283e6ec0>, '\nDROP TABLE prompt_versions', ()) completed
2026-02-14 11:41:13,243 [DEBUG] [aiosqlite] executing functools.partial(<built-in method close of sqlite3.Cursor object at 0x1283e6ec0>)
2026-02-14 11:41:13,243 [DEBUG] [aiosqlite] operation functools.partial(<built-in method close of sqlite3.Cursor object at 0x1283e6ec0>) completed
2026-02-14 11:41:13,243 [DEBUG] [aiosqlite] executing functools.partial(<built-in method cursor of sqlite3.Connection object at 0x10d36ed40>)
2026-02-14 11:41:13,243 [DEBUG] [aiosqlite] operation functools.partial(<built-in method cursor of sqlite3.Connection object at 0x10d36ed40>) completed
2026-02-14 11:41:13,243 [DEBUG] [aiosqlite] executing functools.partial(<built-in method execute of sqlite3.Cursor object at 0x1283e6b40>, '\nDROP TABLE ab_tests', ())
2026-02-14 11:41:13,243 [DEBUG] [aiosqlite] operation functools.partial(<built-in method execute of sqlite3.Cursor object at 0x1283e6b40>, '\nDROP TABLE ab_tests', ()) completed
2026-02-14 11:41:13,243 [DEBUG] [aiosqlite] executing functools.partial(<built-in method close of sqlite3.Cursor object at 0x1283e6b40>)
2026-02-14 11:41:13,243 [DEBUG] [aiosqlite] operation functools.partial(<built-in method close of sqlite3.Cursor object at 0x1283e6b40>) completed
2026-02-14 11:41:13,243 [DEBUG] [aiosqlite] executing functools.partial(<built-in method cursor of sqlite3.Connection object at 0x10d36ed40>)
2026-02-14 11:41:13,243 [DEBUG] [aiosqlite] operation functools.partial(<built-in method cursor of sqlite3.Connection object at 0x10d36ed40>) completed
2026-02-14 11:41:13,243 [DEBUG] [aiosqlite] executing functools.partial(<built-in method execute of sqlite3.Cursor object at 0x1283e5cc0>, '\nDROP TABLE notifications', ())
2026-02-14 11:41:13,243 [DEBUG] [aiosqlite] operation functools.partial(<built-in method execute of sqlite3.Cursor object at 0x1283e5cc0>, '\nDROP TABLE notifications', ()) completed
2026-02-14 11:41:13,243 [DEBUG] [aiosqlite] executing functools.partial(<built-in method close of sqlite3.Cursor object at 0x1283e5cc0>)
2026-02-14 11:41:13,244 [DEBUG] [aiosqlite] operation functools.partial(<built-in method close of sqlite3.Cursor object at 0x1283e5cc0>) completed
2026-02-14 11:41:13,244 [DEBUG] [aiosqlite] executing functools.partial(<built-in method cursor of sqlite3.Connection object at 0x10d36ed40>)
2026-02-14 11:41:13,244 [DEBUG] [aiosqlite] operation functools.partial(<built-in method cursor of sqlite3.Connection object at 0x10d36ed40>) completed
2026-02-14 11:41:13,244 [DEBUG] [aiosqlite] executing functools.partial(<built-in method execute of sqlite3.Cursor object at 0x1283e7040>, '\nDROP TABLE notification_preferences', ())
2026-02-14 11:41:13,244 [DEBUG] [aiosqlite] operation functools.partial(<built-in method execute of sqlite3.Cursor object at 0x1283e7040>, '\nDROP TABLE notification_preferences', ()) completed
2026-02-14 11:41:13,244 [DEBUG] [aiosqlite] executing functools.partial(<built-in method close of sqlite3.Cursor object at 0x1283e7040>)
2026-02-14 11:41:13,244 [DEBUG] [aiosqlite] operation functools.partial(<built-in method close of sqlite3.Cursor object at 0x1283e7040>) completed
2026-02-14 11:41:13,244 [DEBUG] [aiosqlite] executing functools.partial(<built-in method cursor of sqlite3.Connection object at 0x10d36ed40>)
2026-02-14 11:41:13,244 [DEBUG] [aiosqlite] operation functools.partial(<built-in method cursor of sqlite3.Connection object at 0x10d36ed40>) completed
2026-02-14 11:41:13,244 [DEBUG] [aiosqlite] executing functools.partial(<built-in method execute of sqlite3.Cursor object at 0x1283e70c0>, '\nDROP TABLE api_metrics', ())
2026-02-14 11:41:13,244 [DEBUG] [aiosqlite] operation functools.partial(<built-in method execute of sqlite3.Cursor object at 0x1283e70c0>, '\nDROP TABLE api_metrics', ()) completed
2026-02-14 11:41:13,244 [DEBUG] [aiosqlite] executing functools.partial(<built-in method close of sqlite3.Cursor object at 0x1283e70c0>)
2026-02-14 11:41:13,244 [DEBUG] [aiosqlite] operation functools.partial(<built-in method close of sqlite3.Cursor object at 0x1283e70c0>) completed
2026-02-14 11:41:13,244 [DEBUG] [aiosqlite] executing functools.partial(<built-in method cursor of sqlite3.Connection object at 0x10d36ed40>)
2026-02-14 11:41:13,244 [DEBUG] [aiosqlite] operation functools.partial(<built-in method cursor of sqlite3.Connection object at 0x10d36ed40>) completed
2026-02-14 11:41:13,244 [DEBUG] [aiosqlite] executing functools.partial(<built-in method execute of sqlite3.Cursor object at 0x1283e6dc0>, '\nDROP TABLE error_records', ())
2026-02-14 11:41:13,244 [DEBUG] [aiosqlite] operation functools.partial(<built-in method execute of sqlite3.Cursor object at 0x1283e6dc0>, '\nDROP TABLE error_records', ()) completed
2026-02-14 11:41:13,244 [DEBUG] [aiosqlite] executing functools.partial(<built-in method close of sqlite3.Cursor object at 0x1283e6dc0>)
2026-02-14 11:41:13,244 [DEBUG] [aiosqlite] operation functools.partial(<built-in method close of sqlite3.Cursor object at 0x1283e6dc0>) completed
2026-02-14 11:41:13,244 [DEBUG] [aiosqlite] executing functools.partial(<built-in method commit of sqlite3.Connection object at 0x10d36ed40>)
2026-02-14 11:41:13,244 [DEBUG] [aiosqlite] operation functools.partial(<built-in method commit of sqlite3.Connection object at 0x10d36ed40>) completed
2026-02-14 11:41:13,244 [DEBUG] [aiosqlite] executing functools.partial(<built-in method rollback of sqlite3.Connection object at 0x10d36ed40>)
2026-02-14 11:41:13,244 [DEBUG] [aiosqlite] operation functools.partial(<built-in method rollback of sqlite3.Connection object at 0x10d36ed40>) completed
---------------------------- Captured log teardown -----------------------------
DEBUG    aiosqlite:core.py:62 executing functools.partial(<built-in method rollback of sqlite3.Connection object at 0x10d36ed40>)
DEBUG    aiosqlite:core.py:67 operation functools.partial(<built-in method rollback of sqlite3.Connection object at 0x10d36ed40>) completed
DEBUG    aiosqlite:core.py:62 executing functools.partial(<built-in method rollback of sqlite3.Connection object at 0x10d36ed40>)
DEBUG    aiosqlite:core.py:67 operation functools.partial(<built-in method rollback of sqlite3.Connection object at 0x10d36ed40>) completed
DEBUG    aiosqlite:core.py:62 executing functools.partial(<built-in method cursor of sqlite3.Connection object at 0x10d36ed40>)
DEBUG    aiosqlite:core.py:67 operation functools.partial(<built-in method cursor of sqlite3.Connection object at 0x10d36ed40>) completed
DEBUG    aiosqlite:core.py:62 executing functools.partial(<built-in method execute of sqlite3.Cursor object at 0x1288d8140>, 'PRAGMA main.table_info("pyramids")', ())
DEBUG    aiosqlite:core.py:67 operation functools.partial(<built-in method execute of sqlite3.Cursor object at 0x1288d8140>, 'PRAGMA main.table_info("pyramids")', ()) completed
DEBUG    aiosqlite:core.py:62 executing functools.partial(<built-in method fetchall of sqlite3.Cursor object at 0x1288d8140>)
DEBUG    aiosqlite:core.py:67 operation functools.partial(<built-in method fetchall of sqlite3.Cursor object at 0x1288d8140>) completed
DEBUG    aiosqlite:core.py:62 executing functools.partial(<built-in method close of sqlite3.Cursor object at 0x1288d8140>)
DEBUG    aiosqlite:core.py:67 operation functools.partial(<built-in method close of sqlite3.Cursor object at 0x1288d8140>) completed
DEBUG    aiosqlite:core.py:62 executing functools.partial(<built-in method cursor of sqlite3.Connection object at 0x10d36ed40>)
DEBUG    aiosqlite:core.py:67 operation functools.partial(<built-in method cursor of sqlite3.Connection object at 0x10d36ed40>) completed
DEBUG    aiosqlite:core.py:62 executing functools.partial(<built-in method execute of sqlite3.Cursor object at 0x1288d8440>, 'PRAGMA main.table_info("pyramid_nodes")', ())
DEBUG    aiosqlite:core.py:67 operation functools.partial(<built-in method execute of sqlite3.Cursor object at 0x1288d8440>, 'PRAGMA main.table_info("pyramid_nodes")', ()) completed
DEBUG    aiosqlite:core.py:62 executing functools.partial(<built-in method fetchall of sqlite3.Cursor object at 0x1288d8440>)
DEBUG    aiosqlite:core.py:67 operation functools.partial(<built-in method fetchall of sqlite3.Cursor object at 0x1288d8440>) completed
DEBUG    aiosqlite:core.py:62 executing functools.partial(<built-in method close of sqlite3.Cursor object at 0x1288d8440>)
DEBUG    aiosqlite:core.py:67 operation functools.partial(<built-in method close of sqlite3.Cursor object at 0x1288d8440>) completed
DEBUG    aiosqlite:core.py:62 executing functools.partial(<built-in method cursor of sqlite3.Connection object at 0x10d36ed40>)
DEBUG    aiosqlite:core.py:67 operation functools.partial(<built-in method cursor of sqlite3.Connection object at 0x10d36ed40>) completed
DEBUG    aiosqlite:core.py:62 executing functools.partial(<built-in method execute of sqlite3.Cursor object at 0x1288d80c0>, 'PRAGMA main.table_info("node_relations")', ())
DEBUG    aiosqlite:core.py:67 operation functools.partial(<built-in method execute of sqlite3.Cursor object at 0x1288d80c0>, 'PRAGMA main.table_info("node_relations")', ()) completed
DEBUG    aiosqlite:core.py:62 executing functools.partial(<built-in method fetchall of sqlite3.Cursor object at 0x1288d80c0>)
DEBUG    aiosqlite:core.py:67 operation functools.partial(<built-in method fetchall of sqlite3.Cursor object at 0x1288d80c0>) completed
DEBUG    aiosqlite:core.py:62 executing functools.partial(<built-in method close of sqlite3.Cursor object at 0x1288d80c0>)
DEBUG    aiosqlite:core.py:67 operation functools.partial(<built-in method close of sqlite3.Cursor object at 0x1288d80c0>) completed
DEBUG    aiosqlite:core.py:62 executing functools.partial(<built-in method cursor of sqlite3.Connection object at 0x10d36ed40>)
DEBUG    aiosqlite:core.py:67 operation functools.partial(<built-in method cursor of sqlite3.Connection object at 0x10d36ed40>) completed
DEBUG    aiosqlite:core.py:62 executing functools.partial(<built-in method execute of sqlite3.Cursor object at 0x1288d8640>, 'PRAGMA main.table_info("information_sources")', ())
DEBUG    aiosqlite:core.py:67 operation functools.partial(<built-in method execute of sqlite3.Cursor object at 0x1288d8640>, 'PRAGMA main.table_info("information_sources")', ()) completed
DEBUG    aiosqlite:core.py:62 executing functools.partial(<built-in method fetchall of sqlite3.Cursor object at 0x1288d8640>)
DEBUG    aiosqlite:core.py:67 operation functools.partial(<built-in method fetchall of sqlite3.Cursor object at 0x1288d8640>) completed
DEBUG    aiosqlite:core.py:62 executing functools.partial(<built-in method close of sqlite3.Cursor object at 0x1288d8640>)
DEBUG    aiosqlite:core.py:67 operation functools.partial(<built-in method close of sqlite3.Cursor object at 0x1288d8640>) completed
DEBUG    aiosqlite:core.py:62 executing functools.partial(<built-in method cursor of sqlite3.Connection object at 0x10d36ed40>)
DEBUG    aiosqlite:core.py:67 operation functools.partial(<built-in method cursor of sqlite3.Connection object at 0x10d36ed40>) completed
DEBUG    aiosqlite:core.py:62 executing functools.partial(<built-in method execute of sqlite3.Cursor object at 0x1288d86c0>, 'PRAGMA main.table_info("source_node_relations")', ())
DEBUG    aiosqlite:core.py:67 operation functools.partial(<built-in method execute of sqlite3.Cursor object at 0x1288d86c0>, 'PRAGMA main.table_info("source_node_relations")', ()) completed
DEBUG    aiosqlite:core.py:62 executing functools.partial(<built-in method fetchall of sqlite3.Cursor object at 0x1288d86c0>)
DEBUG    aiosqlite:core.py:67 operation functools.partial(<built-in method fetchall of sqlite3.Cursor object at 0x1288d86c0>) completed
DEBUG    aiosqlite:core.py:62 executing functools.partial(<built-in method close of sqlite3.Cursor object at 0x1288d86c0>)
DEBUG    aiosqlite:core.py:67 operation functools.partial(<built-in method close of sqlite3.Cursor object at 0x1288d86c0>) completed
DEBUG    aiosqlite:core.py:62 executing functools.partial(<built-in method cursor of sqlite3.Connection object at 0x10d36ed40>)
DEBUG    aiosqlite:core.py:67 operation functools.partial(<built-in method cursor of sqlite3.Connection object at 0x10d36ed40>) completed
DEBUG    aiosqlite:core.py:62 executing functools.partial(<built-in method execute of sqlite3.Cursor object at 0x1288d8540>, 'PRAGMA main.table_info("content_items")', ())
DEBUG    aiosqlite:core.py:67 operation functools.partial(<built-in method execute of sqlite3.Cursor object at 0x1288d8540>, 'PRAGMA main.table_info("content_items")', ()) completed
DEBUG    aiosqlite:core.py:62 executing functools.partial(<built-in method fetchall of sqlite3.Cursor object at 0x1288d8540>)
DEBUG    aiosqlite:core.py:67 operation functools.partial(<built-in method fetchall of sqlite3.Cursor object at 0x1288d8540>) completed
DEBUG    aiosqlite:core.py:62 executing functools.partial(<built-in method close of sqlite3.Cursor object at 0x1288d8540>)
DEBUG    aiosqlite:core.py:67 operation functools.partial(<built-in method close of sqlite3.Cursor object at 0x1288d8540>) completed
DEBUG    aiosqlite:core.py:62 executing functools.partial(<built-in method cursor of sqlite3.Connection object at 0x10d36ed40>)
DEBUG    aiosqlite:core.py:67 operation functools.partial(<built-in method cursor of sqlite3.Connection object at 0x10d36ed40>) completed
DEBUG    aiosqlite:core.py:62 executing functools.partial(<built-in method execute of sqlite3.Cursor object at 0x1288d8740>, 'PRAGMA main.table_info("content_node_relations")', ())
DEBUG    aiosqlite:core.py:67 operation functools.partial(<built-in method execute of sqlite3.Cursor object at 0x1288d8740>, 'PRAGMA main.table_info("content_node_relations")', ()) completed
DEBUG    aiosqlite:core.py:62 executing functools.partial(<built-in method fetchall of sqlite3.Cursor object at 0x1288d8740>)
DEBUG    aiosqlite:core.py:67 operation functools.partial(<built-in method fetchall of sqlite3.Cursor object at 0x1288d8740>) completed
DEBUG    aiosqlite:core.py:62 executing functools.partial(<built-in method close of sqlite3.Cursor object at 0x1288d8740>)
DEBUG    aiosqlite:core.py:67 operation functools.partial(<built-in method close of sqlite3.Cursor object at 0x1288d8740>) completed
DEBUG    aiosqlite:core.py:62 executing functools.partial(<built-in method cursor of sqlite3.Connection object at 0x10d36ed40>)
DEBUG    aiosqlite:core.py:67 operation functools.partial(<built-in method cursor of sqlite3.Connection object at 0x10d36ed40>) completed
DEBUG    aiosqlite:core.py:62 executing functools.partial(<built-in method execute of sqlite3.Cursor object at 0x1288d88c0>, 'PRAGMA main.table_info("validation_results")', ())
DEBUG    aiosqlite:core.py:67 operation functools.partial(<built-in method execute of sqlite3.Cursor object at 0x1288d88c0>, 'PRAGMA main.table_info("validation_results")', ()) completed
DEBUG    aiosqlite:core.py:62 executing functools.partial(<built-in method fetchall of sqlite3.Cursor object at 0x1288d88c0>)
DEBUG    aiosqlite:core.py:67 operation functools.partial(<built-in method fetchall of sqlite3.Cursor object at 0x1288d88c0>) completed
DEBUG    aiosqlite:core.py:62 executing functools.partial(<built-in method close of sqlite3.Cursor object at 0x1288d88c0>)
DEBUG    aiosqlite:core.py:67 operation functools.partial(<built-in method close of sqlite3.Cursor object at 0x1288d88c0>) completed
DEBUG    aiosqlite:core.py:62 executing functools.partial(<built-in method cursor of sqlite3.Connection object at 0x10d36ed40>)
DEBUG    aiosqlite:core.py:67 operation functools.partial(<built-in method cursor of sqlite3.Connection object at 0x10d36ed40>) completed
DEBUG    aiosqlite:core.py:62 executing functools.partial(<built-in method execute of sqlite3.Cursor object at 0x1288d8840>, 'PRAGMA main.table_info("crawl_jobs")', ())
DEBUG    aiosqlite:core.py:67 operation functools.partial(<built-in method execute of sqlite3.Cursor object at 0x1288d8840>, 'PRAGMA main.table_info("crawl_jobs")', ()) completed
DEBUG    aiosqlite:core.py:62 executing functools.partial(<built-in method fetchall of sqlite3.Cursor object at 0x1288d8840>)
DEBUG    aiosqlite:core.py:67 operation functools.partial(<built-in method fetchall of sqlite3.Cursor object at 0x1288d8840>) completed
DEBUG    aiosqlite:core.py:62 executing functools.partial(<built-in method close of sqlite3.Cursor object at 0x1288d8840>)
DEBUG    aiosqlite:core.py:67 operation functools.partial(<built-in method close of sqlite3.Cursor object at 0x1288d8840>) completed
DEBUG    aiosqlite:core.py:62 executing functools.partial(<built-in method cursor of sqlite3.Connection object at 0x10d36ed40>)
DEBUG    aiosqlite:core.py:67 operation functools.partial(<built-in method cursor of sqlite3.Connection object at 0x10d36ed40>) completed
DEBUG    aiosqlite:core.py:62 executing functools.partial(<built-in method execute of sqlite3.Cursor object at 0x1288d8940>, 'PRAGMA main.table_info("approvals")', ())
DEBUG    aiosqlite:core.py:67 operation functools.partial(<built-in method execute of sqlite3.Cursor object at 0x1288d8940>, 'PRAGMA main.table_info("approvals")', ()) completed
DEBUG    aiosqlite:core.py:62 executing functools.partial(<built-in method fetchall of sqlite3.Cursor object at 0x1288d8940>)
DEBUG    aiosqlite:core.py:67 operation functools.partial(<built-in method fetchall of sqlite3.Cursor object at 0x1288d8940>) completed
DEBUG    aiosqlite:core.py:62 executing functools.partial(<built-in method close of sqlite3.Cursor object at 0x1288d8940>)
DEBUG    aiosqlite:core.py:67 operation functools.partial(<built-in method close of sqlite3.Cursor object at 0x1288d8940>) completed
DEBUG    aiosqlite:core.py:62 executing functools.partial(<built-in method cursor of sqlite3.Connection object at 0x10d36ed40>)
DEBUG    aiosqlite:core.py:67 operation functools.partial(<built-in method cursor of sqlite3.Connection object at 0x10d36ed40>) completed
DEBUG    aiosqlite:core.py:62 executing functools.partial(<built-in method execute of sqlite3.Cursor object at 0x1288d85c0>, 'PRAGMA main.table_info("concepts")', ())
DEBUG    aiosqlite:core.py:67 operation functools.partial(<built-in method execute of sqlite3.Cursor object at 0x1288d85c0>, 'PRAGMA main.table_info("concepts")', ()) completed
DEBUG    aiosqlite:core.py:62 executing functools.partial(<built-in method fetchall of sqlite3.Cursor object at 0x1288d85c0>)
DEBUG    aiosqlite:core.py:67 operation functools.partial(<built-in method fetchall of sqlite3.Cursor object at 0x1288d85c0>) completed
DEBUG    aiosqlite:core.py:62 executing functools.partial(<built-in method close of sqlite3.Cursor object at 0x1288d85c0>)
DEBUG    aiosqlite:core.py:67 operation functools.partial(<built-in method close of sqlite3.Cursor object at 0x1288d85c0>) completed
DEBUG    aiosqlite:core.py:62 executing functools.partial(<built-in method cursor of sqlite3.Connection object at 0x10d36ed40>)
DEBUG    aiosqlite:core.py:67 operation functools.partial(<built-in method cursor of sqlite3.Connection object at 0x10d36ed40>) completed
DEBUG    aiosqlite:core.py:62 executing functools.partial(<built-in method execute of sqlite3.Cursor object at 0x1288d83c0>, 'PRAGMA main.table_info("concept_synonyms")', ())
DEBUG    aiosqlite:core.py:67 operation functools.partial(<built-in method execute of sqlite3.Cursor object at 0x1288d83c0>, 'PRAGMA main.table_info("concept_synonyms")', ()) completed
DEBUG    aiosqlite:core.py:62 executing functools.partial(<built-in method fetchall of sqlite3.Cursor object at 0x1288d83c0>)
DEBUG    aiosqlite:core.py:67 operation functools.partial(<built-in method fetchall of sqlite3.Cursor object at 0x1288d83c0>) completed
DEBUG    aiosqlite:core.py:62 executing functools.partial(<built-in method close of sqlite3.Cursor object at 0x1288d83c0>)
DEBUG    aiosqlite:core.py:67 operation functools.partial(<built-in method close of sqlite3.Cursor object at 0x1288d83c0>) completed
DEBUG    aiosqlite:core.py:62 executing functools.partial(<built-in method cursor of sqlite3.Connection object at 0x10d36ed40>)
DEBUG    aiosqlite:core.py:67 operation functools.partial(<built-in method cursor of sqlite3.Connection object at 0x10d36ed40>) completed
DEBUG    aiosqlite:core.py:62 executing functools.partial(<built-in method execute of sqlite3.Cursor object at 0x1288d8a40>, 'PRAGMA main.table_info("snapshots")', ())
DEBUG    aiosqlite:core.py:67 operation functools.partial(<built-in method execute of sqlite3.Cursor object at 0x1288d8a40>, 'PRAGMA main.table_info("snapshots")', ()) completed
DEBUG    aiosqlite:core.py:62 executing functools.partial(<built-in method fetchall of sqlite3.Cursor object at 0x1288d8a40>)
DEBUG    aiosqlite:core.py:67 operation functools.partial(<built-in method fetchall of sqlite3.Cursor object at 0x1288d8a40>) completed
DEBUG    aiosqlite:core.py:62 executing functools.partial(<built-in method close of sqlite3.Cursor object at 0x1288d8a40>)
DEBUG    aiosqlite:core.py:67 operation functools.partial(<built-in method close of sqlite3.Cursor object at 0x1288d8a40>) completed
DEBUG    aiosqlite:core.py:62 executing functools.partial(<built-in method cursor of sqlite3.Connection object at 0x10d36ed40>)
DEBUG    aiosqlite:core.py:67 operation functools.partial(<built-in method cursor of sqlite3.Connection object at 0x10d36ed40>) completed
DEBUG    aiosqlite:core.py:62 executing functools.partial(<built-in method execute of sqlite3.Cursor object at 0x1288d8b40>, 'PRAGMA main.table_info("contributions")', ())
DEBUG    aiosqlite:core.py:67 operation functools.partial(<built-in method execute of sqlite3.Cursor object at 0x1288d8b40>, 'PRAGMA main.table_info("contributions")', ()) completed
DEBUG    aiosqlite:core.py:62 executing functools.partial(<built-in method fetchall of sqlite3.Cursor object at 0x1288d8b40>)
DEBUG    aiosqlite:core.py:67 operation functools.partial(<built-in method fetchall of sqlite3.Cursor object at 0x1288d8b40>) completed
DEBUG    aiosqlite:core.py:62 executing functools.partial(<built-in method close of sqlite3.Cursor object at 0x1288d8b40>)
DEBUG    aiosqlite:core.py:67 operation functools.partial(<built-in method close of sqlite3.Cursor object at 0x1288d8b40>) completed
DEBUG    aiosqlite:core.py:62 executing functools.partial(<built-in method cursor of sqlite3.Connection object at 0x10d36ed40>)
DEBUG    aiosqlite:core.py:67 operation functools.partial(<built-in method cursor of sqlite3.Connection object at 0x10d36ed40>) completed
DEBUG    aiosqlite:core.py:62 executing functools.partial(<built-in method execute of sqlite3.Cursor object at 0x1288d87c0>, 'PRAGMA main.table_info("synonym_mappings")', ())
DEBUG    aiosqlite:core.py:67 operation functools.partial(<built-in method execute of sqlite3.Cursor object at 0x1288d87c0>, 'PRAGMA main.table_info("synonym_mappings")', ()) completed
DEBUG    aiosqlite:core.py:62 executing functools.partial(<built-in method fetchall of sqlite3.Cursor object at 0x1288d87c0>)
DEBUG    aiosqlite:core.py:67 operation functools.partial(<built-in method fetchall of sqlite3.Cursor object at 0x1288d87c0>) completed
DEBUG    aiosqlite:core.py:62 executing functools.partial(<built-in method close of sqlite3.Cursor object at 0x1288d87c0>)
DEBUG    aiosqlite:core.py:67 operation functools.partial(<built-in method close of sqlite3.Cursor object at 0x1288d87c0>) completed
DEBUG    aiosqlite:core.py:62 executing functools.partial(<built-in method cursor of sqlite3.Connection object at 0x10d36ed40>)
DEBUG    aiosqlite:core.py:67 operation functools.partial(<built-in method cursor of sqlite3.Connection object at 0x10d36ed40>) completed
DEBUG    aiosqlite:core.py:62 executing functools.partial(<built-in method execute of sqlite3.Cursor object at 0x1288d8bc0>, 'PRAGMA main.table_info("batch_tasks")', ())
DEBUG    aiosqlite:core.py:67 operation functools.partial(<built-in method execute of sqlite3.Cursor object at 0x1288d8bc0>, 'PRAGMA main.table_info("batch_tasks")', ()) completed
DEBUG    aiosqlite:core.py:62 executing functools.partial(<built-in method fetchall of sqlite3.Cursor object at 0x1288d8bc0>)
DEBUG    aiosqlite:core.py:67 operation functools.partial(<built-in method fetchall of sqlite3.Cursor object at 0x1288d8bc0>) completed
DEBUG    aiosqlite:core.py:62 executing functools.partial(<built-in method close of sqlite3.Cursor object at 0x1288d8bc0>)
DEBUG    aiosqlite:core.py:67 operation functools.partial(<built-in method close of sqlite3.Cursor object at 0x1288d8bc0>) completed
DEBUG    aiosqlite:core.py:62 executing functools.partial(<built-in method cursor of sqlite3.Connection object at 0x10d36ed40>)
DEBUG    aiosqlite:core.py:67 operation functools.partial(<built-in method cursor of sqlite3.Connection object at 0x10d36ed40>) completed
DEBUG    aiosqlite:core.py:62 executing functools.partial(<built-in method execute of sqlite3.Cursor object at 0x1288d8ac0>, 'PRAGMA main.table_info("domain_whitelists")', ())
DEBUG    aiosqlite:core.py:67 operation functools.partial(<built-in method execute of sqlite3.Cursor object at 0x1288d8ac0>, 'PRAGMA main.table_info("domain_whitelists")', ()) completed
DEBUG    aiosqlite:core.py:62 executing functools.partial(<built-in method fetchall of sqlite3.Cursor object at 0x1288d8ac0>)
DEBUG    aiosqlite:core.py:67 operation functools.partial(<built-in method fetchall of sqlite3.Cursor object at 0x1288d8ac0>) completed
DEBUG    aiosqlite:core.py:62 executing functools.partial(<built-in method close of sqlite3.Cursor object at 0x1288d8ac0>)
DEBUG    aiosqlite:core.py:67 operation functools.partial(<built-in method close of sqlite3.Cursor object at 0x1288d8ac0>) completed
DEBUG    aiosqlite:core.py:62 executing functools.partial(<built-in method cursor of sqlite3.Connection object at 0x10d36ed40>)
DEBUG    aiosqlite:core.py:67 operation functools.partial(<built-in method cursor of sqlite3.Connection object at 0x10d36ed40>) completed
DEBUG    aiosqlite:core.py:62 executing functools.partial(<built-in method execute of sqlite3.Cursor object at 0x1288d8c40>, 'PRAGMA main.table_info("discovered_domains")', ())
DEBUG    aiosqlite:core.py:67 operation functools.partial(<built-in method execute of sqlite3.Cursor object at 0x1288d8c40>, 'PRAGMA main.table_info("discovered_domains")', ()) completed
DEBUG    aiosqlite:core.py:62 executing functools.partial(<built-in method fetchall of sqlite3.Cursor object at 0x1288d8c40>)
DEBUG    aiosqlite:core.py:67 operation functools.partial(<built-in method fetchall of sqlite3.Cursor object at 0x1288d8c40>) completed
DEBUG    aiosqlite:core.py:62 executing functools.partial(<built-in method close of sqlite3.Cursor object at 0x1288d8c40>)
DEBUG    aiosqlite:core.py:67 operation functools.partial(<built-in method close of sqlite3.Cursor object at 0x1288d8c40>) completed
DEBUG    aiosqlite:core.py:62 executing functools.partial(<built-in method cursor of sqlite3.Connection object at 0x10d36ed40>)
DEBUG    aiosqlite:core.py:67 operation functools.partial(<built-in method cursor of sqlite3.Connection object at 0x10d36ed40>) completed
DEBUG    aiosqlite:core.py:62 executing functools.partial(<built-in method execute of sqlite3.Cursor object at 0x1288d8dc0>, 'PRAGMA main.table_info("hotspots")', ())
DEBUG    aiosqlite:core.py:67 operation functools.partial(<built-in method execute of sqlite3.Cursor object at 0x1288d8dc0>, 'PRAGMA main.table_info("hotspots")', ()) completed
DEBUG    aiosqlite:core.py:62 executing functools.partial(<built-in method fetchall of sqlite3.Cursor object at 0x1288d8dc0>)
DEBUG    aiosqlite:core.py:67 operation functools.partial(<built-in method fetchall of sqlite3.Cursor object at 0x1288d8dc0>) completed
DEBUG    aiosqlite:core.py:62 executing functools.partial(<built-in method close of sqlite3.Cursor object at 0x1288d8dc0>)
DEBUG    aiosqlite:core.py:67 operation functools.partial(<built-in method close of sqlite3.Cursor object at 0x1288d8dc0>) completed
DEBUG    aiosqlite:core.py:62 executing functools.partial(<built-in method cursor of sqlite3.Connection object at 0x10d36ed40>)
DEBUG    aiosqlite:core.py:67 operation functools.partial(<built-in method cursor of sqlite3.Connection object at 0x10d36ed40>) completed
DEBUG    aiosqlite:core.py:62 executing functools.partial(<built-in method execute of sqlite3.Cursor object at 0x1288d8340>, 'PRAGMA main.table_info("hotspot_events")', ())
DEBUG    aiosqlite:core.py:67 operation functools.partial(<built-in method execute of sqlite3.Cursor object at 0x1288d8340>, 'PRAGMA main.table_info("hotspot_events")', ()) completed
DEBUG    aiosqlite:core.py:62 executing functools.partial(<built-in method fetchall of sqlite3.Cursor object at 0x1288d8340>)
DEBUG    aiosqlite:core.py:67 operation functools.partial(<built-in method fetchall of sqlite3.Cursor object at 0x1288d8340>) completed
DEBUG    aiosqlite:core.py:62 executing functools.partial(<built-in method close of sqlite3.Cursor object at 0x1288d8340>)
DEBUG    aiosqlite:core.py:67 operation functools.partial(<built-in method close of sqlite3.Cursor object at 0x1288d8340>) completed
DEBUG    aiosqlite:core.py:62 executing functools.partial(<built-in method cursor of sqlite3.Connection object at 0x10d36ed40>)
DEBUG    aiosqlite:core.py:67 operation functools.partial(<built-in method cursor of sqlite3.Connection object at 0x10d36ed40>) completed
DEBUG    aiosqlite:core.py:62 executing functools.partial(<built-in method execute of sqlite3.Cursor object at 0x1288d8e40>, 'PRAGMA main.table_info("concept_definitions")', ())
DEBUG    aiosqlite:core.py:67 operation functools.partial(<built-in method execute of sqlite3.Cursor object at 0x1288d8e40>, 'PRAGMA main.table_info("concept_definitions")', ()) completed
DEBUG    aiosqlite:core.py:62 executing functools.partial(<built-in method fetchall of sqlite3.Cursor object at 0x1288d8e40>)
DEBUG    aiosqlite:core.py:67 operation functools.partial(<built-in method fetchall of sqlite3.Cursor object at 0x1288d8e40>) completed
DEBUG    aiosqlite:core.py:62 executing functools.partial(<built-in method close of sqlite3.Cursor object at 0x1288d8e40>)
DEBUG    aiosqlite:core.py:67 operation functools.partial(<built-in method close of sqlite3.Cursor object at 0x1288d8e40>) completed
DEBUG    aiosqlite:core.py:62 executing functools.partial(<built-in method cursor of sqlite3.Connection object at 0x10d36ed40>)
DEBUG    aiosqlite:core.py:67 operation functools.partial(<built-in method cursor of sqlite3.Connection object at 0x10d36ed40>) completed
DEBUG    aiosqlite:core.py:62 executing functools.partial(<built-in method execute of sqlite3.Cursor object at 0x1288d8d40>, 'PRAGMA main.table_info("health_reports")', ())
DEBUG    aiosqlite:core.py:67 operation functools.partial(<built-in method execute of sqlite3.Cursor object at 0x1288d8d40>, 'PRAGMA main.table_info("health_reports")', ()) completed
DEBUG    aiosqlite:core.py:62 executing functools.partial(<built-in method fetchall of sqlite3.Cursor object at 0x1288d8d40>)
DEBUG    aiosqlite:core.py:67 operation functools.partial(<built-in method fetchall of sqlite3.Cursor object at 0x1288d8d40>) completed
DEBUG    aiosqlite:core.py:62 executing functools.partial(<built-in method close of sqlite3.Cursor object at 0x1288d8d40>)
DEBUG    aiosqlite:core.py:67 operation functools.partial(<built-in method close of sqlite3.Cursor object at 0x1288d8d40>) completed
DEBUG    aiosqlite:core.py:62 executing functools.partial(<built-in method cursor of sqlite3.Connection object at 0x10d36ed40>)
DEBUG    aiosqlite:core.py:67 operation functools.partial(<built-in method cursor of sqlite3.Connection object at 0x10d36ed40>) completed
DEBUG    aiosqlite:core.py:62 executing functools.partial(<built-in method execute of sqlite3.Cursor object at 0x1288d8f40>, 'PRAGMA main.table_info("strategy_adjustments")', ())
DEBUG    aiosqlite:core.py:67 operation functools.partial(<built-in method execute of sqlite3.Cursor object at 0x1288d8f40>, 'PRAGMA main.table_info("strategy_adjustments")', ()) completed
DEBUG    aiosqlite:core.py:62 executing functools.partial(<built-in method fetchall of sqlite3.Cursor object at 0x1288d8f40>)
DEBUG    aiosqlite:core.py:67 operation functools.partial(<built-in method fetchall of sqlite3.Cursor object at 0x1288d8f40>) completed
DEBUG    aiosqlite:core.py:62 executing functools.partial(<built-in method close of sqlite3.Cursor object at 0x1288d8f40>)
DEBUG    aiosqlite:core.py:67 operation functools.partial(<built-in method close of sqlite3.Cursor object at 0x1288d8f40>) completed
DEBUG    aiosqlite:core.py:62 executing functools.partial(<built-in method cursor of sqlite3.Connection object at 0x10d36ed40>)
DEBUG    aiosqlite:core.py:67 operation functools.partial(<built-in method cursor of sqlite3.Connection object at 0x10d36ed40>) completed
DEBUG    aiosqlite:core.py:62 executing functools.partial(<built-in method execute of sqlite3.Cursor object at 0x1288d9040>, 'PRAGMA main.table_info("scheduled_tasks")', ())
DEBUG    aiosqlite:core.py:67 operation functools.partial(<built-in method execute of sqlite3.Cursor object at 0x1288d9040>, 'PRAGMA main.table_info("scheduled_tasks")', ()) completed
DEBUG    aiosqlite:core.py:62 executing functools.partial(<built-in method fetchall of sqlite3.Cursor object at 0x1288d9040>)
DEBUG    aiosqlite:core.py:67 operation functools.partial(<built-in method fetchall of sqlite3.Cursor object at 0x1288d9040>) completed
DEBUG    aiosqlite:core.py:62 executing functools.partial(<built-in method close of sqlite3.Cursor object at 0x1288d9040>)
DEBUG    aiosqlite:core.py:67 operation functools.partial(<built-in method close of sqlite3.Cursor object at 0x1288d9040>) completed
DEBUG    aiosqlite:core.py:62 executing functools.partial(<built-in method cursor of sqlite3.Connection object at 0x10d36ed40>)
DEBUG    aiosqlite:core.py:67 operation functools.partial(<built-in method cursor of sqlite3.Connection object at 0x10d36ed40>) completed
DEBUG    aiosqlite:core.py:62 executing functools.partial(<built-in method execute of sqlite3.Cursor object at 0x1288d8fc0>, 'PRAGMA main.table_info("task_executions")', ())
DEBUG    aiosqlite:core.py:67 operation functools.partial(<built-in method execute of sqlite3.Cursor object at 0x1288d8fc0>, 'PRAGMA main.table_info("task_executions")', ()) completed
DEBUG    aiosqlite:core.py:62 executing functools.partial(<built-in method fetchall of sqlite3.Cursor object at 0x1288d8fc0>)
DEBUG    aiosqlite:core.py:67 operation functools.partial(<built-in method fetchall of sqlite3.Cursor object at 0x1288d8fc0>) completed
DEBUG    aiosqlite:core.py:62 executing functools.partial(<built-in method close of sqlite3.Cursor object at 0x1288d8fc0>)
DEBUG    aiosqlite:core.py:67 operation functools.partial(<built-in method close of sqlite3.Cursor object at 0x1288d8fc0>) completed
DEBUG    aiosqlite:core.py:62 executing functools.partial(<built-in method cursor of sqlite3.Connection object at 0x10d36ed40>)
DEBUG    aiosqlite:core.py:67 operation functools.partial(<built-in method cursor of sqlite3.Connection object at 0x10d36ed40>) completed
DEBUG    aiosqlite:core.py:62 executing functools.partial(<built-in method execute of sqlite3.Cursor object at 0x1288d8ec0>, 'PRAGMA main.table_info("config_history")', ())
DEBUG    aiosqlite:core.py:67 operation functools.partial(<built-in method execute of sqlite3.Cursor object at 0x1288d8ec0>, 'PRAGMA main.table_info("config_history")', ()) completed
DEBUG    aiosqlite:core.py:62 executing functools.partial(<built-in method fetchall of sqlite3.Cursor object at 0x1288d8ec0>)
DEBUG    aiosqlite:core.py:67 operation functools.partial(<built-in method fetchall of sqlite3.Cursor object at 0x1288d8ec0>) completed
DEBUG    aiosqlite:core.py:62 executing functools.partial(<built-in method close of sqlite3.Cursor object at 0x1288d8ec0>)
DEBUG    aiosqlite:core.py:67 operation functools.partial(<built-in method close of sqlite3.Cursor object at 0x1288d8ec0>) completed
DEBUG    aiosqlite:core.py:62 executing functools.partial(<built-in method cursor of sqlite3.Connection object at 0x10d36ed40>)
DEBUG    aiosqlite:core.py:67 operation functools.partial(<built-in method cursor of sqlite3.Connection object at 0x10d36ed40>) completed
DEBUG    aiosqlite:core.py:62 executing functools.partial(<built-in method execute of sqlite3.Cursor object at 0x1288d9140>, 'PRAGMA main.table_info("prompt_templates")', ())
DEBUG    aiosqlite:core.py:67 operation functools.partial(<built-in method execute of sqlite3.Cursor object at 0x1288d9140>, 'PRAGMA main.table_info("prompt_templates")', ()) completed
DEBUG    aiosqlite:core.py:62 executing functools.partial(<built-in method fetchall of sqlite3.Cursor object at 0x1288d9140>)
DEBUG    aiosqlite:core.py:67 operation functools.partial(<built-in method fetchall of sqlite3.Cursor object at 0x1288d9140>) completed
DEBUG    aiosqlite:core.py:62 executing functools.partial(<built-in method close of sqlite3.Cursor object at 0x1288d9140>)
DEBUG    aiosqlite:core.py:67 operation functools.partial(<built-in method close of sqlite3.Cursor object at 0x1288d9140>) completed
DEBUG    aiosqlite:core.py:62 executing functools.partial(<built-in method cursor of sqlite3.Connection object at 0x10d36ed40>)
DEBUG    aiosqlite:core.py:67 operation functools.partial(<built-in method cursor of sqlite3.Connection object at 0x10d36ed40>) completed
DEBUG    aiosqlite:core.py:62 executing functools.partial(<built-in method execute of sqlite3.Cursor object at 0x1288d91c0>, 'PRAGMA main.table_info("prompt_versions")', ())
DEBUG    aiosqlite:core.py:67 operation functools.partial(<built-in method execute of sqlite3.Cursor object at 0x1288d91c0>, 'PRAGMA main.table_info("prompt_versions")', ()) completed
DEBUG    aiosqlite:core.py:62 executing functools.partial(<built-in method fetchall of sqlite3.Cursor object at 0x1288d91c0>)
DEBUG    aiosqlite:core.py:67 operation functools.partial(<built-in method fetchall of sqlite3.Cursor object at 0x1288d91c0>) completed
DEBUG    aiosqlite:core.py:62 executing functools.partial(<built-in method close of sqlite3.Cursor object at 0x1288d91c0>)
DEBUG    aiosqlite:core.py:67 operation functools.partial(<built-in method close of sqlite3.Cursor object at 0x1288d91c0>) completed
DEBUG    aiosqlite:core.py:62 executing functools.partial(<built-in method cursor of sqlite3.Connection object at 0x10d36ed40>)
DEBUG    aiosqlite:core.py:67 operation functools.partial(<built-in method cursor of sqlite3.Connection object at 0x10d36ed40>) completed
DEBUG    aiosqlite:core.py:62 executing functools.partial(<built-in method execute of sqlite3.Cursor object at 0x1288d90c0>, 'PRAGMA main.table_info("ab_tests")', ())
DEBUG    aiosqlite:core.py:67 operation functools.partial(<built-in method execute of sqlite3.Cursor object at 0x1288d90c0>, 'PRAGMA main.table_info("ab_tests")', ()) completed
DEBUG    aiosqlite:core.py:62 executing functools.partial(<built-in method fetchall of sqlite3.Cursor object at 0x1288d90c0>)
DEBUG    aiosqlite:core.py:67 operation functools.partial(<built-in method fetchall of sqlite3.Cursor object at 0x1288d90c0>) completed
DEBUG    aiosqlite:core.py:62 executing functools.partial(<built-in method close of sqlite3.Cursor object at 0x1288d90c0>)
DEBUG    aiosqlite:core.py:67 operation functools.partial(<built-in method close of sqlite3.Cursor object at 0x1288d90c0>) completed
DEBUG    aiosqlite:core.py:62 executing functools.partial(<built-in method cursor of sqlite3.Connection object at 0x10d36ed40>)
DEBUG    aiosqlite:core.py:67 operation functools.partial(<built-in method cursor of sqlite3.Connection object at 0x10d36ed40>) completed
DEBUG    aiosqlite:core.py:62 executing functools.partial(<built-in method execute of sqlite3.Cursor object at 0x1288d9240>, 'PRAGMA main.table_info("notifications")', ())
DEBUG    aiosqlite:core.py:67 operation functools.partial(<built-in method execute of sqlite3.Cursor object at 0x1288d9240>, 'PRAGMA main.table_info("notifications")', ()) completed
DEBUG    aiosqlite:core.py:62 executing functools.partial(<built-in method fetchall of sqlite3.Cursor object at 0x1288d9240>)
DEBUG    aiosqlite:core.py:67 operation functools.partial(<built-in method fetchall of sqlite3.Cursor object at 0x1288d9240>) completed
DEBUG    aiosqlite:core.py:62 executing functools.partial(<built-in method close of sqlite3.Cursor object at 0x1288d9240>)
DEBUG    aiosqlite:core.py:67 operation functools.partial(<built-in method close of sqlite3.Cursor object at 0x1288d9240>) completed
DEBUG    aiosqlite:core.py:62 executing functools.partial(<built-in method cursor of sqlite3.Connection object at 0x10d36ed40>)
DEBUG    aiosqlite:core.py:67 operation functools.partial(<built-in method cursor of sqlite3.Connection object at 0x10d36ed40>) completed
DEBUG    aiosqlite:core.py:62 executing functools.partial(<built-in method execute of sqlite3.Cursor object at 0x1288d92c0>, 'PRAGMA main.table_info("notification_preferences")', ())
DEBUG    aiosqlite:core.py:67 operation functools.partial(<built-in method execute of sqlite3.Cursor object at 0x1288d92c0>, 'PRAGMA main.table_info("notification_preferences")', ()) completed
DEBUG    aiosqlite:core.py:62 executing functools.partial(<built-in method fetchall of sqlite3.Cursor object at 0x1288d92c0>)
DEBUG    aiosqlite:core.py:67 operation functools.partial(<built-in method fetchall of sqlite3.Cursor object at 0x1288d92c0>) completed
DEBUG    aiosqlite:core.py:62 executing functools.partial(<built-in method close of sqlite3.Cursor object at 0x1288d92c0>)
DEBUG    aiosqlite:core.py:67 operation functools.partial(<built-in method close of sqlite3.Cursor object at 0x1288d92c0>) completed
DEBUG    aiosqlite:core.py:62 executing functools.partial(<built-in method cursor of sqlite3.Connection object at 0x10d36ed40>)
DEBUG    aiosqlite:core.py:67 operation functools.partial(<built-in method cursor of sqlite3.Connection object at 0x10d36ed40>) completed
DEBUG    aiosqlite:core.py:62 executing functools.partial(<built-in method execute of sqlite3.Cursor object at 0x1288d9340>, 'PRAGMA main.table_info("api_metrics")', ())
DEBUG    aiosqlite:core.py:67 operation functools.partial(<built-in method execute of sqlite3.Cursor object at 0x1288d9340>, 'PRAGMA main.table_info("api_metrics")', ()) completed
DEBUG    aiosqlite:core.py:62 executing functools.partial(<built-in method fetchall of sqlite3.Cursor object at 0x1288d9340>)
DEBUG    aiosqlite:core.py:67 operation functools.partial(<built-in method fetchall of sqlite3.Cursor object at 0x1288d9340>) completed
DEBUG    aiosqlite:core.py:62 executing functools.partial(<built-in method close of sqlite3.Cursor object at 0x1288d9340>)
DEBUG    aiosqlite:core.py:67 operation functools.partial(<built-in method close of sqlite3.Cursor object at 0x1288d9340>) completed
DEBUG    aiosqlite:core.py:62 executing functools.partial(<built-in method cursor of sqlite3.Connection object at 0x10d36ed40>)
DEBUG    aiosqlite:core.py:67 operation functools.partial(<built-in method cursor of sqlite3.Connection object at 0x10d36ed40>) completed
DEBUG    aiosqlite:core.py:62 executing functools.partial(<built-in method execute of sqlite3.Cursor object at 0x1288d9440>, 'PRAGMA main.table_info("error_records")', ())
DEBUG    aiosqlite:core.py:67 operation functools.partial(<built-in method execute of sqlite3.Cursor object at 0x1288d9440>, 'PRAGMA main.table_info("error_records")', ()) completed
DEBUG    aiosqlite:core.py:62 executing functools.partial(<built-in method fetchall of sqlite3.Cursor object at 0x1288d9440>)
DEBUG    aiosqlite:core.py:67 operation functools.partial(<built-in method fetchall of sqlite3.Cursor object at 0x1288d9440>) completed
DEBUG    aiosqlite:core.py:62 executing functools.partial(<built-in method close of sqlite3.Cursor object at 0x1288d9440>)
DEBUG    aiosqlite:core.py:67 operation functools.partial(<built-in method close of sqlite3.Cursor object at 0x1288d9440>) completed
DEBUG    aiosqlite:core.py:62 executing functools.partial(<built-in method cursor of sqlite3.Connection object at 0x10d36ed40>)
DEBUG    aiosqlite:core.py:67 operation functools.partial(<built-in method cursor of sqlite3.Connection object at 0x10d36ed40>) completed
DEBUG    aiosqlite:core.py:62 executing functools.partial(<built-in method execute of sqlite3.Cursor object at 0x1288d93c0>, '\nDROP TABLE pyramids', ())
DEBUG    aiosqlite:core.py:67 operation functools.partial(<built-in method execute of sqlite3.Cursor object at 0x1288d93c0>, '\nDROP TABLE pyramids', ()) completed
DEBUG    aiosqlite:core.py:62 executing functools.partial(<built-in method close of sqlite3.Cursor object at 0x1288d93c0>)
DEBUG    aiosqlite:core.py:67 operation functools.partial(<built-in method close of sqlite3.Cursor object at 0x1288d93c0>) completed
DEBUG    aiosqlite:core.py:62 executing functools.partial(<built-in method cursor of sqlite3.Connection object at 0x10d36ed40>)
DEBUG    aiosqlite:core.py:67 operation functools.partial(<built-in method cursor of sqlite3.Connection object at 0x10d36ed40>) completed
DEBUG    aiosqlite:core.py:62 executing functools.partial(<built-in method execute of sqlite3.Cursor object at 0x1288d89c0>, '\nDROP TABLE pyramid_nodes', ())
DEBUG    aiosqlite:core.py:67 operation functools.partial(<built-in method execute of sqlite3.Cursor object at 0x1288d89c0>, '\nDROP TABLE pyramid_nodes', ()) completed
DEBUG    aiosqlite:core.py:62 executing functools.partial(<built-in method close of sqlite3.Cursor object at 0x1288d89c0>)
DEBUG    aiosqlite:core.py:67 operation functools.partial(<built-in method close of sqlite3.Cursor object at 0x1288d89c0>) completed
DEBUG    aiosqlite:core.py:62 executing functools.partial(<built-in method cursor of sqlite3.Connection object at 0x10d36ed40>)
DEBUG    aiosqlite:core.py:67 operation functools.partial(<built-in method cursor of sqlite3.Connection object at 0x10d36ed40>) completed
DEBUG    aiosqlite:core.py:62 executing functools.partial(<built-in method execute of sqlite3.Cursor object at 0x1288d9540>, '\nDROP TABLE node_relations', ())
DEBUG    aiosqlite:core.py:67 operation functools.partial(<built-in method execute of sqlite3.Cursor object at 0x1288d9540>, '\nDROP TABLE node_relations', ()) completed
DEBUG    aiosqlite:core.py:62 executing functools.partial(<built-in method close of sqlite3.Cursor object at 0x1288d9540>)
DEBUG    aiosqlite:core.py:67 operation functools.partial(<built-in method close of sqlite3.Cursor object at 0x1288d9540>) completed
DEBUG    aiosqlite:core.py:62 executing functools.partial(<built-in method cursor of sqlite3.Connection object at 0x10d36ed40>)
DEBUG    aiosqlite:core.py:67 operation functools.partial(<built-in method cursor of sqlite3.Connection object at 0x10d36ed40>) completed
DEBUG    aiosqlite:core.py:62 executing functools.partial(<built-in method execute of sqlite3.Cursor object at 0x1288d81c0>, '\nDROP TABLE information_sources', ())
DEBUG    aiosqlite:core.py:67 operation functools.partial(<built-in method execute of sqlite3.Cursor object at 0x1288d81c0>, '\nDROP TABLE information_sources', ()) completed
DEBUG    aiosqlite:core.py:62 executing functools.partial(<built-in method close of sqlite3.Cursor object at 0x1288d81c0>)
DEBUG    aiosqlite:core.py:67 operation functools.partial(<built-in method close of sqlite3.Cursor object at 0x1288d81c0>) completed
DEBUG    aiosqlite:core.py:62 executing functools.partial(<built-in method cursor of sqlite3.Connection object at 0x10d36ed40>)
DEBUG    aiosqlite:core.py:67 operation functools.partial(<built-in method cursor of sqlite3.Connection object at 0x10d36ed40>) completed
DEBUG    aiosqlite:core.py:62 executing functools.partial(<built-in method execute of sqlite3.Cursor object at 0x1288d94c0>, '\nDROP TABLE source_node_relations', ())
DEBUG    aiosqlite:core.py:67 operation functools.partial(<built-in method execute of sqlite3.Cursor object at 0x1288d94c0>, '\nDROP TABLE source_node_relations', ()) completed
DEBUG    aiosqlite:core.py:62 executing functools.partial(<built-in method close of sqlite3.Cursor object at 0x1288d94c0>)
DEBUG    aiosqlite:core.py:67 operation functools.partial(<built-in method close of sqlite3.Cursor object at 0x1288d94c0>) completed
DEBUG    aiosqlite:core.py:62 executing functools.partial(<built-in method cursor of sqlite3.Connection object at 0x10d36ed40>)
DEBUG    aiosqlite:core.py:67 operation functools.partial(<built-in method cursor of sqlite3.Connection object at 0x10d36ed40>) completed
DEBUG    aiosqlite:core.py:62 executing functools.partial(<built-in method execute of sqlite3.Cursor object at 0x1288d8240>, '\nDROP TABLE content_items', ())
DEBUG    aiosqlite:core.py:67 operation functools.partial(<built-in method execute of sqlite3.Cursor object at 0x1288d8240>, '\nDROP TABLE content_items', ()) completed
DEBUG    aiosqlite:core.py:62 executing functools.partial(<built-in method close of sqlite3.Cursor object at 0x1288d8240>)
DEBUG    aiosqlite:core.py:67 operation functools.partial(<built-in method close of sqlite3.Cursor object at 0x1288d8240>) completed
DEBUG    aiosqlite:core.py:62 executing functools.partial(<built-in method cursor of sqlite3.Connection object at 0x10d36ed40>)
DEBUG    aiosqlite:core.py:67 operation functools.partial(<built-in method cursor of sqlite3.Connection object at 0x10d36ed40>) completed
DEBUG    aiosqlite:core.py:62 executing functools.partial(<built-in method execute of sqlite3.Cursor object at 0x1288d8cc0>, '\nDROP TABLE content_node_relations', ())
DEBUG    aiosqlite:core.py:67 operation functools.partial(<built-in method execute of sqlite3.Cursor object at 0x1288d8cc0>, '\nDROP TABLE content_node_relations', ()) completed
DEBUG    aiosqlite:core.py:62 executing functools.partial(<built-in method close of sqlite3.Cursor object at 0x1288d8cc0>)
DEBUG    aiosqlite:core.py:67 operation functools.partial(<built-in method close of sqlite3.Cursor object at 0x1288d8cc0>) completed
DEBUG    aiosqlite:core.py:62 executing functools.partial(<built-in method cursor of sqlite3.Connection object at 0x10d36ed40>)
DEBUG    aiosqlite:core.py:67 operation functools.partial(<built-in method cursor of sqlite3.Connection object at 0x10d36ed40>) completed
DEBUG    aiosqlite:core.py:62 executing functools.partial(<built-in method execute of sqlite3.Cursor object at 0x1288d9640>, '\nDROP TABLE validation_results', ())
DEBUG    aiosqlite:core.py:67 operation functools.partial(<built-in method execute of sqlite3.Cursor object at 0x1288d9640>, '\nDROP TABLE validation_results', ()) completed
DEBUG    aiosqlite:core.py:62 executing functools.partial(<built-in method close of sqlite3.Cursor object at 0x1288d9640>)
DEBUG    aiosqlite:core.py:67 operation functools.partial(<built-in method close of sqlite3.Cursor object at 0x1288d9640>) completed
DEBUG    aiosqlite:core.py:62 executing functools.partial(<built-in method cursor of sqlite3.Connection object at 0x10d36ed40>)
DEBUG    aiosqlite:core.py:67 operation functools.partial(<built-in method cursor of sqlite3.Connection object at 0x10d36ed40>) completed
DEBUG    aiosqlite:core.py:62 executing functools.partial(<built-in method execute of sqlite3.Cursor object at 0x1288d96c0>, '\nDROP TABLE crawl_jobs', ())
DEBUG    aiosqlite:core.py:67 operation functools.partial(<built-in method execute of sqlite3.Cursor object at 0x1288d96c0>, '\nDROP TABLE crawl_jobs', ()) completed
DEBUG    aiosqlite:core.py:62 executing functools.partial(<built-in method close of sqlite3.Cursor object at 0x1288d96c0>)
DEBUG    aiosqlite:core.py:67 operation functools.partial(<built-in method close of sqlite3.Cursor object at 0x1288d96c0>) completed
DEBUG    aiosqlite:core.py:62 executing functools.partial(<built-in method cursor of sqlite3.Connection object at 0x10d36ed40>)
DEBUG    aiosqlite:core.py:67 operation functools.partial(<built-in method cursor of sqlite3.Connection object at 0x10d36ed40>) completed
DEBUG    aiosqlite:core.py:62 executing functools.partial(<built-in method execute of sqlite3.Cursor object at 0x1288d9740>, '\nDROP TABLE approvals', ())
DEBUG    aiosqlite:core.py:67 operation functools.partial(<built-in method execute of sqlite3.Cursor object at 0x1288d9740>, '\nDROP TABLE approvals', ()) completed
DEBUG    aiosqlite:core.py:62 executing functools.partial(<built-in method close of sqlite3.Cursor object at 0x1288d9740>)
DEBUG    aiosqlite:core.py:67 operation functools.partial(<built-in method close of sqlite3.Cursor object at 0x1288d9740>) completed
DEBUG    aiosqlite:core.py:62 executing functools.partial(<built-in method cursor of sqlite3.Connection object at 0x10d36ed40>)
DEBUG    aiosqlite:core.py:67 operation functools.partial(<built-in method cursor of sqlite3.Connection object at 0x10d36ed40>) completed
DEBUG    aiosqlite:core.py:62 executing functools.partial(<built-in method execute of sqlite3.Cursor object at 0x1288d95c0>, '\nDROP TABLE concepts', ())
DEBUG    aiosqlite:core.py:67 operation functools.partial(<built-in method execute of sqlite3.Cursor object at 0x1288d95c0>, '\nDROP TABLE concepts', ()) completed
DEBUG    aiosqlite:core.py:62 executing functools.partial(<built-in method close of sqlite3.Cursor object at 0x1288d95c0>)
DEBUG    aiosqlite:core.py:67 operation functools.partial(<built-in method close of sqlite3.Cursor object at 0x1288d95c0>) completed
DEBUG    aiosqlite:core.py:62 executing functools.partial(<built-in method cursor of sqlite3.Connection object at 0x10d36ed40>)
DEBUG    aiosqlite:core.py:67 operation functools.partial(<built-in method cursor of sqlite3.Connection object at 0x10d36ed40>) completed
DEBUG    aiosqlite:core.py:62 executing functools.partial(<built-in method execute of sqlite3.Cursor object at 0x1288d97c0>, '\nDROP TABLE concept_synonyms', ())
DEBUG    aiosqlite:core.py:67 operation functools.partial(<built-in method execute of sqlite3.Cursor object at 0x1288d97c0>, '\nDROP TABLE concept_synonyms', ()) completed
DEBUG    aiosqlite:core.py:62 executing functools.partial(<built-in method close of sqlite3.Cursor object at 0x1288d97c0>)
DEBUG    aiosqlite:core.py:67 operation functools.partial(<built-in method close of sqlite3.Cursor object at 0x1288d97c0>) completed
DEBUG    aiosqlite:core.py:62 executing functools.partial(<built-in method cursor of sqlite3.Connection object at 0x10d36ed40>)
DEBUG    aiosqlite:core.py:67 operation functools.partial(<built-in method cursor of sqlite3.Connection object at 0x10d36ed40>) completed
DEBUG    aiosqlite:core.py:62 executing functools.partial(<built-in method execute of sqlite3.Cursor object at 0x1288d98c0>, '\nDROP TABLE snapshots', ())
DEBUG    aiosqlite:core.py:67 operation functools.partial(<built-in method execute of sqlite3.Cursor object at 0x1288d98c0>, '\nDROP TABLE snapshots', ()) completed
DEBUG    aiosqlite:core.py:62 executing functools.partial(<built-in method close of sqlite3.Cursor object at 0x1288d98c0>)
DEBUG    aiosqlite:core.py:67 operation functools.partial(<built-in method close of sqlite3.Cursor object at 0x1288d98c0>) completed
DEBUG    aiosqlite:core.py:62 executing functools.partial(<built-in method cursor of sqlite3.Connection object at 0x10d36ed40>)
DEBUG    aiosqlite:core.py:67 operation functools.partial(<built-in method cursor of sqlite3.Connection object at 0x10d36ed40>) completed
DEBUG    aiosqlite:core.py:62 executing functools.partial(<built-in method execute of sqlite3.Cursor object at 0x1288d9940>, '\nDROP TABLE contributions', ())
DEBUG    aiosqlite:core.py:67 operation functools.partial(<built-in method execute of sqlite3.Cursor object at 0x1288d9940>, '\nDROP TABLE contributions', ()) completed
DEBUG    aiosqlite:core.py:62 executing functools.partial(<built-in method close of sqlite3.Cursor object at 0x1288d9940>)
DEBUG    aiosqlite:core.py:67 operation functools.partial(<built-in method close of sqlite3.Cursor object at 0x1288d9940>) completed
DEBUG    aiosqlite:core.py:62 executing functools.partial(<built-in method cursor of sqlite3.Connection object at 0x10d36ed40>)
DEBUG    aiosqlite:core.py:67 operation functools.partial(<built-in method cursor of sqlite3.Connection object at 0x10d36ed40>) completed
DEBUG    aiosqlite:core.py:62 executing functools.partial(<built-in method execute of sqlite3.Cursor object at 0x1288d99c0>, '\nDROP TABLE synonym_mappings', ())
DEBUG    aiosqlite:core.py:67 operation functools.partial(<built-in method execute of sqlite3.Cursor object at 0x1288d99c0>, '\nDROP TABLE synonym_mappings', ()) completed
DEBUG    aiosqlite:core.py:62 executing functools.partial(<built-in method close of sqlite3.Cursor object at 0x1288d99c0>)
DEBUG    aiosqlite:core.py:67 operation functools.partial(<built-in method close of sqlite3.Cursor object at 0x1288d99c0>) completed
DEBUG    aiosqlite:core.py:62 executing functools.partial(<built-in method cursor of sqlite3.Connection object at 0x10d36ed40>)
DEBUG    aiosqlite:core.py:67 operation functools.partial(<built-in method cursor of sqlite3.Connection object at 0x10d36ed40>) completed
DEBUG    aiosqlite:core.py:62 executing functools.partial(<built-in method execute of sqlite3.Cursor object at 0x1288d9b40>, '\nDROP TABLE batch_tasks', ())
DEBUG    aiosqlite:core.py:67 operation functools.partial(<built-in method execute of sqlite3.Cursor object at 0x1288d9b40>, '\nDROP TABLE batch_tasks', ()) completed
DEBUG    aiosqlite:core.py:62 executing functools.partial(<built-in method close of sqlite3.Cursor object at 0x1288d9b40>)
DEBUG    aiosqlite:core.py:67 operation functools.partial(<built-in method close of sqlite3.Cursor object at 0x1288d9b40>) completed
DEBUG    aiosqlite:core.py:62 executing functools.partial(<built-in method cursor of sqlite3.Connection object at 0x10d36ed40>)
DEBUG    aiosqlite:core.py:67 operation functools.partial(<built-in method cursor of sqlite3.Connection object at 0x10d36ed40>) completed
DEBUG    aiosqlite:core.py:62 executing functools.partial(<built-in method execute of sqlite3.Cursor object at 0x1283e6bc0>, '\nDROP TABLE domain_whitelists', ())
DEBUG    aiosqlite:core.py:67 operation functools.partial(<built-in method execute of sqlite3.Cursor object at 0x1283e6bc0>, '\nDROP TABLE domain_whitelists', ()) completed
DEBUG    aiosqlite:core.py:62 executing functools.partial(<built-in method close of sqlite3.Cursor object at 0x1283e6bc0>)
DEBUG    aiosqlite:core.py:67 operation functools.partial(<built-in method close of sqlite3.Cursor object at 0x1283e6bc0>) completed
DEBUG    aiosqlite:core.py:62 executing functools.partial(<built-in method cursor of sqlite3.Connection object at 0x10d36ed40>)
DEBUG    aiosqlite:core.py:67 operation functools.partial(<built-in method cursor of sqlite3.Connection object at 0x10d36ed40>) completed
DEBUG    aiosqlite:core.py:62 executing functools.partial(<built-in method execute of sqlite3.Cursor object at 0x1283e69c0>, '\nDROP TABLE discovered_domains', ())
DEBUG    aiosqlite:core.py:67 operation functools.partial(<built-in method execute of sqlite3.Cursor object at 0x1283e69c0>, '\nDROP TABLE discovered_domains', ()) completed
DEBUG    aiosqlite:core.py:62 executing functools.partial(<built-in method close of sqlite3.Cursor object at 0x1283e69c0>)
DEBUG    aiosqlite:core.py:67 operation functools.partial(<built-in method close of sqlite3.Cursor object at 0x1283e69c0>) completed
DEBUG    aiosqlite:core.py:62 executing functools.partial(<built-in method cursor of sqlite3.Connection object at 0x10d36ed40>)
DEBUG    aiosqlite:core.py:67 operation functools.partial(<built-in method cursor of sqlite3.Connection object at 0x10d36ed40>) completed
DEBUG    aiosqlite:core.py:62 executing functools.partial(<built-in method execute of sqlite3.Cursor object at 0x1283e6a40>, '\nDROP TABLE hotspots', ())
DEBUG    aiosqlite:core.py:67 operation functools.partial(<built-in method execute of sqlite3.Cursor object at 0x1283e6a40>, '\nDROP TABLE hotspots', ()) completed
DEBUG    aiosqlite:core.py:62 executing functools.partial(<built-in method close of sqlite3.Cursor object at 0x1283e6a40>)
DEBUG    aiosqlite:core.py:67 operation functools.partial(<built-in method close of sqlite3.Cursor object at 0x1283e6a40>) completed
DEBUG    aiosqlite:core.py:62 executing functools.partial(<built-in method cursor of sqlite3.Connection object at 0x10d36ed40>)
DEBUG    aiosqlite:core.py:67 operation functools.partial(<built-in method cursor of sqlite3.Connection object at 0x10d36ed40>) completed
DEBUG    aiosqlite:core.py:62 executing functools.partial(<built-in method execute of sqlite3.Cursor object at 0x1283e6cc0>, '\nDROP TABLE hotspot_events', ())
DEBUG    aiosqlite:core.py:67 operation functools.partial(<built-in method execute of sqlite3.Cursor object at 0x1283e6cc0>, '\nDROP TABLE hotspot_events', ()) completed
DEBUG    aiosqlite:core.py:62 executing functools.partial(<built-in method close of sqlite3.Cursor object at 0x1283e6cc0>)
DEBUG    aiosqlite:core.py:67 operation functools.partial(<built-in method close of sqlite3.Cursor object at 0x1283e6cc0>) completed
DEBUG    aiosqlite:core.py:62 executing functools.partial(<built-in method cursor of sqlite3.Connection object at 0x10d36ed40>)
DEBUG    aiosqlite:core.py:67 operation functools.partial(<built-in method cursor of sqlite3.Connection object at 0x10d36ed40>) completed
DEBUG    aiosqlite:core.py:62 executing functools.partial(<built-in method execute of sqlite3.Cursor object at 0x1283e68c0>, '\nDROP TABLE concept_definitions', ())
DEBUG    aiosqlite:core.py:67 operation functools.partial(<built-in method execute of sqlite3.Cursor object at 0x1283e68c0>, '\nDROP TABLE concept_definitions', ()) completed
DEBUG    aiosqlite:core.py:62 executing functools.partial(<built-in method close of sqlite3.Cursor object at 0x1283e68c0>)
DEBUG    aiosqlite:core.py:67 operation functools.partial(<built-in method close of sqlite3.Cursor object at 0x1283e68c0>) completed
DEBUG    aiosqlite:core.py:62 executing functools.partial(<built-in method cursor of sqlite3.Connection object at 0x10d36ed40>)
DEBUG    aiosqlite:core.py:67 operation functools.partial(<built-in method cursor of sqlite3.Connection object at 0x10d36ed40>) completed
DEBUG    aiosqlite:core.py:62 executing functools.partial(<built-in method execute of sqlite3.Cursor object at 0x1283e6d40>, '\nDROP TABLE health_reports', ())
DEBUG    aiosqlite:core.py:67 operation functools.partial(<built-in method execute of sqlite3.Cursor object at 0x1283e6d40>, '\nDROP TABLE health_reports', ()) completed
DEBUG    aiosqlite:core.py:62 executing functools.partial(<built-in method close of sqlite3.Cursor object at 0x1283e6d40>)
DEBUG    aiosqlite:core.py:67 operation functools.partial(<built-in method close of sqlite3.Cursor object at 0x1283e6d40>) completed
DEBUG    aiosqlite:core.py:62 executing functools.partial(<built-in method cursor of sqlite3.Connection object at 0x10d36ed40>)
DEBUG    aiosqlite:core.py:67 operation functools.partial(<built-in method cursor of sqlite3.Connection object at 0x10d36ed40>) completed
DEBUG    aiosqlite:core.py:62 executing functools.partial(<built-in method execute of sqlite3.Cursor object at 0x1283e6c40>, '\nDROP TABLE strategy_adjustments', ())
DEBUG    aiosqlite:core.py:67 operation functools.partial(<built-in method execute of sqlite3.Cursor object at 0x1283e6c40>, '\nDROP TABLE strategy_adjustments', ()) completed
DEBUG    aiosqlite:core.py:62 executing functools.partial(<built-in method close of sqlite3.Cursor object at 0x1283e6c40>)
DEBUG    aiosqlite:core.py:67 operation functools.partial(<built-in method close of sqlite3.Cursor object at 0x1283e6c40>) completed
DEBUG    aiosqlite:core.py:62 executing functools.partial(<built-in method cursor of sqlite3.Connection object at 0x10d36ed40>)
DEBUG    aiosqlite:core.py:67 operation functools.partial(<built-in method cursor of sqlite3.Connection object at 0x10d36ed40>) completed
DEBUG    aiosqlite:core.py:62 executing functools.partial(<built-in method execute of sqlite3.Cursor object at 0x1283e6e40>, '\nDROP TABLE scheduled_tasks', ())
DEBUG    aiosqlite:core.py:67 operation functools.partial(<built-in method execute of sqlite3.Cursor object at 0x1283e6e40>, '\nDROP TABLE scheduled_tasks', ()) completed
DEBUG    aiosqlite:core.py:62 executing functools.partial(<built-in method close of sqlite3.Cursor object at 0x1283e6e40>)
DEBUG    aiosqlite:core.py:67 operation functools.partial(<built-in method close of sqlite3.Cursor object at 0x1283e6e40>) completed
DEBUG    aiosqlite:core.py:62 executing functools.partial(<built-in method cursor of sqlite3.Connection object at 0x10d36ed40>)
DEBUG    aiosqlite:core.py:67 operation functools.partial(<built-in method cursor of sqlite3.Connection object at 0x10d36ed40>) completed
DEBUG    aiosqlite:core.py:62 executing functools.partial(<built-in method execute of sqlite3.Cursor object at 0x1283e6f40>, '\nDROP TABLE task_executions', ())
DEBUG    aiosqlite:core.py:67 operation functools.partial(<built-in method execute of sqlite3.Cursor object at 0x1283e6f40>, '\nDROP TABLE task_executions', ()) completed
DEBUG    aiosqlite:core.py:62 executing functools.partial(<built-in method close of sqlite3.Cursor object at 0x1283e6f40>)
DEBUG    aiosqlite:core.py:67 operation functools.partial(<built-in method close of sqlite3.Cursor object at 0x1283e6f40>) completed
DEBUG    aiosqlite:core.py:62 executing functools.partial(<built-in method cursor of sqlite3.Connection object at 0x10d36ed40>)
DEBUG    aiosqlite:core.py:67 operation functools.partial(<built-in method cursor of sqlite3.Connection object at 0x10d36ed40>) completed
DEBUG    aiosqlite:core.py:62 executing functools.partial(<built-in method execute of sqlite3.Cursor object at 0x1283e6ac0>, '\nDROP TABLE config_history', ())
DEBUG    aiosqlite:core.py:67 operation functools.partial(<built-in method execute of sqlite3.Cursor object at 0x1283e6ac0>, '\nDROP TABLE config_history', ()) completed
DEBUG    aiosqlite:core.py:62 executing functools.partial(<built-in method close of sqlite3.Cursor object at 0x1283e6ac0>)
DEBUG    aiosqlite:core.py:67 operation functools.partial(<built-in method close of sqlite3.Cursor object at 0x1283e6ac0>) completed
DEBUG    aiosqlite:core.py:62 executing functools.partial(<built-in method cursor of sqlite3.Connection object at 0x10d36ed40>)
DEBUG    aiosqlite:core.py:67 operation functools.partial(<built-in method cursor of sqlite3.Connection object at 0x10d36ed40>) completed
DEBUG    aiosqlite:core.py:62 executing functools.partial(<built-in method execute of sqlite3.Cursor object at 0x1283e6fc0>, '\nDROP TABLE prompt_templates', ())
DEBUG    aiosqlite:core.py:67 operation functools.partial(<built-in method execute of sqlite3.Cursor object at 0x1283e6fc0>, '\nDROP TABLE prompt_templates', ()) completed
DEBUG    aiosqlite:core.py:62 executing functools.partial(<built-in method close of sqlite3.Cursor object at 0x1283e6fc0>)
DEBUG    aiosqlite:core.py:67 operation functools.partial(<built-in method close of sqlite3.Cursor object at 0x1283e6fc0>) completed
DEBUG    aiosqlite:core.py:62 executing functools.partial(<built-in method cursor of sqlite3.Connection object at 0x10d36ed40>)
DEBUG    aiosqlite:core.py:67 operation functools.partial(<built-in method cursor of sqlite3.Connection object at 0x10d36ed40>) completed
DEBUG    aiosqlite:core.py:62 executing functools.partial(<built-in method execute of sqlite3.Cursor object at 0x1283e6ec0>, '\nDROP TABLE prompt_versions', ())
DEBUG    aiosqlite:core.py:67 operation functools.partial(<built-in method execute of sqlite3.Cursor object at 0x1283e6ec0>, '\nDROP TABLE prompt_versions', ()) completed
DEBUG    aiosqlite:core.py:62 executing functools.partial(<built-in method close of sqlite3.Cursor object at 0x1283e6ec0>)
DEBUG    aiosqlite:core.py:67 operation functools.partial(<built-in method close of sqlite3.Cursor object at 0x1283e6ec0>) completed
DEBUG    aiosqlite:core.py:62 executing functools.partial(<built-in method cursor of sqlite3.Connection object at 0x10d36ed40>)
DEBUG    aiosqlite:core.py:67 operation functools.partial(<built-in method cursor of sqlite3.Connection object at 0x10d36ed40>) completed
DEBUG    aiosqlite:core.py:62 executing functools.partial(<built-in method execute of sqlite3.Cursor object at 0x1283e6b40>, '\nDROP TABLE ab_tests', ())
DEBUG    aiosqlite:core.py:67 operation functools.partial(<built-in method execute of sqlite3.Cursor object at 0x1283e6b40>, '\nDROP TABLE ab_tests', ()) completed
DEBUG    aiosqlite:core.py:62 executing functools.partial(<built-in method close of sqlite3.Cursor object at 0x1283e6b40>)
DEBUG    aiosqlite:core.py:67 operation functools.partial(<built-in method close of sqlite3.Cursor object at 0x1283e6b40>) completed
DEBUG    aiosqlite:core.py:62 executing functools.partial(<built-in method cursor of sqlite3.Connection object at 0x10d36ed40>)
DEBUG    aiosqlite:core.py:67 operation functools.partial(<built-in method cursor of sqlite3.Connection object at 0x10d36ed40>) completed
DEBUG    aiosqlite:core.py:62 executing functools.partial(<built-in method execute of sqlite3.Cursor object at 0x1283e5cc0>, '\nDROP TABLE notifications', ())
DEBUG    aiosqlite:core.py:67 operation functools.partial(<built-in method execute of sqlite3.Cursor object at 0x1283e5cc0>, '\nDROP TABLE notifications', ()) completed
DEBUG    aiosqlite:core.py:62 executing functools.partial(<built-in method close of sqlite3.Cursor object at 0x1283e5cc0>)
DEBUG    aiosqlite:core.py:67 operation functools.partial(<built-in method close of sqlite3.Cursor object at 0x1283e5cc0>) completed
DEBUG    aiosqlite:core.py:62 executing functools.partial(<built-in method cursor of sqlite3.Connection object at 0x10d36ed40>)
DEBUG    aiosqlite:core.py:67 operation functools.partial(<built-in method cursor of sqlite3.Connection object at 0x10d36ed40>) completed
DEBUG    aiosqlite:core.py:62 executing functools.partial(<built-in method execute of sqlite3.Cursor object at 0x1283e7040>, '\nDROP TABLE notification_preferences', ())
DEBUG    aiosqlite:core.py:67 operation functools.partial(<built-in method execute of sqlite3.Cursor object at 0x1283e7040>, '\nDROP TABLE notification_preferences', ()) completed
DEBUG    aiosqlite:core.py:62 executing functools.partial(<built-in method close of sqlite3.Cursor object at 0x1283e7040>)
DEBUG    aiosqlite:core.py:67 operation functools.partial(<built-in method close of sqlite3.Cursor object at 0x1283e7040>) completed
DEBUG    aiosqlite:core.py:62 executing functools.partial(<built-in method cursor of sqlite3.Connection object at 0x10d36ed40>)
DEBUG    aiosqlite:core.py:67 operation functools.partial(<built-in method cursor of sqlite3.Connection object at 0x10d36ed40>) completed
DEBUG    aiosqlite:core.py:62 executing functools.partial(<built-in method execute of sqlite3.Cursor object at 0x1283e70c0>, '\nDROP TABLE api_metrics', ())
DEBUG    aiosqlite:core.py:67 operation functools.partial(<built-in method execute of sqlite3.Cursor object at 0x1283e70c0>, '\nDROP TABLE api_metrics', ()) completed
DEBUG    aiosqlite:core.py:62 executing functools.partial(<built-in method close of sqlite3.Cursor object at 0x1283e70c0>)
DEBUG    aiosqlite:core.py:67 operation functools.partial(<built-in method close of sqlite3.Cursor object at 0x1283e70c0>) completed
DEBUG    aiosqlite:core.py:62 executing functools.partial(<built-in method cursor of sqlite3.Connection object at 0x10d36ed40>)
DEBUG    aiosqlite:core.py:67 operation functools.partial(<built-in method cursor of sqlite3.Connection object at 0x10d36ed40>) completed
DEBUG    aiosqlite:core.py:62 executing functools.partial(<built-in method execute of sqlite3.Cursor object at 0x1283e6dc0>, '\nDROP TABLE error_records', ())
DEBUG    aiosqlite:core.py:67 operation functools.partial(<built-in method execute of sqlite3.Cursor object at 0x1283e6dc0>, '\nDROP TABLE error_records', ()) completed
DEBUG    aiosqlite:core.py:62 executing functools.partial(<built-in method close of sqlite3.Cursor object at 0x1283e6dc0>)
DEBUG    aiosqlite:core.py:67 operation functools.partial(<built-in method close of sqlite3.Cursor object at 0x1283e6dc0>) completed
DEBUG    aiosqlite:core.py:62 executing functools.partial(<built-in method commit of sqlite3.Connection object at 0x10d36ed40>)
DEBUG    aiosqlite:core.py:67 operation functools.partial(<built-in method commit of sqlite3.Connection object at 0x10d36ed40>) completed
DEBUG    aiosqlite:core.py:62 executing functools.partial(<built-in method rollback of sqlite3.Connection object at 0x10d36ed40>)
DEBUG    aiosqlite:core.py:67 operation functools.partial(<built-in method rollback of sqlite3.Connection object at 0x10d36ed40>) completed
=============================== warnings summary ===============================
../../../../../../../Library/Frameworks/Python.framework/Versions/3.12/lib/python3.12/site-packages/pydantic/_internal/_config.py:323
../../../../../../../Library/Frameworks/Python.framework/Versions/3.12/lib/python3.12/site-packages/pydantic/_internal/_config.py:323
  /Library/Frameworks/Python.framework/Versions/3.12/lib/python3.12/site-packages/pydantic/_internal/_config.py:323: PydanticDeprecatedSince20: Support for class-based `config` is deprecated, use ConfigDict instead. Deprecated in Pydantic V2.0 to be removed in V3.0. See Pydantic V2 Migration Guide at https://errors.pydantic.dev/2.11/migration/
    warnings.warn(DEPRECATION_MESSAGE, DeprecationWarning)

tests/verification/test_snapshot_lifecycle.py::test_snapshot_lifecycle_verification
  sys:1: SAWarning: Can't sort tables for DROP; an unresolvable foreign key dependency exists between tables: prompt_templates, prompt_versions; and backend does not support ALTER.  To restore at least a partial sort, apply use_alter=True to ForeignKey and ForeignKeyConstraint objects involved in the cycle to mark these as known cycles that will be ignored.

-- Docs: https://docs.pytest.org/en/stable/how-to/capture-warnings.html
=========================== short test summary info ============================
FAILED tests/verification/test_snapshot_lifecycle.py::test_snapshot_lifecycle_verification
1 failed, 3 warnings in 0.37s
