============================= test session starts ==============================
platform darwin -- Python 3.12.9, pytest-9.0.2, pluggy-1.6.0
rootdir: /Users/cooperd/Documents/Ai_code/knowledge_radar/knowledge_Live_radar/backend
configfile: pyproject.toml
plugins: hypothesis-6.151.6, asyncio-1.3.0, cov-7.0.0, anyio-4.9.0
asyncio: mode=Mode.AUTO, debug=False, asyncio_default_fixture_loop_scope=None, asyncio_default_test_loop_scope=function
collected 3 items / 2 deselected / 1 selected

tests/unit/test_snapshot_service.py 2026-02-14 11:57:10,903 [DEBUG] [asyncio] Using selector: KqueueSelector
2026-02-14 11:57:10,903 [DEBUG] [asyncio] Using selector: KqueueSelector
2026-02-14 11:57:10,904 [DEBUG] [aiosqlite] executing <function connect.<locals>.connector at 0x11e5144a0>
2026-02-14 11:57:10,904 [DEBUG] [aiosqlite] operation <function connect.<locals>.connector at 0x11e5144a0> completed
2026-02-14 11:57:10,904 [DEBUG] [aiosqlite] executing functools.partial(<built-in method create_function of sqlite3.Connection object at 0x11e51c5e0>, 'regexp', 2, <function SQLiteDialect_pysqlite.on_connect.<locals>.regexp at 0x11e509c60>, deterministic=True)
2026-02-14 11:57:10,905 [DEBUG] [aiosqlite] operation functools.partial(<built-in method create_function of sqlite3.Connection object at 0x11e51c5e0>, 'regexp', 2, <function SQLiteDialect_pysqlite.on_connect.<locals>.regexp at 0x11e509c60>, deterministic=True) completed
2026-02-14 11:57:10,905 [DEBUG] [aiosqlite] executing functools.partial(<built-in method create_function of sqlite3.Connection object at 0x11e51c5e0>, 'floor', 1, <built-in function floor>, deterministic=True)
2026-02-14 11:57:10,905 [DEBUG] [aiosqlite] operation functools.partial(<built-in method create_function of sqlite3.Connection object at 0x11e51c5e0>, 'floor', 1, <built-in function floor>, deterministic=True) completed
2026-02-14 11:57:10,905 [DEBUG] [aiosqlite] executing functools.partial(<built-in method cursor of sqlite3.Connection object at 0x11e51c5e0>)
2026-02-14 11:57:10,905 [DEBUG] [aiosqlite] operation functools.partial(<built-in method cursor of sqlite3.Connection object at 0x11e51c5e0>) completed
2026-02-14 11:57:10,905 [DEBUG] [aiosqlite] executing functools.partial(<built-in method execute of sqlite3.Cursor object at 0x11e4a3dc0>, 'PRAGMA read_uncommitted', [])
2026-02-14 11:57:10,905 [DEBUG] [aiosqlite] operation functools.partial(<built-in method execute of sqlite3.Cursor object at 0x11e4a3dc0>, 'PRAGMA read_uncommitted', []) completed
2026-02-14 11:57:10,905 [DEBUG] [aiosqlite] executing functools.partial(<built-in method fetchall of sqlite3.Cursor object at 0x11e4a3dc0>)
2026-02-14 11:57:10,905 [DEBUG] [aiosqlite] operation functools.partial(<built-in method fetchall of sqlite3.Cursor object at 0x11e4a3dc0>) completed
2026-02-14 11:57:10,905 [DEBUG] [aiosqlite] executing functools.partial(<built-in method close of sqlite3.Cursor object at 0x11e4a3dc0>)
2026-02-14 11:57:10,905 [DEBUG] [aiosqlite] operation functools.partial(<built-in method close of sqlite3.Cursor object at 0x11e4a3dc0>) completed
2026-02-14 11:57:10,905 [DEBUG] [aiosqlite] executing functools.partial(<built-in method rollback of sqlite3.Connection object at 0x11e51c5e0>)
2026-02-14 11:57:10,905 [DEBUG] [aiosqlite] operation functools.partial(<built-in method rollback of sqlite3.Connection object at 0x11e51c5e0>) completed
2026-02-14 11:57:10,905 [DEBUG] [aiosqlite] executing functools.partial(<built-in method cursor of sqlite3.Connection object at 0x11e51c5e0>)
2026-02-14 11:57:10,905 [DEBUG] [aiosqlite] operation functools.partial(<built-in method cursor of sqlite3.Connection object at 0x11e51c5e0>) completed
2026-02-14 11:57:10,905 [DEBUG] [aiosqlite] executing functools.partial(<built-in method execute of sqlite3.Cursor object at 0x11e49b4c0>, 'PRAGMA main.table_info("pyramids")', ())
2026-02-14 11:57:10,906 [DEBUG] [aiosqlite] operation functools.partial(<built-in method execute of sqlite3.Cursor object at 0x11e49b4c0>, 'PRAGMA main.table_info("pyramids")', ()) completed
2026-02-14 11:57:10,906 [DEBUG] [aiosqlite] executing functools.partial(<built-in method fetchall of sqlite3.Cursor object at 0x11e49b4c0>)
2026-02-14 11:57:10,906 [DEBUG] [aiosqlite] operation functools.partial(<built-in method fetchall of sqlite3.Cursor object at 0x11e49b4c0>) completed
2026-02-14 11:57:10,906 [DEBUG] [aiosqlite] executing functools.partial(<built-in method close of sqlite3.Cursor object at 0x11e49b4c0>)
2026-02-14 11:57:10,906 [DEBUG] [aiosqlite] operation functools.partial(<built-in method close of sqlite3.Cursor object at 0x11e49b4c0>) completed
2026-02-14 11:57:10,906 [DEBUG] [aiosqlite] executing functools.partial(<built-in method cursor of sqlite3.Connection object at 0x11e51c5e0>)
2026-02-14 11:57:10,906 [DEBUG] [aiosqlite] operation functools.partial(<built-in method cursor of sqlite3.Connection object at 0x11e51c5e0>) completed
2026-02-14 11:57:10,906 [DEBUG] [aiosqlite] executing functools.partial(<built-in method execute of sqlite3.Cursor object at 0x11e49bcc0>, 'PRAGMA temp.table_info("pyramids")', ())
2026-02-14 11:57:10,906 [DEBUG] [aiosqlite] operation functools.partial(<built-in method execute of sqlite3.Cursor object at 0x11e49bcc0>, 'PRAGMA temp.table_info("pyramids")', ()) completed
2026-02-14 11:57:10,906 [DEBUG] [aiosqlite] executing functools.partial(<built-in method fetchall of sqlite3.Cursor object at 0x11e49bcc0>)
2026-02-14 11:57:10,906 [DEBUG] [aiosqlite] operation functools.partial(<built-in method fetchall of sqlite3.Cursor object at 0x11e49bcc0>) completed
2026-02-14 11:57:10,906 [DEBUG] [aiosqlite] executing functools.partial(<built-in method close of sqlite3.Cursor object at 0x11e49bcc0>)
2026-02-14 11:57:10,906 [DEBUG] [aiosqlite] operation functools.partial(<built-in method close of sqlite3.Cursor object at 0x11e49bcc0>) completed
2026-02-14 11:57:10,906 [DEBUG] [aiosqlite] executing functools.partial(<built-in method cursor of sqlite3.Connection object at 0x11e51c5e0>)
2026-02-14 11:57:10,906 [DEBUG] [aiosqlite] operation functools.partial(<built-in method cursor of sqlite3.Connection object at 0x11e51c5e0>) completed
2026-02-14 11:57:10,906 [DEBUG] [aiosqlite] executing functools.partial(<built-in method execute of sqlite3.Cursor object at 0x11e4a0ac0>, 'PRAGMA main.table_info("pyramid_nodes")', ())
2026-02-14 11:57:10,906 [DEBUG] [aiosqlite] operation functools.partial(<built-in method execute of sqlite3.Cursor object at 0x11e4a0ac0>, 'PRAGMA main.table_info("pyramid_nodes")', ()) completed
2026-02-14 11:57:10,906 [DEBUG] [aiosqlite] executing functools.partial(<built-in method fetchall of sqlite3.Cursor object at 0x11e4a0ac0>)
2026-02-14 11:57:10,906 [DEBUG] [aiosqlite] operation functools.partial(<built-in method fetchall of sqlite3.Cursor object at 0x11e4a0ac0>) completed
2026-02-14 11:57:10,906 [DEBUG] [aiosqlite] executing functools.partial(<built-in method close of sqlite3.Cursor object at 0x11e4a0ac0>)
2026-02-14 11:57:10,906 [DEBUG] [aiosqlite] operation functools.partial(<built-in method close of sqlite3.Cursor object at 0x11e4a0ac0>) completed
2026-02-14 11:57:10,906 [DEBUG] [aiosqlite] executing functools.partial(<built-in method cursor of sqlite3.Connection object at 0x11e51c5e0>)
2026-02-14 11:57:10,907 [DEBUG] [aiosqlite] operation functools.partial(<built-in method cursor of sqlite3.Connection object at 0x11e51c5e0>) completed
2026-02-14 11:57:10,907 [DEBUG] [aiosqlite] executing functools.partial(<built-in method execute of sqlite3.Cursor object at 0x11e4a04c0>, 'PRAGMA temp.table_info("pyramid_nodes")', ())
2026-02-14 11:57:10,907 [DEBUG] [aiosqlite] operation functools.partial(<built-in method execute of sqlite3.Cursor object at 0x11e4a04c0>, 'PRAGMA temp.table_info("pyramid_nodes")', ()) completed
2026-02-14 11:57:10,907 [DEBUG] [aiosqlite] executing functools.partial(<built-in method fetchall of sqlite3.Cursor object at 0x11e4a04c0>)
2026-02-14 11:57:10,907 [DEBUG] [aiosqlite] operation functools.partial(<built-in method fetchall of sqlite3.Cursor object at 0x11e4a04c0>) completed
2026-02-14 11:57:10,907 [DEBUG] [aiosqlite] executing functools.partial(<built-in method close of sqlite3.Cursor object at 0x11e4a04c0>)
2026-02-14 11:57:10,907 [DEBUG] [aiosqlite] operation functools.partial(<built-in method close of sqlite3.Cursor object at 0x11e4a04c0>) completed
2026-02-14 11:57:10,907 [DEBUG] [aiosqlite] executing functools.partial(<built-in method cursor of sqlite3.Connection object at 0x11e51c5e0>)
2026-02-14 11:57:10,907 [DEBUG] [aiosqlite] operation functools.partial(<built-in method cursor of sqlite3.Connection object at 0x11e51c5e0>) completed
2026-02-14 11:57:10,907 [DEBUG] [aiosqlite] executing functools.partial(<built-in method execute of sqlite3.Cursor object at 0x11e4a2ac0>, 'PRAGMA main.table_info("node_relations")', ())
2026-02-14 11:57:10,907 [DEBUG] [aiosqlite] operation functools.partial(<built-in method execute of sqlite3.Cursor object at 0x11e4a2ac0>, 'PRAGMA main.table_info("node_relations")', ()) completed
2026-02-14 11:57:10,907 [DEBUG] [aiosqlite] executing functools.partial(<built-in method fetchall of sqlite3.Cursor object at 0x11e4a2ac0>)
2026-02-14 11:57:10,907 [DEBUG] [aiosqlite] operation functools.partial(<built-in method fetchall of sqlite3.Cursor object at 0x11e4a2ac0>) completed
2026-02-14 11:57:10,907 [DEBUG] [aiosqlite] executing functools.partial(<built-in method close of sqlite3.Cursor object at 0x11e4a2ac0>)
2026-02-14 11:57:10,907 [DEBUG] [aiosqlite] operation functools.partial(<built-in method close of sqlite3.Cursor object at 0x11e4a2ac0>) completed
2026-02-14 11:57:10,907 [DEBUG] [aiosqlite] executing functools.partial(<built-in method cursor of sqlite3.Connection object at 0x11e51c5e0>)
2026-02-14 11:57:10,907 [DEBUG] [aiosqlite] operation functools.partial(<built-in method cursor of sqlite3.Connection object at 0x11e51c5e0>) completed
2026-02-14 11:57:10,907 [DEBUG] [aiosqlite] executing functools.partial(<built-in method execute of sqlite3.Cursor object at 0x11e4a1dc0>, 'PRAGMA temp.table_info("node_relations")', ())
2026-02-14 11:57:10,907 [DEBUG] [aiosqlite] operation functools.partial(<built-in method execute of sqlite3.Cursor object at 0x11e4a1dc0>, 'PRAGMA temp.table_info("node_relations")', ()) completed
2026-02-14 11:57:10,907 [DEBUG] [aiosqlite] executing functools.partial(<built-in method fetchall of sqlite3.Cursor object at 0x11e4a1dc0>)
2026-02-14 11:57:10,907 [DEBUG] [aiosqlite] operation functools.partial(<built-in method fetchall of sqlite3.Cursor object at 0x11e4a1dc0>) completed
2026-02-14 11:57:10,907 [DEBUG] [aiosqlite] executing functools.partial(<built-in method close of sqlite3.Cursor object at 0x11e4a1dc0>)
2026-02-14 11:57:10,907 [DEBUG] [aiosqlite] operation functools.partial(<built-in method close of sqlite3.Cursor object at 0x11e4a1dc0>) completed
2026-02-14 11:57:10,907 [DEBUG] [aiosqlite] executing functools.partial(<built-in method cursor of sqlite3.Connection object at 0x11e51c5e0>)
2026-02-14 11:57:10,907 [DEBUG] [aiosqlite] operation functools.partial(<built-in method cursor of sqlite3.Connection object at 0x11e51c5e0>) completed
2026-02-14 11:57:10,908 [DEBUG] [aiosqlite] executing functools.partial(<built-in method execute of sqlite3.Cursor object at 0x11e4a14c0>, 'PRAGMA main.table_info("information_sources")', ())
2026-02-14 11:57:10,908 [DEBUG] [aiosqlite] operation functools.partial(<built-in method execute of sqlite3.Cursor object at 0x11e4a14c0>, 'PRAGMA main.table_info("information_sources")', ()) completed
2026-02-14 11:57:10,908 [DEBUG] [aiosqlite] executing functools.partial(<built-in method fetchall of sqlite3.Cursor object at 0x11e4a14c0>)
2026-02-14 11:57:10,908 [DEBUG] [aiosqlite] operation functools.partial(<built-in method fetchall of sqlite3.Cursor object at 0x11e4a14c0>) completed
2026-02-14 11:57:10,908 [DEBUG] [aiosqlite] executing functools.partial(<built-in method close of sqlite3.Cursor object at 0x11e4a14c0>)
2026-02-14 11:57:10,908 [DEBUG] [aiosqlite] operation functools.partial(<built-in method close of sqlite3.Cursor object at 0x11e4a14c0>) completed
2026-02-14 11:57:10,908 [DEBUG] [aiosqlite] executing functools.partial(<built-in method cursor of sqlite3.Connection object at 0x11e51c5e0>)
2026-02-14 11:57:10,908 [DEBUG] [aiosqlite] operation functools.partial(<built-in method cursor of sqlite3.Connection object at 0x11e51c5e0>) completed
2026-02-14 11:57:10,908 [DEBUG] [aiosqlite] executing functools.partial(<built-in method execute of sqlite3.Cursor object at 0x11e4a13c0>, 'PRAGMA temp.table_info("information_sources")', ())
2026-02-14 11:57:10,908 [DEBUG] [aiosqlite] operation functools.partial(<built-in method execute of sqlite3.Cursor object at 0x11e4a13c0>, 'PRAGMA temp.table_info("information_sources")', ()) completed
2026-02-14 11:57:10,908 [DEBUG] [aiosqlite] executing functools.partial(<built-in method fetchall of sqlite3.Cursor object at 0x11e4a13c0>)
2026-02-14 11:57:10,908 [DEBUG] [aiosqlite] operation functools.partial(<built-in method fetchall of sqlite3.Cursor object at 0x11e4a13c0>) completed
2026-02-14 11:57:10,908 [DEBUG] [aiosqlite] executing functools.partial(<built-in method close of sqlite3.Cursor object at 0x11e4a13c0>)
2026-02-14 11:57:10,908 [DEBUG] [aiosqlite] operation functools.partial(<built-in method close of sqlite3.Cursor object at 0x11e4a13c0>) completed
2026-02-14 11:57:10,908 [DEBUG] [aiosqlite] executing functools.partial(<built-in method cursor of sqlite3.Connection object at 0x11e51c5e0>)
2026-02-14 11:57:10,908 [DEBUG] [aiosqlite] operation functools.partial(<built-in method cursor of sqlite3.Connection object at 0x11e51c5e0>) completed
2026-02-14 11:57:10,908 [DEBUG] [aiosqlite] executing functools.partial(<built-in method execute of sqlite3.Cursor object at 0x11e4a11c0>, 'PRAGMA main.table_info("source_node_relations")', ())
2026-02-14 11:57:10,908 [DEBUG] [aiosqlite] operation functools.partial(<built-in method execute of sqlite3.Cursor object at 0x11e4a11c0>, 'PRAGMA main.table_info("source_node_relations")', ()) completed
2026-02-14 11:57:10,908 [DEBUG] [aiosqlite] executing functools.partial(<built-in method fetchall of sqlite3.Cursor object at 0x11e4a11c0>)
2026-02-14 11:57:10,908 [DEBUG] [aiosqlite] operation functools.partial(<built-in method fetchall of sqlite3.Cursor object at 0x11e4a11c0>) completed
2026-02-14 11:57:10,908 [DEBUG] [aiosqlite] executing functools.partial(<built-in method close of sqlite3.Cursor object at 0x11e4a11c0>)
2026-02-14 11:57:10,908 [DEBUG] [aiosqlite] operation functools.partial(<built-in method close of sqlite3.Cursor object at 0x11e4a11c0>) completed
2026-02-14 11:57:10,908 [DEBUG] [aiosqlite] executing functools.partial(<built-in method cursor of sqlite3.Connection object at 0x11e51c5e0>)
2026-02-14 11:57:10,908 [DEBUG] [aiosqlite] operation functools.partial(<built-in method cursor of sqlite3.Connection object at 0x11e51c5e0>) completed
2026-02-14 11:57:10,908 [DEBUG] [aiosqlite] executing functools.partial(<built-in method execute of sqlite3.Cursor object at 0x11e4a1040>, 'PRAGMA temp.table_info("source_node_relations")', ())
2026-02-14 11:57:10,908 [DEBUG] [aiosqlite] operation functools.partial(<built-in method execute of sqlite3.Cursor object at 0x11e4a1040>, 'PRAGMA temp.table_info("source_node_relations")', ()) completed
2026-02-14 11:57:10,908 [DEBUG] [aiosqlite] executing functools.partial(<built-in method fetchall of sqlite3.Cursor object at 0x11e4a1040>)
2026-02-14 11:57:10,908 [DEBUG] [aiosqlite] operation functools.partial(<built-in method fetchall of sqlite3.Cursor object at 0x11e4a1040>) completed
2026-02-14 11:57:10,909 [DEBUG] [aiosqlite] executing functools.partial(<built-in method close of sqlite3.Cursor object at 0x11e4a1040>)
2026-02-14 11:57:10,909 [DEBUG] [aiosqlite] operation functools.partial(<built-in method close of sqlite3.Cursor object at 0x11e4a1040>) completed
2026-02-14 11:57:10,909 [DEBUG] [aiosqlite] executing functools.partial(<built-in method cursor of sqlite3.Connection object at 0x11e51c5e0>)
2026-02-14 11:57:10,909 [DEBUG] [aiosqlite] operation functools.partial(<built-in method cursor of sqlite3.Connection object at 0x11e51c5e0>) completed
2026-02-14 11:57:10,909 [DEBUG] [aiosqlite] executing functools.partial(<built-in method execute of sqlite3.Cursor object at 0x11e4a0440>, 'PRAGMA main.table_info("content_items")', ())
2026-02-14 11:57:10,909 [DEBUG] [aiosqlite] operation functools.partial(<built-in method execute of sqlite3.Cursor object at 0x11e4a0440>, 'PRAGMA main.table_info("content_items")', ()) completed
2026-02-14 11:57:10,909 [DEBUG] [aiosqlite] executing functools.partial(<built-in method fetchall of sqlite3.Cursor object at 0x11e4a0440>)
2026-02-14 11:57:10,909 [DEBUG] [aiosqlite] operation functools.partial(<built-in method fetchall of sqlite3.Cursor object at 0x11e4a0440>) completed
2026-02-14 11:57:10,909 [DEBUG] [aiosqlite] executing functools.partial(<built-in method close of sqlite3.Cursor object at 0x11e4a0440>)
2026-02-14 11:57:10,909 [DEBUG] [aiosqlite] operation functools.partial(<built-in method close of sqlite3.Cursor object at 0x11e4a0440>) completed
2026-02-14 11:57:10,909 [DEBUG] [aiosqlite] executing functools.partial(<built-in method cursor of sqlite3.Connection object at 0x11e51c5e0>)
2026-02-14 11:57:10,909 [DEBUG] [aiosqlite] operation functools.partial(<built-in method cursor of sqlite3.Connection object at 0x11e51c5e0>) completed
2026-02-14 11:57:10,909 [DEBUG] [aiosqlite] executing functools.partial(<built-in method execute of sqlite3.Cursor object at 0x11e4a0ec0>, 'PRAGMA temp.table_info("content_items")', ())
2026-02-14 11:57:10,909 [DEBUG] [aiosqlite] operation functools.partial(<built-in method execute of sqlite3.Cursor object at 0x11e4a0ec0>, 'PRAGMA temp.table_info("content_items")', ()) completed
2026-02-14 11:57:10,909 [DEBUG] [aiosqlite] executing functools.partial(<built-in method fetchall of sqlite3.Cursor object at 0x11e4a0ec0>)
2026-02-14 11:57:10,909 [DEBUG] [aiosqlite] operation functools.partial(<built-in method fetchall of sqlite3.Cursor object at 0x11e4a0ec0>) completed
2026-02-14 11:57:10,909 [DEBUG] [aiosqlite] executing functools.partial(<built-in method close of sqlite3.Cursor object at 0x11e4a0ec0>)
2026-02-14 11:57:10,909 [DEBUG] [aiosqlite] operation functools.partial(<built-in method close of sqlite3.Cursor object at 0x11e4a0ec0>) completed
2026-02-14 11:57:10,909 [DEBUG] [aiosqlite] executing functools.partial(<built-in method cursor of sqlite3.Connection object at 0x11e51c5e0>)
2026-02-14 11:57:10,909 [DEBUG] [aiosqlite] operation functools.partial(<built-in method cursor of sqlite3.Connection object at 0x11e51c5e0>) completed
2026-02-14 11:57:10,909 [DEBUG] [aiosqlite] executing functools.partial(<built-in method execute of sqlite3.Cursor object at 0x11e4a0b40>, 'PRAGMA main.table_info("content_node_relations")', ())
2026-02-14 11:57:10,909 [DEBUG] [aiosqlite] operation functools.partial(<built-in method execute of sqlite3.Cursor object at 0x11e4a0b40>, 'PRAGMA main.table_info("content_node_relations")', ()) completed
2026-02-14 11:57:10,909 [DEBUG] [aiosqlite] executing functools.partial(<built-in method fetchall of sqlite3.Cursor object at 0x11e4a0b40>)
2026-02-14 11:57:10,909 [DEBUG] [aiosqlite] operation functools.partial(<built-in method fetchall of sqlite3.Cursor object at 0x11e4a0b40>) completed
2026-02-14 11:57:10,909 [DEBUG] [aiosqlite] executing functools.partial(<built-in method close of sqlite3.Cursor object at 0x11e4a0b40>)
2026-02-14 11:57:10,909 [DEBUG] [aiosqlite] operation functools.partial(<built-in method close of sqlite3.Cursor object at 0x11e4a0b40>) completed
2026-02-14 11:57:10,909 [DEBUG] [aiosqlite] executing functools.partial(<built-in method cursor of sqlite3.Connection object at 0x11e51c5e0>)
2026-02-14 11:57:10,909 [DEBUG] [aiosqlite] operation functools.partial(<built-in method cursor of sqlite3.Connection object at 0x11e51c5e0>) completed
2026-02-14 11:57:10,910 [DEBUG] [aiosqlite] executing functools.partial(<built-in method execute of sqlite3.Cursor object at 0x11e4c60c0>, 'PRAGMA temp.table_info("content_node_relations")', ())
2026-02-14 11:57:10,910 [DEBUG] [aiosqlite] operation functools.partial(<built-in method execute of sqlite3.Cursor object at 0x11e4c60c0>, 'PRAGMA temp.table_info("content_node_relations")', ()) completed
2026-02-14 11:57:10,910 [DEBUG] [aiosqlite] executing functools.partial(<built-in method fetchall of sqlite3.Cursor object at 0x11e4c60c0>)
2026-02-14 11:57:10,910 [DEBUG] [aiosqlite] operation functools.partial(<built-in method fetchall of sqlite3.Cursor object at 0x11e4c60c0>) completed
2026-02-14 11:57:10,910 [DEBUG] [aiosqlite] executing functools.partial(<built-in method close of sqlite3.Cursor object at 0x11e4c60c0>)
2026-02-14 11:57:10,910 [DEBUG] [aiosqlite] operation functools.partial(<built-in method close of sqlite3.Cursor object at 0x11e4c60c0>) completed
2026-02-14 11:57:10,910 [DEBUG] [aiosqlite] executing functools.partial(<built-in method cursor of sqlite3.Connection object at 0x11e51c5e0>)
2026-02-14 11:57:10,910 [DEBUG] [aiosqlite] operation functools.partial(<built-in method cursor of sqlite3.Connection object at 0x11e51c5e0>) completed
2026-02-14 11:57:10,910 [DEBUG] [aiosqlite] executing functools.partial(<built-in method execute of sqlite3.Cursor object at 0x11e4c5fc0>, 'PRAGMA main.table_info("validation_results")', ())
2026-02-14 11:57:10,910 [DEBUG] [aiosqlite] operation functools.partial(<built-in method execute of sqlite3.Cursor object at 0x11e4c5fc0>, 'PRAGMA main.table_info("validation_results")', ()) completed
2026-02-14 11:57:10,910 [DEBUG] [aiosqlite] executing functools.partial(<built-in method fetchall of sqlite3.Cursor object at 0x11e4c5fc0>)
2026-02-14 11:57:10,910 [DEBUG] [aiosqlite] operation functools.partial(<built-in method fetchall of sqlite3.Cursor object at 0x11e4c5fc0>) completed
2026-02-14 11:57:10,910 [DEBUG] [aiosqlite] executing functools.partial(<built-in method close of sqlite3.Cursor object at 0x11e4c5fc0>)
2026-02-14 11:57:10,910 [DEBUG] [aiosqlite] operation functools.partial(<built-in method close of sqlite3.Cursor object at 0x11e4c5fc0>) completed
2026-02-14 11:57:10,910 [DEBUG] [aiosqlite] executing functools.partial(<built-in method cursor of sqlite3.Connection object at 0x11e51c5e0>)
2026-02-14 11:57:10,910 [DEBUG] [aiosqlite] operation functools.partial(<built-in method cursor of sqlite3.Connection object at 0x11e51c5e0>) completed
2026-02-14 11:57:10,910 [DEBUG] [aiosqlite] executing functools.partial(<built-in method execute of sqlite3.Cursor object at 0x11e4c5d40>, 'PRAGMA temp.table_info("validation_results")', ())
2026-02-14 11:57:10,910 [DEBUG] [aiosqlite] operation functools.partial(<built-in method execute of sqlite3.Cursor object at 0x11e4c5d40>, 'PRAGMA temp.table_info("validation_results")', ()) completed
2026-02-14 11:57:10,910 [DEBUG] [aiosqlite] executing functools.partial(<built-in method fetchall of sqlite3.Cursor object at 0x11e4c5d40>)
2026-02-14 11:57:10,910 [DEBUG] [aiosqlite] operation functools.partial(<built-in method fetchall of sqlite3.Cursor object at 0x11e4c5d40>) completed
2026-02-14 11:57:10,910 [DEBUG] [aiosqlite] executing functools.partial(<built-in method close of sqlite3.Cursor object at 0x11e4c5d40>)
2026-02-14 11:57:10,910 [DEBUG] [aiosqlite] operation functools.partial(<built-in method close of sqlite3.Cursor object at 0x11e4c5d40>) completed
2026-02-14 11:57:10,910 [DEBUG] [aiosqlite] executing functools.partial(<built-in method cursor of sqlite3.Connection object at 0x11e51c5e0>)
2026-02-14 11:57:10,910 [DEBUG] [aiosqlite] operation functools.partial(<built-in method cursor of sqlite3.Connection object at 0x11e51c5e0>) completed
2026-02-14 11:57:10,910 [DEBUG] [aiosqlite] executing functools.partial(<built-in method execute of sqlite3.Cursor object at 0x11e4c6240>, 'PRAGMA main.table_info("crawl_jobs")', ())
2026-02-14 11:57:10,911 [DEBUG] [aiosqlite] operation functools.partial(<built-in method execute of sqlite3.Cursor object at 0x11e4c6240>, 'PRAGMA main.table_info("crawl_jobs")', ()) completed
2026-02-14 11:57:10,911 [DEBUG] [aiosqlite] executing functools.partial(<built-in method fetchall of sqlite3.Cursor object at 0x11e4c6240>)
2026-02-14 11:57:10,911 [DEBUG] [aiosqlite] operation functools.partial(<built-in method fetchall of sqlite3.Cursor object at 0x11e4c6240>) completed
2026-02-14 11:57:10,911 [DEBUG] [aiosqlite] executing functools.partial(<built-in method close of sqlite3.Cursor object at 0x11e4c6240>)
2026-02-14 11:57:10,911 [DEBUG] [aiosqlite] operation functools.partial(<built-in method close of sqlite3.Cursor object at 0x11e4c6240>) completed
2026-02-14 11:57:10,911 [DEBUG] [aiosqlite] executing functools.partial(<built-in method cursor of sqlite3.Connection object at 0x11e51c5e0>)
2026-02-14 11:57:10,911 [DEBUG] [aiosqlite] operation functools.partial(<built-in method cursor of sqlite3.Connection object at 0x11e51c5e0>) completed
2026-02-14 11:57:10,911 [DEBUG] [aiosqlite] executing functools.partial(<built-in method execute of sqlite3.Cursor object at 0x11e4c5c40>, 'PRAGMA temp.table_info("crawl_jobs")', ())
2026-02-14 11:57:10,911 [DEBUG] [aiosqlite] operation functools.partial(<built-in method execute of sqlite3.Cursor object at 0x11e4c5c40>, 'PRAGMA temp.table_info("crawl_jobs")', ()) completed
2026-02-14 11:57:10,911 [DEBUG] [aiosqlite] executing functools.partial(<built-in method fetchall of sqlite3.Cursor object at 0x11e4c5c40>)
2026-02-14 11:57:10,911 [DEBUG] [aiosqlite] operation functools.partial(<built-in method fetchall of sqlite3.Cursor object at 0x11e4c5c40>) completed
2026-02-14 11:57:10,911 [DEBUG] [aiosqlite] executing functools.partial(<built-in method close of sqlite3.Cursor object at 0x11e4c5c40>)
2026-02-14 11:57:10,911 [DEBUG] [aiosqlite] operation functools.partial(<built-in method close of sqlite3.Cursor object at 0x11e4c5c40>) completed
2026-02-14 11:57:10,911 [DEBUG] [aiosqlite] executing functools.partial(<built-in method cursor of sqlite3.Connection object at 0x11e51c5e0>)
2026-02-14 11:57:10,911 [DEBUG] [aiosqlite] operation functools.partial(<built-in method cursor of sqlite3.Connection object at 0x11e51c5e0>) completed
2026-02-14 11:57:10,911 [DEBUG] [aiosqlite] executing functools.partial(<built-in method execute of sqlite3.Cursor object at 0x11e4c6140>, 'PRAGMA main.table_info("approvals")', ())
2026-02-14 11:57:10,911 [DEBUG] [aiosqlite] operation functools.partial(<built-in method execute of sqlite3.Cursor object at 0x11e4c6140>, 'PRAGMA main.table_info("approvals")', ()) completed
2026-02-14 11:57:10,911 [DEBUG] [aiosqlite] executing functools.partial(<built-in method fetchall of sqlite3.Cursor object at 0x11e4c6140>)
2026-02-14 11:57:10,911 [DEBUG] [aiosqlite] operation functools.partial(<built-in method fetchall of sqlite3.Cursor object at 0x11e4c6140>) completed
2026-02-14 11:57:10,911 [DEBUG] [aiosqlite] executing functools.partial(<built-in method close of sqlite3.Cursor object at 0x11e4c6140>)
2026-02-14 11:57:10,911 [DEBUG] [aiosqlite] operation functools.partial(<built-in method close of sqlite3.Cursor object at 0x11e4c6140>) completed
2026-02-14 11:57:10,911 [DEBUG] [aiosqlite] executing functools.partial(<built-in method cursor of sqlite3.Connection object at 0x11e51c5e0>)
2026-02-14 11:57:10,911 [DEBUG] [aiosqlite] operation functools.partial(<built-in method cursor of sqlite3.Connection object at 0x11e51c5e0>) completed
2026-02-14 11:57:10,911 [DEBUG] [aiosqlite] executing functools.partial(<built-in method execute of sqlite3.Cursor object at 0x11e4c5ac0>, 'PRAGMA temp.table_info("approvals")', ())
2026-02-14 11:57:10,911 [DEBUG] [aiosqlite] operation functools.partial(<built-in method execute of sqlite3.Cursor object at 0x11e4c5ac0>, 'PRAGMA temp.table_info("approvals")', ()) completed
2026-02-14 11:57:10,912 [DEBUG] [aiosqlite] executing functools.partial(<built-in method fetchall of sqlite3.Cursor object at 0x11e4c5ac0>)
2026-02-14 11:57:10,912 [DEBUG] [aiosqlite] operation functools.partial(<built-in method fetchall of sqlite3.Cursor object at 0x11e4c5ac0>) completed
2026-02-14 11:57:10,912 [DEBUG] [aiosqlite] executing functools.partial(<built-in method close of sqlite3.Cursor object at 0x11e4c5ac0>)
2026-02-14 11:57:10,912 [DEBUG] [aiosqlite] operation functools.partial(<built-in method close of sqlite3.Cursor object at 0x11e4c5ac0>) completed
2026-02-14 11:57:10,912 [DEBUG] [aiosqlite] executing functools.partial(<built-in method cursor of sqlite3.Connection object at 0x11e51c5e0>)
2026-02-14 11:57:10,912 [DEBUG] [aiosqlite] operation functools.partial(<built-in method cursor of sqlite3.Connection object at 0x11e51c5e0>) completed
2026-02-14 11:57:10,912 [DEBUG] [aiosqlite] executing functools.partial(<built-in method execute of sqlite3.Cursor object at 0x11e4c5a40>, 'PRAGMA main.table_info("concepts")', ())
2026-02-14 11:57:10,912 [DEBUG] [aiosqlite] operation functools.partial(<built-in method execute of sqlite3.Cursor object at 0x11e4c5a40>, 'PRAGMA main.table_info("concepts")', ()) completed
2026-02-14 11:57:10,912 [DEBUG] [aiosqlite] executing functools.partial(<built-in method fetchall of sqlite3.Cursor object at 0x11e4c5a40>)
2026-02-14 11:57:10,912 [DEBUG] [aiosqlite] operation functools.partial(<built-in method fetchall of sqlite3.Cursor object at 0x11e4c5a40>) completed
2026-02-14 11:57:10,912 [DEBUG] [aiosqlite] executing functools.partial(<built-in method close of sqlite3.Cursor object at 0x11e4c5a40>)
2026-02-14 11:57:10,912 [DEBUG] [aiosqlite] operation functools.partial(<built-in method close of sqlite3.Cursor object at 0x11e4c5a40>) completed
2026-02-14 11:57:10,912 [DEBUG] [aiosqlite] executing functools.partial(<built-in method cursor of sqlite3.Connection object at 0x11e51c5e0>)
2026-02-14 11:57:10,912 [DEBUG] [aiosqlite] operation functools.partial(<built-in method cursor of sqlite3.Connection object at 0x11e51c5e0>) completed
2026-02-14 11:57:10,912 [DEBUG] [aiosqlite] executing functools.partial(<built-in method execute of sqlite3.Cursor object at 0x11e4c4640>, 'PRAGMA temp.table_info("concepts")', ())
2026-02-14 11:57:10,912 [DEBUG] [aiosqlite] operation functools.partial(<built-in method execute of sqlite3.Cursor object at 0x11e4c4640>, 'PRAGMA temp.table_info("concepts")', ()) completed
2026-02-14 11:57:10,912 [DEBUG] [aiosqlite] executing functools.partial(<built-in method fetchall of sqlite3.Cursor object at 0x11e4c4640>)
2026-02-14 11:57:10,912 [DEBUG] [aiosqlite] operation functools.partial(<built-in method fetchall of sqlite3.Cursor object at 0x11e4c4640>) completed
2026-02-14 11:57:10,912 [DEBUG] [aiosqlite] executing functools.partial(<built-in method close of sqlite3.Cursor object at 0x11e4c4640>)
2026-02-14 11:57:10,912 [DEBUG] [aiosqlite] operation functools.partial(<built-in method close of sqlite3.Cursor object at 0x11e4c4640>) completed
2026-02-14 11:57:10,912 [DEBUG] [aiosqlite] executing functools.partial(<built-in method cursor of sqlite3.Connection object at 0x11e51c5e0>)
2026-02-14 11:57:10,912 [DEBUG] [aiosqlite] operation functools.partial(<built-in method cursor of sqlite3.Connection object at 0x11e51c5e0>) completed
2026-02-14 11:57:10,912 [DEBUG] [aiosqlite] executing functools.partial(<built-in method execute of sqlite3.Cursor object at 0x11e4c4ec0>, 'PRAGMA main.table_info("concept_synonyms")', ())
2026-02-14 11:57:10,912 [DEBUG] [aiosqlite] operation functools.partial(<built-in method execute of sqlite3.Cursor object at 0x11e4c4ec0>, 'PRAGMA main.table_info("concept_synonyms")', ()) completed
2026-02-14 11:57:10,913 [DEBUG] [aiosqlite] executing functools.partial(<built-in method fetchall of sqlite3.Cursor object at 0x11e4c4ec0>)
2026-02-14 11:57:10,913 [DEBUG] [aiosqlite] operation functools.partial(<built-in method fetchall of sqlite3.Cursor object at 0x11e4c4ec0>) completed
2026-02-14 11:57:10,913 [DEBUG] [aiosqlite] executing functools.partial(<built-in method close of sqlite3.Cursor object at 0x11e4c4ec0>)
2026-02-14 11:57:10,913 [DEBUG] [aiosqlite] operation functools.partial(<built-in method close of sqlite3.Cursor object at 0x11e4c4ec0>) completed
2026-02-14 11:57:10,913 [DEBUG] [aiosqlite] executing functools.partial(<built-in method cursor of sqlite3.Connection object at 0x11e51c5e0>)
2026-02-14 11:57:10,913 [DEBUG] [aiosqlite] operation functools.partial(<built-in method cursor of sqlite3.Connection object at 0x11e51c5e0>) completed
2026-02-14 11:57:10,913 [DEBUG] [aiosqlite] executing functools.partial(<built-in method execute of sqlite3.Cursor object at 0x11e4c6340>, 'PRAGMA temp.table_info("concept_synonyms")', ())
2026-02-14 11:57:10,913 [DEBUG] [aiosqlite] operation functools.partial(<built-in method execute of sqlite3.Cursor object at 0x11e4c6340>, 'PRAGMA temp.table_info("concept_synonyms")', ()) completed
2026-02-14 11:57:10,913 [DEBUG] [aiosqlite] executing functools.partial(<built-in method fetchall of sqlite3.Cursor object at 0x11e4c6340>)
2026-02-14 11:57:10,913 [DEBUG] [aiosqlite] operation functools.partial(<built-in method fetchall of sqlite3.Cursor object at 0x11e4c6340>) completed
2026-02-14 11:57:10,913 [DEBUG] [aiosqlite] executing functools.partial(<built-in method close of sqlite3.Cursor object at 0x11e4c6340>)
2026-02-14 11:57:10,913 [DEBUG] [aiosqlite] operation functools.partial(<built-in method close of sqlite3.Cursor object at 0x11e4c6340>) completed
2026-02-14 11:57:10,913 [DEBUG] [aiosqlite] executing functools.partial(<built-in method cursor of sqlite3.Connection object at 0x11e51c5e0>)
2026-02-14 11:57:10,913 [DEBUG] [aiosqlite] operation functools.partial(<built-in method cursor of sqlite3.Connection object at 0x11e51c5e0>) completed
2026-02-14 11:57:10,913 [DEBUG] [aiosqlite] executing functools.partial(<built-in method execute of sqlite3.Cursor object at 0x11e4c59c0>, 'PRAGMA main.table_info("snapshots")', ())
2026-02-14 11:57:10,913 [DEBUG] [aiosqlite] operation functools.partial(<built-in method execute of sqlite3.Cursor object at 0x11e4c59c0>, 'PRAGMA main.table_info("snapshots")', ()) completed
2026-02-14 11:57:10,913 [DEBUG] [aiosqlite] executing functools.partial(<built-in method fetchall of sqlite3.Cursor object at 0x11e4c59c0>)
2026-02-14 11:57:10,913 [DEBUG] [aiosqlite] operation functools.partial(<built-in method fetchall of sqlite3.Cursor object at 0x11e4c59c0>) completed
2026-02-14 11:57:10,913 [DEBUG] [aiosqlite] executing functools.partial(<built-in method close of sqlite3.Cursor object at 0x11e4c59c0>)
2026-02-14 11:57:10,913 [DEBUG] [aiosqlite] operation functools.partial(<built-in method close of sqlite3.Cursor object at 0x11e4c59c0>) completed
2026-02-14 11:57:10,913 [DEBUG] [aiosqlite] executing functools.partial(<built-in method cursor of sqlite3.Connection object at 0x11e51c5e0>)
2026-02-14 11:57:10,913 [DEBUG] [aiosqlite] operation functools.partial(<built-in method cursor of sqlite3.Connection object at 0x11e51c5e0>) completed
2026-02-14 11:57:10,913 [DEBUG] [aiosqlite] executing functools.partial(<built-in method execute of sqlite3.Cursor object at 0x11e4c6440>, 'PRAGMA temp.table_info("snapshots")', ())
2026-02-14 11:57:10,913 [DEBUG] [aiosqlite] operation functools.partial(<built-in method execute of sqlite3.Cursor object at 0x11e4c6440>, 'PRAGMA temp.table_info("snapshots")', ()) completed
2026-02-14 11:57:10,914 [DEBUG] [aiosqlite] executing functools.partial(<built-in method fetchall of sqlite3.Cursor object at 0x11e4c6440>)
2026-02-14 11:57:10,914 [DEBUG] [aiosqlite] operation functools.partial(<built-in method fetchall of sqlite3.Cursor object at 0x11e4c6440>) completed
2026-02-14 11:57:10,914 [DEBUG] [aiosqlite] executing functools.partial(<built-in method close of sqlite3.Cursor object at 0x11e4c6440>)
2026-02-14 11:57:10,914 [DEBUG] [aiosqlite] operation functools.partial(<built-in method close of sqlite3.Cursor object at 0x11e4c6440>) completed
2026-02-14 11:57:10,914 [DEBUG] [aiosqlite] executing functools.partial(<built-in method cursor of sqlite3.Connection object at 0x11e51c5e0>)
2026-02-14 11:57:10,914 [DEBUG] [aiosqlite] operation functools.partial(<built-in method cursor of sqlite3.Connection object at 0x11e51c5e0>) completed
2026-02-14 11:57:10,914 [DEBUG] [aiosqlite] executing functools.partial(<built-in method execute of sqlite3.Cursor object at 0x11e4c62c0>, 'PRAGMA main.table_info("contributions")', ())
2026-02-14 11:57:10,914 [DEBUG] [aiosqlite] operation functools.partial(<built-in method execute of sqlite3.Cursor object at 0x11e4c62c0>, 'PRAGMA main.table_info("contributions")', ()) completed
2026-02-14 11:57:10,914 [DEBUG] [aiosqlite] executing functools.partial(<built-in method fetchall of sqlite3.Cursor object at 0x11e4c62c0>)
2026-02-14 11:57:10,914 [DEBUG] [aiosqlite] operation functools.partial(<built-in method fetchall of sqlite3.Cursor object at 0x11e4c62c0>) completed
2026-02-14 11:57:10,914 [DEBUG] [aiosqlite] executing functools.partial(<built-in method close of sqlite3.Cursor object at 0x11e4c62c0>)
2026-02-14 11:57:10,914 [DEBUG] [aiosqlite] operation functools.partial(<built-in method close of sqlite3.Cursor object at 0x11e4c62c0>) completed
2026-02-14 11:57:10,914 [DEBUG] [aiosqlite] executing functools.partial(<built-in method cursor of sqlite3.Connection object at 0x11e51c5e0>)
2026-02-14 11:57:10,914 [DEBUG] [aiosqlite] operation functools.partial(<built-in method cursor of sqlite3.Connection object at 0x11e51c5e0>) completed
2026-02-14 11:57:10,914 [DEBUG] [aiosqlite] executing functools.partial(<built-in method execute of sqlite3.Cursor object at 0x11e4c64c0>, 'PRAGMA temp.table_info("contributions")', ())
2026-02-14 11:57:10,914 [DEBUG] [aiosqlite] operation functools.partial(<built-in method execute of sqlite3.Cursor object at 0x11e4c64c0>, 'PRAGMA temp.table_info("contributions")', ()) completed
2026-02-14 11:57:10,914 [DEBUG] [aiosqlite] executing functools.partial(<built-in method fetchall of sqlite3.Cursor object at 0x11e4c64c0>)
2026-02-14 11:57:10,914 [DEBUG] [aiosqlite] operation functools.partial(<built-in method fetchall of sqlite3.Cursor object at 0x11e4c64c0>) completed
2026-02-14 11:57:10,914 [DEBUG] [aiosqlite] executing functools.partial(<built-in method close of sqlite3.Cursor object at 0x11e4c64c0>)
2026-02-14 11:57:10,914 [DEBUG] [aiosqlite] operation functools.partial(<built-in method close of sqlite3.Cursor object at 0x11e4c64c0>) completed
2026-02-14 11:57:10,915 [DEBUG] [aiosqlite] executing functools.partial(<built-in method cursor of sqlite3.Connection object at 0x11e51c5e0>)
2026-02-14 11:57:10,915 [DEBUG] [aiosqlite] operation functools.partial(<built-in method cursor of sqlite3.Connection object at 0x11e51c5e0>) completed
2026-02-14 11:57:10,915 [DEBUG] [aiosqlite] executing functools.partial(<built-in method execute of sqlite3.Cursor object at 0x11e4c63c0>, 'PRAGMA main.table_info("synonym_mappings")', ())
2026-02-14 11:57:10,915 [DEBUG] [aiosqlite] operation functools.partial(<built-in method execute of sqlite3.Cursor object at 0x11e4c63c0>, 'PRAGMA main.table_info("synonym_mappings")', ()) completed
2026-02-14 11:57:10,915 [DEBUG] [aiosqlite] executing functools.partial(<built-in method fetchall of sqlite3.Cursor object at 0x11e4c63c0>)
2026-02-14 11:57:10,915 [DEBUG] [aiosqlite] operation functools.partial(<built-in method fetchall of sqlite3.Cursor object at 0x11e4c63c0>) completed
2026-02-14 11:57:10,915 [DEBUG] [aiosqlite] executing functools.partial(<built-in method close of sqlite3.Cursor object at 0x11e4c63c0>)
2026-02-14 11:57:10,915 [DEBUG] [aiosqlite] operation functools.partial(<built-in method close of sqlite3.Cursor object at 0x11e4c63c0>) completed
2026-02-14 11:57:10,915 [DEBUG] [aiosqlite] executing functools.partial(<built-in method cursor of sqlite3.Connection object at 0x11e51c5e0>)
2026-02-14 11:57:10,915 [DEBUG] [aiosqlite] operation functools.partial(<built-in method cursor of sqlite3.Connection object at 0x11e51c5e0>) completed
2026-02-14 11:57:10,915 [DEBUG] [aiosqlite] executing functools.partial(<built-in method execute of sqlite3.Cursor object at 0x11e4c6640>, 'PRAGMA temp.table_info("synonym_mappings")', ())
2026-02-14 11:57:10,915 [DEBUG] [aiosqlite] operation functools.partial(<built-in method execute of sqlite3.Cursor object at 0x11e4c6640>, 'PRAGMA temp.table_info("synonym_mappings")', ()) completed
2026-02-14 11:57:10,915 [DEBUG] [aiosqlite] executing functools.partial(<built-in method fetchall of sqlite3.Cursor object at 0x11e4c6640>)
2026-02-14 11:57:10,915 [DEBUG] [aiosqlite] operation functools.partial(<built-in method fetchall of sqlite3.Cursor object at 0x11e4c6640>) completed
2026-02-14 11:57:10,915 [DEBUG] [aiosqlite] executing functools.partial(<built-in method close of sqlite3.Cursor object at 0x11e4c6640>)
2026-02-14 11:57:10,915 [DEBUG] [aiosqlite] operation functools.partial(<built-in method close of sqlite3.Cursor object at 0x11e4c6640>) completed
2026-02-14 11:57:10,915 [DEBUG] [aiosqlite] executing functools.partial(<built-in method cursor of sqlite3.Connection object at 0x11e51c5e0>)
2026-02-14 11:57:10,915 [DEBUG] [aiosqlite] operation functools.partial(<built-in method cursor of sqlite3.Connection object at 0x11e51c5e0>) completed
2026-02-14 11:57:10,915 [DEBUG] [aiosqlite] executing functools.partial(<built-in method execute of sqlite3.Cursor object at 0x11e4c6540>, 'PRAGMA main.table_info("batch_tasks")', ())
2026-02-14 11:57:10,915 [DEBUG] [aiosqlite] operation functools.partial(<built-in method execute of sqlite3.Cursor object at 0x11e4c6540>, 'PRAGMA main.table_info("batch_tasks")', ()) completed
2026-02-14 11:57:10,915 [DEBUG] [aiosqlite] executing functools.partial(<built-in method fetchall of sqlite3.Cursor object at 0x11e4c6540>)
2026-02-14 11:57:10,915 [DEBUG] [aiosqlite] operation functools.partial(<built-in method fetchall of sqlite3.Cursor object at 0x11e4c6540>) completed
2026-02-14 11:57:10,915 [DEBUG] [aiosqlite] executing functools.partial(<built-in method close of sqlite3.Cursor object at 0x11e4c6540>)
2026-02-14 11:57:10,915 [DEBUG] [aiosqlite] operation functools.partial(<built-in method close of sqlite3.Cursor object at 0x11e4c6540>) completed
2026-02-14 11:57:10,915 [DEBUG] [aiosqlite] executing functools.partial(<built-in method cursor of sqlite3.Connection object at 0x11e51c5e0>)
2026-02-14 11:57:10,915 [DEBUG] [aiosqlite] operation functools.partial(<built-in method cursor of sqlite3.Connection object at 0x11e51c5e0>) completed
2026-02-14 11:57:10,916 [DEBUG] [aiosqlite] executing functools.partial(<built-in method execute of sqlite3.Cursor object at 0x11e4c6740>, 'PRAGMA temp.table_info("batch_tasks")', ())
2026-02-14 11:57:10,916 [DEBUG] [aiosqlite] operation functools.partial(<built-in method execute of sqlite3.Cursor object at 0x11e4c6740>, 'PRAGMA temp.table_info("batch_tasks")', ()) completed
2026-02-14 11:57:10,916 [DEBUG] [aiosqlite] executing functools.partial(<built-in method fetchall of sqlite3.Cursor object at 0x11e4c6740>)
2026-02-14 11:57:10,916 [DEBUG] [aiosqlite] operation functools.partial(<built-in method fetchall of sqlite3.Cursor object at 0x11e4c6740>) completed
2026-02-14 11:57:10,916 [DEBUG] [aiosqlite] executing functools.partial(<built-in method close of sqlite3.Cursor object at 0x11e4c6740>)
2026-02-14 11:57:10,916 [DEBUG] [aiosqlite] operation functools.partial(<built-in method close of sqlite3.Cursor object at 0x11e4c6740>) completed
2026-02-14 11:57:10,916 [DEBUG] [aiosqlite] executing functools.partial(<built-in method cursor of sqlite3.Connection object at 0x11e51c5e0>)
2026-02-14 11:57:10,916 [DEBUG] [aiosqlite] operation functools.partial(<built-in method cursor of sqlite3.Connection object at 0x11e51c5e0>) completed
2026-02-14 11:57:10,916 [DEBUG] [aiosqlite] executing functools.partial(<built-in method execute of sqlite3.Cursor object at 0x11e4c65c0>, 'PRAGMA main.table_info("domain_whitelists")', ())
2026-02-14 11:57:10,916 [DEBUG] [aiosqlite] operation functools.partial(<built-in method execute of sqlite3.Cursor object at 0x11e4c65c0>, 'PRAGMA main.table_info("domain_whitelists")', ()) completed
2026-02-14 11:57:10,916 [DEBUG] [aiosqlite] executing functools.partial(<built-in method fetchall of sqlite3.Cursor object at 0x11e4c65c0>)
2026-02-14 11:57:10,916 [DEBUG] [aiosqlite] operation functools.partial(<built-in method fetchall of sqlite3.Cursor object at 0x11e4c65c0>) completed
2026-02-14 11:57:10,916 [DEBUG] [aiosqlite] executing functools.partial(<built-in method close of sqlite3.Cursor object at 0x11e4c65c0>)
2026-02-14 11:57:10,916 [DEBUG] [aiosqlite] operation functools.partial(<built-in method close of sqlite3.Cursor object at 0x11e4c65c0>) completed
2026-02-14 11:57:10,916 [DEBUG] [aiosqlite] executing functools.partial(<built-in method cursor of sqlite3.Connection object at 0x11e51c5e0>)
2026-02-14 11:57:10,916 [DEBUG] [aiosqlite] operation functools.partial(<built-in method cursor of sqlite3.Connection object at 0x11e51c5e0>) completed
2026-02-14 11:57:10,916 [DEBUG] [aiosqlite] executing functools.partial(<built-in method execute of sqlite3.Cursor object at 0x11e4c6840>, 'PRAGMA temp.table_info("domain_whitelists")', ())
2026-02-14 11:57:10,916 [DEBUG] [aiosqlite] operation functools.partial(<built-in method execute of sqlite3.Cursor object at 0x11e4c6840>, 'PRAGMA temp.table_info("domain_whitelists")', ()) completed
2026-02-14 11:57:10,916 [DEBUG] [aiosqlite] executing functools.partial(<built-in method fetchall of sqlite3.Cursor object at 0x11e4c6840>)
2026-02-14 11:57:10,916 [DEBUG] [aiosqlite] operation functools.partial(<built-in method fetchall of sqlite3.Cursor object at 0x11e4c6840>) completed
2026-02-14 11:57:10,916 [DEBUG] [aiosqlite] executing functools.partial(<built-in method close of sqlite3.Cursor object at 0x11e4c6840>)
2026-02-14 11:57:10,916 [DEBUG] [aiosqlite] operation functools.partial(<built-in method close of sqlite3.Cursor object at 0x11e4c6840>) completed
2026-02-14 11:57:10,916 [DEBUG] [aiosqlite] executing functools.partial(<built-in method cursor of sqlite3.Connection object at 0x11e51c5e0>)
2026-02-14 11:57:10,916 [DEBUG] [aiosqlite] operation functools.partial(<built-in method cursor of sqlite3.Connection object at 0x11e51c5e0>) completed
2026-02-14 11:57:10,916 [DEBUG] [aiosqlite] executing functools.partial(<built-in method execute of sqlite3.Cursor object at 0x11e4c67c0>, 'PRAGMA main.table_info("discovered_domains")', ())
2026-02-14 11:57:10,917 [DEBUG] [aiosqlite] operation functools.partial(<built-in method execute of sqlite3.Cursor object at 0x11e4c67c0>, 'PRAGMA main.table_info("discovered_domains")', ()) completed
2026-02-14 11:57:10,917 [DEBUG] [aiosqlite] executing functools.partial(<built-in method fetchall of sqlite3.Cursor object at 0x11e4c67c0>)
2026-02-14 11:57:10,917 [DEBUG] [aiosqlite] operation functools.partial(<built-in method fetchall of sqlite3.Cursor object at 0x11e4c67c0>) completed
2026-02-14 11:57:10,917 [DEBUG] [aiosqlite] executing functools.partial(<built-in method close of sqlite3.Cursor object at 0x11e4c67c0>)
2026-02-14 11:57:10,917 [DEBUG] [aiosqlite] operation functools.partial(<built-in method close of sqlite3.Cursor object at 0x11e4c67c0>) completed
2026-02-14 11:57:10,917 [DEBUG] [aiosqlite] executing functools.partial(<built-in method cursor of sqlite3.Connection object at 0x11e51c5e0>)
2026-02-14 11:57:10,917 [DEBUG] [aiosqlite] operation functools.partial(<built-in method cursor of sqlite3.Connection object at 0x11e51c5e0>) completed
2026-02-14 11:57:10,917 [DEBUG] [aiosqlite] executing functools.partial(<built-in method execute of sqlite3.Cursor object at 0x11e4c68c0>, 'PRAGMA temp.table_info("discovered_domains")', ())
2026-02-14 11:57:10,917 [DEBUG] [aiosqlite] operation functools.partial(<built-in method execute of sqlite3.Cursor object at 0x11e4c68c0>, 'PRAGMA temp.table_info("discovered_domains")', ()) completed
2026-02-14 11:57:10,917 [DEBUG] [aiosqlite] executing functools.partial(<built-in method fetchall of sqlite3.Cursor object at 0x11e4c68c0>)
2026-02-14 11:57:10,917 [DEBUG] [aiosqlite] operation functools.partial(<built-in method fetchall of sqlite3.Cursor object at 0x11e4c68c0>) completed
2026-02-14 11:57:10,917 [DEBUG] [aiosqlite] executing functools.partial(<built-in method close of sqlite3.Cursor object at 0x11e4c68c0>)
2026-02-14 11:57:10,917 [DEBUG] [aiosqlite] operation functools.partial(<built-in method close of sqlite3.Cursor object at 0x11e4c68c0>) completed
2026-02-14 11:57:10,917 [DEBUG] [aiosqlite] executing functools.partial(<built-in method cursor of sqlite3.Connection object at 0x11e51c5e0>)
2026-02-14 11:57:10,917 [DEBUG] [aiosqlite] operation functools.partial(<built-in method cursor of sqlite3.Connection object at 0x11e51c5e0>) completed
2026-02-14 11:57:10,917 [DEBUG] [aiosqlite] executing functools.partial(<built-in method execute of sqlite3.Cursor object at 0x11e4c66c0>, 'PRAGMA main.table_info("hotspots")', ())
2026-02-14 11:57:10,917 [DEBUG] [aiosqlite] operation functools.partial(<built-in method execute of sqlite3.Cursor object at 0x11e4c66c0>, 'PRAGMA main.table_info("hotspots")', ()) completed
2026-02-14 11:57:10,917 [DEBUG] [aiosqlite] executing functools.partial(<built-in method fetchall of sqlite3.Cursor object at 0x11e4c66c0>)
2026-02-14 11:57:10,917 [DEBUG] [aiosqlite] operation functools.partial(<built-in method fetchall of sqlite3.Cursor object at 0x11e4c66c0>) completed
2026-02-14 11:57:10,917 [DEBUG] [aiosqlite] executing functools.partial(<built-in method close of sqlite3.Cursor object at 0x11e4c66c0>)
2026-02-14 11:57:10,917 [DEBUG] [aiosqlite] operation functools.partial(<built-in method close of sqlite3.Cursor object at 0x11e4c66c0>) completed
2026-02-14 11:57:10,917 [DEBUG] [aiosqlite] executing functools.partial(<built-in method cursor of sqlite3.Connection object at 0x11e51c5e0>)
2026-02-14 11:57:10,917 [DEBUG] [aiosqlite] operation functools.partial(<built-in method cursor of sqlite3.Connection object at 0x11e51c5e0>) completed
2026-02-14 11:57:10,917 [DEBUG] [aiosqlite] executing functools.partial(<built-in method execute of sqlite3.Cursor object at 0x11e4c69c0>, 'PRAGMA temp.table_info("hotspots")', ())
2026-02-14 11:57:10,917 [DEBUG] [aiosqlite] operation functools.partial(<built-in method execute of sqlite3.Cursor object at 0x11e4c69c0>, 'PRAGMA temp.table_info("hotspots")', ()) completed
2026-02-14 11:57:10,918 [DEBUG] [aiosqlite] executing functools.partial(<built-in method fetchall of sqlite3.Cursor object at 0x11e4c69c0>)
2026-02-14 11:57:10,918 [DEBUG] [aiosqlite] operation functools.partial(<built-in method fetchall of sqlite3.Cursor object at 0x11e4c69c0>) completed
2026-02-14 11:57:10,918 [DEBUG] [aiosqlite] executing functools.partial(<built-in method close of sqlite3.Cursor object at 0x11e4c69c0>)
2026-02-14 11:57:10,918 [DEBUG] [aiosqlite] operation functools.partial(<built-in method close of sqlite3.Cursor object at 0x11e4c69c0>) completed
2026-02-14 11:57:10,918 [DEBUG] [aiosqlite] executing functools.partial(<built-in method cursor of sqlite3.Connection object at 0x11e51c5e0>)
2026-02-14 11:57:10,918 [DEBUG] [aiosqlite] operation functools.partial(<built-in method cursor of sqlite3.Connection object at 0x11e51c5e0>) completed
2026-02-14 11:57:10,918 [DEBUG] [aiosqlite] executing functools.partial(<built-in method execute of sqlite3.Cursor object at 0x11e4c6940>, 'PRAGMA main.table_info("hotspot_events")', ())
2026-02-14 11:57:10,918 [DEBUG] [aiosqlite] operation functools.partial(<built-in method execute of sqlite3.Cursor object at 0x11e4c6940>, 'PRAGMA main.table_info("hotspot_events")', ()) completed
2026-02-14 11:57:10,918 [DEBUG] [aiosqlite] executing functools.partial(<built-in method fetchall of sqlite3.Cursor object at 0x11e4c6940>)
2026-02-14 11:57:10,918 [DEBUG] [aiosqlite] operation functools.partial(<built-in method fetchall of sqlite3.Cursor object at 0x11e4c6940>) completed
2026-02-14 11:57:10,918 [DEBUG] [aiosqlite] executing functools.partial(<built-in method close of sqlite3.Cursor object at 0x11e4c6940>)
2026-02-14 11:57:10,918 [DEBUG] [aiosqlite] operation functools.partial(<built-in method close of sqlite3.Cursor object at 0x11e4c6940>) completed
2026-02-14 11:57:10,918 [DEBUG] [aiosqlite] executing functools.partial(<built-in method cursor of sqlite3.Connection object at 0x11e51c5e0>)
2026-02-14 11:57:10,918 [DEBUG] [aiosqlite] operation functools.partial(<built-in method cursor of sqlite3.Connection object at 0x11e51c5e0>) completed
2026-02-14 11:57:10,918 [DEBUG] [aiosqlite] executing functools.partial(<built-in method execute of sqlite3.Cursor object at 0x11e4c6ac0>, 'PRAGMA temp.table_info("hotspot_events")', ())
2026-02-14 11:57:10,918 [DEBUG] [aiosqlite] operation functools.partial(<built-in method execute of sqlite3.Cursor object at 0x11e4c6ac0>, 'PRAGMA temp.table_info("hotspot_events")', ()) completed
2026-02-14 11:57:10,918 [DEBUG] [aiosqlite] executing functools.partial(<built-in method fetchall of sqlite3.Cursor object at 0x11e4c6ac0>)
2026-02-14 11:57:10,918 [DEBUG] [aiosqlite] operation functools.partial(<built-in method fetchall of sqlite3.Cursor object at 0x11e4c6ac0>) completed
2026-02-14 11:57:10,918 [DEBUG] [aiosqlite] executing functools.partial(<built-in method close of sqlite3.Cursor object at 0x11e4c6ac0>)
2026-02-14 11:57:10,918 [DEBUG] [aiosqlite] operation functools.partial(<built-in method close of sqlite3.Cursor object at 0x11e4c6ac0>) completed
2026-02-14 11:57:10,918 [DEBUG] [aiosqlite] executing functools.partial(<built-in method cursor of sqlite3.Connection object at 0x11e51c5e0>)
2026-02-14 11:57:10,918 [DEBUG] [aiosqlite] operation functools.partial(<built-in method cursor of sqlite3.Connection object at 0x11e51c5e0>) completed
2026-02-14 11:57:10,918 [DEBUG] [aiosqlite] executing functools.partial(<built-in method execute of sqlite3.Cursor object at 0x11e4c6a40>, 'PRAGMA main.table_info("concept_definitions")', ())
2026-02-14 11:57:10,918 [DEBUG] [aiosqlite] operation functools.partial(<built-in method execute of sqlite3.Cursor object at 0x11e4c6a40>, 'PRAGMA main.table_info("concept_definitions")', ()) completed
2026-02-14 11:57:10,918 [DEBUG] [aiosqlite] executing functools.partial(<built-in method fetchall of sqlite3.Cursor object at 0x11e4c6a40>)
2026-02-14 11:57:10,918 [DEBUG] [aiosqlite] operation functools.partial(<built-in method fetchall of sqlite3.Cursor object at 0x11e4c6a40>) completed
2026-02-14 11:57:10,918 [DEBUG] [aiosqlite] executing functools.partial(<built-in method close of sqlite3.Cursor object at 0x11e4c6a40>)
2026-02-14 11:57:10,919 [DEBUG] [aiosqlite] operation functools.partial(<built-in method close of sqlite3.Cursor object at 0x11e4c6a40>) completed
2026-02-14 11:57:10,919 [DEBUG] [aiosqlite] executing functools.partial(<built-in method cursor of sqlite3.Connection object at 0x11e51c5e0>)
2026-02-14 11:57:10,919 [DEBUG] [aiosqlite] operation functools.partial(<built-in method cursor of sqlite3.Connection object at 0x11e51c5e0>) completed
2026-02-14 11:57:10,919 [DEBUG] [aiosqlite] executing functools.partial(<built-in method execute of sqlite3.Cursor object at 0x11e4c6bc0>, 'PRAGMA temp.table_info("concept_definitions")', ())
2026-02-14 11:57:10,919 [DEBUG] [aiosqlite] operation functools.partial(<built-in method execute of sqlite3.Cursor object at 0x11e4c6bc0>, 'PRAGMA temp.table_info("concept_definitions")', ()) completed
2026-02-14 11:57:10,919 [DEBUG] [aiosqlite] executing functools.partial(<built-in method fetchall of sqlite3.Cursor object at 0x11e4c6bc0>)
2026-02-14 11:57:10,919 [DEBUG] [aiosqlite] operation functools.partial(<built-in method fetchall of sqlite3.Cursor object at 0x11e4c6bc0>) completed
2026-02-14 11:57:10,919 [DEBUG] [aiosqlite] executing functools.partial(<built-in method close of sqlite3.Cursor object at 0x11e4c6bc0>)
2026-02-14 11:57:10,919 [DEBUG] [aiosqlite] operation functools.partial(<built-in method close of sqlite3.Cursor object at 0x11e4c6bc0>) completed
2026-02-14 11:57:10,919 [DEBUG] [aiosqlite] executing functools.partial(<built-in method cursor of sqlite3.Connection object at 0x11e51c5e0>)
2026-02-14 11:57:10,919 [DEBUG] [aiosqlite] operation functools.partial(<built-in method cursor of sqlite3.Connection object at 0x11e51c5e0>) completed
2026-02-14 11:57:10,919 [DEBUG] [aiosqlite] executing functools.partial(<built-in method execute of sqlite3.Cursor object at 0x11e4c6b40>, 'PRAGMA main.table_info("health_reports")', ())
2026-02-14 11:57:10,919 [DEBUG] [aiosqlite] operation functools.partial(<built-in method execute of sqlite3.Cursor object at 0x11e4c6b40>, 'PRAGMA main.table_info("health_reports")', ()) completed
2026-02-14 11:57:10,919 [DEBUG] [aiosqlite] executing functools.partial(<built-in method fetchall of sqlite3.Cursor object at 0x11e4c6b40>)
2026-02-14 11:57:10,919 [DEBUG] [aiosqlite] operation functools.partial(<built-in method fetchall of sqlite3.Cursor object at 0x11e4c6b40>) completed
2026-02-14 11:57:10,919 [DEBUG] [aiosqlite] executing functools.partial(<built-in method close of sqlite3.Cursor object at 0x11e4c6b40>)
2026-02-14 11:57:10,919 [DEBUG] [aiosqlite] operation functools.partial(<built-in method close of sqlite3.Cursor object at 0x11e4c6b40>) completed
2026-02-14 11:57:10,919 [DEBUG] [aiosqlite] executing functools.partial(<built-in method cursor of sqlite3.Connection object at 0x11e51c5e0>)
2026-02-14 11:57:10,919 [DEBUG] [aiosqlite] operation functools.partial(<built-in method cursor of sqlite3.Connection object at 0x11e51c5e0>) completed
2026-02-14 11:57:10,919 [DEBUG] [aiosqlite] executing functools.partial(<built-in method execute of sqlite3.Cursor object at 0x11e4c6cc0>, 'PRAGMA temp.table_info("health_reports")', ())
2026-02-14 11:57:10,919 [DEBUG] [aiosqlite] operation functools.partial(<built-in method execute of sqlite3.Cursor object at 0x11e4c6cc0>, 'PRAGMA temp.table_info("health_reports")', ()) completed
2026-02-14 11:57:10,919 [DEBUG] [aiosqlite] executing functools.partial(<built-in method fetchall of sqlite3.Cursor object at 0x11e4c6cc0>)
2026-02-14 11:57:10,919 [DEBUG] [aiosqlite] operation functools.partial(<built-in method fetchall of sqlite3.Cursor object at 0x11e4c6cc0>) completed
2026-02-14 11:57:10,919 [DEBUG] [aiosqlite] executing functools.partial(<built-in method close of sqlite3.Cursor object at 0x11e4c6cc0>)
2026-02-14 11:57:10,919 [DEBUG] [aiosqlite] operation functools.partial(<built-in method close of sqlite3.Cursor object at 0x11e4c6cc0>) completed
2026-02-14 11:57:10,919 [DEBUG] [aiosqlite] executing functools.partial(<built-in method cursor of sqlite3.Connection object at 0x11e51c5e0>)
2026-02-14 11:57:10,919 [DEBUG] [aiosqlite] operation functools.partial(<built-in method cursor of sqlite3.Connection object at 0x11e51c5e0>) completed
2026-02-14 11:57:10,919 [DEBUG] [aiosqlite] executing functools.partial(<built-in method execute of sqlite3.Cursor object at 0x11e4c6c40>, 'PRAGMA main.table_info("strategy_adjustments")', ())
2026-02-14 11:57:10,920 [DEBUG] [aiosqlite] operation functools.partial(<built-in method execute of sqlite3.Cursor object at 0x11e4c6c40>, 'PRAGMA main.table_info("strategy_adjustments")', ()) completed
2026-02-14 11:57:10,920 [DEBUG] [aiosqlite] executing functools.partial(<built-in method fetchall of sqlite3.Cursor object at 0x11e4c6c40>)
2026-02-14 11:57:10,920 [DEBUG] [aiosqlite] operation functools.partial(<built-in method fetchall of sqlite3.Cursor object at 0x11e4c6c40>) completed
2026-02-14 11:57:10,920 [DEBUG] [aiosqlite] executing functools.partial(<built-in method close of sqlite3.Cursor object at 0x11e4c6c40>)
2026-02-14 11:57:10,920 [DEBUG] [aiosqlite] operation functools.partial(<built-in method close of sqlite3.Cursor object at 0x11e4c6c40>) completed
2026-02-14 11:57:10,920 [DEBUG] [aiosqlite] executing functools.partial(<built-in method cursor of sqlite3.Connection object at 0x11e51c5e0>)
2026-02-14 11:57:10,920 [DEBUG] [aiosqlite] operation functools.partial(<built-in method cursor of sqlite3.Connection object at 0x11e51c5e0>) completed
2026-02-14 11:57:10,920 [DEBUG] [aiosqlite] executing functools.partial(<built-in method execute of sqlite3.Cursor object at 0x11e4c6dc0>, 'PRAGMA temp.table_info("strategy_adjustments")', ())
2026-02-14 11:57:10,920 [DEBUG] [aiosqlite] operation functools.partial(<built-in method execute of sqlite3.Cursor object at 0x11e4c6dc0>, 'PRAGMA temp.table_info("strategy_adjustments")', ()) completed
2026-02-14 11:57:10,920 [DEBUG] [aiosqlite] executing functools.partial(<built-in method fetchall of sqlite3.Cursor object at 0x11e4c6dc0>)
2026-02-14 11:57:10,920 [DEBUG] [aiosqlite] operation functools.partial(<built-in method fetchall of sqlite3.Cursor object at 0x11e4c6dc0>) completed
2026-02-14 11:57:10,920 [DEBUG] [aiosqlite] executing functools.partial(<built-in method close of sqlite3.Cursor object at 0x11e4c6dc0>)
2026-02-14 11:57:10,920 [DEBUG] [aiosqlite] operation functools.partial(<built-in method close of sqlite3.Cursor object at 0x11e4c6dc0>) completed
2026-02-14 11:57:10,920 [DEBUG] [aiosqlite] executing functools.partial(<built-in method cursor of sqlite3.Connection object at 0x11e51c5e0>)
2026-02-14 11:57:10,920 [DEBUG] [aiosqlite] operation functools.partial(<built-in method cursor of sqlite3.Connection object at 0x11e51c5e0>) completed
2026-02-14 11:57:10,920 [DEBUG] [aiosqlite] executing functools.partial(<built-in method execute of sqlite3.Cursor object at 0x11e4c6d40>, 'PRAGMA main.table_info("scheduled_tasks")', ())
2026-02-14 11:57:10,920 [DEBUG] [aiosqlite] operation functools.partial(<built-in method execute of sqlite3.Cursor object at 0x11e4c6d40>, 'PRAGMA main.table_info("scheduled_tasks")', ()) completed
2026-02-14 11:57:10,920 [DEBUG] [aiosqlite] executing functools.partial(<built-in method fetchall of sqlite3.Cursor object at 0x11e4c6d40>)
2026-02-14 11:57:10,920 [DEBUG] [aiosqlite] operation functools.partial(<built-in method fetchall of sqlite3.Cursor object at 0x11e4c6d40>) completed
2026-02-14 11:57:10,920 [DEBUG] [aiosqlite] executing functools.partial(<built-in method close of sqlite3.Cursor object at 0x11e4c6d40>)
2026-02-14 11:57:10,920 [DEBUG] [aiosqlite] operation functools.partial(<built-in method close of sqlite3.Cursor object at 0x11e4c6d40>) completed
2026-02-14 11:57:10,920 [DEBUG] [aiosqlite] executing functools.partial(<built-in method cursor of sqlite3.Connection object at 0x11e51c5e0>)
2026-02-14 11:57:10,920 [DEBUG] [aiosqlite] operation functools.partial(<built-in method cursor of sqlite3.Connection object at 0x11e51c5e0>) completed
2026-02-14 11:57:10,920 [DEBUG] [aiosqlite] executing functools.partial(<built-in method execute of sqlite3.Cursor object at 0x11e4c6ec0>, 'PRAGMA temp.table_info("scheduled_tasks")', ())
2026-02-14 11:57:10,920 [DEBUG] [aiosqlite] operation functools.partial(<built-in method execute of sqlite3.Cursor object at 0x11e4c6ec0>, 'PRAGMA temp.table_info("scheduled_tasks")', ()) completed
2026-02-14 11:57:10,920 [DEBUG] [aiosqlite] executing functools.partial(<built-in method fetchall of sqlite3.Cursor object at 0x11e4c6ec0>)
2026-02-14 11:57:10,921 [DEBUG] [aiosqlite] operation functools.partial(<built-in method fetchall of sqlite3.Cursor object at 0x11e4c6ec0>) completed
2026-02-14 11:57:10,921 [DEBUG] [aiosqlite] executing functools.partial(<built-in method close of sqlite3.Cursor object at 0x11e4c6ec0>)
2026-02-14 11:57:10,921 [DEBUG] [aiosqlite] operation functools.partial(<built-in method close of sqlite3.Cursor object at 0x11e4c6ec0>) completed
2026-02-14 11:57:10,921 [DEBUG] [aiosqlite] executing functools.partial(<built-in method cursor of sqlite3.Connection object at 0x11e51c5e0>)
2026-02-14 11:57:10,921 [DEBUG] [aiosqlite] operation functools.partial(<built-in method cursor of sqlite3.Connection object at 0x11e51c5e0>) completed
2026-02-14 11:57:10,921 [DEBUG] [aiosqlite] executing functools.partial(<built-in method execute of sqlite3.Cursor object at 0x11e4c6e40>, 'PRAGMA main.table_info("task_executions")', ())
2026-02-14 11:57:10,921 [DEBUG] [aiosqlite] operation functools.partial(<built-in method execute of sqlite3.Cursor object at 0x11e4c6e40>, 'PRAGMA main.table_info("task_executions")', ()) completed
2026-02-14 11:57:10,921 [DEBUG] [aiosqlite] executing functools.partial(<built-in method fetchall of sqlite3.Cursor object at 0x11e4c6e40>)
2026-02-14 11:57:10,921 [DEBUG] [aiosqlite] operation functools.partial(<built-in method fetchall of sqlite3.Cursor object at 0x11e4c6e40>) completed
2026-02-14 11:57:10,921 [DEBUG] [aiosqlite] executing functools.partial(<built-in method close of sqlite3.Cursor object at 0x11e4c6e40>)
2026-02-14 11:57:10,921 [DEBUG] [aiosqlite] operation functools.partial(<built-in method close of sqlite3.Cursor object at 0x11e4c6e40>) completed
2026-02-14 11:57:10,921 [DEBUG] [aiosqlite] executing functools.partial(<built-in method cursor of sqlite3.Connection object at 0x11e51c5e0>)
2026-02-14 11:57:10,921 [DEBUG] [aiosqlite] operation functools.partial(<built-in method cursor of sqlite3.Connection object at 0x11e51c5e0>) completed
2026-02-14 11:57:10,921 [DEBUG] [aiosqlite] executing functools.partial(<built-in method execute of sqlite3.Cursor object at 0x11e4c6fc0>, 'PRAGMA temp.table_info("task_executions")', ())
2026-02-14 11:57:10,921 [DEBUG] [aiosqlite] operation functools.partial(<built-in method execute of sqlite3.Cursor object at 0x11e4c6fc0>, 'PRAGMA temp.table_info("task_executions")', ()) completed
2026-02-14 11:57:10,921 [DEBUG] [aiosqlite] executing functools.partial(<built-in method fetchall of sqlite3.Cursor object at 0x11e4c6fc0>)
2026-02-14 11:57:10,921 [DEBUG] [aiosqlite] operation functools.partial(<built-in method fetchall of sqlite3.Cursor object at 0x11e4c6fc0>) completed
2026-02-14 11:57:10,921 [DEBUG] [aiosqlite] executing functools.partial(<built-in method close of sqlite3.Cursor object at 0x11e4c6fc0>)
2026-02-14 11:57:10,921 [DEBUG] [aiosqlite] operation functools.partial(<built-in method close of sqlite3.Cursor object at 0x11e4c6fc0>) completed
2026-02-14 11:57:10,921 [DEBUG] [aiosqlite] executing functools.partial(<built-in method cursor of sqlite3.Connection object at 0x11e51c5e0>)
2026-02-14 11:57:10,921 [DEBUG] [aiosqlite] operation functools.partial(<built-in method cursor of sqlite3.Connection object at 0x11e51c5e0>) completed
2026-02-14 11:57:10,921 [DEBUG] [aiosqlite] executing functools.partial(<built-in method execute of sqlite3.Cursor object at 0x11e4c6f40>, 'PRAGMA main.table_info("config_history")', ())
2026-02-14 11:57:10,921 [DEBUG] [aiosqlite] operation functools.partial(<built-in method execute of sqlite3.Cursor object at 0x11e4c6f40>, 'PRAGMA main.table_info("config_history")', ()) completed
2026-02-14 11:57:10,921 [DEBUG] [aiosqlite] executing functools.partial(<built-in method fetchall of sqlite3.Cursor object at 0x11e4c6f40>)
2026-02-14 11:57:10,921 [DEBUG] [aiosqlite] operation functools.partial(<built-in method fetchall of sqlite3.Cursor object at 0x11e4c6f40>) completed
2026-02-14 11:57:10,921 [DEBUG] [aiosqlite] executing functools.partial(<built-in method close of sqlite3.Cursor object at 0x11e4c6f40>)
2026-02-14 11:57:10,922 [DEBUG] [aiosqlite] operation functools.partial(<built-in method close of sqlite3.Cursor object at 0x11e4c6f40>) completed
2026-02-14 11:57:10,922 [DEBUG] [aiosqlite] executing functools.partial(<built-in method cursor of sqlite3.Connection object at 0x11e51c5e0>)
2026-02-14 11:57:10,922 [DEBUG] [aiosqlite] operation functools.partial(<built-in method cursor of sqlite3.Connection object at 0x11e51c5e0>) completed
2026-02-14 11:57:10,922 [DEBUG] [aiosqlite] executing functools.partial(<built-in method execute of sqlite3.Cursor object at 0x11e4c70c0>, 'PRAGMA temp.table_info("config_history")', ())
2026-02-14 11:57:10,922 [DEBUG] [aiosqlite] operation functools.partial(<built-in method execute of sqlite3.Cursor object at 0x11e4c70c0>, 'PRAGMA temp.table_info("config_history")', ()) completed
2026-02-14 11:57:10,922 [DEBUG] [aiosqlite] executing functools.partial(<built-in method fetchall of sqlite3.Cursor object at 0x11e4c70c0>)
2026-02-14 11:57:10,922 [DEBUG] [aiosqlite] operation functools.partial(<built-in method fetchall of sqlite3.Cursor object at 0x11e4c70c0>) completed
2026-02-14 11:57:10,922 [DEBUG] [aiosqlite] executing functools.partial(<built-in method close of sqlite3.Cursor object at 0x11e4c70c0>)
2026-02-14 11:57:10,922 [DEBUG] [aiosqlite] operation functools.partial(<built-in method close of sqlite3.Cursor object at 0x11e4c70c0>) completed
2026-02-14 11:57:10,922 [DEBUG] [aiosqlite] executing functools.partial(<built-in method cursor of sqlite3.Connection object at 0x11e51c5e0>)
2026-02-14 11:57:10,922 [DEBUG] [aiosqlite] operation functools.partial(<built-in method cursor of sqlite3.Connection object at 0x11e51c5e0>) completed
2026-02-14 11:57:10,922 [DEBUG] [aiosqlite] executing functools.partial(<built-in method execute of sqlite3.Cursor object at 0x11e4c7040>, 'PRAGMA main.table_info("prompt_templates")', ())
2026-02-14 11:57:10,922 [DEBUG] [aiosqlite] operation functools.partial(<built-in method execute of sqlite3.Cursor object at 0x11e4c7040>, 'PRAGMA main.table_info("prompt_templates")', ()) completed
2026-02-14 11:57:10,922 [DEBUG] [aiosqlite] executing functools.partial(<built-in method fetchall of sqlite3.Cursor object at 0x11e4c7040>)
2026-02-14 11:57:10,922 [DEBUG] [aiosqlite] operation functools.partial(<built-in method fetchall of sqlite3.Cursor object at 0x11e4c7040>) completed
2026-02-14 11:57:10,922 [DEBUG] [aiosqlite] executing functools.partial(<built-in method close of sqlite3.Cursor object at 0x11e4c7040>)
2026-02-14 11:57:10,922 [DEBUG] [aiosqlite] operation functools.partial(<built-in method close of sqlite3.Cursor object at 0x11e4c7040>) completed
2026-02-14 11:57:10,922 [DEBUG] [aiosqlite] executing functools.partial(<built-in method cursor of sqlite3.Connection object at 0x11e51c5e0>)
2026-02-14 11:57:10,922 [DEBUG] [aiosqlite] operation functools.partial(<built-in method cursor of sqlite3.Connection object at 0x11e51c5e0>) completed
2026-02-14 11:57:10,922 [DEBUG] [aiosqlite] executing functools.partial(<built-in method execute of sqlite3.Cursor object at 0x11e4c71c0>, 'PRAGMA temp.table_info("prompt_templates")', ())
2026-02-14 11:57:10,922 [DEBUG] [aiosqlite] operation functools.partial(<built-in method execute of sqlite3.Cursor object at 0x11e4c71c0>, 'PRAGMA temp.table_info("prompt_templates")', ()) completed
2026-02-14 11:57:10,922 [DEBUG] [aiosqlite] executing functools.partial(<built-in method fetchall of sqlite3.Cursor object at 0x11e4c71c0>)
2026-02-14 11:57:10,922 [DEBUG] [aiosqlite] operation functools.partial(<built-in method fetchall of sqlite3.Cursor object at 0x11e4c71c0>) completed
2026-02-14 11:57:10,923 [DEBUG] [aiosqlite] executing functools.partial(<built-in method close of sqlite3.Cursor object at 0x11e4c71c0>)
2026-02-14 11:57:10,923 [DEBUG] [aiosqlite] operation functools.partial(<built-in method close of sqlite3.Cursor object at 0x11e4c71c0>) completed
2026-02-14 11:57:10,923 [DEBUG] [aiosqlite] executing functools.partial(<built-in method cursor of sqlite3.Connection object at 0x11e51c5e0>)
2026-02-14 11:57:10,923 [DEBUG] [aiosqlite] operation functools.partial(<built-in method cursor of sqlite3.Connection object at 0x11e51c5e0>) completed
2026-02-14 11:57:10,923 [DEBUG] [aiosqlite] executing functools.partial(<built-in method execute of sqlite3.Cursor object at 0x11e4c7140>, 'PRAGMA main.table_info("prompt_versions")', ())
2026-02-14 11:57:10,923 [DEBUG] [aiosqlite] operation functools.partial(<built-in method execute of sqlite3.Cursor object at 0x11e4c7140>, 'PRAGMA main.table_info("prompt_versions")', ()) completed
2026-02-14 11:57:10,923 [DEBUG] [aiosqlite] executing functools.partial(<built-in method fetchall of sqlite3.Cursor object at 0x11e4c7140>)
2026-02-14 11:57:10,923 [DEBUG] [aiosqlite] operation functools.partial(<built-in method fetchall of sqlite3.Cursor object at 0x11e4c7140>) completed
2026-02-14 11:57:10,923 [DEBUG] [aiosqlite] executing functools.partial(<built-in method close of sqlite3.Cursor object at 0x11e4c7140>)
2026-02-14 11:57:10,923 [DEBUG] [aiosqlite] operation functools.partial(<built-in method close of sqlite3.Cursor object at 0x11e4c7140>) completed
2026-02-14 11:57:10,923 [DEBUG] [aiosqlite] executing functools.partial(<built-in method cursor of sqlite3.Connection object at 0x11e51c5e0>)
2026-02-14 11:57:10,923 [DEBUG] [aiosqlite] operation functools.partial(<built-in method cursor of sqlite3.Connection object at 0x11e51c5e0>) completed
2026-02-14 11:57:10,923 [DEBUG] [aiosqlite] executing functools.partial(<built-in method execute of sqlite3.Cursor object at 0x11e4c72c0>, 'PRAGMA temp.table_info("prompt_versions")', ())
2026-02-14 11:57:10,923 [DEBUG] [aiosqlite] operation functools.partial(<built-in method execute of sqlite3.Cursor object at 0x11e4c72c0>, 'PRAGMA temp.table_info("prompt_versions")', ()) completed
2026-02-14 11:57:10,923 [DEBUG] [aiosqlite] executing functools.partial(<built-in method fetchall of sqlite3.Cursor object at 0x11e4c72c0>)
2026-02-14 11:57:10,923 [DEBUG] [aiosqlite] operation functools.partial(<built-in method fetchall of sqlite3.Cursor object at 0x11e4c72c0>) completed
2026-02-14 11:57:10,923 [DEBUG] [aiosqlite] executing functools.partial(<built-in method close of sqlite3.Cursor object at 0x11e4c72c0>)
2026-02-14 11:57:10,923 [DEBUG] [aiosqlite] operation functools.partial(<built-in method close of sqlite3.Cursor object at 0x11e4c72c0>) completed
2026-02-14 11:57:10,923 [DEBUG] [aiosqlite] executing functools.partial(<built-in method cursor of sqlite3.Connection object at 0x11e51c5e0>)
2026-02-14 11:57:10,923 [DEBUG] [aiosqlite] operation functools.partial(<built-in method cursor of sqlite3.Connection object at 0x11e51c5e0>) completed
2026-02-14 11:57:10,923 [DEBUG] [aiosqlite] executing functools.partial(<built-in method execute of sqlite3.Cursor object at 0x11e4c7240>, 'PRAGMA main.table_info("ab_tests")', ())
2026-02-14 11:57:10,923 [DEBUG] [aiosqlite] operation functools.partial(<built-in method execute of sqlite3.Cursor object at 0x11e4c7240>, 'PRAGMA main.table_info("ab_tests")', ()) completed
2026-02-14 11:57:10,924 [DEBUG] [aiosqlite] executing functools.partial(<built-in method fetchall of sqlite3.Cursor object at 0x11e4c7240>)
2026-02-14 11:57:10,924 [DEBUG] [aiosqlite] operation functools.partial(<built-in method fetchall of sqlite3.Cursor object at 0x11e4c7240>) completed
2026-02-14 11:57:10,924 [DEBUG] [aiosqlite] executing functools.partial(<built-in method close of sqlite3.Cursor object at 0x11e4c7240>)
2026-02-14 11:57:10,924 [DEBUG] [aiosqlite] operation functools.partial(<built-in method close of sqlite3.Cursor object at 0x11e4c7240>) completed
2026-02-14 11:57:10,924 [DEBUG] [aiosqlite] executing functools.partial(<built-in method cursor of sqlite3.Connection object at 0x11e51c5e0>)
2026-02-14 11:57:10,924 [DEBUG] [aiosqlite] operation functools.partial(<built-in method cursor of sqlite3.Connection object at 0x11e51c5e0>) completed
2026-02-14 11:57:10,924 [DEBUG] [aiosqlite] executing functools.partial(<built-in method execute of sqlite3.Cursor object at 0x11e4c73c0>, 'PRAGMA temp.table_info("ab_tests")', ())
2026-02-14 11:57:10,924 [DEBUG] [aiosqlite] operation functools.partial(<built-in method execute of sqlite3.Cursor object at 0x11e4c73c0>, 'PRAGMA temp.table_info("ab_tests")', ()) completed
2026-02-14 11:57:10,924 [DEBUG] [aiosqlite] executing functools.partial(<built-in method fetchall of sqlite3.Cursor object at 0x11e4c73c0>)
2026-02-14 11:57:10,924 [DEBUG] [aiosqlite] operation functools.partial(<built-in method fetchall of sqlite3.Cursor object at 0x11e4c73c0>) completed
2026-02-14 11:57:10,924 [DEBUG] [aiosqlite] executing functools.partial(<built-in method close of sqlite3.Cursor object at 0x11e4c73c0>)
2026-02-14 11:57:10,924 [DEBUG] [aiosqlite] operation functools.partial(<built-in method close of sqlite3.Cursor object at 0x11e4c73c0>) completed
2026-02-14 11:57:10,924 [DEBUG] [aiosqlite] executing functools.partial(<built-in method cursor of sqlite3.Connection object at 0x11e51c5e0>)
2026-02-14 11:57:10,924 [DEBUG] [aiosqlite] operation functools.partial(<built-in method cursor of sqlite3.Connection object at 0x11e51c5e0>) completed
2026-02-14 11:57:10,924 [DEBUG] [aiosqlite] executing functools.partial(<built-in method execute of sqlite3.Cursor object at 0x11e4c7340>, 'PRAGMA main.table_info("notifications")', ())
2026-02-14 11:57:10,924 [DEBUG] [aiosqlite] operation functools.partial(<built-in method execute of sqlite3.Cursor object at 0x11e4c7340>, 'PRAGMA main.table_info("notifications")', ()) completed
2026-02-14 11:57:10,924 [DEBUG] [aiosqlite] executing functools.partial(<built-in method fetchall of sqlite3.Cursor object at 0x11e4c7340>)
2026-02-14 11:57:10,924 [DEBUG] [aiosqlite] operation functools.partial(<built-in method fetchall of sqlite3.Cursor object at 0x11e4c7340>) completed
2026-02-14 11:57:10,924 [DEBUG] [aiosqlite] executing functools.partial(<built-in method close of sqlite3.Cursor object at 0x11e4c7340>)
2026-02-14 11:57:10,924 [DEBUG] [aiosqlite] operation functools.partial(<built-in method close of sqlite3.Cursor object at 0x11e4c7340>) completed
2026-02-14 11:57:10,924 [DEBUG] [aiosqlite] executing functools.partial(<built-in method cursor of sqlite3.Connection object at 0x11e51c5e0>)
2026-02-14 11:57:10,924 [DEBUG] [aiosqlite] operation functools.partial(<built-in method cursor of sqlite3.Connection object at 0x11e51c5e0>) completed
2026-02-14 11:57:10,924 [DEBUG] [aiosqlite] executing functools.partial(<built-in method execute of sqlite3.Cursor object at 0x11e4c74c0>, 'PRAGMA temp.table_info("notifications")', ())
2026-02-14 11:57:10,924 [DEBUG] [aiosqlite] operation functools.partial(<built-in method execute of sqlite3.Cursor object at 0x11e4c74c0>, 'PRAGMA temp.table_info("notifications")', ()) completed
2026-02-14 11:57:10,924 [DEBUG] [aiosqlite] executing functools.partial(<built-in method fetchall of sqlite3.Cursor object at 0x11e4c74c0>)
2026-02-14 11:57:10,924 [DEBUG] [aiosqlite] operation functools.partial(<built-in method fetchall of sqlite3.Cursor object at 0x11e4c74c0>) completed
2026-02-14 11:57:10,925 [DEBUG] [aiosqlite] executing functools.partial(<built-in method close of sqlite3.Cursor object at 0x11e4c74c0>)
2026-02-14 11:57:10,925 [DEBUG] [aiosqlite] operation functools.partial(<built-in method close of sqlite3.Cursor object at 0x11e4c74c0>) completed
2026-02-14 11:57:10,925 [DEBUG] [aiosqlite] executing functools.partial(<built-in method cursor of sqlite3.Connection object at 0x11e51c5e0>)
2026-02-14 11:57:10,925 [DEBUG] [aiosqlite] operation functools.partial(<built-in method cursor of sqlite3.Connection object at 0x11e51c5e0>) completed
2026-02-14 11:57:10,925 [DEBUG] [aiosqlite] executing functools.partial(<built-in method execute of sqlite3.Cursor object at 0x11e4c7440>, 'PRAGMA main.table_info("notification_preferences")', ())
2026-02-14 11:57:10,925 [DEBUG] [aiosqlite] operation functools.partial(<built-in method execute of sqlite3.Cursor object at 0x11e4c7440>, 'PRAGMA main.table_info("notification_preferences")', ()) completed
2026-02-14 11:57:10,925 [DEBUG] [aiosqlite] executing functools.partial(<built-in method fetchall of sqlite3.Cursor object at 0x11e4c7440>)
2026-02-14 11:57:10,925 [DEBUG] [aiosqlite] operation functools.partial(<built-in method fetchall of sqlite3.Cursor object at 0x11e4c7440>) completed
2026-02-14 11:57:10,925 [DEBUG] [aiosqlite] executing functools.partial(<built-in method close of sqlite3.Cursor object at 0x11e4c7440>)
2026-02-14 11:57:10,925 [DEBUG] [aiosqlite] operation functools.partial(<built-in method close of sqlite3.Cursor object at 0x11e4c7440>) completed
2026-02-14 11:57:10,925 [DEBUG] [aiosqlite] executing functools.partial(<built-in method cursor of sqlite3.Connection object at 0x11e51c5e0>)
2026-02-14 11:57:10,925 [DEBUG] [aiosqlite] operation functools.partial(<built-in method cursor of sqlite3.Connection object at 0x11e51c5e0>) completed
2026-02-14 11:57:10,925 [DEBUG] [aiosqlite] executing functools.partial(<built-in method execute of sqlite3.Cursor object at 0x11e4c75c0>, 'PRAGMA temp.table_info("notification_preferences")', ())
2026-02-14 11:57:10,925 [DEBUG] [aiosqlite] operation functools.partial(<built-in method execute of sqlite3.Cursor object at 0x11e4c75c0>, 'PRAGMA temp.table_info("notification_preferences")', ()) completed
2026-02-14 11:57:10,925 [DEBUG] [aiosqlite] executing functools.partial(<built-in method fetchall of sqlite3.Cursor object at 0x11e4c75c0>)
2026-02-14 11:57:10,925 [DEBUG] [aiosqlite] operation functools.partial(<built-in method fetchall of sqlite3.Cursor object at 0x11e4c75c0>) completed
2026-02-14 11:57:10,925 [DEBUG] [aiosqlite] executing functools.partial(<built-in method close of sqlite3.Cursor object at 0x11e4c75c0>)
2026-02-14 11:57:10,925 [DEBUG] [aiosqlite] operation functools.partial(<built-in method close of sqlite3.Cursor object at 0x11e4c75c0>) completed
2026-02-14 11:57:10,925 [DEBUG] [aiosqlite] executing functools.partial(<built-in method cursor of sqlite3.Connection object at 0x11e51c5e0>)
2026-02-14 11:57:10,925 [DEBUG] [aiosqlite] operation functools.partial(<built-in method cursor of sqlite3.Connection object at 0x11e51c5e0>) completed
2026-02-14 11:57:10,925 [DEBUG] [aiosqlite] executing functools.partial(<built-in method execute of sqlite3.Cursor object at 0x11e4c7540>, 'PRAGMA main.table_info("api_metrics")', ())
2026-02-14 11:57:10,925 [DEBUG] [aiosqlite] operation functools.partial(<built-in method execute of sqlite3.Cursor object at 0x11e4c7540>, 'PRAGMA main.table_info("api_metrics")', ()) completed
2026-02-14 11:57:10,925 [DEBUG] [aiosqlite] executing functools.partial(<built-in method fetchall of sqlite3.Cursor object at 0x11e4c7540>)
2026-02-14 11:57:10,925 [DEBUG] [aiosqlite] operation functools.partial(<built-in method fetchall of sqlite3.Cursor object at 0x11e4c7540>) completed
2026-02-14 11:57:10,925 [DEBUG] [aiosqlite] executing functools.partial(<built-in method close of sqlite3.Cursor object at 0x11e4c7540>)
2026-02-14 11:57:10,926 [DEBUG] [aiosqlite] operation functools.partial(<built-in method close of sqlite3.Cursor object at 0x11e4c7540>) completed
2026-02-14 11:57:10,926 [DEBUG] [aiosqlite] executing functools.partial(<built-in method cursor of sqlite3.Connection object at 0x11e51c5e0>)
2026-02-14 11:57:10,926 [DEBUG] [aiosqlite] operation functools.partial(<built-in method cursor of sqlite3.Connection object at 0x11e51c5e0>) completed
2026-02-14 11:57:10,926 [DEBUG] [aiosqlite] executing functools.partial(<built-in method execute of sqlite3.Cursor object at 0x11e4c76c0>, 'PRAGMA temp.table_info("api_metrics")', ())
2026-02-14 11:57:10,926 [DEBUG] [aiosqlite] operation functools.partial(<built-in method execute of sqlite3.Cursor object at 0x11e4c76c0>, 'PRAGMA temp.table_info("api_metrics")', ()) completed
2026-02-14 11:57:10,926 [DEBUG] [aiosqlite] executing functools.partial(<built-in method fetchall of sqlite3.Cursor object at 0x11e4c76c0>)
2026-02-14 11:57:10,926 [DEBUG] [aiosqlite] operation functools.partial(<built-in method fetchall of sqlite3.Cursor object at 0x11e4c76c0>) completed
2026-02-14 11:57:10,926 [DEBUG] [aiosqlite] executing functools.partial(<built-in method close of sqlite3.Cursor object at 0x11e4c76c0>)
2026-02-14 11:57:10,926 [DEBUG] [aiosqlite] operation functools.partial(<built-in method close of sqlite3.Cursor object at 0x11e4c76c0>) completed
2026-02-14 11:57:10,926 [DEBUG] [aiosqlite] executing functools.partial(<built-in method cursor of sqlite3.Connection object at 0x11e51c5e0>)
2026-02-14 11:57:10,926 [DEBUG] [aiosqlite] operation functools.partial(<built-in method cursor of sqlite3.Connection object at 0x11e51c5e0>) completed
2026-02-14 11:57:10,926 [DEBUG] [aiosqlite] executing functools.partial(<built-in method execute of sqlite3.Cursor object at 0x11e4c7640>, 'PRAGMA main.table_info("error_records")', ())
2026-02-14 11:57:10,926 [DEBUG] [aiosqlite] operation functools.partial(<built-in method execute of sqlite3.Cursor object at 0x11e4c7640>, 'PRAGMA main.table_info("error_records")', ()) completed
2026-02-14 11:57:10,926 [DEBUG] [aiosqlite] executing functools.partial(<built-in method fetchall of sqlite3.Cursor object at 0x11e4c7640>)
2026-02-14 11:57:10,926 [DEBUG] [aiosqlite] operation functools.partial(<built-in method fetchall of sqlite3.Cursor object at 0x11e4c7640>) completed
2026-02-14 11:57:10,926 [DEBUG] [aiosqlite] executing functools.partial(<built-in method close of sqlite3.Cursor object at 0x11e4c7640>)
2026-02-14 11:57:10,926 [DEBUG] [aiosqlite] operation functools.partial(<built-in method close of sqlite3.Cursor object at 0x11e4c7640>) completed
2026-02-14 11:57:10,926 [DEBUG] [aiosqlite] executing functools.partial(<built-in method cursor of sqlite3.Connection object at 0x11e51c5e0>)
2026-02-14 11:57:10,926 [DEBUG] [aiosqlite] operation functools.partial(<built-in method cursor of sqlite3.Connection object at 0x11e51c5e0>) completed
2026-02-14 11:57:10,926 [DEBUG] [aiosqlite] executing functools.partial(<built-in method execute of sqlite3.Cursor object at 0x11e4c77c0>, 'PRAGMA temp.table_info("error_records")', ())
2026-02-14 11:57:10,926 [DEBUG] [aiosqlite] operation functools.partial(<built-in method execute of sqlite3.Cursor object at 0x11e4c77c0>, 'PRAGMA temp.table_info("error_records")', ()) completed
2026-02-14 11:57:10,926 [DEBUG] [aiosqlite] executing functools.partial(<built-in method fetchall of sqlite3.Cursor object at 0x11e4c77c0>)
2026-02-14 11:57:10,926 [DEBUG] [aiosqlite] operation functools.partial(<built-in method fetchall of sqlite3.Cursor object at 0x11e4c77c0>) completed
2026-02-14 11:57:10,926 [DEBUG] [aiosqlite] executing functools.partial(<built-in method close of sqlite3.Cursor object at 0x11e4c77c0>)
2026-02-14 11:57:10,926 [DEBUG] [aiosqlite] operation functools.partial(<built-in method close of sqlite3.Cursor object at 0x11e4c77c0>) completed
2026-02-14 11:57:10,927 [DEBUG] [aiosqlite] executing functools.partial(<built-in method cursor of sqlite3.Connection object at 0x11e51c5e0>)
2026-02-14 11:57:10,927 [DEBUG] [aiosqlite] operation functools.partial(<built-in method cursor of sqlite3.Connection object at 0x11e51c5e0>) completed
2026-02-14 11:57:10,927 [DEBUG] [aiosqlite] executing functools.partial(<built-in method execute of sqlite3.Cursor object at 0x11e4c7a40>, "\nCREATE TABLE pyramids (\n\tid CHAR(32) NOT NULL, \n\tname VARCHAR(100) NOT NULL, \n\tdescription TEXT, \n\tcreated_at DATETIME DEFAULT CURRENT_TIMESTAMP NOT NULL, \n\tupdated_at DATETIME DEFAULT CURRENT_TIMESTAMP NOT NULL, \n\tis_deleted BOOLEAN DEFAULT 'false' NOT NULL, \n\tCONSTRAINT pk_pyramids PRIMARY KEY (id)\n)\n\n", ())
2026-02-14 11:57:10,927 [DEBUG] [aiosqlite] operation functools.partial(<built-in method execute of sqlite3.Cursor object at 0x11e4c7a40>, "\nCREATE TABLE pyramids (\n\tid CHAR(32) NOT NULL, \n\tname VARCHAR(100) NOT NULL, \n\tdescription TEXT, \n\tcreated_at DATETIME DEFAULT CURRENT_TIMESTAMP NOT NULL, \n\tupdated_at DATETIME DEFAULT CURRENT_TIMESTAMP NOT NULL, \n\tis_deleted BOOLEAN DEFAULT 'false' NOT NULL, \n\tCONSTRAINT pk_pyramids PRIMARY KEY (id)\n)\n\n", ()) completed
2026-02-14 11:57:10,927 [DEBUG] [aiosqlite] executing functools.partial(<built-in method close of sqlite3.Cursor object at 0x11e4c7a40>)
2026-02-14 11:57:10,927 [DEBUG] [aiosqlite] operation functools.partial(<built-in method close of sqlite3.Cursor object at 0x11e4c7a40>) completed
2026-02-14 11:57:10,928 [DEBUG] [aiosqlite] executing functools.partial(<built-in method cursor of sqlite3.Connection object at 0x11e51c5e0>)
2026-02-14 11:57:10,928 [DEBUG] [aiosqlite] operation functools.partial(<built-in method cursor of sqlite3.Connection object at 0x11e51c5e0>) completed
2026-02-14 11:57:10,928 [DEBUG] [aiosqlite] executing functools.partial(<built-in method execute of sqlite3.Cursor object at 0x11e4a0c40>, "\nCREATE TABLE information_sources (\n\tid CHAR(32) NOT NULL, \n\tname VARCHAR(100) NOT NULL, \n\ttype VARCHAR(20) NOT NULL, \n\turl VARCHAR(500) NOT NULL, \n\tconfig JSON, \n\ttemplate_id VARCHAR(50), \n\tstatus VARCHAR(20) NOT NULL, \n\thealth_score INTEGER NOT NULL, \n\tlast_crawled_at DATETIME, \n\tcheck_interval INTEGER NOT NULL, \n\terror_count INTEGER NOT NULL, \n\ttrial_runs INTEGER NOT NULL, \n\ttrial_successes INTEGER NOT NULL, \n\trecovery_count INTEGER NOT NULL, \n\tlast_error_message TEXT, \n\tis_deleted BOOLEAN DEFAULT 'false' NOT NULL, \n\tcreated_at DATETIME DEFAULT CURRENT_TIMESTAMP NOT NULL, \n\tupdated_at DATETIME DEFAULT CURRENT_TIMESTAMP NOT NULL, \n\tCONSTRAINT pk_information_sources PRIMARY KEY (id)\n)\n\n", ())
2026-02-14 11:57:10,928 [DEBUG] [aiosqlite] operation functools.partial(<built-in method execute of sqlite3.Cursor object at 0x11e4a0c40>, "\nCREATE TABLE information_sources (\n\tid CHAR(32) NOT NULL, \n\tname VARCHAR(100) NOT NULL, \n\ttype VARCHAR(20) NOT NULL, \n\turl VARCHAR(500) NOT NULL, \n\tconfig JSON, \n\ttemplate_id VARCHAR(50), \n\tstatus VARCHAR(20) NOT NULL, \n\thealth_score INTEGER NOT NULL, \n\tlast_crawled_at DATETIME, \n\tcheck_interval INTEGER NOT NULL, \n\terror_count INTEGER NOT NULL, \n\ttrial_runs INTEGER NOT NULL, \n\ttrial_successes INTEGER NOT NULL, \n\trecovery_count INTEGER NOT NULL, \n\tlast_error_message TEXT, \n\tis_deleted BOOLEAN DEFAULT 'false' NOT NULL, \n\tcreated_at DATETIME DEFAULT CURRENT_TIMESTAMP NOT NULL, \n\tupdated_at DATETIME DEFAULT CURRENT_TIMESTAMP NOT NULL, \n\tCONSTRAINT pk_information_sources PRIMARY KEY (id)\n)\n\n", ()) completed
2026-02-14 11:57:10,928 [DEBUG] [aiosqlite] executing functools.partial(<built-in method close of sqlite3.Cursor object at 0x11e4a0c40>)
2026-02-14 11:57:10,928 [DEBUG] [aiosqlite] operation functools.partial(<built-in method close of sqlite3.Cursor object at 0x11e4a0c40>) completed
2026-02-14 11:57:10,928 [DEBUG] [aiosqlite] executing functools.partial(<built-in method cursor of sqlite3.Connection object at 0x11e51c5e0>)
2026-02-14 11:57:10,928 [DEBUG] [aiosqlite] operation functools.partial(<built-in method cursor of sqlite3.Connection object at 0x11e51c5e0>) completed
2026-02-14 11:57:10,928 [DEBUG] [aiosqlite] executing functools.partial(<built-in method execute of sqlite3.Cursor object at 0x11e4c7bc0>, '\nCREATE TABLE concepts (\n\tid CHAR(32) NOT NULL, \n\tname VARCHAR(100) NOT NULL, \n\ttype VARCHAR(50) NOT NULL, \n\tdescription TEXT, \n\tcreated_at DATETIME DEFAULT CURRENT_TIMESTAMP NOT NULL, \n\tupdated_at DATETIME DEFAULT CURRENT_TIMESTAMP NOT NULL, \n\tCONSTRAINT pk_concepts PRIMARY KEY (id)\n)\n\n', ())
2026-02-14 11:57:10,928 [DEBUG] [aiosqlite] operation functools.partial(<built-in method execute of sqlite3.Cursor object at 0x11e4c7bc0>, '\nCREATE TABLE concepts (\n\tid CHAR(32) NOT NULL, \n\tname VARCHAR(100) NOT NULL, \n\ttype VARCHAR(50) NOT NULL, \n\tdescription TEXT, \n\tcreated_at DATETIME DEFAULT CURRENT_TIMESTAMP NOT NULL, \n\tupdated_at DATETIME DEFAULT CURRENT_TIMESTAMP NOT NULL, \n\tCONSTRAINT pk_concepts PRIMARY KEY (id)\n)\n\n', ()) completed
2026-02-14 11:57:10,928 [DEBUG] [aiosqlite] executing functools.partial(<built-in method close of sqlite3.Cursor object at 0x11e4c7bc0>)
2026-02-14 11:57:10,928 [DEBUG] [aiosqlite] operation functools.partial(<built-in method close of sqlite3.Cursor object at 0x11e4c7bc0>) completed
2026-02-14 11:57:10,928 [DEBUG] [aiosqlite] executing functools.partial(<built-in method cursor of sqlite3.Connection object at 0x11e51c5e0>)
2026-02-14 11:57:10,928 [DEBUG] [aiosqlite] operation functools.partial(<built-in method cursor of sqlite3.Connection object at 0x11e51c5e0>) completed
2026-02-14 11:57:10,929 [DEBUG] [aiosqlite] executing functools.partial(<built-in method execute of sqlite3.Cursor object at 0x11e4a0a40>, 'CREATE INDEX ix_concepts_name ON concepts (name)', ())
2026-02-14 11:57:10,929 [DEBUG] [aiosqlite] operation functools.partial(<built-in method execute of sqlite3.Cursor object at 0x11e4a0a40>, 'CREATE INDEX ix_concepts_name ON concepts (name)', ()) completed
2026-02-14 11:57:10,929 [DEBUG] [aiosqlite] executing functools.partial(<built-in method close of sqlite3.Cursor object at 0x11e4a0a40>)
2026-02-14 11:57:10,929 [DEBUG] [aiosqlite] operation functools.partial(<built-in method close of sqlite3.Cursor object at 0x11e4a0a40>) completed
2026-02-14 11:57:10,929 [DEBUG] [aiosqlite] executing functools.partial(<built-in method cursor of sqlite3.Connection object at 0x11e51c5e0>)
2026-02-14 11:57:10,929 [DEBUG] [aiosqlite] operation functools.partial(<built-in method cursor of sqlite3.Connection object at 0x11e51c5e0>) completed
2026-02-14 11:57:10,929 [DEBUG] [aiosqlite] executing functools.partial(<built-in method execute of sqlite3.Cursor object at 0x11e4a3bc0>, '\nCREATE TABLE synonym_mappings (\n\tid CHAR(32) NOT NULL, \n\tcanonical_term VARCHAR(100) NOT NULL, \n\tsynonym VARCHAR(100) NOT NULL, \n\tsource VARCHAR(50) NOT NULL, \n\tconfidence FLOAT NOT NULL, \n\tis_active BOOLEAN NOT NULL, \n\tusage_count INTEGER NOT NULL, \n\tcreated_at DATETIME NOT NULL, \n\tupdated_at DATETIME NOT NULL, \n\tCONSTRAINT pk_synonym_mappings PRIMARY KEY (id)\n)\n\n', ())
2026-02-14 11:57:10,929 [DEBUG] [aiosqlite] operation functools.partial(<built-in method execute of sqlite3.Cursor object at 0x11e4a3bc0>, '\nCREATE TABLE synonym_mappings (\n\tid CHAR(32) NOT NULL, \n\tcanonical_term VARCHAR(100) NOT NULL, \n\tsynonym VARCHAR(100) NOT NULL, \n\tsource VARCHAR(50) NOT NULL, \n\tconfidence FLOAT NOT NULL, \n\tis_active BOOLEAN NOT NULL, \n\tusage_count INTEGER NOT NULL, \n\tcreated_at DATETIME NOT NULL, \n\tupdated_at DATETIME NOT NULL, \n\tCONSTRAINT pk_synonym_mappings PRIMARY KEY (id)\n)\n\n', ()) completed
2026-02-14 11:57:10,929 [DEBUG] [aiosqlite] executing functools.partial(<built-in method close of sqlite3.Cursor object at 0x11e4a3bc0>)
2026-02-14 11:57:10,929 [DEBUG] [aiosqlite] operation functools.partial(<built-in method close of sqlite3.Cursor object at 0x11e4a3bc0>) completed
2026-02-14 11:57:10,929 [DEBUG] [aiosqlite] executing functools.partial(<built-in method cursor of sqlite3.Connection object at 0x11e51c5e0>)
2026-02-14 11:57:10,929 [DEBUG] [aiosqlite] operation functools.partial(<built-in method cursor of sqlite3.Connection object at 0x11e51c5e0>) completed
2026-02-14 11:57:10,929 [DEBUG] [aiosqlite] executing functools.partial(<built-in method execute of sqlite3.Cursor object at 0x11e5c1040>, 'CREATE INDEX ix_synonym_mappings_synonym ON synonym_mappings (synonym)', ())
2026-02-14 11:57:10,929 [DEBUG] [aiosqlite] operation functools.partial(<built-in method execute of sqlite3.Cursor object at 0x11e5c1040>, 'CREATE INDEX ix_synonym_mappings_synonym ON synonym_mappings (synonym)', ()) completed
2026-02-14 11:57:10,929 [DEBUG] [aiosqlite] executing functools.partial(<built-in method close of sqlite3.Cursor object at 0x11e5c1040>)
2026-02-14 11:57:10,929 [DEBUG] [aiosqlite] operation functools.partial(<built-in method close of sqlite3.Cursor object at 0x11e5c1040>) completed
2026-02-14 11:57:10,929 [DEBUG] [aiosqlite] executing functools.partial(<built-in method cursor of sqlite3.Connection object at 0x11e51c5e0>)
2026-02-14 11:57:10,929 [DEBUG] [aiosqlite] operation functools.partial(<built-in method cursor of sqlite3.Connection object at 0x11e51c5e0>) completed
2026-02-14 11:57:10,929 [DEBUG] [aiosqlite] executing functools.partial(<built-in method execute of sqlite3.Cursor object at 0x11e5c2ac0>, 'CREATE INDEX ix_synonym_mappings_canonical_term ON synonym_mappings (canonical_term)', ())
2026-02-14 11:57:10,930 [DEBUG] [aiosqlite] operation functools.partial(<built-in method execute of sqlite3.Cursor object at 0x11e5c2ac0>, 'CREATE INDEX ix_synonym_mappings_canonical_term ON synonym_mappings (canonical_term)', ()) completed
2026-02-14 11:57:10,930 [DEBUG] [aiosqlite] executing functools.partial(<built-in method close of sqlite3.Cursor object at 0x11e5c2ac0>)
2026-02-14 11:57:10,930 [DEBUG] [aiosqlite] operation functools.partial(<built-in method close of sqlite3.Cursor object at 0x11e5c2ac0>) completed
2026-02-14 11:57:10,930 [DEBUG] [aiosqlite] executing functools.partial(<built-in method cursor of sqlite3.Connection object at 0x11e51c5e0>)
2026-02-14 11:57:10,930 [DEBUG] [aiosqlite] operation functools.partial(<built-in method cursor of sqlite3.Connection object at 0x11e51c5e0>) completed
2026-02-14 11:57:10,930 [DEBUG] [aiosqlite] executing functools.partial(<built-in method execute of sqlite3.Cursor object at 0x11e4a0940>, '\nCREATE TABLE batch_tasks (\n\tid CHAR(32) NOT NULL, \n\tuser_id VARCHAR(100), \n\ttask_type VARCHAR(50) NOT NULL, \n\tstatus VARCHAR(15) NOT NULL, \n\ttotal_items INTEGER NOT NULL, \n\tprocessed_items INTEGER NOT NULL, \n\tfailed_items INTEGER NOT NULL, \n\tresult JSON, \n\terror_message TEXT, \n\tcreated_at DATETIME DEFAULT CURRENT_TIMESTAMP NOT NULL, \n\tupdated_at DATETIME DEFAULT CURRENT_TIMESTAMP NOT NULL, \n\tCONSTRAINT pk_batch_tasks PRIMARY KEY (id)\n)\n\n', ())
2026-02-14 11:57:10,930 [DEBUG] [aiosqlite] operation functools.partial(<built-in method execute of sqlite3.Cursor object at 0x11e4a0940>, '\nCREATE TABLE batch_tasks (\n\tid CHAR(32) NOT NULL, \n\tuser_id VARCHAR(100), \n\ttask_type VARCHAR(50) NOT NULL, \n\tstatus VARCHAR(15) NOT NULL, \n\ttotal_items INTEGER NOT NULL, \n\tprocessed_items INTEGER NOT NULL, \n\tfailed_items INTEGER NOT NULL, \n\tresult JSON, \n\terror_message TEXT, \n\tcreated_at DATETIME DEFAULT CURRENT_TIMESTAMP NOT NULL, \n\tupdated_at DATETIME DEFAULT CURRENT_TIMESTAMP NOT NULL, \n\tCONSTRAINT pk_batch_tasks PRIMARY KEY (id)\n)\n\n', ()) completed
2026-02-14 11:57:10,930 [DEBUG] [aiosqlite] executing functools.partial(<built-in method close of sqlite3.Cursor object at 0x11e4a0940>)
2026-02-14 11:57:10,930 [DEBUG] [aiosqlite] operation functools.partial(<built-in method close of sqlite3.Cursor object at 0x11e4a0940>) completed
2026-02-14 11:57:10,930 [DEBUG] [aiosqlite] executing functools.partial(<built-in method cursor of sqlite3.Connection object at 0x11e51c5e0>)
2026-02-14 11:57:10,930 [DEBUG] [aiosqlite] operation functools.partial(<built-in method cursor of sqlite3.Connection object at 0x11e51c5e0>) completed
2026-02-14 11:57:10,930 [DEBUG] [aiosqlite] executing functools.partial(<built-in method execute of sqlite3.Cursor object at 0x11e5c3c40>, '\nCREATE TABLE domain_whitelists (\n\tid CHAR(32) NOT NULL, \n\tdomain VARCHAR(255) NOT NULL, \n\tcredibility INTEGER NOT NULL, \n\treason TEXT, \n\tis_deleted BOOLEAN NOT NULL, \n\tcreated_at DATETIME DEFAULT CURRENT_TIMESTAMP NOT NULL, \n\tupdated_at DATETIME DEFAULT CURRENT_TIMESTAMP NOT NULL, \n\tCONSTRAINT pk_domain_whitelists PRIMARY KEY (id)\n)\n\n', ())
2026-02-14 11:57:10,930 [DEBUG] [aiosqlite] operation functools.partial(<built-in method execute of sqlite3.Cursor object at 0x11e5c3c40>, '\nCREATE TABLE domain_whitelists (\n\tid CHAR(32) NOT NULL, \n\tdomain VARCHAR(255) NOT NULL, \n\tcredibility INTEGER NOT NULL, \n\treason TEXT, \n\tis_deleted BOOLEAN NOT NULL, \n\tcreated_at DATETIME DEFAULT CURRENT_TIMESTAMP NOT NULL, \n\tupdated_at DATETIME DEFAULT CURRENT_TIMESTAMP NOT NULL, \n\tCONSTRAINT pk_domain_whitelists PRIMARY KEY (id)\n)\n\n', ()) completed
2026-02-14 11:57:10,930 [DEBUG] [aiosqlite] executing functools.partial(<built-in method close of sqlite3.Cursor object at 0x11e5c3c40>)
2026-02-14 11:57:10,930 [DEBUG] [aiosqlite] operation functools.partial(<built-in method close of sqlite3.Cursor object at 0x11e5c3c40>) completed
2026-02-14 11:57:10,931 [DEBUG] [aiosqlite] executing functools.partial(<built-in method cursor of sqlite3.Connection object at 0x11e51c5e0>)
2026-02-14 11:57:10,931 [DEBUG] [aiosqlite] operation functools.partial(<built-in method cursor of sqlite3.Connection object at 0x11e51c5e0>) completed
2026-02-14 11:57:10,931 [DEBUG] [aiosqlite] executing functools.partial(<built-in method execute of sqlite3.Cursor object at 0x11e5c0940>, 'CREATE UNIQUE INDEX ix_domain_whitelists_domain ON domain_whitelists (domain)', ())
2026-02-14 11:57:10,931 [DEBUG] [aiosqlite] operation functools.partial(<built-in method execute of sqlite3.Cursor object at 0x11e5c0940>, 'CREATE UNIQUE INDEX ix_domain_whitelists_domain ON domain_whitelists (domain)', ()) completed
2026-02-14 11:57:10,931 [DEBUG] [aiosqlite] executing functools.partial(<built-in method close of sqlite3.Cursor object at 0x11e5c0940>)
2026-02-14 11:57:10,931 [DEBUG] [aiosqlite] operation functools.partial(<built-in method close of sqlite3.Cursor object at 0x11e5c0940>) completed
2026-02-14 11:57:10,931 [DEBUG] [aiosqlite] executing functools.partial(<built-in method cursor of sqlite3.Connection object at 0x11e51c5e0>)
2026-02-14 11:57:10,931 [DEBUG] [aiosqlite] operation functools.partial(<built-in method cursor of sqlite3.Connection object at 0x11e51c5e0>) completed
2026-02-14 11:57:10,931 [DEBUG] [aiosqlite] executing functools.partial(<built-in method execute of sqlite3.Cursor object at 0x11e5c1e40>, '\nCREATE TABLE hotspots (\n\tid CHAR(32) NOT NULL, \n\ttopic_name VARCHAR(255) NOT NULL, \n\tdescription TEXT, \n\tstatus VARCHAR(8) NOT NULL, \n\tmention_count INTEGER NOT NULL, \n\trecent_7d_count INTEGER NOT NULL, \n\tprevious_7d_count INTEGER NOT NULL, \n\tgrowth_rate FLOAT NOT NULL, \n\tdisplay_priority INTEGER NOT NULL, \n\trelated_node_ids JSON, \n\trelated_content_ids JSON, \n\tfirst_seen_at DATETIME DEFAULT CURRENT_TIMESTAMP NOT NULL, \n\tlast_mentioned_at DATETIME DEFAULT CURRENT_TIMESTAMP NOT NULL, \n\tstatus_changed_at DATETIME DEFAULT CURRENT_TIMESTAMP NOT NULL, \n\tcreated_at DATETIME DEFAULT CURRENT_TIMESTAMP NOT NULL, \n\tupdated_at DATETIME DEFAULT CURRENT_TIMESTAMP NOT NULL, \n\tCONSTRAINT pk_hotspots PRIMARY KEY (id)\n)\n\n', ())
2026-02-14 11:57:10,931 [DEBUG] [aiosqlite] operation functools.partial(<built-in method execute of sqlite3.Cursor object at 0x11e5c1e40>, '\nCREATE TABLE hotspots (\n\tid CHAR(32) NOT NULL, \n\ttopic_name VARCHAR(255) NOT NULL, \n\tdescription TEXT, \n\tstatus VARCHAR(8) NOT NULL, \n\tmention_count INTEGER NOT NULL, \n\trecent_7d_count INTEGER NOT NULL, \n\tprevious_7d_count INTEGER NOT NULL, \n\tgrowth_rate FLOAT NOT NULL, \n\tdisplay_priority INTEGER NOT NULL, \n\trelated_node_ids JSON, \n\trelated_content_ids JSON, \n\tfirst_seen_at DATETIME DEFAULT CURRENT_TIMESTAMP NOT NULL, \n\tlast_mentioned_at DATETIME DEFAULT CURRENT_TIMESTAMP NOT NULL, \n\tstatus_changed_at DATETIME DEFAULT CURRENT_TIMESTAMP NOT NULL, \n\tcreated_at DATETIME DEFAULT CURRENT_TIMESTAMP NOT NULL, \n\tupdated_at DATETIME DEFAULT CURRENT_TIMESTAMP NOT NULL, \n\tCONSTRAINT pk_hotspots PRIMARY KEY (id)\n)\n\n', ()) completed
2026-02-14 11:57:10,931 [DEBUG] [aiosqlite] executing functools.partial(<built-in method close of sqlite3.Cursor object at 0x11e5c1e40>)
2026-02-14 11:57:10,931 [DEBUG] [aiosqlite] operation functools.partial(<built-in method close of sqlite3.Cursor object at 0x11e5c1e40>) completed
2026-02-14 11:57:10,931 [DEBUG] [aiosqlite] executing functools.partial(<built-in method cursor of sqlite3.Connection object at 0x11e51c5e0>)
2026-02-14 11:57:10,931 [DEBUG] [aiosqlite] operation functools.partial(<built-in method cursor of sqlite3.Connection object at 0x11e51c5e0>) completed
2026-02-14 11:57:10,931 [DEBUG] [aiosqlite] executing functools.partial(<built-in method execute of sqlite3.Cursor object at 0x11e5c3f40>, 'CREATE INDEX ix_hotspots_topic_name ON hotspots (topic_name)', ())
2026-02-14 11:57:10,931 [DEBUG] [aiosqlite] operation functools.partial(<built-in method execute of sqlite3.Cursor object at 0x11e5c3f40>, 'CREATE INDEX ix_hotspots_topic_name ON hotspots (topic_name)', ()) completed
2026-02-14 11:57:10,931 [DEBUG] [aiosqlite] executing functools.partial(<built-in method close of sqlite3.Cursor object at 0x11e5c3f40>)
2026-02-14 11:57:10,931 [DEBUG] [aiosqlite] operation functools.partial(<built-in method close of sqlite3.Cursor object at 0x11e5c3f40>) completed
2026-02-14 11:57:10,932 [DEBUG] [aiosqlite] executing functools.partial(<built-in method cursor of sqlite3.Connection object at 0x11e51c5e0>)
2026-02-14 11:57:10,932 [DEBUG] [aiosqlite] operation functools.partial(<built-in method cursor of sqlite3.Connection object at 0x11e51c5e0>) completed
2026-02-14 11:57:10,932 [DEBUG] [aiosqlite] executing functools.partial(<built-in method execute of sqlite3.Cursor object at 0x11e5c30c0>, '\nCREATE TABLE concept_definitions (\n\tid CHAR(32) NOT NULL, \n\tterm VARCHAR(255) NOT NULL, \n\tdefinition TEXT NOT NULL, \n\tcontext_examples JSON, \n\tversion INTEGER NOT NULL, \n\tdrift_detected BOOLEAN NOT NULL, \n\tdrift_evidence JSON, \n\tprevious_version_id CHAR(32), \n\tproposal_id VARCHAR(36), \n\tis_current BOOLEAN NOT NULL, \n\tcreated_at DATETIME DEFAULT CURRENT_TIMESTAMP NOT NULL, \n\tCONSTRAINT pk_concept_definitions PRIMARY KEY (id), \n\tCONSTRAINT fk_concept_definitions_previous_version_id_concept_definitions FOREIGN KEY(previous_version_id) REFERENCES concept_definitions (id)\n)\n\n', ())
2026-02-14 11:57:10,932 [DEBUG] [aiosqlite] operation functools.partial(<built-in method execute of sqlite3.Cursor object at 0x11e5c30c0>, '\nCREATE TABLE concept_definitions (\n\tid CHAR(32) NOT NULL, \n\tterm VARCHAR(255) NOT NULL, \n\tdefinition TEXT NOT NULL, \n\tcontext_examples JSON, \n\tversion INTEGER NOT NULL, \n\tdrift_detected BOOLEAN NOT NULL, \n\tdrift_evidence JSON, \n\tprevious_version_id CHAR(32), \n\tproposal_id VARCHAR(36), \n\tis_current BOOLEAN NOT NULL, \n\tcreated_at DATETIME DEFAULT CURRENT_TIMESTAMP NOT NULL, \n\tCONSTRAINT pk_concept_definitions PRIMARY KEY (id), \n\tCONSTRAINT fk_concept_definitions_previous_version_id_concept_definitions FOREIGN KEY(previous_version_id) REFERENCES concept_definitions (id)\n)\n\n', ()) completed
2026-02-14 11:57:10,932 [DEBUG] [aiosqlite] executing functools.partial(<built-in method close of sqlite3.Cursor object at 0x11e5c30c0>)
2026-02-14 11:57:10,932 [DEBUG] [aiosqlite] operation functools.partial(<built-in method close of sqlite3.Cursor object at 0x11e5c30c0>) completed
2026-02-14 11:57:10,932 [DEBUG] [aiosqlite] executing functools.partial(<built-in method cursor of sqlite3.Connection object at 0x11e51c5e0>)
2026-02-14 11:57:10,932 [DEBUG] [aiosqlite] operation functools.partial(<built-in method cursor of sqlite3.Connection object at 0x11e51c5e0>) completed
2026-02-14 11:57:10,932 [DEBUG] [aiosqlite] executing functools.partial(<built-in method execute of sqlite3.Cursor object at 0x11e5c24c0>, 'CREATE INDEX ix_concept_definitions_term ON concept_definitions (term)', ())
2026-02-14 11:57:10,932 [DEBUG] [aiosqlite] operation functools.partial(<built-in method execute of sqlite3.Cursor object at 0x11e5c24c0>, 'CREATE INDEX ix_concept_definitions_term ON concept_definitions (term)', ()) completed
2026-02-14 11:57:10,932 [DEBUG] [aiosqlite] executing functools.partial(<built-in method close of sqlite3.Cursor object at 0x11e5c24c0>)
2026-02-14 11:57:10,932 [DEBUG] [aiosqlite] operation functools.partial(<built-in method close of sqlite3.Cursor object at 0x11e5c24c0>) completed
2026-02-14 11:57:10,933 [DEBUG] [aiosqlite] executing functools.partial(<built-in method cursor of sqlite3.Connection object at 0x11e51c5e0>)
2026-02-14 11:57:10,933 [DEBUG] [aiosqlite] operation functools.partial(<built-in method cursor of sqlite3.Connection object at 0x11e51c5e0>) completed
2026-02-14 11:57:10,933 [DEBUG] [aiosqlite] executing functools.partial(<built-in method execute of sqlite3.Cursor object at 0x11e5c3ec0>, '\nCREATE TABLE health_reports (\n\tid CHAR(32) NOT NULL, \n\treport_type VARCHAR(15) NOT NULL, \n\toverall_score FLOAT NOT NULL, \n\tpyramid_scores JSON NOT NULL, \n\tsource_health_score FLOAT NOT NULL, \n\tcontent_coverage_score FLOAT NOT NULL, \n\thotspot_distribution JSON NOT NULL, \n\tapproval_backlog JSON NOT NULL, \n\tcrawl_stats JSON NOT NULL, \n\tissues JSON NOT NULL, \n\tcreated_at DATETIME DEFAULT CURRENT_TIMESTAMP NOT NULL, \n\tCONSTRAINT pk_health_reports PRIMARY KEY (id)\n)\n\n', ())
2026-02-14 11:57:10,933 [DEBUG] [aiosqlite] operation functools.partial(<built-in method execute of sqlite3.Cursor object at 0x11e5c3ec0>, '\nCREATE TABLE health_reports (\n\tid CHAR(32) NOT NULL, \n\treport_type VARCHAR(15) NOT NULL, \n\toverall_score FLOAT NOT NULL, \n\tpyramid_scores JSON NOT NULL, \n\tsource_health_score FLOAT NOT NULL, \n\tcontent_coverage_score FLOAT NOT NULL, \n\thotspot_distribution JSON NOT NULL, \n\tapproval_backlog JSON NOT NULL, \n\tcrawl_stats JSON NOT NULL, \n\tissues JSON NOT NULL, \n\tcreated_at DATETIME DEFAULT CURRENT_TIMESTAMP NOT NULL, \n\tCONSTRAINT pk_health_reports PRIMARY KEY (id)\n)\n\n', ()) completed
2026-02-14 11:57:10,933 [DEBUG] [aiosqlite] executing functools.partial(<built-in method close of sqlite3.Cursor object at 0x11e5c3ec0>)
2026-02-14 11:57:10,933 [DEBUG] [aiosqlite] operation functools.partial(<built-in method close of sqlite3.Cursor object at 0x11e5c3ec0>) completed
2026-02-14 11:57:10,933 [DEBUG] [aiosqlite] executing functools.partial(<built-in method cursor of sqlite3.Connection object at 0x11e51c5e0>)
2026-02-14 11:57:10,933 [DEBUG] [aiosqlite] operation functools.partial(<built-in method cursor of sqlite3.Connection object at 0x11e51c5e0>) completed
2026-02-14 11:57:10,933 [DEBUG] [aiosqlite] executing functools.partial(<built-in method execute of sqlite3.Cursor object at 0x11e5c2bc0>, '\nCREATE TABLE scheduled_tasks (\n\tid CHAR(32) NOT NULL, \n\ttask_name VARCHAR(100) NOT NULL, \n\ttask_type VARCHAR(50) NOT NULL, \n\tcron_expression VARCHAR(50) NOT NULL, \n\tis_active BOOLEAN NOT NULL, \n\tlast_run_at DATETIME, \n\tnext_run_at DATETIME, \n\tis_running BOOLEAN NOT NULL, \n\tmax_retries INTEGER NOT NULL, \n\tretry_delay_seconds INTEGER NOT NULL, \n\tcreated_at DATETIME DEFAULT CURRENT_TIMESTAMP NOT NULL, \n\tupdated_at DATETIME DEFAULT CURRENT_TIMESTAMP NOT NULL, \n\tCONSTRAINT pk_scheduled_tasks PRIMARY KEY (id), \n\tCONSTRAINT uq_scheduled_tasks_task_name UNIQUE (task_name)\n)\n\n', ())
2026-02-14 11:57:10,933 [DEBUG] [aiosqlite] operation functools.partial(<built-in method execute of sqlite3.Cursor object at 0x11e5c2bc0>, '\nCREATE TABLE scheduled_tasks (\n\tid CHAR(32) NOT NULL, \n\ttask_name VARCHAR(100) NOT NULL, \n\ttask_type VARCHAR(50) NOT NULL, \n\tcron_expression VARCHAR(50) NOT NULL, \n\tis_active BOOLEAN NOT NULL, \n\tlast_run_at DATETIME, \n\tnext_run_at DATETIME, \n\tis_running BOOLEAN NOT NULL, \n\tmax_retries INTEGER NOT NULL, \n\tretry_delay_seconds INTEGER NOT NULL, \n\tcreated_at DATETIME DEFAULT CURRENT_TIMESTAMP NOT NULL, \n\tupdated_at DATETIME DEFAULT CURRENT_TIMESTAMP NOT NULL, \n\tCONSTRAINT pk_scheduled_tasks PRIMARY KEY (id), \n\tCONSTRAINT uq_scheduled_tasks_task_name UNIQUE (task_name)\n)\n\n', ()) completed
2026-02-14 11:57:10,933 [DEBUG] [aiosqlite] executing functools.partial(<built-in method close of sqlite3.Cursor object at 0x11e5c2bc0>)
2026-02-14 11:57:10,933 [DEBUG] [aiosqlite] operation functools.partial(<built-in method close of sqlite3.Cursor object at 0x11e5c2bc0>) completed
2026-02-14 11:57:10,934 [DEBUG] [aiosqlite] executing functools.partial(<built-in method cursor of sqlite3.Connection object at 0x11e51c5e0>)
2026-02-14 11:57:10,934 [DEBUG] [aiosqlite] operation functools.partial(<built-in method cursor of sqlite3.Connection object at 0x11e51c5e0>) completed
2026-02-14 11:57:10,934 [DEBUG] [aiosqlite] executing functools.partial(<built-in method execute of sqlite3.Cursor object at 0x11e5d4040>, '\nCREATE TABLE config_history (\n\tid CHAR(32) NOT NULL, \n\tconfig_key VARCHAR(100) NOT NULL, \n\told_value JSON, \n\tnew_value JSON, \n\tchanged_by VARCHAR(100), \n\tcreated_at DATETIME DEFAULT CURRENT_TIMESTAMP NOT NULL, \n\tCONSTRAINT pk_config_history PRIMARY KEY (id)\n)\n\n', ())
2026-02-14 11:57:10,934 [DEBUG] [aiosqlite] operation functools.partial(<built-in method execute of sqlite3.Cursor object at 0x11e5d4040>, '\nCREATE TABLE config_history (\n\tid CHAR(32) NOT NULL, \n\tconfig_key VARCHAR(100) NOT NULL, \n\told_value JSON, \n\tnew_value JSON, \n\tchanged_by VARCHAR(100), \n\tcreated_at DATETIME DEFAULT CURRENT_TIMESTAMP NOT NULL, \n\tCONSTRAINT pk_config_history PRIMARY KEY (id)\n)\n\n', ()) completed
2026-02-14 11:57:10,934 [DEBUG] [aiosqlite] executing functools.partial(<built-in method close of sqlite3.Cursor object at 0x11e5d4040>)
2026-02-14 11:57:10,934 [DEBUG] [aiosqlite] operation functools.partial(<built-in method close of sqlite3.Cursor object at 0x11e5d4040>) completed
2026-02-14 11:57:10,934 [DEBUG] [aiosqlite] executing functools.partial(<built-in method cursor of sqlite3.Connection object at 0x11e51c5e0>)
2026-02-14 11:57:10,934 [DEBUG] [aiosqlite] operation functools.partial(<built-in method cursor of sqlite3.Connection object at 0x11e51c5e0>) completed
2026-02-14 11:57:10,934 [DEBUG] [aiosqlite] executing functools.partial(<built-in method execute of sqlite3.Cursor object at 0x11e5d65c0>, 'CREATE INDEX ix_config_history_config_key ON config_history (config_key)', ())
2026-02-14 11:57:10,934 [DEBUG] [aiosqlite] operation functools.partial(<built-in method execute of sqlite3.Cursor object at 0x11e5d65c0>, 'CREATE INDEX ix_config_history_config_key ON config_history (config_key)', ()) completed
2026-02-14 11:57:10,934 [DEBUG] [aiosqlite] executing functools.partial(<built-in method close of sqlite3.Cursor object at 0x11e5d65c0>)
2026-02-14 11:57:10,934 [DEBUG] [aiosqlite] operation functools.partial(<built-in method close of sqlite3.Cursor object at 0x11e5d65c0>) completed
2026-02-14 11:57:10,934 [DEBUG] [aiosqlite] executing functools.partial(<built-in method cursor of sqlite3.Connection object at 0x11e51c5e0>)
2026-02-14 11:57:10,934 [DEBUG] [aiosqlite] operation functools.partial(<built-in method cursor of sqlite3.Connection object at 0x11e51c5e0>) completed
2026-02-14 11:57:10,934 [DEBUG] [aiosqlite] executing functools.partial(<built-in method execute of sqlite3.Cursor object at 0x11e5d6f40>, '\nCREATE TABLE prompt_templates (\n\tid CHAR(32) NOT NULL, \n\tscene VARCHAR(50) NOT NULL, \n\tname VARCHAR(100) NOT NULL, \n\tdescription TEXT, \n\tcurrent_version_id CHAR(32), \n\tcreated_at DATETIME DEFAULT CURRENT_TIMESTAMP NOT NULL, \n\tupdated_at DATETIME DEFAULT CURRENT_TIMESTAMP NOT NULL, \n\tCONSTRAINT pk_prompt_templates PRIMARY KEY (id), \n\tCONSTRAINT uq_prompt_templates_scene UNIQUE (scene), \n\tCONSTRAINT fk_prompt_templates_current_version_id_prompt_versions FOREIGN KEY(current_version_id) REFERENCES prompt_versions (id)\n)\n\n', ())
2026-02-14 11:57:10,934 [DEBUG] [aiosqlite] operation functools.partial(<built-in method execute of sqlite3.Cursor object at 0x11e5d6f40>, '\nCREATE TABLE prompt_templates (\n\tid CHAR(32) NOT NULL, \n\tscene VARCHAR(50) NOT NULL, \n\tname VARCHAR(100) NOT NULL, \n\tdescription TEXT, \n\tcurrent_version_id CHAR(32), \n\tcreated_at DATETIME DEFAULT CURRENT_TIMESTAMP NOT NULL, \n\tupdated_at DATETIME DEFAULT CURRENT_TIMESTAMP NOT NULL, \n\tCONSTRAINT pk_prompt_templates PRIMARY KEY (id), \n\tCONSTRAINT uq_prompt_templates_scene UNIQUE (scene), \n\tCONSTRAINT fk_prompt_templates_current_version_id_prompt_versions FOREIGN KEY(current_version_id) REFERENCES prompt_versions (id)\n)\n\n', ()) completed
2026-02-14 11:57:10,934 [DEBUG] [aiosqlite] executing functools.partial(<built-in method close of sqlite3.Cursor object at 0x11e5d6f40>)
2026-02-14 11:57:10,934 [DEBUG] [aiosqlite] operation functools.partial(<built-in method close of sqlite3.Cursor object at 0x11e5d6f40>) completed
2026-02-14 11:57:10,935 [DEBUG] [aiosqlite] executing functools.partial(<built-in method cursor of sqlite3.Connection object at 0x11e51c5e0>)
2026-02-14 11:57:10,935 [DEBUG] [aiosqlite] operation functools.partial(<built-in method cursor of sqlite3.Connection object at 0x11e51c5e0>) completed
2026-02-14 11:57:10,935 [DEBUG] [aiosqlite] executing functools.partial(<built-in method execute of sqlite3.Cursor object at 0x11e5d5a40>, '\nCREATE TABLE prompt_versions (\n\tid CHAR(32) NOT NULL, \n\ttemplate_id CHAR(32) NOT NULL, \n\tversion INTEGER NOT NULL, \n\tcontent TEXT NOT NULL, \n\tvariables JSON NOT NULL, \n\tcall_count INTEGER NOT NULL, \n\tavg_latency_ms FLOAT NOT NULL, \n\tavg_quality_score FLOAT NOT NULL, \n\terror_rate FLOAT NOT NULL, \n\tcreated_at DATETIME DEFAULT CURRENT_TIMESTAMP NOT NULL, \n\tcreated_by VARCHAR(100) NOT NULL, \n\tCONSTRAINT pk_prompt_versions PRIMARY KEY (id), \n\tCONSTRAINT fk_prompt_versions_template_id_prompt_templates FOREIGN KEY(template_id) REFERENCES prompt_templates (id)\n)\n\n', ())
2026-02-14 11:57:10,935 [DEBUG] [aiosqlite] operation functools.partial(<built-in method execute of sqlite3.Cursor object at 0x11e5d5a40>, '\nCREATE TABLE prompt_versions (\n\tid CHAR(32) NOT NULL, \n\ttemplate_id CHAR(32) NOT NULL, \n\tversion INTEGER NOT NULL, \n\tcontent TEXT NOT NULL, \n\tvariables JSON NOT NULL, \n\tcall_count INTEGER NOT NULL, \n\tavg_latency_ms FLOAT NOT NULL, \n\tavg_quality_score FLOAT NOT NULL, \n\terror_rate FLOAT NOT NULL, \n\tcreated_at DATETIME DEFAULT CURRENT_TIMESTAMP NOT NULL, \n\tcreated_by VARCHAR(100) NOT NULL, \n\tCONSTRAINT pk_prompt_versions PRIMARY KEY (id), \n\tCONSTRAINT fk_prompt_versions_template_id_prompt_templates FOREIGN KEY(template_id) REFERENCES prompt_templates (id)\n)\n\n', ()) completed
2026-02-14 11:57:10,935 [DEBUG] [aiosqlite] executing functools.partial(<built-in method close of sqlite3.Cursor object at 0x11e5d5a40>)
2026-02-14 11:57:10,935 [DEBUG] [aiosqlite] operation functools.partial(<built-in method close of sqlite3.Cursor object at 0x11e5d5a40>) completed
2026-02-14 11:57:10,935 [DEBUG] [aiosqlite] executing functools.partial(<built-in method cursor of sqlite3.Connection object at 0x11e51c5e0>)
2026-02-14 11:57:10,935 [DEBUG] [aiosqlite] operation functools.partial(<built-in method cursor of sqlite3.Connection object at 0x11e51c5e0>) completed
2026-02-14 11:57:10,935 [DEBUG] [aiosqlite] executing functools.partial(<built-in method execute of sqlite3.Cursor object at 0x11e5d7f40>, '\nCREATE TABLE notifications (\n\tid CHAR(32) NOT NULL, \n\tlevel VARCHAR(20) NOT NULL, \n\ttitle VARCHAR(200) NOT NULL, \n\tmessage TEXT NOT NULL, \n\tsource_type VARCHAR(50) NOT NULL, \n\tsource_id VARCHAR(100), \n\tis_read BOOLEAN NOT NULL, \n\tread_at DATETIME, \n\tchannels_sent JSON NOT NULL, \n\twebhook_status VARCHAR(20), \n\tcreated_at DATETIME DEFAULT CURRENT_TIMESTAMP NOT NULL, \n\tCONSTRAINT pk_notifications PRIMARY KEY (id)\n)\n\n', ())
2026-02-14 11:57:10,935 [DEBUG] [aiosqlite] operation functools.partial(<built-in method execute of sqlite3.Cursor object at 0x11e5d7f40>, '\nCREATE TABLE notifications (\n\tid CHAR(32) NOT NULL, \n\tlevel VARCHAR(20) NOT NULL, \n\ttitle VARCHAR(200) NOT NULL, \n\tmessage TEXT NOT NULL, \n\tsource_type VARCHAR(50) NOT NULL, \n\tsource_id VARCHAR(100), \n\tis_read BOOLEAN NOT NULL, \n\tread_at DATETIME, \n\tchannels_sent JSON NOT NULL, \n\twebhook_status VARCHAR(20), \n\tcreated_at DATETIME DEFAULT CURRENT_TIMESTAMP NOT NULL, \n\tCONSTRAINT pk_notifications PRIMARY KEY (id)\n)\n\n', ()) completed
2026-02-14 11:57:10,935 [DEBUG] [aiosqlite] executing functools.partial(<built-in method close of sqlite3.Cursor object at 0x11e5d7f40>)
2026-02-14 11:57:10,935 [DEBUG] [aiosqlite] operation functools.partial(<built-in method close of sqlite3.Cursor object at 0x11e5d7f40>) completed
2026-02-14 11:57:10,935 [DEBUG] [aiosqlite] executing functools.partial(<built-in method cursor of sqlite3.Connection object at 0x11e51c5e0>)
2026-02-14 11:57:10,936 [DEBUG] [aiosqlite] operation functools.partial(<built-in method cursor of sqlite3.Connection object at 0x11e51c5e0>) completed
2026-02-14 11:57:10,936 [DEBUG] [aiosqlite] executing functools.partial(<built-in method execute of sqlite3.Cursor object at 0x11e5c2140>, '\nCREATE TABLE notification_preferences (\n\tid CHAR(32) NOT NULL, \n\tin_app_enabled BOOLEAN NOT NULL, \n\twebhook_enabled BOOLEAN NOT NULL, \n\twebhook_url VARCHAR(500), \n\tmin_level VARCHAR(20) NOT NULL, \n\tquiet_hours_enabled BOOLEAN NOT NULL, \n\tquiet_hours_start VARCHAR(5) NOT NULL, \n\tquiet_hours_end VARCHAR(5) NOT NULL, \n\tquiet_hours_allow_critical BOOLEAN NOT NULL, \n\tupdated_at DATETIME DEFAULT CURRENT_TIMESTAMP NOT NULL, \n\tCONSTRAINT pk_notification_preferences PRIMARY KEY (id)\n)\n\n', ())
2026-02-14 11:57:10,936 [DEBUG] [aiosqlite] operation functools.partial(<built-in method execute of sqlite3.Cursor object at 0x11e5c2140>, '\nCREATE TABLE notification_preferences (\n\tid CHAR(32) NOT NULL, \n\tin_app_enabled BOOLEAN NOT NULL, \n\twebhook_enabled BOOLEAN NOT NULL, \n\twebhook_url VARCHAR(500), \n\tmin_level VARCHAR(20) NOT NULL, \n\tquiet_hours_enabled BOOLEAN NOT NULL, \n\tquiet_hours_start VARCHAR(5) NOT NULL, \n\tquiet_hours_end VARCHAR(5) NOT NULL, \n\tquiet_hours_allow_critical BOOLEAN NOT NULL, \n\tupdated_at DATETIME DEFAULT CURRENT_TIMESTAMP NOT NULL, \n\tCONSTRAINT pk_notification_preferences PRIMARY KEY (id)\n)\n\n', ()) completed
2026-02-14 11:57:10,936 [DEBUG] [aiosqlite] executing functools.partial(<built-in method close of sqlite3.Cursor object at 0x11e5c2140>)
2026-02-14 11:57:10,936 [DEBUG] [aiosqlite] operation functools.partial(<built-in method close of sqlite3.Cursor object at 0x11e5c2140>) completed
2026-02-14 11:57:10,936 [DEBUG] [aiosqlite] executing functools.partial(<built-in method cursor of sqlite3.Connection object at 0x11e51c5e0>)
2026-02-14 11:57:10,936 [DEBUG] [aiosqlite] operation functools.partial(<built-in method cursor of sqlite3.Connection object at 0x11e51c5e0>) completed
2026-02-14 11:57:10,936 [DEBUG] [aiosqlite] executing functools.partial(<built-in method execute of sqlite3.Cursor object at 0x11e5d6040>, '\nCREATE TABLE api_metrics (\n\tid CHAR(32) NOT NULL, \n\tendpoint VARCHAR(200) NOT NULL, \n\tmethod VARCHAR(10) NOT NULL, \n\tstatus_code INTEGER NOT NULL, \n\tresponse_time_ms FLOAT NOT NULL, \n\tcreated_at DATETIME DEFAULT CURRENT_TIMESTAMP NOT NULL, \n\tCONSTRAINT pk_api_metrics PRIMARY KEY (id)\n)\n\n', ())
2026-02-14 11:57:10,936 [DEBUG] [aiosqlite] operation functools.partial(<built-in method execute of sqlite3.Cursor object at 0x11e5d6040>, '\nCREATE TABLE api_metrics (\n\tid CHAR(32) NOT NULL, \n\tendpoint VARCHAR(200) NOT NULL, \n\tmethod VARCHAR(10) NOT NULL, \n\tstatus_code INTEGER NOT NULL, \n\tresponse_time_ms FLOAT NOT NULL, \n\tcreated_at DATETIME DEFAULT CURRENT_TIMESTAMP NOT NULL, \n\tCONSTRAINT pk_api_metrics PRIMARY KEY (id)\n)\n\n', ()) completed
2026-02-14 11:57:10,936 [DEBUG] [aiosqlite] executing functools.partial(<built-in method close of sqlite3.Cursor object at 0x11e5d6040>)
2026-02-14 11:57:10,936 [DEBUG] [aiosqlite] operation functools.partial(<built-in method close of sqlite3.Cursor object at 0x11e5d6040>) completed
2026-02-14 11:57:10,936 [DEBUG] [aiosqlite] executing functools.partial(<built-in method cursor of sqlite3.Connection object at 0x11e51c5e0>)
2026-02-14 11:57:10,936 [DEBUG] [aiosqlite] operation functools.partial(<built-in method cursor of sqlite3.Connection object at 0x11e51c5e0>) completed
2026-02-14 11:57:10,936 [DEBUG] [aiosqlite] executing functools.partial(<built-in method execute of sqlite3.Cursor object at 0x11e5d7dc0>, '\nCREATE TABLE error_records (\n\tid CHAR(32) NOT NULL, \n\terror_type VARCHAR(50) NOT NULL, \n\terror_message TEXT NOT NULL, \n\tstack_trace TEXT, \n\tcontext JSON NOT NULL, \n\tsource_service VARCHAR(50) NOT NULL, \n\tsource_task_id VARCHAR(100), \n\tretry_count INTEGER NOT NULL, \n\tmax_retries INTEGER NOT NULL, \n\tis_resolved BOOLEAN NOT NULL, \n\tresolved_at DATETIME, \n\tcreated_at DATETIME DEFAULT CURRENT_TIMESTAMP NOT NULL, \n\tCONSTRAINT pk_error_records PRIMARY KEY (id)\n)\n\n', ())
2026-02-14 11:57:10,936 [DEBUG] [aiosqlite] operation functools.partial(<built-in method execute of sqlite3.Cursor object at 0x11e5d7dc0>, '\nCREATE TABLE error_records (\n\tid CHAR(32) NOT NULL, \n\terror_type VARCHAR(50) NOT NULL, \n\terror_message TEXT NOT NULL, \n\tstack_trace TEXT, \n\tcontext JSON NOT NULL, \n\tsource_service VARCHAR(50) NOT NULL, \n\tsource_task_id VARCHAR(100), \n\tretry_count INTEGER NOT NULL, \n\tmax_retries INTEGER NOT NULL, \n\tis_resolved BOOLEAN NOT NULL, \n\tresolved_at DATETIME, \n\tcreated_at DATETIME DEFAULT CURRENT_TIMESTAMP NOT NULL, \n\tCONSTRAINT pk_error_records PRIMARY KEY (id)\n)\n\n', ()) completed
2026-02-14 11:57:10,936 [DEBUG] [aiosqlite] executing functools.partial(<built-in method close of sqlite3.Cursor object at 0x11e5d7dc0>)
2026-02-14 11:57:10,936 [DEBUG] [aiosqlite] operation functools.partial(<built-in method close of sqlite3.Cursor object at 0x11e5d7dc0>) completed
2026-02-14 11:57:10,937 [DEBUG] [aiosqlite] executing functools.partial(<built-in method cursor of sqlite3.Connection object at 0x11e51c5e0>)
2026-02-14 11:57:10,937 [DEBUG] [aiosqlite] operation functools.partial(<built-in method cursor of sqlite3.Connection object at 0x11e51c5e0>) completed
2026-02-14 11:57:10,937 [DEBUG] [aiosqlite] executing functools.partial(<built-in method execute of sqlite3.Cursor object at 0x11e5f37c0>, "\nCREATE TABLE pyramid_nodes (\n\tid CHAR(32) NOT NULL, \n\tpyramid_id CHAR(32) NOT NULL, \n\tparent_id CHAR(32), \n\tname VARCHAR(100) NOT NULL, \n\tdescription TEXT, \n\tlevel INTEGER NOT NULL, \n\tsort_order INTEGER NOT NULL, \n\tpath VARCHAR(255) NOT NULL, \n\thealth_score INTEGER NOT NULL, \n\tstatus VARCHAR(20) NOT NULL, \n\tcontent_count INTEGER DEFAULT '0' NOT NULL, \n\tlast_content_at DATETIME, \n\tis_deleted BOOLEAN DEFAULT 'false' NOT NULL, \n\tCONSTRAINT pk_pyramid_nodes PRIMARY KEY (id), \n\tCONSTRAINT fk_pyramid_nodes_pyramid_id_pyramids FOREIGN KEY(pyramid_id) REFERENCES pyramids (id), \n\tCONSTRAINT fk_pyramid_nodes_parent_id_pyramid_nodes FOREIGN KEY(parent_id) REFERENCES pyramid_nodes (id)\n)\n\n", ())
2026-02-14 11:57:10,937 [DEBUG] [aiosqlite] operation functools.partial(<built-in method execute of sqlite3.Cursor object at 0x11e5f37c0>, "\nCREATE TABLE pyramid_nodes (\n\tid CHAR(32) NOT NULL, \n\tpyramid_id CHAR(32) NOT NULL, \n\tparent_id CHAR(32), \n\tname VARCHAR(100) NOT NULL, \n\tdescription TEXT, \n\tlevel INTEGER NOT NULL, \n\tsort_order INTEGER NOT NULL, \n\tpath VARCHAR(255) NOT NULL, \n\thealth_score INTEGER NOT NULL, \n\tstatus VARCHAR(20) NOT NULL, \n\tcontent_count INTEGER DEFAULT '0' NOT NULL, \n\tlast_content_at DATETIME, \n\tis_deleted BOOLEAN DEFAULT 'false' NOT NULL, \n\tCONSTRAINT pk_pyramid_nodes PRIMARY KEY (id), \n\tCONSTRAINT fk_pyramid_nodes_pyramid_id_pyramids FOREIGN KEY(pyramid_id) REFERENCES pyramids (id), \n\tCONSTRAINT fk_pyramid_nodes_parent_id_pyramid_nodes FOREIGN KEY(parent_id) REFERENCES pyramid_nodes (id)\n)\n\n", ()) completed
2026-02-14 11:57:10,937 [DEBUG] [aiosqlite] executing functools.partial(<built-in method close of sqlite3.Cursor object at 0x11e5f37c0>)
2026-02-14 11:57:10,937 [DEBUG] [aiosqlite] operation functools.partial(<built-in method close of sqlite3.Cursor object at 0x11e5f37c0>) completed
2026-02-14 11:57:10,937 [DEBUG] [aiosqlite] executing functools.partial(<built-in method cursor of sqlite3.Connection object at 0x11e51c5e0>)
2026-02-14 11:57:10,937 [DEBUG] [aiosqlite] operation functools.partial(<built-in method cursor of sqlite3.Connection object at 0x11e51c5e0>) completed
2026-02-14 11:57:10,937 [DEBUG] [aiosqlite] executing functools.partial(<built-in method execute of sqlite3.Cursor object at 0x11e5f0240>, 'CREATE INDEX ix_pyramid_nodes_path ON pyramid_nodes (path)', ())
2026-02-14 11:57:10,937 [DEBUG] [aiosqlite] operation functools.partial(<built-in method execute of sqlite3.Cursor object at 0x11e5f0240>, 'CREATE INDEX ix_pyramid_nodes_path ON pyramid_nodes (path)', ()) completed
2026-02-14 11:57:10,937 [DEBUG] [aiosqlite] executing functools.partial(<built-in method close of sqlite3.Cursor object at 0x11e5f0240>)
2026-02-14 11:57:10,937 [DEBUG] [aiosqlite] operation functools.partial(<built-in method close of sqlite3.Cursor object at 0x11e5f0240>) completed
2026-02-14 11:57:10,937 [DEBUG] [aiosqlite] executing functools.partial(<built-in method cursor of sqlite3.Connection object at 0x11e51c5e0>)
2026-02-14 11:57:10,937 [DEBUG] [aiosqlite] operation functools.partial(<built-in method cursor of sqlite3.Connection object at 0x11e51c5e0>) completed
2026-02-14 11:57:10,937 [DEBUG] [aiosqlite] executing functools.partial(<built-in method execute of sqlite3.Cursor object at 0x11e5f2c40>, "\nCREATE TABLE content_items (\n\tid CHAR(32) NOT NULL, \n\tsource_id CHAR(32), \n\toriginal_id VARCHAR(255), \n\turl VARCHAR(500) NOT NULL, \n\ttitle VARCHAR(255) NOT NULL, \n\tsummary TEXT, \n\tcontent_text TEXT, \n\tpublish_time DATETIME, \n\tcontent_hash VARCHAR(64), \n\tstatus VARCHAR(20) NOT NULL, \n\ttags JSON, \n\tconcepts JSON, \n\tsubmitter_id VARCHAR(100), \n\tinput_type VARCHAR(20) DEFAULT 'url' NOT NULL, \n\tai_processed BOOLEAN DEFAULT 'false' NOT NULL, \n\tis_deleted BOOLEAN DEFAULT 'false' NOT NULL, \n\tlifecycle_status VARCHAR(20) DEFAULT 'ACTIVE' NOT NULL, \n\tmetabolism_score FLOAT DEFAULT '0.0' NOT NULL, \n\tlast_accessed_at DATETIME DEFAULT CURRENT_TIMESTAMP NOT NULL, \n\taccess_count INTEGER DEFAULT '0' NOT NULL, \n\tcreated_at DATETIME DEFAULT CURRENT_TIMESTAMP NOT NULL, \n\tupdated_at DATETIME DEFAULT CURRENT_TIMESTAMP NOT NULL, \n\tCONSTRAINT pk_content_items PRIMARY KEY (id), \n\tCONSTRAINT fk_content_items_source_id_information_sources FOREIGN KEY(source_id) REFERENCES information_sources (id)\n)\n\n", ())
2026-02-14 11:57:10,938 [DEBUG] [aiosqlite] operation functools.partial(<built-in method execute of sqlite3.Cursor object at 0x11e5f2c40>, "\nCREATE TABLE content_items (\n\tid CHAR(32) NOT NULL, \n\tsource_id CHAR(32), \n\toriginal_id VARCHAR(255), \n\turl VARCHAR(500) NOT NULL, \n\ttitle VARCHAR(255) NOT NULL, \n\tsummary TEXT, \n\tcontent_text TEXT, \n\tpublish_time DATETIME, \n\tcontent_hash VARCHAR(64), \n\tstatus VARCHAR(20) NOT NULL, \n\ttags JSON, \n\tconcepts JSON, \n\tsubmitter_id VARCHAR(100), \n\tinput_type VARCHAR(20) DEFAULT 'url' NOT NULL, \n\tai_processed BOOLEAN DEFAULT 'false' NOT NULL, \n\tis_deleted BOOLEAN DEFAULT 'false' NOT NULL, \n\tlifecycle_status VARCHAR(20) DEFAULT 'ACTIVE' NOT NULL, \n\tmetabolism_score FLOAT DEFAULT '0.0' NOT NULL, \n\tlast_accessed_at DATETIME DEFAULT CURRENT_TIMESTAMP NOT NULL, \n\taccess_count INTEGER DEFAULT '0' NOT NULL, \n\tcreated_at DATETIME DEFAULT CURRENT_TIMESTAMP NOT NULL, \n\tupdated_at DATETIME DEFAULT CURRENT_TIMESTAMP NOT NULL, \n\tCONSTRAINT pk_content_items PRIMARY KEY (id), \n\tCONSTRAINT fk_content_items_source_id_information_sources FOREIGN KEY(source_id) REFERENCES information_sources (id)\n)\n\n", ()) completed
2026-02-14 11:57:10,938 [DEBUG] [aiosqlite] executing functools.partial(<built-in method close of sqlite3.Cursor object at 0x11e5f2c40>)
2026-02-14 11:57:10,938 [DEBUG] [aiosqlite] operation functools.partial(<built-in method close of sqlite3.Cursor object at 0x11e5f2c40>) completed
2026-02-14 11:57:10,938 [DEBUG] [aiosqlite] executing functools.partial(<built-in method cursor of sqlite3.Connection object at 0x11e51c5e0>)
2026-02-14 11:57:10,938 [DEBUG] [aiosqlite] operation functools.partial(<built-in method cursor of sqlite3.Connection object at 0x11e51c5e0>) completed
2026-02-14 11:57:10,938 [DEBUG] [aiosqlite] executing functools.partial(<built-in method execute of sqlite3.Cursor object at 0x11e5f2240>, 'CREATE INDEX ix_content_items_last_accessed_at ON content_items (last_accessed_at)', ())
2026-02-14 11:57:10,938 [DEBUG] [aiosqlite] operation functools.partial(<built-in method execute of sqlite3.Cursor object at 0x11e5f2240>, 'CREATE INDEX ix_content_items_last_accessed_at ON content_items (last_accessed_at)', ()) completed
2026-02-14 11:57:10,938 [DEBUG] [aiosqlite] executing functools.partial(<built-in method close of sqlite3.Cursor object at 0x11e5f2240>)
2026-02-14 11:57:10,938 [DEBUG] [aiosqlite] operation functools.partial(<built-in method close of sqlite3.Cursor object at 0x11e5f2240>) completed
2026-02-14 11:57:10,938 [DEBUG] [aiosqlite] executing functools.partial(<built-in method cursor of sqlite3.Connection object at 0x11e51c5e0>)
2026-02-14 11:57:10,938 [DEBUG] [aiosqlite] operation functools.partial(<built-in method cursor of sqlite3.Connection object at 0x11e51c5e0>) completed
2026-02-14 11:57:10,938 [DEBUG] [aiosqlite] executing functools.partial(<built-in method execute of sqlite3.Cursor object at 0x11e5f24c0>, 'CREATE INDEX ix_content_items_metabolism_score ON content_items (metabolism_score)', ())
2026-02-14 11:57:10,938 [DEBUG] [aiosqlite] operation functools.partial(<built-in method execute of sqlite3.Cursor object at 0x11e5f24c0>, 'CREATE INDEX ix_content_items_metabolism_score ON content_items (metabolism_score)', ()) completed
2026-02-14 11:57:10,938 [DEBUG] [aiosqlite] executing functools.partial(<built-in method close of sqlite3.Cursor object at 0x11e5f24c0>)
2026-02-14 11:57:10,938 [DEBUG] [aiosqlite] operation functools.partial(<built-in method close of sqlite3.Cursor object at 0x11e5f24c0>) completed
2026-02-14 11:57:10,938 [DEBUG] [aiosqlite] executing functools.partial(<built-in method cursor of sqlite3.Connection object at 0x11e51c5e0>)
2026-02-14 11:57:10,938 [DEBUG] [aiosqlite] operation functools.partial(<built-in method cursor of sqlite3.Connection object at 0x11e51c5e0>) completed
2026-02-14 11:57:10,938 [DEBUG] [aiosqlite] executing functools.partial(<built-in method execute of sqlite3.Cursor object at 0x11f912040>, 'CREATE INDEX ix_content_items_lifecycle_status ON content_items (lifecycle_status)', ())
2026-02-14 11:57:10,938 [DEBUG] [aiosqlite] operation functools.partial(<built-in method execute of sqlite3.Cursor object at 0x11f912040>, 'CREATE INDEX ix_content_items_lifecycle_status ON content_items (lifecycle_status)', ()) completed
2026-02-14 11:57:10,938 [DEBUG] [aiosqlite] executing functools.partial(<built-in method close of sqlite3.Cursor object at 0x11f912040>)
2026-02-14 11:57:10,939 [DEBUG] [aiosqlite] operation functools.partial(<built-in method close of sqlite3.Cursor object at 0x11f912040>) completed
2026-02-14 11:57:10,939 [DEBUG] [aiosqlite] executing functools.partial(<built-in method cursor of sqlite3.Connection object at 0x11e51c5e0>)
2026-02-14 11:57:10,939 [DEBUG] [aiosqlite] operation functools.partial(<built-in method cursor of sqlite3.Connection object at 0x11e51c5e0>) completed
2026-02-14 11:57:10,939 [DEBUG] [aiosqlite] executing functools.partial(<built-in method execute of sqlite3.Cursor object at 0x11f912240>, 'CREATE INDEX ix_content_items_content_hash ON content_items (content_hash)', ())
2026-02-14 11:57:10,939 [DEBUG] [aiosqlite] operation functools.partial(<built-in method execute of sqlite3.Cursor object at 0x11f912240>, 'CREATE INDEX ix_content_items_content_hash ON content_items (content_hash)', ()) completed
2026-02-14 11:57:10,939 [DEBUG] [aiosqlite] executing functools.partial(<built-in method close of sqlite3.Cursor object at 0x11f912240>)
2026-02-14 11:57:10,939 [DEBUG] [aiosqlite] operation functools.partial(<built-in method close of sqlite3.Cursor object at 0x11f912240>) completed
2026-02-14 11:57:10,939 [DEBUG] [aiosqlite] executing functools.partial(<built-in method cursor of sqlite3.Connection object at 0x11e51c5e0>)
2026-02-14 11:57:10,939 [DEBUG] [aiosqlite] operation functools.partial(<built-in method cursor of sqlite3.Connection object at 0x11e51c5e0>) completed
2026-02-14 11:57:10,939 [DEBUG] [aiosqlite] executing functools.partial(<built-in method execute of sqlite3.Cursor object at 0x11e5f1740>, '\nCREATE TABLE crawl_jobs (\n\tid CHAR(32) NOT NULL, \n\tsource_id CHAR(32) NOT NULL, \n\tstatus VARCHAR(20) NOT NULL, \n\tstarted_at DATETIME, \n\tended_at DATETIME, \n\titems_fetched INTEGER NOT NULL, \n\titems_new INTEGER NOT NULL, \n\titems_duplicate INTEGER NOT NULL, \n\titems_failed INTEGER NOT NULL, \n\titems_classified INTEGER NOT NULL, \n\terror_message TEXT, \n\tresponse_time_ms INTEGER, \n\tcreated_at DATETIME DEFAULT CURRENT_TIMESTAMP NOT NULL, \n\tCONSTRAINT pk_crawl_jobs PRIMARY KEY (id), \n\tCONSTRAINT fk_crawl_jobs_source_id_information_sources FOREIGN KEY(source_id) REFERENCES information_sources (id)\n)\n\n', ())
2026-02-14 11:57:10,939 [DEBUG] [aiosqlite] operation functools.partial(<built-in method execute of sqlite3.Cursor object at 0x11e5f1740>, '\nCREATE TABLE crawl_jobs (\n\tid CHAR(32) NOT NULL, \n\tsource_id CHAR(32) NOT NULL, \n\tstatus VARCHAR(20) NOT NULL, \n\tstarted_at DATETIME, \n\tended_at DATETIME, \n\titems_fetched INTEGER NOT NULL, \n\titems_new INTEGER NOT NULL, \n\titems_duplicate INTEGER NOT NULL, \n\titems_failed INTEGER NOT NULL, \n\titems_classified INTEGER NOT NULL, \n\terror_message TEXT, \n\tresponse_time_ms INTEGER, \n\tcreated_at DATETIME DEFAULT CURRENT_TIMESTAMP NOT NULL, \n\tCONSTRAINT pk_crawl_jobs PRIMARY KEY (id), \n\tCONSTRAINT fk_crawl_jobs_source_id_information_sources FOREIGN KEY(source_id) REFERENCES information_sources (id)\n)\n\n', ()) completed
2026-02-14 11:57:10,939 [DEBUG] [aiosqlite] executing functools.partial(<built-in method close of sqlite3.Cursor object at 0x11e5f1740>)
2026-02-14 11:57:10,939 [DEBUG] [aiosqlite] operation functools.partial(<built-in method close of sqlite3.Cursor object at 0x11e5f1740>) completed
2026-02-14 11:57:10,939 [DEBUG] [aiosqlite] executing functools.partial(<built-in method cursor of sqlite3.Connection object at 0x11e51c5e0>)
2026-02-14 11:57:10,939 [DEBUG] [aiosqlite] operation functools.partial(<built-in method cursor of sqlite3.Connection object at 0x11e51c5e0>) completed
2026-02-14 11:57:10,939 [DEBUG] [aiosqlite] executing functools.partial(<built-in method execute of sqlite3.Cursor object at 0x11e5f3d40>, '\nCREATE TABLE concept_synonyms (\n\tid CHAR(32) NOT NULL, \n\tconcept_id CHAR(32) NOT NULL, \n\tsynonym VARCHAR(100) NOT NULL, \n\tCONSTRAINT pk_concept_synonyms PRIMARY KEY (id), \n\tCONSTRAINT fk_concept_synonyms_concept_id_concepts FOREIGN KEY(concept_id) REFERENCES concepts (id)\n)\n\n', ())
2026-02-14 11:57:10,939 [DEBUG] [aiosqlite] operation functools.partial(<built-in method execute of sqlite3.Cursor object at 0x11e5f3d40>, '\nCREATE TABLE concept_synonyms (\n\tid CHAR(32) NOT NULL, \n\tconcept_id CHAR(32) NOT NULL, \n\tsynonym VARCHAR(100) NOT NULL, \n\tCONSTRAINT pk_concept_synonyms PRIMARY KEY (id), \n\tCONSTRAINT fk_concept_synonyms_concept_id_concepts FOREIGN KEY(concept_id) REFERENCES concepts (id)\n)\n\n', ()) completed
2026-02-14 11:57:10,940 [DEBUG] [aiosqlite] executing functools.partial(<built-in method close of sqlite3.Cursor object at 0x11e5f3d40>)
2026-02-14 11:57:10,940 [DEBUG] [aiosqlite] operation functools.partial(<built-in method close of sqlite3.Cursor object at 0x11e5f3d40>) completed
2026-02-14 11:57:10,940 [DEBUG] [aiosqlite] executing functools.partial(<built-in method cursor of sqlite3.Connection object at 0x11e51c5e0>)
2026-02-14 11:57:10,940 [DEBUG] [aiosqlite] operation functools.partial(<built-in method cursor of sqlite3.Connection object at 0x11e51c5e0>) completed
2026-02-14 11:57:10,940 [DEBUG] [aiosqlite] executing functools.partial(<built-in method execute of sqlite3.Cursor object at 0x11f9135c0>, 'CREATE INDEX ix_concept_synonyms_synonym ON concept_synonyms (synonym)', ())
2026-02-14 11:57:10,940 [DEBUG] [aiosqlite] operation functools.partial(<built-in method execute of sqlite3.Cursor object at 0x11f9135c0>, 'CREATE INDEX ix_concept_synonyms_synonym ON concept_synonyms (synonym)', ()) completed
2026-02-14 11:57:10,940 [DEBUG] [aiosqlite] executing functools.partial(<built-in method close of sqlite3.Cursor object at 0x11f9135c0>)
2026-02-14 11:57:10,940 [DEBUG] [aiosqlite] operation functools.partial(<built-in method close of sqlite3.Cursor object at 0x11f9135c0>) completed
2026-02-14 11:57:10,940 [DEBUG] [aiosqlite] executing functools.partial(<built-in method cursor of sqlite3.Connection object at 0x11e51c5e0>)
2026-02-14 11:57:10,940 [DEBUG] [aiosqlite] operation functools.partial(<built-in method cursor of sqlite3.Connection object at 0x11e51c5e0>) completed
2026-02-14 11:57:10,940 [DEBUG] [aiosqlite] executing functools.partial(<built-in method execute of sqlite3.Cursor object at 0x11f911dc0>, '\nCREATE TABLE snapshots (\n\tid CHAR(32) NOT NULL, \n\tpyramid_id CHAR(32) NOT NULL, \n\tversion VARCHAR(50) NOT NULL, \n\tdata JSON NOT NULL, \n\treason TEXT, \n\tcreated_at DATETIME DEFAULT CURRENT_TIMESTAMP NOT NULL, \n\tCONSTRAINT pk_snapshots PRIMARY KEY (id), \n\tCONSTRAINT fk_snapshots_pyramid_id_pyramids FOREIGN KEY(pyramid_id) REFERENCES pyramids (id)\n)\n\n', ())
2026-02-14 11:57:10,940 [DEBUG] [aiosqlite] operation functools.partial(<built-in method execute of sqlite3.Cursor object at 0x11f911dc0>, '\nCREATE TABLE snapshots (\n\tid CHAR(32) NOT NULL, \n\tpyramid_id CHAR(32) NOT NULL, \n\tversion VARCHAR(50) NOT NULL, \n\tdata JSON NOT NULL, \n\treason TEXT, \n\tcreated_at DATETIME DEFAULT CURRENT_TIMESTAMP NOT NULL, \n\tCONSTRAINT pk_snapshots PRIMARY KEY (id), \n\tCONSTRAINT fk_snapshots_pyramid_id_pyramids FOREIGN KEY(pyramid_id) REFERENCES pyramids (id)\n)\n\n', ()) completed
2026-02-14 11:57:10,940 [DEBUG] [aiosqlite] executing functools.partial(<built-in method close of sqlite3.Cursor object at 0x11f911dc0>)
2026-02-14 11:57:10,940 [DEBUG] [aiosqlite] operation functools.partial(<built-in method close of sqlite3.Cursor object at 0x11f911dc0>) completed
2026-02-14 11:57:10,940 [DEBUG] [aiosqlite] executing functools.partial(<built-in method cursor of sqlite3.Connection object at 0x11e51c5e0>)
2026-02-14 11:57:10,940 [DEBUG] [aiosqlite] operation functools.partial(<built-in method cursor of sqlite3.Connection object at 0x11e51c5e0>) completed
2026-02-14 11:57:10,940 [DEBUG] [aiosqlite] executing functools.partial(<built-in method execute of sqlite3.Cursor object at 0x11f9129c0>, '\nCREATE TABLE hotspot_events (\n\tid CHAR(32) NOT NULL, \n\thotspot_id CHAR(32) NOT NULL, \n\tevent_type VARCHAR(15) NOT NULL, \n\told_status VARCHAR(50), \n\tnew_status VARCHAR(50), \n\ttrigger_condition VARCHAR(255), \n\toperator VARCHAR(100), \n\tdetails JSON, \n\tcreated_at DATETIME DEFAULT CURRENT_TIMESTAMP NOT NULL, \n\tCONSTRAINT pk_hotspot_events PRIMARY KEY (id), \n\tCONSTRAINT fk_hotspot_events_hotspot_id_hotspots FOREIGN KEY(hotspot_id) REFERENCES hotspots (id)\n)\n\n', ())
2026-02-14 11:57:10,940 [DEBUG] [aiosqlite] operation functools.partial(<built-in method execute of sqlite3.Cursor object at 0x11f9129c0>, '\nCREATE TABLE hotspot_events (\n\tid CHAR(32) NOT NULL, \n\thotspot_id CHAR(32) NOT NULL, \n\tevent_type VARCHAR(15) NOT NULL, \n\told_status VARCHAR(50), \n\tnew_status VARCHAR(50), \n\ttrigger_condition VARCHAR(255), \n\toperator VARCHAR(100), \n\tdetails JSON, \n\tcreated_at DATETIME DEFAULT CURRENT_TIMESTAMP NOT NULL, \n\tCONSTRAINT pk_hotspot_events PRIMARY KEY (id), \n\tCONSTRAINT fk_hotspot_events_hotspot_id_hotspots FOREIGN KEY(hotspot_id) REFERENCES hotspots (id)\n)\n\n', ()) completed
2026-02-14 11:57:10,941 [DEBUG] [aiosqlite] executing functools.partial(<built-in method close of sqlite3.Cursor object at 0x11f9129c0>)
2026-02-14 11:57:10,941 [DEBUG] [aiosqlite] operation functools.partial(<built-in method close of sqlite3.Cursor object at 0x11f9129c0>) completed
2026-02-14 11:57:10,941 [DEBUG] [aiosqlite] executing functools.partial(<built-in method cursor of sqlite3.Connection object at 0x11e51c5e0>)
2026-02-14 11:57:10,941 [DEBUG] [aiosqlite] operation functools.partial(<built-in method cursor of sqlite3.Connection object at 0x11e51c5e0>) completed
2026-02-14 11:57:10,941 [DEBUG] [aiosqlite] executing functools.partial(<built-in method execute of sqlite3.Cursor object at 0x11f911b40>, '\nCREATE TABLE strategy_adjustments (\n\tid CHAR(32) NOT NULL, \n\tsource_id CHAR(32), \n\tadjustment_type VARCHAR(50) NOT NULL, \n\told_value VARCHAR(255), \n\tnew_value VARCHAR(255), \n\treason TEXT, \n\texpected_effect TEXT, \n\trequires_approval BOOLEAN NOT NULL, \n\tproposal_id VARCHAR(36), \n\tapplied_at DATETIME DEFAULT CURRENT_TIMESTAMP NOT NULL, \n\tCONSTRAINT pk_strategy_adjustments PRIMARY KEY (id), \n\tCONSTRAINT fk_strategy_adjustments_source_id_information_sources FOREIGN KEY(source_id) REFERENCES information_sources (id)\n)\n\n', ())
2026-02-14 11:57:10,941 [DEBUG] [aiosqlite] operation functools.partial(<built-in method execute of sqlite3.Cursor object at 0x11f911b40>, '\nCREATE TABLE strategy_adjustments (\n\tid CHAR(32) NOT NULL, \n\tsource_id CHAR(32), \n\tadjustment_type VARCHAR(50) NOT NULL, \n\told_value VARCHAR(255), \n\tnew_value VARCHAR(255), \n\treason TEXT, \n\texpected_effect TEXT, \n\trequires_approval BOOLEAN NOT NULL, \n\tproposal_id VARCHAR(36), \n\tapplied_at DATETIME DEFAULT CURRENT_TIMESTAMP NOT NULL, \n\tCONSTRAINT pk_strategy_adjustments PRIMARY KEY (id), \n\tCONSTRAINT fk_strategy_adjustments_source_id_information_sources FOREIGN KEY(source_id) REFERENCES information_sources (id)\n)\n\n', ()) completed
2026-02-14 11:57:10,941 [DEBUG] [aiosqlite] executing functools.partial(<built-in method close of sqlite3.Cursor object at 0x11f911b40>)
2026-02-14 11:57:10,941 [DEBUG] [aiosqlite] operation functools.partial(<built-in method close of sqlite3.Cursor object at 0x11f911b40>) completed
2026-02-14 11:57:10,941 [DEBUG] [aiosqlite] executing functools.partial(<built-in method cursor of sqlite3.Connection object at 0x11e51c5e0>)
2026-02-14 11:57:10,941 [DEBUG] [aiosqlite] operation functools.partial(<built-in method cursor of sqlite3.Connection object at 0x11e51c5e0>) completed
2026-02-14 11:57:10,941 [DEBUG] [aiosqlite] executing functools.partial(<built-in method execute of sqlite3.Cursor object at 0x11f913d40>, '\nCREATE TABLE task_executions (\n\tid CHAR(32) NOT NULL, \n\ttask_id CHAR(32) NOT NULL, \n\tstatus VARCHAR(20) NOT NULL, \n\tstarted_at DATETIME DEFAULT CURRENT_TIMESTAMP NOT NULL, \n\tended_at DATETIME, \n\tduration_seconds FLOAT, \n\tresult JSON, \n\terror_message TEXT, \n\tretry_count INTEGER NOT NULL, \n\tCONSTRAINT pk_task_executions PRIMARY KEY (id), \n\tCONSTRAINT fk_task_executions_task_id_scheduled_tasks FOREIGN KEY(task_id) REFERENCES scheduled_tasks (id)\n)\n\n', ())
2026-02-14 11:57:10,941 [DEBUG] [aiosqlite] operation functools.partial(<built-in method execute of sqlite3.Cursor object at 0x11f913d40>, '\nCREATE TABLE task_executions (\n\tid CHAR(32) NOT NULL, \n\ttask_id CHAR(32) NOT NULL, \n\tstatus VARCHAR(20) NOT NULL, \n\tstarted_at DATETIME DEFAULT CURRENT_TIMESTAMP NOT NULL, \n\tended_at DATETIME, \n\tduration_seconds FLOAT, \n\tresult JSON, \n\terror_message TEXT, \n\tretry_count INTEGER NOT NULL, \n\tCONSTRAINT pk_task_executions PRIMARY KEY (id), \n\tCONSTRAINT fk_task_executions_task_id_scheduled_tasks FOREIGN KEY(task_id) REFERENCES scheduled_tasks (id)\n)\n\n', ()) completed
2026-02-14 11:57:10,941 [DEBUG] [aiosqlite] executing functools.partial(<built-in method close of sqlite3.Cursor object at 0x11f913d40>)
2026-02-14 11:57:10,941 [DEBUG] [aiosqlite] operation functools.partial(<built-in method close of sqlite3.Cursor object at 0x11f913d40>) completed
2026-02-14 11:57:10,942 [DEBUG] [aiosqlite] executing functools.partial(<built-in method cursor of sqlite3.Connection object at 0x11e51c5e0>)
2026-02-14 11:57:10,942 [DEBUG] [aiosqlite] operation functools.partial(<built-in method cursor of sqlite3.Connection object at 0x11e51c5e0>) completed
2026-02-14 11:57:10,942 [DEBUG] [aiosqlite] executing functools.partial(<built-in method execute of sqlite3.Cursor object at 0x11f911d40>, '\nCREATE TABLE ab_tests (\n\tid CHAR(32) NOT NULL, \n\ttemplate_id CHAR(32) NOT NULL, \n\tversion_a_id CHAR(32) NOT NULL, \n\tversion_b_id CHAR(32) NOT NULL, \n\ttraffic_ratio FLOAT NOT NULL, \n\tstatus VARCHAR(20) NOT NULL, \n\tstarted_at DATETIME DEFAULT CURRENT_TIMESTAMP NOT NULL, \n\tended_at DATETIME, \n\tversion_a_calls INTEGER NOT NULL, \n\tversion_b_calls INTEGER NOT NULL, \n\tversion_a_avg_quality FLOAT NOT NULL, \n\tversion_b_avg_quality FLOAT NOT NULL, \n\twinner_version_id CHAR(32), \n\tCONSTRAINT pk_ab_tests PRIMARY KEY (id), \n\tCONSTRAINT fk_ab_tests_template_id_prompt_templates FOREIGN KEY(template_id) REFERENCES prompt_templates (id), \n\tCONSTRAINT fk_ab_tests_version_a_id_prompt_versions FOREIGN KEY(version_a_id) REFERENCES prompt_versions (id), \n\tCONSTRAINT fk_ab_tests_version_b_id_prompt_versions FOREIGN KEY(version_b_id) REFERENCES prompt_versions (id), \n\tCONSTRAINT fk_ab_tests_winner_version_id_prompt_versions FOREIGN KEY(winner_version_id) REFERENCES prompt_versions (id)\n)\n\n', ())
2026-02-14 11:57:10,942 [DEBUG] [aiosqlite] operation functools.partial(<built-in method execute of sqlite3.Cursor object at 0x11f911d40>, '\nCREATE TABLE ab_tests (\n\tid CHAR(32) NOT NULL, \n\ttemplate_id CHAR(32) NOT NULL, \n\tversion_a_id CHAR(32) NOT NULL, \n\tversion_b_id CHAR(32) NOT NULL, \n\ttraffic_ratio FLOAT NOT NULL, \n\tstatus VARCHAR(20) NOT NULL, \n\tstarted_at DATETIME DEFAULT CURRENT_TIMESTAMP NOT NULL, \n\tended_at DATETIME, \n\tversion_a_calls INTEGER NOT NULL, \n\tversion_b_calls INTEGER NOT NULL, \n\tversion_a_avg_quality FLOAT NOT NULL, \n\tversion_b_avg_quality FLOAT NOT NULL, \n\twinner_version_id CHAR(32), \n\tCONSTRAINT pk_ab_tests PRIMARY KEY (id), \n\tCONSTRAINT fk_ab_tests_template_id_prompt_templates FOREIGN KEY(template_id) REFERENCES prompt_templates (id), \n\tCONSTRAINT fk_ab_tests_version_a_id_prompt_versions FOREIGN KEY(version_a_id) REFERENCES prompt_versions (id), \n\tCONSTRAINT fk_ab_tests_version_b_id_prompt_versions FOREIGN KEY(version_b_id) REFERENCES prompt_versions (id), \n\tCONSTRAINT fk_ab_tests_winner_version_id_prompt_versions FOREIGN KEY(winner_version_id) REFERENCES prompt_versions (id)\n)\n\n', ()) completed
2026-02-14 11:57:10,942 [DEBUG] [aiosqlite] executing functools.partial(<built-in method close of sqlite3.Cursor object at 0x11f911d40>)
2026-02-14 11:57:10,942 [DEBUG] [aiosqlite] operation functools.partial(<built-in method close of sqlite3.Cursor object at 0x11f911d40>) completed
2026-02-14 11:57:10,942 [DEBUG] [aiosqlite] executing functools.partial(<built-in method cursor of sqlite3.Connection object at 0x11e51c5e0>)
2026-02-14 11:57:10,942 [DEBUG] [aiosqlite] operation functools.partial(<built-in method cursor of sqlite3.Connection object at 0x11e51c5e0>) completed
2026-02-14 11:57:10,942 [DEBUG] [aiosqlite] executing functools.partial(<built-in method execute of sqlite3.Cursor object at 0x11f913ac0>, '\nCREATE TABLE node_relations (\n\tid UUID NOT NULL, \n\tsource_node_id CHAR(32) NOT NULL, \n\ttarget_node_id CHAR(32) NOT NULL, \n\trelation_type VARCHAR(50) NOT NULL, \n\tCONSTRAINT pk_node_relations PRIMARY KEY (id), \n\tCONSTRAINT uq_node_relation UNIQUE (source_node_id, target_node_id, relation_type), \n\tCONSTRAINT fk_node_relations_source_node_id_pyramid_nodes FOREIGN KEY(source_node_id) REFERENCES pyramid_nodes (id) ON DELETE CASCADE, \n\tCONSTRAINT fk_node_relations_target_node_id_pyramid_nodes FOREIGN KEY(target_node_id) REFERENCES pyramid_nodes (id) ON DELETE CASCADE\n)\n\n', ())
2026-02-14 11:57:10,943 [DEBUG] [aiosqlite] operation functools.partial(<built-in method execute of sqlite3.Cursor object at 0x11f913ac0>, '\nCREATE TABLE node_relations (\n\tid UUID NOT NULL, \n\tsource_node_id CHAR(32) NOT NULL, \n\ttarget_node_id CHAR(32) NOT NULL, \n\trelation_type VARCHAR(50) NOT NULL, \n\tCONSTRAINT pk_node_relations PRIMARY KEY (id), \n\tCONSTRAINT uq_node_relation UNIQUE (source_node_id, target_node_id, relation_type), \n\tCONSTRAINT fk_node_relations_source_node_id_pyramid_nodes FOREIGN KEY(source_node_id) REFERENCES pyramid_nodes (id) ON DELETE CASCADE, \n\tCONSTRAINT fk_node_relations_target_node_id_pyramid_nodes FOREIGN KEY(target_node_id) REFERENCES pyramid_nodes (id) ON DELETE CASCADE\n)\n\n', ()) completed
2026-02-14 11:57:10,943 [DEBUG] [aiosqlite] executing functools.partial(<built-in method close of sqlite3.Cursor object at 0x11f913ac0>)
2026-02-14 11:57:10,943 [DEBUG] [aiosqlite] operation functools.partial(<built-in method close of sqlite3.Cursor object at 0x11f913ac0>) completed
2026-02-14 11:57:10,943 [DEBUG] [aiosqlite] executing functools.partial(<built-in method cursor of sqlite3.Connection object at 0x11e51c5e0>)
2026-02-14 11:57:10,943 [DEBUG] [aiosqlite] operation functools.partial(<built-in method cursor of sqlite3.Connection object at 0x11e51c5e0>) completed
2026-02-14 11:57:10,943 [DEBUG] [aiosqlite] executing functools.partial(<built-in method execute of sqlite3.Cursor object at 0x11f913440>, '\nCREATE TABLE source_node_relations (\n\tsource_id CHAR(32) NOT NULL, \n\tnode_id CHAR(32) NOT NULL, \n\tweight FLOAT NOT NULL, \n\tCONSTRAINT pk_source_node_relations PRIMARY KEY (source_id, node_id), \n\tCONSTRAINT fk_source_node_relations_source_id_information_sources FOREIGN KEY(source_id) REFERENCES information_sources (id), \n\tCONSTRAINT fk_source_node_relations_node_id_pyramid_nodes FOREIGN KEY(node_id) REFERENCES pyramid_nodes (id)\n)\n\n', ())
2026-02-14 11:57:10,943 [DEBUG] [aiosqlite] operation functools.partial(<built-in method execute of sqlite3.Cursor object at 0x11f913440>, '\nCREATE TABLE source_node_relations (\n\tsource_id CHAR(32) NOT NULL, \n\tnode_id CHAR(32) NOT NULL, \n\tweight FLOAT NOT NULL, \n\tCONSTRAINT pk_source_node_relations PRIMARY KEY (source_id, node_id), \n\tCONSTRAINT fk_source_node_relations_source_id_information_sources FOREIGN KEY(source_id) REFERENCES information_sources (id), \n\tCONSTRAINT fk_source_node_relations_node_id_pyramid_nodes FOREIGN KEY(node_id) REFERENCES pyramid_nodes (id)\n)\n\n', ()) completed
2026-02-14 11:57:10,943 [DEBUG] [aiosqlite] executing functools.partial(<built-in method close of sqlite3.Cursor object at 0x11f913440>)
2026-02-14 11:57:10,943 [DEBUG] [aiosqlite] operation functools.partial(<built-in method close of sqlite3.Cursor object at 0x11f913440>) completed
2026-02-14 11:57:10,943 [DEBUG] [aiosqlite] executing functools.partial(<built-in method cursor of sqlite3.Connection object at 0x11e51c5e0>)
2026-02-14 11:57:10,943 [DEBUG] [aiosqlite] operation functools.partial(<built-in method cursor of sqlite3.Connection object at 0x11e51c5e0>) completed
2026-02-14 11:57:10,943 [DEBUG] [aiosqlite] executing functools.partial(<built-in method execute of sqlite3.Cursor object at 0x11e4c7b40>, "\nCREATE TABLE content_node_relations (\n\tcontent_id CHAR(32) NOT NULL, \n\tnode_id CHAR(32) NOT NULL, \n\tconfidence FLOAT DEFAULT '1.0' NOT NULL, \n\tsource VARCHAR(20) DEFAULT 'manual' NOT NULL, \n\tcreated_at DATETIME DEFAULT CURRENT_TIMESTAMP NOT NULL, \n\tis_manual BOOLEAN DEFAULT 'true' NOT NULL, \n\tCONSTRAINT pk_content_node_relations PRIMARY KEY (content_id, node_id), \n\tCONSTRAINT fk_content_node_relations_content_id_content_items FOREIGN KEY(content_id) REFERENCES content_items (id) ON DELETE CASCADE, \n\tCONSTRAINT fk_content_node_relations_node_id_pyramid_nodes FOREIGN KEY(node_id) REFERENCES pyramid_nodes (id) ON DELETE CASCADE\n)\n\n", ())
2026-02-14 11:57:10,944 [DEBUG] [aiosqlite] operation functools.partial(<built-in method execute of sqlite3.Cursor object at 0x11e4c7b40>, "\nCREATE TABLE content_node_relations (\n\tcontent_id CHAR(32) NOT NULL, \n\tnode_id CHAR(32) NOT NULL, \n\tconfidence FLOAT DEFAULT '1.0' NOT NULL, \n\tsource VARCHAR(20) DEFAULT 'manual' NOT NULL, \n\tcreated_at DATETIME DEFAULT CURRENT_TIMESTAMP NOT NULL, \n\tis_manual BOOLEAN DEFAULT 'true' NOT NULL, \n\tCONSTRAINT pk_content_node_relations PRIMARY KEY (content_id, node_id), \n\tCONSTRAINT fk_content_node_relations_content_id_content_items FOREIGN KEY(content_id) REFERENCES content_items (id) ON DELETE CASCADE, \n\tCONSTRAINT fk_content_node_relations_node_id_pyramid_nodes FOREIGN KEY(node_id) REFERENCES pyramid_nodes (id) ON DELETE CASCADE\n)\n\n", ()) completed
2026-02-14 11:57:10,944 [DEBUG] [aiosqlite] executing functools.partial(<built-in method close of sqlite3.Cursor object at 0x11e4c7b40>)
2026-02-14 11:57:10,944 [DEBUG] [aiosqlite] operation functools.partial(<built-in method close of sqlite3.Cursor object at 0x11e4c7b40>) completed
2026-02-14 11:57:10,944 [DEBUG] [aiosqlite] executing functools.partial(<built-in method cursor of sqlite3.Connection object at 0x11e51c5e0>)
2026-02-14 11:57:10,944 [DEBUG] [aiosqlite] operation functools.partial(<built-in method cursor of sqlite3.Connection object at 0x11e51c5e0>) completed
2026-02-14 11:57:10,944 [DEBUG] [aiosqlite] executing functools.partial(<built-in method execute of sqlite3.Cursor object at 0x11f912c40>, '\nCREATE TABLE validation_results (\n\tcontent_id CHAR(32) NOT NULL, \n\thard_result JSON, \n\tsoft_result JSON, \n\tcross_result JSON, \n\toverall_score INTEGER, \n\tverified_at DATETIME DEFAULT CURRENT_TIMESTAMP NOT NULL, \n\tCONSTRAINT pk_validation_results PRIMARY KEY (content_id), \n\tCONSTRAINT fk_validation_results_content_id_content_items FOREIGN KEY(content_id) REFERENCES content_items (id)\n)\n\n', ())
2026-02-14 11:57:10,944 [DEBUG] [aiosqlite] operation functools.partial(<built-in method execute of sqlite3.Cursor object at 0x11f912c40>, '\nCREATE TABLE validation_results (\n\tcontent_id CHAR(32) NOT NULL, \n\thard_result JSON, \n\tsoft_result JSON, \n\tcross_result JSON, \n\toverall_score INTEGER, \n\tverified_at DATETIME DEFAULT CURRENT_TIMESTAMP NOT NULL, \n\tCONSTRAINT pk_validation_results PRIMARY KEY (content_id), \n\tCONSTRAINT fk_validation_results_content_id_content_items FOREIGN KEY(content_id) REFERENCES content_items (id)\n)\n\n', ()) completed
2026-02-14 11:57:10,944 [DEBUG] [aiosqlite] executing functools.partial(<built-in method close of sqlite3.Cursor object at 0x11f912c40>)
2026-02-14 11:57:10,944 [DEBUG] [aiosqlite] operation functools.partial(<built-in method close of sqlite3.Cursor object at 0x11f912c40>) completed
2026-02-14 11:57:10,944 [DEBUG] [aiosqlite] executing functools.partial(<built-in method cursor of sqlite3.Connection object at 0x11e51c5e0>)
2026-02-14 11:57:10,944 [DEBUG] [aiosqlite] operation functools.partial(<built-in method cursor of sqlite3.Connection object at 0x11e51c5e0>) completed
2026-02-14 11:57:10,944 [DEBUG] [aiosqlite] executing functools.partial(<built-in method execute of sqlite3.Cursor object at 0x11f92f640>, "\nCREATE TABLE approvals (\n\tid CHAR(32) NOT NULL, \n\ttype VARCHAR(50) NOT NULL, \n\ttarget_id CHAR(32), \n\tstatus VARCHAR(20) NOT NULL, \n\tdata JSON, \n\tsource_content_id CHAR(32), \n\tgenerated_by VARCHAR(50) DEFAULT 'user' NOT NULL, \n\treason TEXT, \n\tconfidence_score FLOAT, \n\toriginal_data JSON, \n\timpact_analysis JSON, \n\tapplicant_id VARCHAR(100), \n\treviewer_id VARCHAR(100), \n\treview_comment TEXT, \n\tcreated_at DATETIME DEFAULT CURRENT_TIMESTAMP NOT NULL, \n\tupdated_at DATETIME DEFAULT CURRENT_TIMESTAMP NOT NULL, \n\tCONSTRAINT pk_approvals PRIMARY KEY (id), \n\tCONSTRAINT fk_approvals_source_content_id_content_items FOREIGN KEY(source_content_id) REFERENCES content_items (id)\n)\n\n", ())
2026-02-14 11:57:10,944 [DEBUG] [aiosqlite] operation functools.partial(<built-in method execute of sqlite3.Cursor object at 0x11f92f640>, "\nCREATE TABLE approvals (\n\tid CHAR(32) NOT NULL, \n\ttype VARCHAR(50) NOT NULL, \n\ttarget_id CHAR(32), \n\tstatus VARCHAR(20) NOT NULL, \n\tdata JSON, \n\tsource_content_id CHAR(32), \n\tgenerated_by VARCHAR(50) DEFAULT 'user' NOT NULL, \n\treason TEXT, \n\tconfidence_score FLOAT, \n\toriginal_data JSON, \n\timpact_analysis JSON, \n\tapplicant_id VARCHAR(100), \n\treviewer_id VARCHAR(100), \n\treview_comment TEXT, \n\tcreated_at DATETIME DEFAULT CURRENT_TIMESTAMP NOT NULL, \n\tupdated_at DATETIME DEFAULT CURRENT_TIMESTAMP NOT NULL, \n\tCONSTRAINT pk_approvals PRIMARY KEY (id), \n\tCONSTRAINT fk_approvals_source_content_id_content_items FOREIGN KEY(source_content_id) REFERENCES content_items (id)\n)\n\n", ()) completed
2026-02-14 11:57:10,944 [DEBUG] [aiosqlite] executing functools.partial(<built-in method close of sqlite3.Cursor object at 0x11f92f640>)
2026-02-14 11:57:10,944 [DEBUG] [aiosqlite] operation functools.partial(<built-in method close of sqlite3.Cursor object at 0x11f92f640>) completed
2026-02-14 11:57:10,944 [DEBUG] [aiosqlite] executing functools.partial(<built-in method cursor of sqlite3.Connection object at 0x11e51c5e0>)
2026-02-14 11:57:10,944 [DEBUG] [aiosqlite] operation functools.partial(<built-in method cursor of sqlite3.Connection object at 0x11e51c5e0>) completed
2026-02-14 11:57:10,945 [DEBUG] [aiosqlite] executing functools.partial(<built-in method execute of sqlite3.Cursor object at 0x11f92f940>, 'CREATE INDEX ix_approvals_status ON approvals (status)', ())
2026-02-14 11:57:10,945 [DEBUG] [aiosqlite] operation functools.partial(<built-in method execute of sqlite3.Cursor object at 0x11f92f940>, 'CREATE INDEX ix_approvals_status ON approvals (status)', ()) completed
2026-02-14 11:57:10,945 [DEBUG] [aiosqlite] executing functools.partial(<built-in method close of sqlite3.Cursor object at 0x11f92f940>)
2026-02-14 11:57:10,945 [DEBUG] [aiosqlite] operation functools.partial(<built-in method close of sqlite3.Cursor object at 0x11f92f940>) completed
2026-02-14 11:57:10,945 [DEBUG] [aiosqlite] executing functools.partial(<built-in method cursor of sqlite3.Connection object at 0x11e51c5e0>)
2026-02-14 11:57:10,945 [DEBUG] [aiosqlite] operation functools.partial(<built-in method cursor of sqlite3.Connection object at 0x11e51c5e0>) completed
2026-02-14 11:57:10,945 [DEBUG] [aiosqlite] executing functools.partial(<built-in method execute of sqlite3.Cursor object at 0x11f92fc40>, '\nCREATE TABLE contributions (\n\tid CHAR(32) NOT NULL, \n\tuser_id VARCHAR(50), \n\tinput_type VARCHAR(20) NOT NULL, \n\toriginal_input TEXT NOT NULL, \n\textracted_content TEXT, \n\textracted_concepts JSON, \n\tstatus VARCHAR(20) NOT NULL, \n\trejection_reason TEXT, \n\tcontent_id CHAR(32), \n\tcreated_at DATETIME NOT NULL, \n\tupdated_at DATETIME NOT NULL, \n\tCONSTRAINT pk_contributions PRIMARY KEY (id), \n\tCONSTRAINT fk_contributions_content_id_content_items FOREIGN KEY(content_id) REFERENCES content_items (id)\n)\n\n', ())
2026-02-14 11:57:10,945 [DEBUG] [aiosqlite] operation functools.partial(<built-in method execute of sqlite3.Cursor object at 0x11f92fc40>, '\nCREATE TABLE contributions (\n\tid CHAR(32) NOT NULL, \n\tuser_id VARCHAR(50), \n\tinput_type VARCHAR(20) NOT NULL, \n\toriginal_input TEXT NOT NULL, \n\textracted_content TEXT, \n\textracted_concepts JSON, \n\tstatus VARCHAR(20) NOT NULL, \n\trejection_reason TEXT, \n\tcontent_id CHAR(32), \n\tcreated_at DATETIME NOT NULL, \n\tupdated_at DATETIME NOT NULL, \n\tCONSTRAINT pk_contributions PRIMARY KEY (id), \n\tCONSTRAINT fk_contributions_content_id_content_items FOREIGN KEY(content_id) REFERENCES content_items (id)\n)\n\n', ()) completed
2026-02-14 11:57:10,945 [DEBUG] [aiosqlite] executing functools.partial(<built-in method close of sqlite3.Cursor object at 0x11f92fc40>)
2026-02-14 11:57:10,945 [DEBUG] [aiosqlite] operation functools.partial(<built-in method close of sqlite3.Cursor object at 0x11f92fc40>) completed
2026-02-14 11:57:10,945 [DEBUG] [aiosqlite] executing functools.partial(<built-in method cursor of sqlite3.Connection object at 0x11e51c5e0>)
2026-02-14 11:57:10,945 [DEBUG] [aiosqlite] operation functools.partial(<built-in method cursor of sqlite3.Connection object at 0x11e51c5e0>) completed
2026-02-14 11:57:10,945 [DEBUG] [aiosqlite] executing functools.partial(<built-in method execute of sqlite3.Cursor object at 0x11f92f8c0>, 'CREATE INDEX ix_contributions_status ON contributions (status)', ())
2026-02-14 11:57:10,945 [DEBUG] [aiosqlite] operation functools.partial(<built-in method execute of sqlite3.Cursor object at 0x11f92f8c0>, 'CREATE INDEX ix_contributions_status ON contributions (status)', ()) completed
2026-02-14 11:57:10,945 [DEBUG] [aiosqlite] executing functools.partial(<built-in method close of sqlite3.Cursor object at 0x11f92f8c0>)
2026-02-14 11:57:10,945 [DEBUG] [aiosqlite] operation functools.partial(<built-in method close of sqlite3.Cursor object at 0x11f92f8c0>) completed
2026-02-14 11:57:10,945 [DEBUG] [aiosqlite] executing functools.partial(<built-in method cursor of sqlite3.Connection object at 0x11e51c5e0>)
2026-02-14 11:57:10,946 [DEBUG] [aiosqlite] operation functools.partial(<built-in method cursor of sqlite3.Connection object at 0x11e51c5e0>) completed
2026-02-14 11:57:10,946 [DEBUG] [aiosqlite] executing functools.partial(<built-in method execute of sqlite3.Cursor object at 0x11f92f740>, '\nCREATE TABLE discovered_domains (\n\tid CHAR(32) NOT NULL, \n\tdomain VARCHAR(255) NOT NULL, \n\toccurrence_count INTEGER NOT NULL, \n\tfirst_seen_at DATETIME DEFAULT CURRENT_TIMESTAMP NOT NULL, \n\tlast_seen_at DATETIME DEFAULT CURRENT_TIMESTAMP NOT NULL, \n\tevaluation_status VARCHAR(20) NOT NULL, \n\thas_rss BOOLEAN NOT NULL, \n\tproposal_id CHAR(32), \n\tCONSTRAINT pk_discovered_domains PRIMARY KEY (id), \n\tCONSTRAINT fk_discovered_domains_proposal_id_approvals FOREIGN KEY(proposal_id) REFERENCES approvals (id)\n)\n\n', ())
2026-02-14 11:57:10,946 [DEBUG] [aiosqlite] operation functools.partial(<built-in method execute of sqlite3.Cursor object at 0x11f92f740>, '\nCREATE TABLE discovered_domains (\n\tid CHAR(32) NOT NULL, \n\tdomain VARCHAR(255) NOT NULL, \n\toccurrence_count INTEGER NOT NULL, \n\tfirst_seen_at DATETIME DEFAULT CURRENT_TIMESTAMP NOT NULL, \n\tlast_seen_at DATETIME DEFAULT CURRENT_TIMESTAMP NOT NULL, \n\tevaluation_status VARCHAR(20) NOT NULL, \n\thas_rss BOOLEAN NOT NULL, \n\tproposal_id CHAR(32), \n\tCONSTRAINT pk_discovered_domains PRIMARY KEY (id), \n\tCONSTRAINT fk_discovered_domains_proposal_id_approvals FOREIGN KEY(proposal_id) REFERENCES approvals (id)\n)\n\n', ()) completed
2026-02-14 11:57:10,946 [DEBUG] [aiosqlite] executing functools.partial(<built-in method close of sqlite3.Cursor object at 0x11f92f740>)
2026-02-14 11:57:10,946 [DEBUG] [aiosqlite] operation functools.partial(<built-in method close of sqlite3.Cursor object at 0x11f92f740>) completed
2026-02-14 11:57:10,946 [DEBUG] [aiosqlite] executing functools.partial(<built-in method cursor of sqlite3.Connection object at 0x11e51c5e0>)
2026-02-14 11:57:10,946 [DEBUG] [aiosqlite] operation functools.partial(<built-in method cursor of sqlite3.Connection object at 0x11e51c5e0>) completed
2026-02-14 11:57:10,946 [DEBUG] [aiosqlite] executing functools.partial(<built-in method execute of sqlite3.Cursor object at 0x11f92ee40>, 'CREATE UNIQUE INDEX ix_discovered_domains_domain ON discovered_domains (domain)', ())
2026-02-14 11:57:10,946 [DEBUG] [aiosqlite] operation functools.partial(<built-in method execute of sqlite3.Cursor object at 0x11f92ee40>, 'CREATE UNIQUE INDEX ix_discovered_domains_domain ON discovered_domains (domain)', ()) completed
2026-02-14 11:57:10,946 [DEBUG] [aiosqlite] executing functools.partial(<built-in method close of sqlite3.Cursor object at 0x11f92ee40>)
2026-02-14 11:57:10,946 [DEBUG] [aiosqlite] operation functools.partial(<built-in method close of sqlite3.Cursor object at 0x11f92ee40>) completed
2026-02-14 11:57:10,946 [DEBUG] [aiosqlite] executing functools.partial(<built-in method commit of sqlite3.Connection object at 0x11e51c5e0>)
2026-02-14 11:57:10,946 [DEBUG] [aiosqlite] operation functools.partial(<built-in method commit of sqlite3.Connection object at 0x11e51c5e0>) completed
2026-02-14 11:57:10,946 [DEBUG] [aiosqlite] executing functools.partial(<built-in method rollback of sqlite3.Connection object at 0x11e51c5e0>)
2026-02-14 11:57:10,946 [DEBUG] [aiosqlite] operation functools.partial(<built-in method rollback of sqlite3.Connection object at 0x11e51c5e0>) completed
2026-02-14 11:57:10,963 [DEBUG] [aiosqlite] executing functools.partial(<built-in method cursor of sqlite3.Connection object at 0x11e51c5e0>)
2026-02-14 11:57:10,963 [DEBUG] [aiosqlite] operation functools.partial(<built-in method cursor of sqlite3.Connection object at 0x11e51c5e0>) completed
2026-02-14 11:57:10,964 [DEBUG] [aiosqlite] executing functools.partial(<built-in method execute of sqlite3.Cursor object at 0x11fac9f40>, 'INSERT INTO pyramids (id, name, description, is_deleted) VALUES (?, ?, ?, ?) RETURNING created_at, updated_at', ('934fd35f2f094533ac966308ef6de9bf', 'Test Pyramid', 'Desc', 0))
2026-02-14 11:57:10,964 [DEBUG] [aiosqlite] operation functools.partial(<built-in method execute of sqlite3.Cursor object at 0x11fac9f40>, 'INSERT INTO pyramids (id, name, description, is_deleted) VALUES (?, ?, ?, ?) RETURNING created_at, updated_at', ('934fd35f2f094533ac966308ef6de9bf', 'Test Pyramid', 'Desc', 0)) completed
2026-02-14 11:57:10,964 [DEBUG] [aiosqlite] executing functools.partial(<built-in method fetchall of sqlite3.Cursor object at 0x11fac9f40>)
2026-02-14 11:57:10,964 [DEBUG] [aiosqlite] operation functools.partial(<built-in method fetchall of sqlite3.Cursor object at 0x11fac9f40>) completed
2026-02-14 11:57:10,964 [DEBUG] [aiosqlite] executing functools.partial(<built-in method close of sqlite3.Cursor object at 0x11fac9f40>)
2026-02-14 11:57:10,964 [DEBUG] [aiosqlite] operation functools.partial(<built-in method close of sqlite3.Cursor object at 0x11fac9f40>) completed
2026-02-14 11:57:10,964 [DEBUG] [aiosqlite] executing functools.partial(<built-in method cursor of sqlite3.Connection object at 0x11e51c5e0>)
2026-02-14 11:57:10,964 [DEBUG] [aiosqlite] operation functools.partial(<built-in method cursor of sqlite3.Connection object at 0x11e51c5e0>) completed
2026-02-14 11:57:10,964 [DEBUG] [aiosqlite] executing functools.partial(<built-in method execute of sqlite3.Cursor object at 0x11fac9fc0>, 'INSERT INTO pyramid_nodes (id, pyramid_id, parent_id, name, description, level, sort_order, path, health_score, status, content_count, last_content_at, is_deleted) VALUES (?, ?, ?, ?, ?, ?, ?, ?, ?, ?, ?, ?, ?)', ('a7d53b3d2bee4e0981d87d44f9fa93bd', '934fd35f2f094533ac966308ef6de9bf', None, 'Node A', None, 1, 0, 'A', 100, 'pending', 0, None, 0))
2026-02-14 11:57:10,964 [DEBUG] [aiosqlite] operation functools.partial(<built-in method execute of sqlite3.Cursor object at 0x11fac9fc0>, 'INSERT INTO pyramid_nodes (id, pyramid_id, parent_id, name, description, level, sort_order, path, health_score, status, content_count, last_content_at, is_deleted) VALUES (?, ?, ?, ?, ?, ?, ?, ?, ?, ?, ?, ?, ?)', ('a7d53b3d2bee4e0981d87d44f9fa93bd', '934fd35f2f094533ac966308ef6de9bf', None, 'Node A', None, 1, 0, 'A', 100, 'pending', 0, None, 0)) completed
2026-02-14 11:57:10,965 [DEBUG] [aiosqlite] executing functools.partial(<built-in method close of sqlite3.Cursor object at 0x11fac9fc0>)
2026-02-14 11:57:10,965 [DEBUG] [aiosqlite] operation functools.partial(<built-in method close of sqlite3.Cursor object at 0x11fac9fc0>) completed
2026-02-14 11:57:10,965 [DEBUG] [aiosqlite] executing functools.partial(<built-in method commit of sqlite3.Connection object at 0x11e51c5e0>)
2026-02-14 11:57:10,965 [DEBUG] [aiosqlite] operation functools.partial(<built-in method commit of sqlite3.Connection object at 0x11e51c5e0>) completed
2026-02-14 11:57:10,965 [DEBUG] [aiosqlite] executing functools.partial(<built-in method rollback of sqlite3.Connection object at 0x11e51c5e0>)
2026-02-14 11:57:10,965 [DEBUG] [aiosqlite] operation functools.partial(<built-in method rollback of sqlite3.Connection object at 0x11e51c5e0>) completed
2026-02-14 11:57:10,965 [INFO] [app.services.snapshot_service] Creating snapshot for pyramid 934fd35f-2f09-4533-ac96-6308ef6de9bf
2026-02-14 11:57:10,966 [DEBUG] [aiosqlite] executing functools.partial(<built-in method cursor of sqlite3.Connection object at 0x11e51c5e0>)
2026-02-14 11:57:10,966 [DEBUG] [aiosqlite] operation functools.partial(<built-in method cursor of sqlite3.Connection object at 0x11e51c5e0>) completed
2026-02-14 11:57:10,966 [DEBUG] [aiosqlite] executing functools.partial(<built-in method execute of sqlite3.Cursor object at 0x11facb440>, 'SELECT pyramids.id, pyramids.name, pyramids.description, pyramids.created_at, pyramids.updated_at, pyramids.is_deleted \nFROM pyramids \nWHERE pyramids.id = ?', ('934fd35f2f094533ac966308ef6de9bf',))
2026-02-14 11:57:10,966 [DEBUG] [aiosqlite] operation functools.partial(<built-in method execute of sqlite3.Cursor object at 0x11facb440>, 'SELECT pyramids.id, pyramids.name, pyramids.description, pyramids.created_at, pyramids.updated_at, pyramids.is_deleted \nFROM pyramids \nWHERE pyramids.id = ?', ('934fd35f2f094533ac966308ef6de9bf',)) completed
2026-02-14 11:57:10,966 [DEBUG] [aiosqlite] executing functools.partial(<built-in method fetchall of sqlite3.Cursor object at 0x11facb440>)
2026-02-14 11:57:10,966 [DEBUG] [aiosqlite] operation functools.partial(<built-in method fetchall of sqlite3.Cursor object at 0x11facb440>) completed
2026-02-14 11:57:10,966 [DEBUG] [aiosqlite] executing functools.partial(<built-in method close of sqlite3.Cursor object at 0x11facb440>)
2026-02-14 11:57:10,966 [DEBUG] [aiosqlite] operation functools.partial(<built-in method close of sqlite3.Cursor object at 0x11facb440>) completed
2026-02-14 11:57:10,967 [DEBUG] [aiosqlite] executing functools.partial(<built-in method cursor of sqlite3.Connection object at 0x11e51c5e0>)
2026-02-14 11:57:10,967 [DEBUG] [aiosqlite] operation functools.partial(<built-in method cursor of sqlite3.Connection object at 0x11e51c5e0>) completed
2026-02-14 11:57:10,967 [DEBUG] [aiosqlite] executing functools.partial(<built-in method execute of sqlite3.Cursor object at 0x11fac8ac0>, 'SELECT pyramid_nodes.id, pyramid_nodes.pyramid_id, pyramid_nodes.parent_id, pyramid_nodes.name, pyramid_nodes.description, pyramid_nodes.level, pyramid_nodes.sort_order, pyramid_nodes.path, pyramid_nodes.health_score, pyramid_nodes.status, pyramid_nodes.content_count, pyramid_nodes.last_content_at, pyramid_nodes.is_deleted \nFROM pyramid_nodes \nWHERE pyramid_nodes.pyramid_id = ?', ('934fd35f2f094533ac966308ef6de9bf',))
2026-02-14 11:57:10,967 [DEBUG] [aiosqlite] operation functools.partial(<built-in method execute of sqlite3.Cursor object at 0x11fac8ac0>, 'SELECT pyramid_nodes.id, pyramid_nodes.pyramid_id, pyramid_nodes.parent_id, pyramid_nodes.name, pyramid_nodes.description, pyramid_nodes.level, pyramid_nodes.sort_order, pyramid_nodes.path, pyramid_nodes.health_score, pyramid_nodes.status, pyramid_nodes.content_count, pyramid_nodes.last_content_at, pyramid_nodes.is_deleted \nFROM pyramid_nodes \nWHERE pyramid_nodes.pyramid_id = ?', ('934fd35f2f094533ac966308ef6de9bf',)) completed
2026-02-14 11:57:10,967 [DEBUG] [aiosqlite] executing functools.partial(<built-in method fetchall of sqlite3.Cursor object at 0x11fac8ac0>)
2026-02-14 11:57:10,967 [DEBUG] [aiosqlite] operation functools.partial(<built-in method fetchall of sqlite3.Cursor object at 0x11fac8ac0>) completed
2026-02-14 11:57:10,967 [DEBUG] [aiosqlite] executing functools.partial(<built-in method close of sqlite3.Cursor object at 0x11fac8ac0>)
2026-02-14 11:57:10,967 [DEBUG] [aiosqlite] operation functools.partial(<built-in method close of sqlite3.Cursor object at 0x11fac8ac0>) completed
2026-02-14 11:57:10,967 [DEBUG] [aiosqlite] executing functools.partial(<built-in method cursor of sqlite3.Connection object at 0x11e51c5e0>)
2026-02-14 11:57:10,967 [DEBUG] [aiosqlite] operation functools.partial(<built-in method cursor of sqlite3.Connection object at 0x11e51c5e0>) completed
2026-02-14 11:57:10,968 [DEBUG] [aiosqlite] executing functools.partial(<built-in method execute of sqlite3.Cursor object at 0x11faf82c0>, 'SELECT node_relations.id, node_relations.source_node_id, node_relations.target_node_id, node_relations.relation_type \nFROM node_relations \nWHERE node_relations.source_node_id IN (?) OR node_relations.target_node_id IN (?)', ('a7d53b3d2bee4e0981d87d44f9fa93bd', 'a7d53b3d2bee4e0981d87d44f9fa93bd'))
2026-02-14 11:57:10,968 [DEBUG] [aiosqlite] operation functools.partial(<built-in method execute of sqlite3.Cursor object at 0x11faf82c0>, 'SELECT node_relations.id, node_relations.source_node_id, node_relations.target_node_id, node_relations.relation_type \nFROM node_relations \nWHERE node_relations.source_node_id IN (?) OR node_relations.target_node_id IN (?)', ('a7d53b3d2bee4e0981d87d44f9fa93bd', 'a7d53b3d2bee4e0981d87d44f9fa93bd')) completed
2026-02-14 11:57:10,968 [DEBUG] [aiosqlite] executing functools.partial(<built-in method fetchall of sqlite3.Cursor object at 0x11faf82c0>)
2026-02-14 11:57:10,968 [DEBUG] [aiosqlite] operation functools.partial(<built-in method fetchall of sqlite3.Cursor object at 0x11faf82c0>) completed
2026-02-14 11:57:10,968 [DEBUG] [aiosqlite] executing functools.partial(<built-in method close of sqlite3.Cursor object at 0x11faf82c0>)
2026-02-14 11:57:10,968 [DEBUG] [aiosqlite] operation functools.partial(<built-in method close of sqlite3.Cursor object at 0x11faf82c0>) completed
2026-02-14 11:57:10,968 [DEBUG] [aiosqlite] executing functools.partial(<built-in method cursor of sqlite3.Connection object at 0x11e51c5e0>)
2026-02-14 11:57:10,968 [DEBUG] [aiosqlite] operation functools.partial(<built-in method cursor of sqlite3.Connection object at 0x11e51c5e0>) completed
2026-02-14 11:57:10,968 [DEBUG] [aiosqlite] executing functools.partial(<built-in method execute of sqlite3.Cursor object at 0x11facb740>, 'INSERT INTO snapshots (id, pyramid_id, version, data, reason) VALUES (?, ?, ?, ?, ?) RETURNING created_at', ('98edd97d3036458aa9f9303fdcc104ce', '934fd35f2f094533ac966308ef6de9bf', 'v-20260214035710', '{"pyramid": {"id": "934fd35f-2f09-4533-ac96-6308ef6de9bf", "name": "Test Pyramid", "description": "Desc"}, "nodes": [{"id": "a7d53b3d-2bee-4e09-81d8-7d44f9fa93bd", "parent_id": null, "name": "Node A", "description": null, "level": 1, "sort_order": 0, "path": "A", "health_score": 100}], "relations": [], "timestamp": "2026-02-14T03:57:10.968368+00:00"}', 'Snapshot 1'))
2026-02-14 11:57:10,968 [DEBUG] [aiosqlite] operation functools.partial(<built-in method execute of sqlite3.Cursor object at 0x11facb740>, 'INSERT INTO snapshots (id, pyramid_id, version, data, reason) VALUES (?, ?, ?, ?, ?) RETURNING created_at', ('98edd97d3036458aa9f9303fdcc104ce', '934fd35f2f094533ac966308ef6de9bf', 'v-20260214035710', '{"pyramid": {"id": "934fd35f-2f09-4533-ac96-6308ef6de9bf", "name": "Test Pyramid", "description": "Desc"}, "nodes": [{"id": "a7d53b3d-2bee-4e09-81d8-7d44f9fa93bd", "parent_id": null, "name": "Node A", "description": null, "level": 1, "sort_order": 0, "path": "A", "health_score": 100}], "relations": [], "timestamp": "2026-02-14T03:57:10.968368+00:00"}', 'Snapshot 1')) completed
2026-02-14 11:57:10,968 [DEBUG] [aiosqlite] executing functools.partial(<built-in method fetchall of sqlite3.Cursor object at 0x11facb740>)
2026-02-14 11:57:10,968 [DEBUG] [aiosqlite] operation functools.partial(<built-in method fetchall of sqlite3.Cursor object at 0x11facb740>) completed
2026-02-14 11:57:10,969 [DEBUG] [aiosqlite] executing functools.partial(<built-in method close of sqlite3.Cursor object at 0x11facb740>)
2026-02-14 11:57:10,969 [DEBUG] [aiosqlite] operation functools.partial(<built-in method close of sqlite3.Cursor object at 0x11facb740>) completed
2026-02-14 11:57:10,969 [DEBUG] [aiosqlite] executing functools.partial(<built-in method commit of sqlite3.Connection object at 0x11e51c5e0>)
2026-02-14 11:57:10,969 [DEBUG] [aiosqlite] operation functools.partial(<built-in method commit of sqlite3.Connection object at 0x11e51c5e0>) completed
2026-02-14 11:57:10,969 [DEBUG] [aiosqlite] executing functools.partial(<built-in method rollback of sqlite3.Connection object at 0x11e51c5e0>)
2026-02-14 11:57:10,969 [DEBUG] [aiosqlite] operation functools.partial(<built-in method rollback of sqlite3.Connection object at 0x11e51c5e0>) completed
2026-02-14 11:57:10,969 [DEBUG] [aiosqlite] executing functools.partial(<built-in method cursor of sqlite3.Connection object at 0x11e51c5e0>)
2026-02-14 11:57:10,969 [DEBUG] [aiosqlite] operation functools.partial(<built-in method cursor of sqlite3.Connection object at 0x11e51c5e0>) completed
2026-02-14 11:57:10,969 [DEBUG] [aiosqlite] executing functools.partial(<built-in method execute of sqlite3.Cursor object at 0x11fafacc0>, 'SELECT snapshots.id, snapshots.pyramid_id, snapshots.version, snapshots.data, snapshots.reason, snapshots.created_at \nFROM snapshots \nWHERE snapshots.id = ?', ('98edd97d3036458aa9f9303fdcc104ce',))
2026-02-14 11:57:10,970 [DEBUG] [aiosqlite] operation functools.partial(<built-in method execute of sqlite3.Cursor object at 0x11fafacc0>, 'SELECT snapshots.id, snapshots.pyramid_id, snapshots.version, snapshots.data, snapshots.reason, snapshots.created_at \nFROM snapshots \nWHERE snapshots.id = ?', ('98edd97d3036458aa9f9303fdcc104ce',)) completed
2026-02-14 11:57:10,970 [DEBUG] [aiosqlite] executing functools.partial(<built-in method fetchall of sqlite3.Cursor object at 0x11fafacc0>)
2026-02-14 11:57:10,970 [DEBUG] [aiosqlite] operation functools.partial(<built-in method fetchall of sqlite3.Cursor object at 0x11fafacc0>) completed
2026-02-14 11:57:10,970 [DEBUG] [aiosqlite] executing functools.partial(<built-in method close of sqlite3.Cursor object at 0x11fafacc0>)
2026-02-14 11:57:10,970 [DEBUG] [aiosqlite] operation functools.partial(<built-in method close of sqlite3.Cursor object at 0x11fafacc0>) completed
2026-02-14 11:57:10,970 [INFO] [app.services.snapshot_service] Snapshot 98edd97d-3036-458a-a9f9-303fdcc104ce created with version v-20260214035710
2026-02-14 11:57:10,970 [DEBUG] [aiosqlite] executing functools.partial(<built-in method cursor of sqlite3.Connection object at 0x11e51c5e0>)
2026-02-14 11:57:10,970 [DEBUG] [aiosqlite] operation functools.partial(<built-in method cursor of sqlite3.Connection object at 0x11e51c5e0>) completed
2026-02-14 11:57:10,970 [DEBUG] [aiosqlite] executing functools.partial(<built-in method execute of sqlite3.Cursor object at 0x1099b2040>, 'UPDATE pyramid_nodes SET name=? WHERE pyramid_nodes.id = ?', ('Node A Modified', 'a7d53b3d2bee4e0981d87d44f9fa93bd'))
2026-02-14 11:57:10,970 [DEBUG] [aiosqlite] operation functools.partial(<built-in method execute of sqlite3.Cursor object at 0x1099b2040>, 'UPDATE pyramid_nodes SET name=? WHERE pyramid_nodes.id = ?', ('Node A Modified', 'a7d53b3d2bee4e0981d87d44f9fa93bd')) completed
2026-02-14 11:57:10,970 [DEBUG] [aiosqlite] executing functools.partial(<built-in method close of sqlite3.Cursor object at 0x1099b2040>)
2026-02-14 11:57:10,970 [DEBUG] [aiosqlite] operation functools.partial(<built-in method close of sqlite3.Cursor object at 0x1099b2040>) completed
2026-02-14 11:57:10,971 [DEBUG] [aiosqlite] executing functools.partial(<built-in method commit of sqlite3.Connection object at 0x11e51c5e0>)
2026-02-14 11:57:10,971 [DEBUG] [aiosqlite] operation functools.partial(<built-in method commit of sqlite3.Connection object at 0x11e51c5e0>) completed
2026-02-14 11:57:10,971 [DEBUG] [aiosqlite] executing functools.partial(<built-in method rollback of sqlite3.Connection object at 0x11e51c5e0>)
2026-02-14 11:57:10,971 [DEBUG] [aiosqlite] operation functools.partial(<built-in method rollback of sqlite3.Connection object at 0x11e51c5e0>) completed
2026-02-14 11:57:10,971 [DEBUG] [aiosqlite] executing functools.partial(<built-in method cursor of sqlite3.Connection object at 0x11e51c5e0>)
2026-02-14 11:57:10,971 [DEBUG] [aiosqlite] operation functools.partial(<built-in method cursor of sqlite3.Connection object at 0x11e51c5e0>) completed
2026-02-14 11:57:10,971 [DEBUG] [aiosqlite] executing functools.partial(<built-in method execute of sqlite3.Cursor object at 0x11facbdc0>, 'SELECT pyramid_nodes.id, pyramid_nodes.pyramid_id, pyramid_nodes.parent_id, pyramid_nodes.name, pyramid_nodes.description, pyramid_nodes.level, pyramid_nodes.sort_order, pyramid_nodes.path, pyramid_nodes.health_score, pyramid_nodes.status, pyramid_nodes.content_count, pyramid_nodes.last_content_at, pyramid_nodes.is_deleted \nFROM pyramid_nodes \nWHERE pyramid_nodes.id = ?', ('a7d53b3d2bee4e0981d87d44f9fa93bd',))
2026-02-14 11:57:10,971 [DEBUG] [aiosqlite] operation functools.partial(<built-in method execute of sqlite3.Cursor object at 0x11facbdc0>, 'SELECT pyramid_nodes.id, pyramid_nodes.pyramid_id, pyramid_nodes.parent_id, pyramid_nodes.name, pyramid_nodes.description, pyramid_nodes.level, pyramid_nodes.sort_order, pyramid_nodes.path, pyramid_nodes.health_score, pyramid_nodes.status, pyramid_nodes.content_count, pyramid_nodes.last_content_at, pyramid_nodes.is_deleted \nFROM pyramid_nodes \nWHERE pyramid_nodes.id = ?', ('a7d53b3d2bee4e0981d87d44f9fa93bd',)) completed
2026-02-14 11:57:10,971 [DEBUG] [aiosqlite] executing functools.partial(<built-in method fetchall of sqlite3.Cursor object at 0x11facbdc0>)
2026-02-14 11:57:10,971 [DEBUG] [aiosqlite] operation functools.partial(<built-in method fetchall of sqlite3.Cursor object at 0x11facbdc0>) completed
2026-02-14 11:57:10,971 [DEBUG] [aiosqlite] executing functools.partial(<built-in method close of sqlite3.Cursor object at 0x11facbdc0>)
2026-02-14 11:57:10,971 [DEBUG] [aiosqlite] operation functools.partial(<built-in method close of sqlite3.Cursor object at 0x11facbdc0>) completed
2026-02-14 11:57:10,972 [DEBUG] [aiosqlite] executing functools.partial(<built-in method cursor of sqlite3.Connection object at 0x11e51c5e0>)
2026-02-14 11:57:10,972 [DEBUG] [aiosqlite] operation functools.partial(<built-in method cursor of sqlite3.Connection object at 0x11e51c5e0>) completed
2026-02-14 11:57:10,972 [DEBUG] [aiosqlite] executing functools.partial(<built-in method execute of sqlite3.Cursor object at 0x11fafb540>, 'SELECT snapshots.id, snapshots.pyramid_id, snapshots.version, snapshots.data, snapshots.reason, snapshots.created_at \nFROM snapshots \nWHERE snapshots.id = ?', ('98edd97d3036458aa9f9303fdcc104ce',))
2026-02-14 11:57:10,972 [DEBUG] [aiosqlite] operation functools.partial(<built-in method execute of sqlite3.Cursor object at 0x11fafb540>, 'SELECT snapshots.id, snapshots.pyramid_id, snapshots.version, snapshots.data, snapshots.reason, snapshots.created_at \nFROM snapshots \nWHERE snapshots.id = ?', ('98edd97d3036458aa9f9303fdcc104ce',)) completed
2026-02-14 11:57:10,972 [DEBUG] [aiosqlite] executing functools.partial(<built-in method fetchall of sqlite3.Cursor object at 0x11fafb540>)
2026-02-14 11:57:10,972 [DEBUG] [aiosqlite] operation functools.partial(<built-in method fetchall of sqlite3.Cursor object at 0x11fafb540>) completed
2026-02-14 11:57:10,972 [DEBUG] [aiosqlite] executing functools.partial(<built-in method close of sqlite3.Cursor object at 0x11fafb540>)
2026-02-14 11:57:10,972 [DEBUG] [aiosqlite] operation functools.partial(<built-in method close of sqlite3.Cursor object at 0x11fafb540>) completed
2026-02-14 11:57:10,972 [INFO] [app.services.snapshot_service] Creating snapshot for pyramid 934fd35f-2f09-4533-ac96-6308ef6de9bf
2026-02-14 11:57:10,972 [DEBUG] [aiosqlite] executing functools.partial(<built-in method cursor of sqlite3.Connection object at 0x11e51c5e0>)
2026-02-14 11:57:10,972 [DEBUG] [aiosqlite] operation functools.partial(<built-in method cursor of sqlite3.Connection object at 0x11e51c5e0>) completed
2026-02-14 11:57:10,972 [DEBUG] [aiosqlite] executing functools.partial(<built-in method execute of sqlite3.Cursor object at 0x11faf8540>, 'SELECT pyramids.id, pyramids.name, pyramids.description, pyramids.created_at, pyramids.updated_at, pyramids.is_deleted \nFROM pyramids \nWHERE pyramids.id = ?', ('934fd35f2f094533ac966308ef6de9bf',))
2026-02-14 11:57:10,972 [DEBUG] [aiosqlite] operation functools.partial(<built-in method execute of sqlite3.Cursor object at 0x11faf8540>, 'SELECT pyramids.id, pyramids.name, pyramids.description, pyramids.created_at, pyramids.updated_at, pyramids.is_deleted \nFROM pyramids \nWHERE pyramids.id = ?', ('934fd35f2f094533ac966308ef6de9bf',)) completed
2026-02-14 11:57:10,972 [DEBUG] [aiosqlite] executing functools.partial(<built-in method fetchall of sqlite3.Cursor object at 0x11faf8540>)
2026-02-14 11:57:10,972 [DEBUG] [aiosqlite] operation functools.partial(<built-in method fetchall of sqlite3.Cursor object at 0x11faf8540>) completed
2026-02-14 11:57:10,972 [DEBUG] [aiosqlite] executing functools.partial(<built-in method close of sqlite3.Cursor object at 0x11faf8540>)
2026-02-14 11:57:10,972 [DEBUG] [aiosqlite] operation functools.partial(<built-in method close of sqlite3.Cursor object at 0x11faf8540>) completed
2026-02-14 11:57:10,973 [DEBUG] [aiosqlite] executing functools.partial(<built-in method cursor of sqlite3.Connection object at 0x11e51c5e0>)
2026-02-14 11:57:10,973 [DEBUG] [aiosqlite] operation functools.partial(<built-in method cursor of sqlite3.Connection object at 0x11e51c5e0>) completed
2026-02-14 11:57:10,973 [DEBUG] [aiosqlite] executing functools.partial(<built-in method execute of sqlite3.Cursor object at 0x11fb20340>, 'SELECT pyramid_nodes.id, pyramid_nodes.pyramid_id, pyramid_nodes.parent_id, pyramid_nodes.name, pyramid_nodes.description, pyramid_nodes.level, pyramid_nodes.sort_order, pyramid_nodes.path, pyramid_nodes.health_score, pyramid_nodes.status, pyramid_nodes.content_count, pyramid_nodes.last_content_at, pyramid_nodes.is_deleted \nFROM pyramid_nodes \nWHERE pyramid_nodes.pyramid_id = ?', ('934fd35f2f094533ac966308ef6de9bf',))
2026-02-14 11:57:10,973 [DEBUG] [aiosqlite] operation functools.partial(<built-in method execute of sqlite3.Cursor object at 0x11fb20340>, 'SELECT pyramid_nodes.id, pyramid_nodes.pyramid_id, pyramid_nodes.parent_id, pyramid_nodes.name, pyramid_nodes.description, pyramid_nodes.level, pyramid_nodes.sort_order, pyramid_nodes.path, pyramid_nodes.health_score, pyramid_nodes.status, pyramid_nodes.content_count, pyramid_nodes.last_content_at, pyramid_nodes.is_deleted \nFROM pyramid_nodes \nWHERE pyramid_nodes.pyramid_id = ?', ('934fd35f2f094533ac966308ef6de9bf',)) completed
2026-02-14 11:57:10,973 [DEBUG] [aiosqlite] executing functools.partial(<built-in method fetchall of sqlite3.Cursor object at 0x11fb20340>)
2026-02-14 11:57:10,973 [DEBUG] [aiosqlite] operation functools.partial(<built-in method fetchall of sqlite3.Cursor object at 0x11fb20340>) completed
2026-02-14 11:57:10,973 [DEBUG] [aiosqlite] executing functools.partial(<built-in method close of sqlite3.Cursor object at 0x11fb20340>)
2026-02-14 11:57:10,973 [DEBUG] [aiosqlite] operation functools.partial(<built-in method close of sqlite3.Cursor object at 0x11fb20340>) completed
2026-02-14 11:57:10,973 [DEBUG] [aiosqlite] executing functools.partial(<built-in method cursor of sqlite3.Connection object at 0x11e51c5e0>)
2026-02-14 11:57:10,973 [DEBUG] [aiosqlite] operation functools.partial(<built-in method cursor of sqlite3.Connection object at 0x11e51c5e0>) completed
2026-02-14 11:57:10,973 [DEBUG] [aiosqlite] executing functools.partial(<built-in method execute of sqlite3.Cursor object at 0x11fb207c0>, 'SELECT node_relations.id, node_relations.source_node_id, node_relations.target_node_id, node_relations.relation_type \nFROM node_relations \nWHERE node_relations.source_node_id IN (?) OR node_relations.target_node_id IN (?)', ('a7d53b3d2bee4e0981d87d44f9fa93bd', 'a7d53b3d2bee4e0981d87d44f9fa93bd'))
2026-02-14 11:57:10,973 [DEBUG] [aiosqlite] operation functools.partial(<built-in method execute of sqlite3.Cursor object at 0x11fb207c0>, 'SELECT node_relations.id, node_relations.source_node_id, node_relations.target_node_id, node_relations.relation_type \nFROM node_relations \nWHERE node_relations.source_node_id IN (?) OR node_relations.target_node_id IN (?)', ('a7d53b3d2bee4e0981d87d44f9fa93bd', 'a7d53b3d2bee4e0981d87d44f9fa93bd')) completed
2026-02-14 11:57:10,973 [DEBUG] [aiosqlite] executing functools.partial(<built-in method fetchall of sqlite3.Cursor object at 0x11fb207c0>)
2026-02-14 11:57:10,973 [DEBUG] [aiosqlite] operation functools.partial(<built-in method fetchall of sqlite3.Cursor object at 0x11fb207c0>) completed
2026-02-14 11:57:10,974 [DEBUG] [aiosqlite] executing functools.partial(<built-in method close of sqlite3.Cursor object at 0x11fb207c0>)
2026-02-14 11:57:10,974 [DEBUG] [aiosqlite] operation functools.partial(<built-in method close of sqlite3.Cursor object at 0x11fb207c0>) completed
2026-02-14 11:57:10,974 [DEBUG] [aiosqlite] executing functools.partial(<built-in method cursor of sqlite3.Connection object at 0x11e51c5e0>)
2026-02-14 11:57:10,974 [DEBUG] [aiosqlite] operation functools.partial(<built-in method cursor of sqlite3.Connection object at 0x11e51c5e0>) completed
2026-02-14 11:57:10,974 [DEBUG] [aiosqlite] executing functools.partial(<built-in method execute of sqlite3.Cursor object at 0x11fb20b40>, 'INSERT INTO snapshots (id, pyramid_id, version, data, reason) VALUES (?, ?, ?, ?, ?) RETURNING created_at', ('dfdc62c821934d728c068aa2b29d0a93', '934fd35f2f094533ac966308ef6de9bf', 'v-20260214035710', '{"pyramid": {"id": "934fd35f-2f09-4533-ac96-6308ef6de9bf", "name": "Test Pyramid", "description": "Desc"}, "nodes": [{"id": "a7d53b3d-2bee-4e09-81d8-7d44f9fa93bd", "parent_id": null, "name": "Node A Modified", "description": null, "level": 1, "sort_order": 0, "path": "A", "health_score": 100}], "relations": [], "timestamp": "2026-02-14T03:57:10.974147+00:00"}', 'Auto-backup before rollback to v-20260214035710'))
2026-02-14 11:57:10,974 [DEBUG] [aiosqlite] operation functools.partial(<built-in method execute of sqlite3.Cursor object at 0x11fb20b40>, 'INSERT INTO snapshots (id, pyramid_id, version, data, reason) VALUES (?, ?, ?, ?, ?) RETURNING created_at', ('dfdc62c821934d728c068aa2b29d0a93', '934fd35f2f094533ac966308ef6de9bf', 'v-20260214035710', '{"pyramid": {"id": "934fd35f-2f09-4533-ac96-6308ef6de9bf", "name": "Test Pyramid", "description": "Desc"}, "nodes": [{"id": "a7d53b3d-2bee-4e09-81d8-7d44f9fa93bd", "parent_id": null, "name": "Node A Modified", "description": null, "level": 1, "sort_order": 0, "path": "A", "health_score": 100}], "relations": [], "timestamp": "2026-02-14T03:57:10.974147+00:00"}', 'Auto-backup before rollback to v-20260214035710')) completed
2026-02-14 11:57:10,974 [DEBUG] [aiosqlite] executing functools.partial(<built-in method fetchall of sqlite3.Cursor object at 0x11fb20b40>)
2026-02-14 11:57:10,974 [DEBUG] [aiosqlite] operation functools.partial(<built-in method fetchall of sqlite3.Cursor object at 0x11fb20b40>) completed
2026-02-14 11:57:10,974 [DEBUG] [aiosqlite] executing functools.partial(<built-in method close of sqlite3.Cursor object at 0x11fb20b40>)
2026-02-14 11:57:10,974 [DEBUG] [aiosqlite] operation functools.partial(<built-in method close of sqlite3.Cursor object at 0x11fb20b40>) completed
2026-02-14 11:57:10,974 [DEBUG] [aiosqlite] executing functools.partial(<built-in method commit of sqlite3.Connection object at 0x11e51c5e0>)
2026-02-14 11:57:10,974 [DEBUG] [aiosqlite] operation functools.partial(<built-in method commit of sqlite3.Connection object at 0x11e51c5e0>) completed
2026-02-14 11:57:10,974 [DEBUG] [aiosqlite] executing functools.partial(<built-in method rollback of sqlite3.Connection object at 0x11e51c5e0>)
2026-02-14 11:57:10,974 [DEBUG] [aiosqlite] operation functools.partial(<built-in method rollback of sqlite3.Connection object at 0x11e51c5e0>) completed
2026-02-14 11:57:10,975 [DEBUG] [aiosqlite] executing functools.partial(<built-in method cursor of sqlite3.Connection object at 0x11e51c5e0>)
2026-02-14 11:57:10,975 [DEBUG] [aiosqlite] operation functools.partial(<built-in method cursor of sqlite3.Connection object at 0x11e51c5e0>) completed
2026-02-14 11:57:10,975 [DEBUG] [aiosqlite] executing functools.partial(<built-in method execute of sqlite3.Cursor object at 0x11fb21040>, 'SELECT snapshots.id, snapshots.pyramid_id, snapshots.version, snapshots.data, snapshots.reason, snapshots.created_at \nFROM snapshots \nWHERE snapshots.id = ?', ('dfdc62c821934d728c068aa2b29d0a93',))
2026-02-14 11:57:10,975 [DEBUG] [aiosqlite] operation functools.partial(<built-in method execute of sqlite3.Cursor object at 0x11fb21040>, 'SELECT snapshots.id, snapshots.pyramid_id, snapshots.version, snapshots.data, snapshots.reason, snapshots.created_at \nFROM snapshots \nWHERE snapshots.id = ?', ('dfdc62c821934d728c068aa2b29d0a93',)) completed
2026-02-14 11:57:10,975 [DEBUG] [aiosqlite] executing functools.partial(<built-in method fetchall of sqlite3.Cursor object at 0x11fb21040>)
2026-02-14 11:57:10,975 [DEBUG] [aiosqlite] operation functools.partial(<built-in method fetchall of sqlite3.Cursor object at 0x11fb21040>) completed
2026-02-14 11:57:10,975 [DEBUG] [aiosqlite] executing functools.partial(<built-in method close of sqlite3.Cursor object at 0x11fb21040>)
2026-02-14 11:57:10,975 [DEBUG] [aiosqlite] operation functools.partial(<built-in method close of sqlite3.Cursor object at 0x11fb21040>) completed
2026-02-14 11:57:10,975 [INFO] [app.services.snapshot_service] Snapshot dfdc62c8-2193-4d72-8c06-8aa2b29d0a93 created with version v-20260214035710
2026-02-14 11:57:10,975 [INFO] [app.services.snapshot_service] Restoring snapshot 98edd97d-3036-458a-a9f9-303fdcc104ce
2026-02-14 11:57:10,975 [DEBUG] [aiosqlite] executing functools.partial(<built-in method cursor of sqlite3.Connection object at 0x11e51c5e0>)
2026-02-14 11:57:10,975 [DEBUG] [aiosqlite] operation functools.partial(<built-in method cursor of sqlite3.Connection object at 0x11e51c5e0>) completed
2026-02-14 11:57:10,975 [DEBUG] [aiosqlite] executing functools.partial(<built-in method execute of sqlite3.Cursor object at 0x11fafa340>, 'SELECT snapshots.id, snapshots.pyramid_id, snapshots.version, snapshots.data, snapshots.reason, snapshots.created_at \nFROM snapshots \nWHERE snapshots.id = ?', ('98edd97d3036458aa9f9303fdcc104ce',))
2026-02-14 11:57:10,975 [DEBUG] [aiosqlite] operation functools.partial(<built-in method execute of sqlite3.Cursor object at 0x11fafa340>, 'SELECT snapshots.id, snapshots.pyramid_id, snapshots.version, snapshots.data, snapshots.reason, snapshots.created_at \nFROM snapshots \nWHERE snapshots.id = ?', ('98edd97d3036458aa9f9303fdcc104ce',)) completed
2026-02-14 11:57:10,975 [DEBUG] [aiosqlite] executing functools.partial(<built-in method fetchall of sqlite3.Cursor object at 0x11fafa340>)
2026-02-14 11:57:10,975 [DEBUG] [aiosqlite] operation functools.partial(<built-in method fetchall of sqlite3.Cursor object at 0x11fafa340>) completed
2026-02-14 11:57:10,975 [DEBUG] [aiosqlite] executing functools.partial(<built-in method close of sqlite3.Cursor object at 0x11fafa340>)
2026-02-14 11:57:10,975 [DEBUG] [aiosqlite] operation functools.partial(<built-in method close of sqlite3.Cursor object at 0x11fafa340>) completed
2026-02-14 11:57:10,976 [DEBUG] [aiosqlite] executing functools.partial(<built-in method cursor of sqlite3.Connection object at 0x11e51c5e0>)
2026-02-14 11:57:10,976 [DEBUG] [aiosqlite] operation functools.partial(<built-in method cursor of sqlite3.Connection object at 0x11e51c5e0>) completed
2026-02-14 11:57:10,976 [DEBUG] [aiosqlite] executing functools.partial(<built-in method execute of sqlite3.Cursor object at 0x11fb20fc0>, 'SELECT pyramids.id, pyramids.name, pyramids.description, pyramids.created_at, pyramids.updated_at, pyramids.is_deleted \nFROM pyramids \nWHERE pyramids.id = ?', ('934fd35f2f094533ac966308ef6de9bf',))
2026-02-14 11:57:10,976 [DEBUG] [aiosqlite] operation functools.partial(<built-in method execute of sqlite3.Cursor object at 0x11fb20fc0>, 'SELECT pyramids.id, pyramids.name, pyramids.description, pyramids.created_at, pyramids.updated_at, pyramids.is_deleted \nFROM pyramids \nWHERE pyramids.id = ?', ('934fd35f2f094533ac966308ef6de9bf',)) completed
2026-02-14 11:57:10,976 [DEBUG] [aiosqlite] executing functools.partial(<built-in method fetchall of sqlite3.Cursor object at 0x11fb20fc0>)
2026-02-14 11:57:10,976 [DEBUG] [aiosqlite] operation functools.partial(<built-in method fetchall of sqlite3.Cursor object at 0x11fb20fc0>) completed
2026-02-14 11:57:10,976 [DEBUG] [aiosqlite] executing functools.partial(<built-in method close of sqlite3.Cursor object at 0x11fb20fc0>)
2026-02-14 11:57:10,976 [DEBUG] [aiosqlite] operation functools.partial(<built-in method close of sqlite3.Cursor object at 0x11fb20fc0>) completed
2026-02-14 11:57:10,976 [DEBUG] [aiosqlite] executing functools.partial(<built-in method cursor of sqlite3.Connection object at 0x11e51c5e0>)
2026-02-14 11:57:10,976 [DEBUG] [aiosqlite] operation functools.partial(<built-in method cursor of sqlite3.Connection object at 0x11e51c5e0>) completed
2026-02-14 11:57:10,976 [DEBUG] [aiosqlite] executing functools.partial(<built-in method execute of sqlite3.Cursor object at 0x11fb202c0>, 'DELETE FROM pyramid_nodes WHERE pyramid_nodes.pyramid_id = ?', ('934fd35f2f094533ac966308ef6de9bf',))
2026-02-14 11:57:10,977 [DEBUG] [aiosqlite] operation functools.partial(<built-in method execute of sqlite3.Cursor object at 0x11fb202c0>, 'DELETE FROM pyramid_nodes WHERE pyramid_nodes.pyramid_id = ?', ('934fd35f2f094533ac966308ef6de9bf',)) completed
2026-02-14 11:57:10,977 [DEBUG] [aiosqlite] executing functools.partial(<built-in method close of sqlite3.Cursor object at 0x11fb202c0>)
2026-02-14 11:57:10,977 [DEBUG] [aiosqlite] operation functools.partial(<built-in method close of sqlite3.Cursor object at 0x11fb202c0>) completed
2026-02-14 11:57:10,977 [DEBUG] [aiosqlite] executing functools.partial(<built-in method cursor of sqlite3.Connection object at 0x11e51c5e0>)
2026-02-14 11:57:10,977 [DEBUG] [aiosqlite] operation functools.partial(<built-in method cursor of sqlite3.Connection object at 0x11e51c5e0>) completed
2026-02-14 11:57:10,977 [DEBUG] [aiosqlite] executing functools.partial(<built-in method execute of sqlite3.Cursor object at 0x11fafab40>, 'INSERT INTO pyramid_nodes (id, pyramid_id, parent_id, name, description, level, sort_order, path, health_score, status, content_count, last_content_at, is_deleted) VALUES (?, ?, ?, ?, ?, ?, ?, ?, ?, ?, ?, ?, ?)', ('a7d53b3d2bee4e0981d87d44f9fa93bd', '934fd35f2f094533ac966308ef6de9bf', None, 'Node A', None, 1, 0, 'A', 100, 'pending', 0, None, 0))
2026-02-14 11:57:10,977 [DEBUG] [aiosqlite] operation functools.partial(<built-in method execute of sqlite3.Cursor object at 0x11fafab40>, 'INSERT INTO pyramid_nodes (id, pyramid_id, parent_id, name, description, level, sort_order, path, health_score, status, content_count, last_content_at, is_deleted) VALUES (?, ?, ?, ?, ?, ?, ?, ?, ?, ?, ?, ?, ?)', ('a7d53b3d2bee4e0981d87d44f9fa93bd', '934fd35f2f094533ac966308ef6de9bf', None, 'Node A', None, 1, 0, 'A', 100, 'pending', 0, None, 0)) completed
2026-02-14 11:57:10,977 [DEBUG] [aiosqlite] executing functools.partial(<built-in method close of sqlite3.Cursor object at 0x11fafab40>)
2026-02-14 11:57:10,977 [DEBUG] [aiosqlite] operation functools.partial(<built-in method close of sqlite3.Cursor object at 0x11fafab40>) completed
2026-02-14 11:57:10,977 [DEBUG] [aiosqlite] executing functools.partial(<built-in method commit of sqlite3.Connection object at 0x11e51c5e0>)
2026-02-14 11:57:10,977 [DEBUG] [aiosqlite] operation functools.partial(<built-in method commit of sqlite3.Connection object at 0x11e51c5e0>) completed
2026-02-14 11:57:10,977 [DEBUG] [aiosqlite] executing functools.partial(<built-in method rollback of sqlite3.Connection object at 0x11e51c5e0>)
2026-02-14 11:57:10,977 [DEBUG] [aiosqlite] operation functools.partial(<built-in method rollback of sqlite3.Connection object at 0x11e51c5e0>) completed
2026-02-14 11:57:10,977 [INFO] [app.services.snapshot_service] Successfully restored snapshot 98edd97d-3036-458a-a9f9-303fdcc104ce
2026-02-14 11:57:10,978 [DEBUG] [aiosqlite] executing functools.partial(<built-in method cursor of sqlite3.Connection object at 0x11e51c5e0>)
2026-02-14 11:57:10,978 [DEBUG] [aiosqlite] operation functools.partial(<built-in method cursor of sqlite3.Connection object at 0x11e51c5e0>) completed
2026-02-14 11:57:10,978 [DEBUG] [aiosqlite] executing functools.partial(<built-in method execute of sqlite3.Cursor object at 0x11fb208c0>, 'SELECT pyramid_nodes.id, pyramid_nodes.pyramid_id, pyramid_nodes.parent_id, pyramid_nodes.name, pyramid_nodes.description, pyramid_nodes.level, pyramid_nodes.sort_order, pyramid_nodes.path, pyramid_nodes.health_score, pyramid_nodes.status, pyramid_nodes.content_count, pyramid_nodes.last_content_at, pyramid_nodes.is_deleted \nFROM pyramid_nodes \nWHERE pyramid_nodes.id = ?', ('a7d53b3d2bee4e0981d87d44f9fa93bd',))
2026-02-14 11:57:10,978 [DEBUG] [aiosqlite] operation functools.partial(<built-in method execute of sqlite3.Cursor object at 0x11fb208c0>, 'SELECT pyramid_nodes.id, pyramid_nodes.pyramid_id, pyramid_nodes.parent_id, pyramid_nodes.name, pyramid_nodes.description, pyramid_nodes.level, pyramid_nodes.sort_order, pyramid_nodes.path, pyramid_nodes.health_score, pyramid_nodes.status, pyramid_nodes.content_count, pyramid_nodes.last_content_at, pyramid_nodes.is_deleted \nFROM pyramid_nodes \nWHERE pyramid_nodes.id = ?', ('a7d53b3d2bee4e0981d87d44f9fa93bd',)) completed
2026-02-14 11:57:10,978 [DEBUG] [aiosqlite] executing functools.partial(<built-in method fetchall of sqlite3.Cursor object at 0x11fb208c0>)
2026-02-14 11:57:10,978 [DEBUG] [aiosqlite] operation functools.partial(<built-in method fetchall of sqlite3.Cursor object at 0x11fb208c0>) completed
2026-02-14 11:57:10,978 [DEBUG] [aiosqlite] executing functools.partial(<built-in method close of sqlite3.Cursor object at 0x11fb208c0>)
2026-02-14 11:57:10,978 [DEBUG] [aiosqlite] operation functools.partial(<built-in method close of sqlite3.Cursor object at 0x11fb208c0>) completed
2026-02-14 11:57:10,978 [DEBUG] [aiosqlite] executing functools.partial(<built-in method cursor of sqlite3.Connection object at 0x11e51c5e0>)
2026-02-14 11:57:10,978 [DEBUG] [aiosqlite] operation functools.partial(<built-in method cursor of sqlite3.Connection object at 0x11e51c5e0>) completed
2026-02-14 11:57:10,978 [DEBUG] [aiosqlite] executing functools.partial(<built-in method execute of sqlite3.Cursor object at 0x11fafbe40>, 'SELECT snapshots.id, snapshots.pyramid_id, snapshots.version, snapshots.data, snapshots.reason, snapshots.created_at \nFROM snapshots \nWHERE snapshots.pyramid_id = ? ORDER BY snapshots.created_at DESC', ('934fd35f2f094533ac966308ef6de9bf',))
2026-02-14 11:57:10,978 [DEBUG] [aiosqlite] operation functools.partial(<built-in method execute of sqlite3.Cursor object at 0x11fafbe40>, 'SELECT snapshots.id, snapshots.pyramid_id, snapshots.version, snapshots.data, snapshots.reason, snapshots.created_at \nFROM snapshots \nWHERE snapshots.pyramid_id = ? ORDER BY snapshots.created_at DESC', ('934fd35f2f094533ac966308ef6de9bf',)) completed
2026-02-14 11:57:10,978 [DEBUG] [aiosqlite] executing functools.partial(<built-in method fetchall of sqlite3.Cursor object at 0x11fafbe40>)
2026-02-14 11:57:10,978 [DEBUG] [aiosqlite] operation functools.partial(<built-in method fetchall of sqlite3.Cursor object at 0x11fafbe40>) completed
2026-02-14 11:57:10,978 [DEBUG] [aiosqlite] executing functools.partial(<built-in method close of sqlite3.Cursor object at 0x11fafbe40>)
2026-02-14 11:57:10,978 [DEBUG] [aiosqlite] operation functools.partial(<built-in method close of sqlite3.Cursor object at 0x11fafbe40>) completed
DEBUG: Starting rollback to 98edd97d-3036-458a-a9f9-303fdcc104ce
DEBUG: Creating backup for pyramid 934fd35f-2f09-4533-ac96-6308ef6de9bf
DEBUG: Backup created
DEBUG: Calling restore_snapshot
F2026-02-14 11:57:11,025 [DEBUG] [aiosqlite] executing functools.partial(<built-in method rollback of sqlite3.Connection object at 0x11e51c5e0>)
2026-02-14 11:57:11,025 [DEBUG] [aiosqlite] operation functools.partial(<built-in method rollback of sqlite3.Connection object at 0x11e51c5e0>) completed
2026-02-14 11:57:11,025 [DEBUG] [aiosqlite] executing functools.partial(<built-in method rollback of sqlite3.Connection object at 0x11e51c5e0>)
2026-02-14 11:57:11,025 [DEBUG] [aiosqlite] operation functools.partial(<built-in method rollback of sqlite3.Connection object at 0x11e51c5e0>) completed
2026-02-14 11:57:11,025 [DEBUG] [aiosqlite] executing functools.partial(<built-in method cursor of sqlite3.Connection object at 0x11e51c5e0>)
2026-02-14 11:57:11,025 [DEBUG] [aiosqlite] operation functools.partial(<built-in method cursor of sqlite3.Connection object at 0x11e51c5e0>) completed
2026-02-14 11:57:11,025 [DEBUG] [aiosqlite] executing functools.partial(<built-in method execute of sqlite3.Cursor object at 0x11fba2cc0>, 'PRAGMA main.table_info("pyramids")', ())
2026-02-14 11:57:11,025 [DEBUG] [aiosqlite] operation functools.partial(<built-in method execute of sqlite3.Cursor object at 0x11fba2cc0>, 'PRAGMA main.table_info("pyramids")', ()) completed
2026-02-14 11:57:11,025 [DEBUG] [aiosqlite] executing functools.partial(<built-in method fetchall of sqlite3.Cursor object at 0x11fba2cc0>)
2026-02-14 11:57:11,025 [DEBUG] [aiosqlite] operation functools.partial(<built-in method fetchall of sqlite3.Cursor object at 0x11fba2cc0>) completed
2026-02-14 11:57:11,026 [DEBUG] [aiosqlite] executing functools.partial(<built-in method close of sqlite3.Cursor object at 0x11fba2cc0>)
2026-02-14 11:57:11,026 [DEBUG] [aiosqlite] operation functools.partial(<built-in method close of sqlite3.Cursor object at 0x11fba2cc0>) completed
2026-02-14 11:57:11,026 [DEBUG] [aiosqlite] executing functools.partial(<built-in method cursor of sqlite3.Connection object at 0x11e51c5e0>)
2026-02-14 11:57:11,026 [DEBUG] [aiosqlite] operation functools.partial(<built-in method cursor of sqlite3.Connection object at 0x11e51c5e0>) completed
2026-02-14 11:57:11,026 [DEBUG] [aiosqlite] executing functools.partial(<built-in method execute of sqlite3.Cursor object at 0x11fba2c40>, 'PRAGMA main.table_info("pyramid_nodes")', ())
2026-02-14 11:57:11,026 [DEBUG] [aiosqlite] operation functools.partial(<built-in method execute of sqlite3.Cursor object at 0x11fba2c40>, 'PRAGMA main.table_info("pyramid_nodes")', ()) completed
2026-02-14 11:57:11,026 [DEBUG] [aiosqlite] executing functools.partial(<built-in method fetchall of sqlite3.Cursor object at 0x11fba2c40>)
2026-02-14 11:57:11,026 [DEBUG] [aiosqlite] operation functools.partial(<built-in method fetchall of sqlite3.Cursor object at 0x11fba2c40>) completed
2026-02-14 11:57:11,026 [DEBUG] [aiosqlite] executing functools.partial(<built-in method close of sqlite3.Cursor object at 0x11fba2c40>)
2026-02-14 11:57:11,026 [DEBUG] [aiosqlite] operation functools.partial(<built-in method close of sqlite3.Cursor object at 0x11fba2c40>) completed
2026-02-14 11:57:11,026 [DEBUG] [aiosqlite] executing functools.partial(<built-in method cursor of sqlite3.Connection object at 0x11e51c5e0>)
2026-02-14 11:57:11,026 [DEBUG] [aiosqlite] operation functools.partial(<built-in method cursor of sqlite3.Connection object at 0x11e51c5e0>) completed
2026-02-14 11:57:11,026 [DEBUG] [aiosqlite] executing functools.partial(<built-in method execute of sqlite3.Cursor object at 0x11fba2bc0>, 'PRAGMA main.table_info("node_relations")', ())
2026-02-14 11:57:11,026 [DEBUG] [aiosqlite] operation functools.partial(<built-in method execute of sqlite3.Cursor object at 0x11fba2bc0>, 'PRAGMA main.table_info("node_relations")', ()) completed
2026-02-14 11:57:11,026 [DEBUG] [aiosqlite] executing functools.partial(<built-in method fetchall of sqlite3.Cursor object at 0x11fba2bc0>)
2026-02-14 11:57:11,026 [DEBUG] [aiosqlite] operation functools.partial(<built-in method fetchall of sqlite3.Cursor object at 0x11fba2bc0>) completed
2026-02-14 11:57:11,026 [DEBUG] [aiosqlite] executing functools.partial(<built-in method close of sqlite3.Cursor object at 0x11fba2bc0>)
2026-02-14 11:57:11,026 [DEBUG] [aiosqlite] operation functools.partial(<built-in method close of sqlite3.Cursor object at 0x11fba2bc0>) completed
2026-02-14 11:57:11,026 [DEBUG] [aiosqlite] executing functools.partial(<built-in method cursor of sqlite3.Connection object at 0x11e51c5e0>)
2026-02-14 11:57:11,026 [DEBUG] [aiosqlite] operation functools.partial(<built-in method cursor of sqlite3.Connection object at 0x11e51c5e0>) completed
2026-02-14 11:57:11,026 [DEBUG] [aiosqlite] executing functools.partial(<built-in method execute of sqlite3.Cursor object at 0x11fba2e40>, 'PRAGMA main.table_info("information_sources")', ())
2026-02-14 11:57:11,026 [DEBUG] [aiosqlite] operation functools.partial(<built-in method execute of sqlite3.Cursor object at 0x11fba2e40>, 'PRAGMA main.table_info("information_sources")', ()) completed
2026-02-14 11:57:11,026 [DEBUG] [aiosqlite] executing functools.partial(<built-in method fetchall of sqlite3.Cursor object at 0x11fba2e40>)
2026-02-14 11:57:11,026 [DEBUG] [aiosqlite] operation functools.partial(<built-in method fetchall of sqlite3.Cursor object at 0x11fba2e40>) completed
2026-02-14 11:57:11,026 [DEBUG] [aiosqlite] executing functools.partial(<built-in method close of sqlite3.Cursor object at 0x11fba2e40>)
2026-02-14 11:57:11,026 [DEBUG] [aiosqlite] operation functools.partial(<built-in method close of sqlite3.Cursor object at 0x11fba2e40>) completed
2026-02-14 11:57:11,027 [DEBUG] [aiosqlite] executing functools.partial(<built-in method cursor of sqlite3.Connection object at 0x11e51c5e0>)
2026-02-14 11:57:11,027 [DEBUG] [aiosqlite] operation functools.partial(<built-in method cursor of sqlite3.Connection object at 0x11e51c5e0>) completed
2026-02-14 11:57:11,027 [DEBUG] [aiosqlite] executing functools.partial(<built-in method execute of sqlite3.Cursor object at 0x11fba2f40>, 'PRAGMA main.table_info("source_node_relations")', ())
2026-02-14 11:57:11,027 [DEBUG] [aiosqlite] operation functools.partial(<built-in method execute of sqlite3.Cursor object at 0x11fba2f40>, 'PRAGMA main.table_info("source_node_relations")', ()) completed
2026-02-14 11:57:11,027 [DEBUG] [aiosqlite] executing functools.partial(<built-in method fetchall of sqlite3.Cursor object at 0x11fba2f40>)
2026-02-14 11:57:11,027 [DEBUG] [aiosqlite] operation functools.partial(<built-in method fetchall of sqlite3.Cursor object at 0x11fba2f40>) completed
2026-02-14 11:57:11,027 [DEBUG] [aiosqlite] executing functools.partial(<built-in method close of sqlite3.Cursor object at 0x11fba2f40>)
2026-02-14 11:57:11,027 [DEBUG] [aiosqlite] operation functools.partial(<built-in method close of sqlite3.Cursor object at 0x11fba2f40>) completed
2026-02-14 11:57:11,027 [DEBUG] [aiosqlite] executing functools.partial(<built-in method cursor of sqlite3.Connection object at 0x11e51c5e0>)
2026-02-14 11:57:11,027 [DEBUG] [aiosqlite] operation functools.partial(<built-in method cursor of sqlite3.Connection object at 0x11e51c5e0>) completed
2026-02-14 11:57:11,027 [DEBUG] [aiosqlite] executing functools.partial(<built-in method execute of sqlite3.Cursor object at 0x11fba2fc0>, 'PRAGMA main.table_info("content_items")', ())
2026-02-14 11:57:11,027 [DEBUG] [aiosqlite] operation functools.partial(<built-in method execute of sqlite3.Cursor object at 0x11fba2fc0>, 'PRAGMA main.table_info("content_items")', ()) completed
2026-02-14 11:57:11,027 [DEBUG] [aiosqlite] executing functools.partial(<built-in method fetchall of sqlite3.Cursor object at 0x11fba2fc0>)
2026-02-14 11:57:11,027 [DEBUG] [aiosqlite] operation functools.partial(<built-in method fetchall of sqlite3.Cursor object at 0x11fba2fc0>) completed
2026-02-14 11:57:11,027 [DEBUG] [aiosqlite] executing functools.partial(<built-in method close of sqlite3.Cursor object at 0x11fba2fc0>)
2026-02-14 11:57:11,027 [DEBUG] [aiosqlite] operation functools.partial(<built-in method close of sqlite3.Cursor object at 0x11fba2fc0>) completed
2026-02-14 11:57:11,027 [DEBUG] [aiosqlite] executing functools.partial(<built-in method cursor of sqlite3.Connection object at 0x11e51c5e0>)
2026-02-14 11:57:11,027 [DEBUG] [aiosqlite] operation functools.partial(<built-in method cursor of sqlite3.Connection object at 0x11e51c5e0>) completed
2026-02-14 11:57:11,027 [DEBUG] [aiosqlite] executing functools.partial(<built-in method execute of sqlite3.Cursor object at 0x11fba3040>, 'PRAGMA main.table_info("content_node_relations")', ())
2026-02-14 11:57:11,027 [DEBUG] [aiosqlite] operation functools.partial(<built-in method execute of sqlite3.Cursor object at 0x11fba3040>, 'PRAGMA main.table_info("content_node_relations")', ()) completed
2026-02-14 11:57:11,027 [DEBUG] [aiosqlite] executing functools.partial(<built-in method fetchall of sqlite3.Cursor object at 0x11fba3040>)
2026-02-14 11:57:11,027 [DEBUG] [aiosqlite] operation functools.partial(<built-in method fetchall of sqlite3.Cursor object at 0x11fba3040>) completed
2026-02-14 11:57:11,027 [DEBUG] [aiosqlite] executing functools.partial(<built-in method close of sqlite3.Cursor object at 0x11fba3040>)
2026-02-14 11:57:11,027 [DEBUG] [aiosqlite] operation functools.partial(<built-in method close of sqlite3.Cursor object at 0x11fba3040>) completed
2026-02-14 11:57:11,028 [DEBUG] [aiosqlite] executing functools.partial(<built-in method cursor of sqlite3.Connection object at 0x11e51c5e0>)
2026-02-14 11:57:11,028 [DEBUG] [aiosqlite] operation functools.partial(<built-in method cursor of sqlite3.Connection object at 0x11e51c5e0>) completed
2026-02-14 11:57:11,028 [DEBUG] [aiosqlite] executing functools.partial(<built-in method execute of sqlite3.Cursor object at 0x11fba30c0>, 'PRAGMA main.table_info("validation_results")', ())
2026-02-14 11:57:11,028 [DEBUG] [aiosqlite] operation functools.partial(<built-in method execute of sqlite3.Cursor object at 0x11fba30c0>, 'PRAGMA main.table_info("validation_results")', ()) completed
2026-02-14 11:57:11,028 [DEBUG] [aiosqlite] executing functools.partial(<built-in method fetchall of sqlite3.Cursor object at 0x11fba30c0>)
2026-02-14 11:57:11,028 [DEBUG] [aiosqlite] operation functools.partial(<built-in method fetchall of sqlite3.Cursor object at 0x11fba30c0>) completed
2026-02-14 11:57:11,028 [DEBUG] [aiosqlite] executing functools.partial(<built-in method close of sqlite3.Cursor object at 0x11fba30c0>)
2026-02-14 11:57:11,028 [DEBUG] [aiosqlite] operation functools.partial(<built-in method close of sqlite3.Cursor object at 0x11fba30c0>) completed
2026-02-14 11:57:11,028 [DEBUG] [aiosqlite] executing functools.partial(<built-in method cursor of sqlite3.Connection object at 0x11e51c5e0>)
2026-02-14 11:57:11,028 [DEBUG] [aiosqlite] operation functools.partial(<built-in method cursor of sqlite3.Connection object at 0x11e51c5e0>) completed
2026-02-14 11:57:11,028 [DEBUG] [aiosqlite] executing functools.partial(<built-in method execute of sqlite3.Cursor object at 0x11fba3140>, 'PRAGMA main.table_info("crawl_jobs")', ())
2026-02-14 11:57:11,028 [DEBUG] [aiosqlite] operation functools.partial(<built-in method execute of sqlite3.Cursor object at 0x11fba3140>, 'PRAGMA main.table_info("crawl_jobs")', ()) completed
2026-02-14 11:57:11,028 [DEBUG] [aiosqlite] executing functools.partial(<built-in method fetchall of sqlite3.Cursor object at 0x11fba3140>)
2026-02-14 11:57:11,028 [DEBUG] [aiosqlite] operation functools.partial(<built-in method fetchall of sqlite3.Cursor object at 0x11fba3140>) completed
2026-02-14 11:57:11,028 [DEBUG] [aiosqlite] executing functools.partial(<built-in method close of sqlite3.Cursor object at 0x11fba3140>)
2026-02-14 11:57:11,028 [DEBUG] [aiosqlite] operation functools.partial(<built-in method close of sqlite3.Cursor object at 0x11fba3140>) completed
2026-02-14 11:57:11,028 [DEBUG] [aiosqlite] executing functools.partial(<built-in method cursor of sqlite3.Connection object at 0x11e51c5e0>)
2026-02-14 11:57:11,028 [DEBUG] [aiosqlite] operation functools.partial(<built-in method cursor of sqlite3.Connection object at 0x11e51c5e0>) completed
2026-02-14 11:57:11,028 [DEBUG] [aiosqlite] executing functools.partial(<built-in method execute of sqlite3.Cursor object at 0x11fba3240>, 'PRAGMA main.table_info("approvals")', ())
2026-02-14 11:57:11,028 [DEBUG] [aiosqlite] operation functools.partial(<built-in method execute of sqlite3.Cursor object at 0x11fba3240>, 'PRAGMA main.table_info("approvals")', ()) completed
2026-02-14 11:57:11,028 [DEBUG] [aiosqlite] executing functools.partial(<built-in method fetchall of sqlite3.Cursor object at 0x11fba3240>)
2026-02-14 11:57:11,028 [DEBUG] [aiosqlite] operation functools.partial(<built-in method fetchall of sqlite3.Cursor object at 0x11fba3240>) completed
2026-02-14 11:57:11,028 [DEBUG] [aiosqlite] executing functools.partial(<built-in method close of sqlite3.Cursor object at 0x11fba3240>)
2026-02-14 11:57:11,028 [DEBUG] [aiosqlite] operation functools.partial(<built-in method close of sqlite3.Cursor object at 0x11fba3240>) completed
2026-02-14 11:57:11,028 [DEBUG] [aiosqlite] executing functools.partial(<built-in method cursor of sqlite3.Connection object at 0x11e51c5e0>)
2026-02-14 11:57:11,028 [DEBUG] [aiosqlite] operation functools.partial(<built-in method cursor of sqlite3.Connection object at 0x11e51c5e0>) completed
2026-02-14 11:57:11,028 [DEBUG] [aiosqlite] executing functools.partial(<built-in method execute of sqlite3.Cursor object at 0x11fba2ec0>, 'PRAGMA main.table_info("concepts")', ())
2026-02-14 11:57:11,029 [DEBUG] [aiosqlite] operation functools.partial(<built-in method execute of sqlite3.Cursor object at 0x11fba2ec0>, 'PRAGMA main.table_info("concepts")', ()) completed
2026-02-14 11:57:11,029 [DEBUG] [aiosqlite] executing functools.partial(<built-in method fetchall of sqlite3.Cursor object at 0x11fba2ec0>)
2026-02-14 11:57:11,029 [DEBUG] [aiosqlite] operation functools.partial(<built-in method fetchall of sqlite3.Cursor object at 0x11fba2ec0>) completed
2026-02-14 11:57:11,029 [DEBUG] [aiosqlite] executing functools.partial(<built-in method close of sqlite3.Cursor object at 0x11fba2ec0>)
2026-02-14 11:57:11,029 [DEBUG] [aiosqlite] operation functools.partial(<built-in method close of sqlite3.Cursor object at 0x11fba2ec0>) completed
2026-02-14 11:57:11,029 [DEBUG] [aiosqlite] executing functools.partial(<built-in method cursor of sqlite3.Connection object at 0x11e51c5e0>)
2026-02-14 11:57:11,029 [DEBUG] [aiosqlite] operation functools.partial(<built-in method cursor of sqlite3.Connection object at 0x11e51c5e0>) completed
2026-02-14 11:57:11,029 [DEBUG] [aiosqlite] executing functools.partial(<built-in method execute of sqlite3.Cursor object at 0x11fba32c0>, 'PRAGMA main.table_info("concept_synonyms")', ())
2026-02-14 11:57:11,029 [DEBUG] [aiosqlite] operation functools.partial(<built-in method execute of sqlite3.Cursor object at 0x11fba32c0>, 'PRAGMA main.table_info("concept_synonyms")', ()) completed
2026-02-14 11:57:11,029 [DEBUG] [aiosqlite] executing functools.partial(<built-in method fetchall of sqlite3.Cursor object at 0x11fba32c0>)
2026-02-14 11:57:11,029 [DEBUG] [aiosqlite] operation functools.partial(<built-in method fetchall of sqlite3.Cursor object at 0x11fba32c0>) completed
2026-02-14 11:57:11,029 [DEBUG] [aiosqlite] executing functools.partial(<built-in method close of sqlite3.Cursor object at 0x11fba32c0>)
2026-02-14 11:57:11,029 [DEBUG] [aiosqlite] operation functools.partial(<built-in method close of sqlite3.Cursor object at 0x11fba32c0>) completed
2026-02-14 11:57:11,029 [DEBUG] [aiosqlite] executing functools.partial(<built-in method cursor of sqlite3.Connection object at 0x11e51c5e0>)
2026-02-14 11:57:11,029 [DEBUG] [aiosqlite] operation functools.partial(<built-in method cursor of sqlite3.Connection object at 0x11e51c5e0>) completed
2026-02-14 11:57:11,029 [DEBUG] [aiosqlite] executing functools.partial(<built-in method execute of sqlite3.Cursor object at 0x11fba33c0>, 'PRAGMA main.table_info("snapshots")', ())
2026-02-14 11:57:11,029 [DEBUG] [aiosqlite] operation functools.partial(<built-in method execute of sqlite3.Cursor object at 0x11fba33c0>, 'PRAGMA main.table_info("snapshots")', ()) completed
2026-02-14 11:57:11,029 [DEBUG] [aiosqlite] executing functools.partial(<built-in method fetchall of sqlite3.Cursor object at 0x11fba33c0>)
2026-02-14 11:57:11,029 [DEBUG] [aiosqlite] operation functools.partial(<built-in method fetchall of sqlite3.Cursor object at 0x11fba33c0>) completed
2026-02-14 11:57:11,029 [DEBUG] [aiosqlite] executing functools.partial(<built-in method close of sqlite3.Cursor object at 0x11fba33c0>)
2026-02-14 11:57:11,029 [DEBUG] [aiosqlite] operation functools.partial(<built-in method close of sqlite3.Cursor object at 0x11fba33c0>) completed
2026-02-14 11:57:11,029 [DEBUG] [aiosqlite] executing functools.partial(<built-in method cursor of sqlite3.Connection object at 0x11e51c5e0>)
2026-02-14 11:57:11,029 [DEBUG] [aiosqlite] operation functools.partial(<built-in method cursor of sqlite3.Connection object at 0x11e51c5e0>) completed
2026-02-14 11:57:11,029 [DEBUG] [aiosqlite] executing functools.partial(<built-in method execute of sqlite3.Cursor object at 0x11fba3440>, 'PRAGMA main.table_info("contributions")', ())
2026-02-14 11:57:11,029 [DEBUG] [aiosqlite] operation functools.partial(<built-in method execute of sqlite3.Cursor object at 0x11fba3440>, 'PRAGMA main.table_info("contributions")', ()) completed
2026-02-14 11:57:11,029 [DEBUG] [aiosqlite] executing functools.partial(<built-in method fetchall of sqlite3.Cursor object at 0x11fba3440>)
2026-02-14 11:57:11,029 [DEBUG] [aiosqlite] operation functools.partial(<built-in method fetchall of sqlite3.Cursor object at 0x11fba3440>) completed
2026-02-14 11:57:11,030 [DEBUG] [aiosqlite] executing functools.partial(<built-in method close of sqlite3.Cursor object at 0x11fba3440>)
2026-02-14 11:57:11,030 [DEBUG] [aiosqlite] operation functools.partial(<built-in method close of sqlite3.Cursor object at 0x11fba3440>) completed
2026-02-14 11:57:11,030 [DEBUG] [aiosqlite] executing functools.partial(<built-in method cursor of sqlite3.Connection object at 0x11e51c5e0>)
2026-02-14 11:57:11,030 [DEBUG] [aiosqlite] operation functools.partial(<built-in method cursor of sqlite3.Connection object at 0x11e51c5e0>) completed
2026-02-14 11:57:11,030 [DEBUG] [aiosqlite] executing functools.partial(<built-in method execute of sqlite3.Cursor object at 0x11fba3340>, 'PRAGMA main.table_info("synonym_mappings")', ())
2026-02-14 11:57:11,030 [DEBUG] [aiosqlite] operation functools.partial(<built-in method execute of sqlite3.Cursor object at 0x11fba3340>, 'PRAGMA main.table_info("synonym_mappings")', ()) completed
2026-02-14 11:57:11,030 [DEBUG] [aiosqlite] executing functools.partial(<built-in method fetchall of sqlite3.Cursor object at 0x11fba3340>)
2026-02-14 11:57:11,030 [DEBUG] [aiosqlite] operation functools.partial(<built-in method fetchall of sqlite3.Cursor object at 0x11fba3340>) completed
2026-02-14 11:57:11,030 [DEBUG] [aiosqlite] executing functools.partial(<built-in method close of sqlite3.Cursor object at 0x11fba3340>)
2026-02-14 11:57:11,030 [DEBUG] [aiosqlite] operation functools.partial(<built-in method close of sqlite3.Cursor object at 0x11fba3340>) completed
2026-02-14 11:57:11,030 [DEBUG] [aiosqlite] executing functools.partial(<built-in method cursor of sqlite3.Connection object at 0x11e51c5e0>)
2026-02-14 11:57:11,030 [DEBUG] [aiosqlite] operation functools.partial(<built-in method cursor of sqlite3.Connection object at 0x11e51c5e0>) completed
2026-02-14 11:57:11,030 [DEBUG] [aiosqlite] executing functools.partial(<built-in method execute of sqlite3.Cursor object at 0x11fba34c0>, 'PRAGMA main.table_info("batch_tasks")', ())
2026-02-14 11:57:11,030 [DEBUG] [aiosqlite] operation functools.partial(<built-in method execute of sqlite3.Cursor object at 0x11fba34c0>, 'PRAGMA main.table_info("batch_tasks")', ()) completed
2026-02-14 11:57:11,030 [DEBUG] [aiosqlite] executing functools.partial(<built-in method fetchall of sqlite3.Cursor object at 0x11fba34c0>)
2026-02-14 11:57:11,030 [DEBUG] [aiosqlite] operation functools.partial(<built-in method fetchall of sqlite3.Cursor object at 0x11fba34c0>) completed
2026-02-14 11:57:11,030 [DEBUG] [aiosqlite] executing functools.partial(<built-in method close of sqlite3.Cursor object at 0x11fba34c0>)
2026-02-14 11:57:11,030 [DEBUG] [aiosqlite] operation functools.partial(<built-in method close of sqlite3.Cursor object at 0x11fba34c0>) completed
2026-02-14 11:57:11,030 [DEBUG] [aiosqlite] executing functools.partial(<built-in method cursor of sqlite3.Connection object at 0x11e51c5e0>)
2026-02-14 11:57:11,030 [DEBUG] [aiosqlite] operation functools.partial(<built-in method cursor of sqlite3.Connection object at 0x11e51c5e0>) completed
2026-02-14 11:57:11,030 [DEBUG] [aiosqlite] executing functools.partial(<built-in method execute of sqlite3.Cursor object at 0x11fba3540>, 'PRAGMA main.table_info("domain_whitelists")', ())
2026-02-14 11:57:11,031 [DEBUG] [aiosqlite] operation functools.partial(<built-in method execute of sqlite3.Cursor object at 0x11fba3540>, 'PRAGMA main.table_info("domain_whitelists")', ()) completed
2026-02-14 11:57:11,031 [DEBUG] [aiosqlite] executing functools.partial(<built-in method fetchall of sqlite3.Cursor object at 0x11fba3540>)
2026-02-14 11:57:11,031 [DEBUG] [aiosqlite] operation functools.partial(<built-in method fetchall of sqlite3.Cursor object at 0x11fba3540>) completed
2026-02-14 11:57:11,031 [DEBUG] [aiosqlite] executing functools.partial(<built-in method close of sqlite3.Cursor object at 0x11fba3540>)
2026-02-14 11:57:11,031 [DEBUG] [aiosqlite] operation functools.partial(<built-in method close of sqlite3.Cursor object at 0x11fba3540>) completed
2026-02-14 11:57:11,031 [DEBUG] [aiosqlite] executing functools.partial(<built-in method cursor of sqlite3.Connection object at 0x11e51c5e0>)
2026-02-14 11:57:11,031 [DEBUG] [aiosqlite] operation functools.partial(<built-in method cursor of sqlite3.Connection object at 0x11e51c5e0>) completed
2026-02-14 11:57:11,031 [DEBUG] [aiosqlite] executing functools.partial(<built-in method execute of sqlite3.Cursor object at 0x11fba35c0>, 'PRAGMA main.table_info("discovered_domains")', ())
2026-02-14 11:57:11,031 [DEBUG] [aiosqlite] operation functools.partial(<built-in method execute of sqlite3.Cursor object at 0x11fba35c0>, 'PRAGMA main.table_info("discovered_domains")', ()) completed
2026-02-14 11:57:11,031 [DEBUG] [aiosqlite] executing functools.partial(<built-in method fetchall of sqlite3.Cursor object at 0x11fba35c0>)
2026-02-14 11:57:11,031 [DEBUG] [aiosqlite] operation functools.partial(<built-in method fetchall of sqlite3.Cursor object at 0x11fba35c0>) completed
2026-02-14 11:57:11,031 [DEBUG] [aiosqlite] executing functools.partial(<built-in method close of sqlite3.Cursor object at 0x11fba35c0>)
2026-02-14 11:57:11,031 [DEBUG] [aiosqlite] operation functools.partial(<built-in method close of sqlite3.Cursor object at 0x11fba35c0>) completed
2026-02-14 11:57:11,031 [DEBUG] [aiosqlite] executing functools.partial(<built-in method cursor of sqlite3.Connection object at 0x11e51c5e0>)
2026-02-14 11:57:11,031 [DEBUG] [aiosqlite] operation functools.partial(<built-in method cursor of sqlite3.Connection object at 0x11e51c5e0>) completed
2026-02-14 11:57:11,031 [DEBUG] [aiosqlite] executing functools.partial(<built-in method execute of sqlite3.Cursor object at 0x11fba3640>, 'PRAGMA main.table_info("hotspots")', ())
2026-02-14 11:57:11,031 [DEBUG] [aiosqlite] operation functools.partial(<built-in method execute of sqlite3.Cursor object at 0x11fba3640>, 'PRAGMA main.table_info("hotspots")', ()) completed
2026-02-14 11:57:11,031 [DEBUG] [aiosqlite] executing functools.partial(<built-in method fetchall of sqlite3.Cursor object at 0x11fba3640>)
2026-02-14 11:57:11,031 [DEBUG] [aiosqlite] operation functools.partial(<built-in method fetchall of sqlite3.Cursor object at 0x11fba3640>) completed
2026-02-14 11:57:11,031 [DEBUG] [aiosqlite] executing functools.partial(<built-in method close of sqlite3.Cursor object at 0x11fba3640>)
2026-02-14 11:57:11,031 [DEBUG] [aiosqlite] operation functools.partial(<built-in method close of sqlite3.Cursor object at 0x11fba3640>) completed
2026-02-14 11:57:11,031 [DEBUG] [aiosqlite] executing functools.partial(<built-in method cursor of sqlite3.Connection object at 0x11e51c5e0>)
2026-02-14 11:57:11,031 [DEBUG] [aiosqlite] operation functools.partial(<built-in method cursor of sqlite3.Connection object at 0x11e51c5e0>) completed
2026-02-14 11:57:11,031 [DEBUG] [aiosqlite] executing functools.partial(<built-in method execute of sqlite3.Cursor object at 0x11fba2d40>, 'PRAGMA main.table_info("hotspot_events")', ())
2026-02-14 11:57:11,031 [DEBUG] [aiosqlite] operation functools.partial(<built-in method execute of sqlite3.Cursor object at 0x11fba2d40>, 'PRAGMA main.table_info("hotspot_events")', ()) completed
2026-02-14 11:57:11,032 [DEBUG] [aiosqlite] executing functools.partial(<built-in method fetchall of sqlite3.Cursor object at 0x11fba2d40>)
2026-02-14 11:57:11,032 [DEBUG] [aiosqlite] operation functools.partial(<built-in method fetchall of sqlite3.Cursor object at 0x11fba2d40>) completed
2026-02-14 11:57:11,032 [DEBUG] [aiosqlite] executing functools.partial(<built-in method close of sqlite3.Cursor object at 0x11fba2d40>)
2026-02-14 11:57:11,032 [DEBUG] [aiosqlite] operation functools.partial(<built-in method close of sqlite3.Cursor object at 0x11fba2d40>) completed
2026-02-14 11:57:11,032 [DEBUG] [aiosqlite] executing functools.partial(<built-in method cursor of sqlite3.Connection object at 0x11e51c5e0>)
2026-02-14 11:57:11,032 [DEBUG] [aiosqlite] operation functools.partial(<built-in method cursor of sqlite3.Connection object at 0x11e51c5e0>) completed
2026-02-14 11:57:11,032 [DEBUG] [aiosqlite] executing functools.partial(<built-in method execute of sqlite3.Cursor object at 0x11fba3740>, 'PRAGMA main.table_info("concept_definitions")', ())
2026-02-14 11:57:11,032 [DEBUG] [aiosqlite] operation functools.partial(<built-in method execute of sqlite3.Cursor object at 0x11fba3740>, 'PRAGMA main.table_info("concept_definitions")', ()) completed
2026-02-14 11:57:11,032 [DEBUG] [aiosqlite] executing functools.partial(<built-in method fetchall of sqlite3.Cursor object at 0x11fba3740>)
2026-02-14 11:57:11,032 [DEBUG] [aiosqlite] operation functools.partial(<built-in method fetchall of sqlite3.Cursor object at 0x11fba3740>) completed
2026-02-14 11:57:11,032 [DEBUG] [aiosqlite] executing functools.partial(<built-in method close of sqlite3.Cursor object at 0x11fba3740>)
2026-02-14 11:57:11,032 [DEBUG] [aiosqlite] operation functools.partial(<built-in method close of sqlite3.Cursor object at 0x11fba3740>) completed
2026-02-14 11:57:11,032 [DEBUG] [aiosqlite] executing functools.partial(<built-in method cursor of sqlite3.Connection object at 0x11e51c5e0>)
2026-02-14 11:57:11,032 [DEBUG] [aiosqlite] operation functools.partial(<built-in method cursor of sqlite3.Connection object at 0x11e51c5e0>) completed
2026-02-14 11:57:11,032 [DEBUG] [aiosqlite] executing functools.partial(<built-in method execute of sqlite3.Cursor object at 0x11fba36c0>, 'PRAGMA main.table_info("health_reports")', ())
2026-02-14 11:57:11,032 [DEBUG] [aiosqlite] operation functools.partial(<built-in method execute of sqlite3.Cursor object at 0x11fba36c0>, 'PRAGMA main.table_info("health_reports")', ()) completed
2026-02-14 11:57:11,032 [DEBUG] [aiosqlite] executing functools.partial(<built-in method fetchall of sqlite3.Cursor object at 0x11fba36c0>)
2026-02-14 11:57:11,032 [DEBUG] [aiosqlite] operation functools.partial(<built-in method fetchall of sqlite3.Cursor object at 0x11fba36c0>) completed
2026-02-14 11:57:11,033 [DEBUG] [aiosqlite] executing functools.partial(<built-in method close of sqlite3.Cursor object at 0x11fba36c0>)
2026-02-14 11:57:11,033 [DEBUG] [aiosqlite] operation functools.partial(<built-in method close of sqlite3.Cursor object at 0x11fba36c0>) completed
2026-02-14 11:57:11,033 [DEBUG] [aiosqlite] executing functools.partial(<built-in method cursor of sqlite3.Connection object at 0x11e51c5e0>)
2026-02-14 11:57:11,033 [DEBUG] [aiosqlite] operation functools.partial(<built-in method cursor of sqlite3.Connection object at 0x11e51c5e0>) completed
2026-02-14 11:57:11,033 [DEBUG] [aiosqlite] executing functools.partial(<built-in method execute of sqlite3.Cursor object at 0x11fba37c0>, 'PRAGMA main.table_info("strategy_adjustments")', ())
2026-02-14 11:57:11,033 [DEBUG] [aiosqlite] operation functools.partial(<built-in method execute of sqlite3.Cursor object at 0x11fba37c0>, 'PRAGMA main.table_info("strategy_adjustments")', ()) completed
2026-02-14 11:57:11,033 [DEBUG] [aiosqlite] executing functools.partial(<built-in method fetchall of sqlite3.Cursor object at 0x11fba37c0>)
2026-02-14 11:57:11,033 [DEBUG] [aiosqlite] operation functools.partial(<built-in method fetchall of sqlite3.Cursor object at 0x11fba37c0>) completed
2026-02-14 11:57:11,033 [DEBUG] [aiosqlite] executing functools.partial(<built-in method close of sqlite3.Cursor object at 0x11fba37c0>)
2026-02-14 11:57:11,033 [DEBUG] [aiosqlite] operation functools.partial(<built-in method close of sqlite3.Cursor object at 0x11fba37c0>) completed
2026-02-14 11:57:11,033 [DEBUG] [aiosqlite] executing functools.partial(<built-in method cursor of sqlite3.Connection object at 0x11e51c5e0>)
2026-02-14 11:57:11,033 [DEBUG] [aiosqlite] operation functools.partial(<built-in method cursor of sqlite3.Connection object at 0x11e51c5e0>) completed
2026-02-14 11:57:11,033 [DEBUG] [aiosqlite] executing functools.partial(<built-in method execute of sqlite3.Cursor object at 0x11fba3840>, 'PRAGMA main.table_info("scheduled_tasks")', ())
2026-02-14 11:57:11,033 [DEBUG] [aiosqlite] operation functools.partial(<built-in method execute of sqlite3.Cursor object at 0x11fba3840>, 'PRAGMA main.table_info("scheduled_tasks")', ()) completed
2026-02-14 11:57:11,033 [DEBUG] [aiosqlite] executing functools.partial(<built-in method fetchall of sqlite3.Cursor object at 0x11fba3840>)
2026-02-14 11:57:11,033 [DEBUG] [aiosqlite] operation functools.partial(<built-in method fetchall of sqlite3.Cursor object at 0x11fba3840>) completed
2026-02-14 11:57:11,033 [DEBUG] [aiosqlite] executing functools.partial(<built-in method close of sqlite3.Cursor object at 0x11fba3840>)
2026-02-14 11:57:11,033 [DEBUG] [aiosqlite] operation functools.partial(<built-in method close of sqlite3.Cursor object at 0x11fba3840>) completed
2026-02-14 11:57:11,033 [DEBUG] [aiosqlite] executing functools.partial(<built-in method cursor of sqlite3.Connection object at 0x11e51c5e0>)
2026-02-14 11:57:11,033 [DEBUG] [aiosqlite] operation functools.partial(<built-in method cursor of sqlite3.Connection object at 0x11e51c5e0>) completed
2026-02-14 11:57:11,033 [DEBUG] [aiosqlite] executing functools.partial(<built-in method execute of sqlite3.Cursor object at 0x11fba38c0>, 'PRAGMA main.table_info("task_executions")', ())
2026-02-14 11:57:11,033 [DEBUG] [aiosqlite] operation functools.partial(<built-in method execute of sqlite3.Cursor object at 0x11fba38c0>, 'PRAGMA main.table_info("task_executions")', ()) completed
2026-02-14 11:57:11,033 [DEBUG] [aiosqlite] executing functools.partial(<built-in method fetchall of sqlite3.Cursor object at 0x11fba38c0>)
2026-02-14 11:57:11,033 [DEBUG] [aiosqlite] operation functools.partial(<built-in method fetchall of sqlite3.Cursor object at 0x11fba38c0>) completed
2026-02-14 11:57:11,034 [DEBUG] [aiosqlite] executing functools.partial(<built-in method close of sqlite3.Cursor object at 0x11fba38c0>)
2026-02-14 11:57:11,034 [DEBUG] [aiosqlite] operation functools.partial(<built-in method close of sqlite3.Cursor object at 0x11fba38c0>) completed
2026-02-14 11:57:11,034 [DEBUG] [aiosqlite] executing functools.partial(<built-in method cursor of sqlite3.Connection object at 0x11e51c5e0>)
2026-02-14 11:57:11,034 [DEBUG] [aiosqlite] operation functools.partial(<built-in method cursor of sqlite3.Connection object at 0x11e51c5e0>) completed
2026-02-14 11:57:11,034 [DEBUG] [aiosqlite] executing functools.partial(<built-in method execute of sqlite3.Cursor object at 0x11fba3940>, 'PRAGMA main.table_info("config_history")', ())
2026-02-14 11:57:11,034 [DEBUG] [aiosqlite] operation functools.partial(<built-in method execute of sqlite3.Cursor object at 0x11fba3940>, 'PRAGMA main.table_info("config_history")', ()) completed
2026-02-14 11:57:11,034 [DEBUG] [aiosqlite] executing functools.partial(<built-in method fetchall of sqlite3.Cursor object at 0x11fba3940>)
2026-02-14 11:57:11,034 [DEBUG] [aiosqlite] operation functools.partial(<built-in method fetchall of sqlite3.Cursor object at 0x11fba3940>) completed
2026-02-14 11:57:11,034 [DEBUG] [aiosqlite] executing functools.partial(<built-in method close of sqlite3.Cursor object at 0x11fba3940>)
2026-02-14 11:57:11,034 [DEBUG] [aiosqlite] operation functools.partial(<built-in method close of sqlite3.Cursor object at 0x11fba3940>) completed
2026-02-14 11:57:11,034 [DEBUG] [aiosqlite] executing functools.partial(<built-in method cursor of sqlite3.Connection object at 0x11e51c5e0>)
2026-02-14 11:57:11,034 [DEBUG] [aiosqlite] operation functools.partial(<built-in method cursor of sqlite3.Connection object at 0x11e51c5e0>) completed
2026-02-14 11:57:11,034 [DEBUG] [aiosqlite] executing functools.partial(<built-in method execute of sqlite3.Cursor object at 0x11fba3a40>, 'PRAGMA main.table_info("prompt_templates")', ())
2026-02-14 11:57:11,034 [DEBUG] [aiosqlite] operation functools.partial(<built-in method execute of sqlite3.Cursor object at 0x11fba3a40>, 'PRAGMA main.table_info("prompt_templates")', ()) completed
2026-02-14 11:57:11,034 [DEBUG] [aiosqlite] executing functools.partial(<built-in method fetchall of sqlite3.Cursor object at 0x11fba3a40>)
2026-02-14 11:57:11,034 [DEBUG] [aiosqlite] operation functools.partial(<built-in method fetchall of sqlite3.Cursor object at 0x11fba3a40>) completed
2026-02-14 11:57:11,034 [DEBUG] [aiosqlite] executing functools.partial(<built-in method close of sqlite3.Cursor object at 0x11fba3a40>)
2026-02-14 11:57:11,034 [DEBUG] [aiosqlite] operation functools.partial(<built-in method close of sqlite3.Cursor object at 0x11fba3a40>) completed
2026-02-14 11:57:11,034 [DEBUG] [aiosqlite] executing functools.partial(<built-in method cursor of sqlite3.Connection object at 0x11e51c5e0>)
2026-02-14 11:57:11,034 [DEBUG] [aiosqlite] operation functools.partial(<built-in method cursor of sqlite3.Connection object at 0x11e51c5e0>) completed
2026-02-14 11:57:11,034 [DEBUG] [aiosqlite] executing functools.partial(<built-in method execute of sqlite3.Cursor object at 0x11fba3ac0>, 'PRAGMA main.table_info("prompt_versions")', ())
2026-02-14 11:57:11,034 [DEBUG] [aiosqlite] operation functools.partial(<built-in method execute of sqlite3.Cursor object at 0x11fba3ac0>, 'PRAGMA main.table_info("prompt_versions")', ()) completed
2026-02-14 11:57:11,034 [DEBUG] [aiosqlite] executing functools.partial(<built-in method fetchall of sqlite3.Cursor object at 0x11fba3ac0>)
2026-02-14 11:57:11,034 [DEBUG] [aiosqlite] operation functools.partial(<built-in method fetchall of sqlite3.Cursor object at 0x11fba3ac0>) completed
2026-02-14 11:57:11,034 [DEBUG] [aiosqlite] executing functools.partial(<built-in method close of sqlite3.Cursor object at 0x11fba3ac0>)
2026-02-14 11:57:11,034 [DEBUG] [aiosqlite] operation functools.partial(<built-in method close of sqlite3.Cursor object at 0x11fba3ac0>) completed
2026-02-14 11:57:11,035 [DEBUG] [aiosqlite] executing functools.partial(<built-in method cursor of sqlite3.Connection object at 0x11e51c5e0>)
2026-02-14 11:57:11,035 [DEBUG] [aiosqlite] operation functools.partial(<built-in method cursor of sqlite3.Connection object at 0x11e51c5e0>) completed
2026-02-14 11:57:11,035 [DEBUG] [aiosqlite] executing functools.partial(<built-in method execute of sqlite3.Cursor object at 0x11fba39c0>, 'PRAGMA main.table_info("ab_tests")', ())
2026-02-14 11:57:11,035 [DEBUG] [aiosqlite] operation functools.partial(<built-in method execute of sqlite3.Cursor object at 0x11fba39c0>, 'PRAGMA main.table_info("ab_tests")', ()) completed
2026-02-14 11:57:11,035 [DEBUG] [aiosqlite] executing functools.partial(<built-in method fetchall of sqlite3.Cursor object at 0x11fba39c0>)
2026-02-14 11:57:11,035 [DEBUG] [aiosqlite] operation functools.partial(<built-in method fetchall of sqlite3.Cursor object at 0x11fba39c0>) completed
2026-02-14 11:57:11,035 [DEBUG] [aiosqlite] executing functools.partial(<built-in method close of sqlite3.Cursor object at 0x11fba39c0>)
2026-02-14 11:57:11,035 [DEBUG] [aiosqlite] operation functools.partial(<built-in method close of sqlite3.Cursor object at 0x11fba39c0>) completed
2026-02-14 11:57:11,035 [DEBUG] [aiosqlite] executing functools.partial(<built-in method cursor of sqlite3.Connection object at 0x11e51c5e0>)
2026-02-14 11:57:11,035 [DEBUG] [aiosqlite] operation functools.partial(<built-in method cursor of sqlite3.Connection object at 0x11e51c5e0>) completed
2026-02-14 11:57:11,035 [DEBUG] [aiosqlite] executing functools.partial(<built-in method execute of sqlite3.Cursor object at 0x11fba3b40>, 'PRAGMA main.table_info("notifications")', ())
2026-02-14 11:57:11,035 [DEBUG] [aiosqlite] operation functools.partial(<built-in method execute of sqlite3.Cursor object at 0x11fba3b40>, 'PRAGMA main.table_info("notifications")', ()) completed
2026-02-14 11:57:11,035 [DEBUG] [aiosqlite] executing functools.partial(<built-in method fetchall of sqlite3.Cursor object at 0x11fba3b40>)
2026-02-14 11:57:11,035 [DEBUG] [aiosqlite] operation functools.partial(<built-in method fetchall of sqlite3.Cursor object at 0x11fba3b40>) completed
2026-02-14 11:57:11,035 [DEBUG] [aiosqlite] executing functools.partial(<built-in method close of sqlite3.Cursor object at 0x11fba3b40>)
2026-02-14 11:57:11,035 [DEBUG] [aiosqlite] operation functools.partial(<built-in method close of sqlite3.Cursor object at 0x11fba3b40>) completed
2026-02-14 11:57:11,036 [DEBUG] [aiosqlite] executing functools.partial(<built-in method cursor of sqlite3.Connection object at 0x11e51c5e0>)
2026-02-14 11:57:11,036 [DEBUG] [aiosqlite] operation functools.partial(<built-in method cursor of sqlite3.Connection object at 0x11e51c5e0>) completed
2026-02-14 11:57:11,036 [DEBUG] [aiosqlite] executing functools.partial(<built-in method execute of sqlite3.Cursor object at 0x11fba3bc0>, 'PRAGMA main.table_info("notification_preferences")', ())
2026-02-14 11:57:11,036 [DEBUG] [aiosqlite] operation functools.partial(<built-in method execute of sqlite3.Cursor object at 0x11fba3bc0>, 'PRAGMA main.table_info("notification_preferences")', ()) completed
2026-02-14 11:57:11,036 [DEBUG] [aiosqlite] executing functools.partial(<built-in method fetchall of sqlite3.Cursor object at 0x11fba3bc0>)
2026-02-14 11:57:11,036 [DEBUG] [aiosqlite] operation functools.partial(<built-in method fetchall of sqlite3.Cursor object at 0x11fba3bc0>) completed
2026-02-14 11:57:11,036 [DEBUG] [aiosqlite] executing functools.partial(<built-in method close of sqlite3.Cursor object at 0x11fba3bc0>)
2026-02-14 11:57:11,036 [DEBUG] [aiosqlite] operation functools.partial(<built-in method close of sqlite3.Cursor object at 0x11fba3bc0>) completed
2026-02-14 11:57:11,036 [DEBUG] [aiosqlite] executing functools.partial(<built-in method cursor of sqlite3.Connection object at 0x11e51c5e0>)
2026-02-14 11:57:11,036 [DEBUG] [aiosqlite] operation functools.partial(<built-in method cursor of sqlite3.Connection object at 0x11e51c5e0>) completed
2026-02-14 11:57:11,036 [DEBUG] [aiosqlite] executing functools.partial(<built-in method execute of sqlite3.Cursor object at 0x11fba31c0>, 'PRAGMA main.table_info("api_metrics")', ())
2026-02-14 11:57:11,036 [DEBUG] [aiosqlite] operation functools.partial(<built-in method execute of sqlite3.Cursor object at 0x11fba31c0>, 'PRAGMA main.table_info("api_metrics")', ()) completed
2026-02-14 11:57:11,036 [DEBUG] [aiosqlite] executing functools.partial(<built-in method fetchall of sqlite3.Cursor object at 0x11fba31c0>)
2026-02-14 11:57:11,036 [DEBUG] [aiosqlite] operation functools.partial(<built-in method fetchall of sqlite3.Cursor object at 0x11fba31c0>) completed
2026-02-14 11:57:11,036 [DEBUG] [aiosqlite] executing functools.partial(<built-in method close of sqlite3.Cursor object at 0x11fba31c0>)
2026-02-14 11:57:11,036 [DEBUG] [aiosqlite] operation functools.partial(<built-in method close of sqlite3.Cursor object at 0x11fba31c0>) completed
2026-02-14 11:57:11,036 [DEBUG] [aiosqlite] executing functools.partial(<built-in method cursor of sqlite3.Connection object at 0x11e51c5e0>)
2026-02-14 11:57:11,036 [DEBUG] [aiosqlite] operation functools.partial(<built-in method cursor of sqlite3.Connection object at 0x11e51c5e0>) completed
2026-02-14 11:57:11,036 [DEBUG] [aiosqlite] executing functools.partial(<built-in method execute of sqlite3.Cursor object at 0x11fba3cc0>, 'PRAGMA main.table_info("error_records")', ())
2026-02-14 11:57:11,036 [DEBUG] [aiosqlite] operation functools.partial(<built-in method execute of sqlite3.Cursor object at 0x11fba3cc0>, 'PRAGMA main.table_info("error_records")', ()) completed
2026-02-14 11:57:11,036 [DEBUG] [aiosqlite] executing functools.partial(<built-in method fetchall of sqlite3.Cursor object at 0x11fba3cc0>)
2026-02-14 11:57:11,036 [DEBUG] [aiosqlite] operation functools.partial(<built-in method fetchall of sqlite3.Cursor object at 0x11fba3cc0>) completed
2026-02-14 11:57:11,037 [DEBUG] [aiosqlite] executing functools.partial(<built-in method close of sqlite3.Cursor object at 0x11fba3cc0>)
2026-02-14 11:57:11,037 [DEBUG] [aiosqlite] operation functools.partial(<built-in method close of sqlite3.Cursor object at 0x11fba3cc0>) completed
2026-02-14 11:57:11,037 [DEBUG] [aiosqlite] executing functools.partial(<built-in method cursor of sqlite3.Connection object at 0x11e51c5e0>)
2026-02-14 11:57:11,037 [DEBUG] [aiosqlite] operation functools.partial(<built-in method cursor of sqlite3.Connection object at 0x11e51c5e0>) completed
2026-02-14 11:57:11,037 [DEBUG] [aiosqlite] executing functools.partial(<built-in method execute of sqlite3.Cursor object at 0x11faa4e40>, '\nDROP TABLE pyramids', ())
2026-02-14 11:57:11,037 [DEBUG] [aiosqlite] operation functools.partial(<built-in method execute of sqlite3.Cursor object at 0x11faa4e40>, '\nDROP TABLE pyramids', ()) completed
2026-02-14 11:57:11,037 [DEBUG] [aiosqlite] executing functools.partial(<built-in method close of sqlite3.Cursor object at 0x11faa4e40>)
2026-02-14 11:57:11,037 [DEBUG] [aiosqlite] operation functools.partial(<built-in method close of sqlite3.Cursor object at 0x11faa4e40>) completed
2026-02-14 11:57:11,037 [DEBUG] [aiosqlite] executing functools.partial(<built-in method cursor of sqlite3.Connection object at 0x11e51c5e0>)
2026-02-14 11:57:11,037 [DEBUG] [aiosqlite] operation functools.partial(<built-in method cursor of sqlite3.Connection object at 0x11e51c5e0>) completed
2026-02-14 11:57:11,037 [DEBUG] [aiosqlite] executing functools.partial(<built-in method execute of sqlite3.Cursor object at 0x11fba3d40>, '\nDROP TABLE pyramid_nodes', ())
2026-02-14 11:57:11,037 [DEBUG] [aiosqlite] operation functools.partial(<built-in method execute of sqlite3.Cursor object at 0x11fba3d40>, '\nDROP TABLE pyramid_nodes', ()) completed
2026-02-14 11:57:11,038 [DEBUG] [aiosqlite] executing functools.partial(<built-in method close of sqlite3.Cursor object at 0x11fba3d40>)
2026-02-14 11:57:11,038 [DEBUG] [aiosqlite] operation functools.partial(<built-in method close of sqlite3.Cursor object at 0x11fba3d40>) completed
2026-02-14 11:57:11,038 [DEBUG] [aiosqlite] executing functools.partial(<built-in method cursor of sqlite3.Connection object at 0x11e51c5e0>)
2026-02-14 11:57:11,038 [DEBUG] [aiosqlite] operation functools.partial(<built-in method cursor of sqlite3.Connection object at 0x11e51c5e0>) completed
2026-02-14 11:57:11,038 [DEBUG] [aiosqlite] executing functools.partial(<built-in method execute of sqlite3.Cursor object at 0x11fba3dc0>, '\nDROP TABLE node_relations', ())
2026-02-14 11:57:11,038 [DEBUG] [aiosqlite] operation functools.partial(<built-in method execute of sqlite3.Cursor object at 0x11fba3dc0>, '\nDROP TABLE node_relations', ()) completed
2026-02-14 11:57:11,038 [DEBUG] [aiosqlite] executing functools.partial(<built-in method close of sqlite3.Cursor object at 0x11fba3dc0>)
2026-02-14 11:57:11,038 [DEBUG] [aiosqlite] operation functools.partial(<built-in method close of sqlite3.Cursor object at 0x11fba3dc0>) completed
2026-02-14 11:57:11,038 [DEBUG] [aiosqlite] executing functools.partial(<built-in method cursor of sqlite3.Connection object at 0x11e51c5e0>)
2026-02-14 11:57:11,038 [DEBUG] [aiosqlite] operation functools.partial(<built-in method cursor of sqlite3.Connection object at 0x11e51c5e0>) completed
2026-02-14 11:57:11,038 [DEBUG] [aiosqlite] executing functools.partial(<built-in method execute of sqlite3.Cursor object at 0x11fba2940>, '\nDROP TABLE information_sources', ())
2026-02-14 11:57:11,038 [DEBUG] [aiosqlite] operation functools.partial(<built-in method execute of sqlite3.Cursor object at 0x11fba2940>, '\nDROP TABLE information_sources', ()) completed
2026-02-14 11:57:11,038 [DEBUG] [aiosqlite] executing functools.partial(<built-in method close of sqlite3.Cursor object at 0x11fba2940>)
2026-02-14 11:57:11,038 [DEBUG] [aiosqlite] operation functools.partial(<built-in method close of sqlite3.Cursor object at 0x11fba2940>) completed
2026-02-14 11:57:11,038 [DEBUG] [aiosqlite] executing functools.partial(<built-in method cursor of sqlite3.Connection object at 0x11e51c5e0>)
2026-02-14 11:57:11,038 [DEBUG] [aiosqlite] operation functools.partial(<built-in method cursor of sqlite3.Connection object at 0x11e51c5e0>) completed
2026-02-14 11:57:11,038 [DEBUG] [aiosqlite] executing functools.partial(<built-in method execute of sqlite3.Cursor object at 0x11fba3c40>, '\nDROP TABLE source_node_relations', ())
2026-02-14 11:57:11,038 [DEBUG] [aiosqlite] operation functools.partial(<built-in method execute of sqlite3.Cursor object at 0x11fba3c40>, '\nDROP TABLE source_node_relations', ()) completed
2026-02-14 11:57:11,038 [DEBUG] [aiosqlite] executing functools.partial(<built-in method close of sqlite3.Cursor object at 0x11fba3c40>)
2026-02-14 11:57:11,038 [DEBUG] [aiosqlite] operation functools.partial(<built-in method close of sqlite3.Cursor object at 0x11fba3c40>) completed
2026-02-14 11:57:11,039 [DEBUG] [aiosqlite] executing functools.partial(<built-in method cursor of sqlite3.Connection object at 0x11e51c5e0>)
2026-02-14 11:57:11,039 [DEBUG] [aiosqlite] operation functools.partial(<built-in method cursor of sqlite3.Connection object at 0x11e51c5e0>) completed
2026-02-14 11:57:11,039 [DEBUG] [aiosqlite] executing functools.partial(<built-in method execute of sqlite3.Cursor object at 0x11fba2740>, '\nDROP TABLE content_items', ())
2026-02-14 11:57:11,039 [DEBUG] [aiosqlite] operation functools.partial(<built-in method execute of sqlite3.Cursor object at 0x11fba2740>, '\nDROP TABLE content_items', ()) completed
2026-02-14 11:57:11,039 [DEBUG] [aiosqlite] executing functools.partial(<built-in method close of sqlite3.Cursor object at 0x11fba2740>)
2026-02-14 11:57:11,039 [DEBUG] [aiosqlite] operation functools.partial(<built-in method close of sqlite3.Cursor object at 0x11fba2740>) completed
2026-02-14 11:57:11,039 [DEBUG] [aiosqlite] executing functools.partial(<built-in method cursor of sqlite3.Connection object at 0x11e51c5e0>)
2026-02-14 11:57:11,039 [DEBUG] [aiosqlite] operation functools.partial(<built-in method cursor of sqlite3.Connection object at 0x11e51c5e0>) completed
2026-02-14 11:57:11,039 [DEBUG] [aiosqlite] executing functools.partial(<built-in method execute of sqlite3.Cursor object at 0x11fba3e40>, '\nDROP TABLE content_node_relations', ())
2026-02-14 11:57:11,039 [DEBUG] [aiosqlite] operation functools.partial(<built-in method execute of sqlite3.Cursor object at 0x11fba3e40>, '\nDROP TABLE content_node_relations', ()) completed
2026-02-14 11:57:11,039 [DEBUG] [aiosqlite] executing functools.partial(<built-in method close of sqlite3.Cursor object at 0x11fba3e40>)
2026-02-14 11:57:11,039 [DEBUG] [aiosqlite] operation functools.partial(<built-in method close of sqlite3.Cursor object at 0x11fba3e40>) completed
2026-02-14 11:57:11,039 [DEBUG] [aiosqlite] executing functools.partial(<built-in method cursor of sqlite3.Connection object at 0x11e51c5e0>)
2026-02-14 11:57:11,039 [DEBUG] [aiosqlite] operation functools.partial(<built-in method cursor of sqlite3.Connection object at 0x11e51c5e0>) completed
2026-02-14 11:57:11,039 [DEBUG] [aiosqlite] executing functools.partial(<built-in method execute of sqlite3.Cursor object at 0x11fba3ec0>, '\nDROP TABLE validation_results', ())
2026-02-14 11:57:11,039 [DEBUG] [aiosqlite] operation functools.partial(<built-in method execute of sqlite3.Cursor object at 0x11fba3ec0>, '\nDROP TABLE validation_results', ()) completed
2026-02-14 11:57:11,039 [DEBUG] [aiosqlite] executing functools.partial(<built-in method close of sqlite3.Cursor object at 0x11fba3ec0>)
2026-02-14 11:57:11,039 [DEBUG] [aiosqlite] operation functools.partial(<built-in method close of sqlite3.Cursor object at 0x11fba3ec0>) completed
2026-02-14 11:57:11,039 [DEBUG] [aiosqlite] executing functools.partial(<built-in method cursor of sqlite3.Connection object at 0x11e51c5e0>)
2026-02-14 11:57:11,039 [DEBUG] [aiosqlite] operation functools.partial(<built-in method cursor of sqlite3.Connection object at 0x11e51c5e0>) completed
2026-02-14 11:57:11,040 [DEBUG] [aiosqlite] executing functools.partial(<built-in method execute of sqlite3.Cursor object at 0x11fc08040>, '\nDROP TABLE crawl_jobs', ())
2026-02-14 11:57:11,040 [DEBUG] [aiosqlite] operation functools.partial(<built-in method execute of sqlite3.Cursor object at 0x11fc08040>, '\nDROP TABLE crawl_jobs', ()) completed
2026-02-14 11:57:11,040 [DEBUG] [aiosqlite] executing functools.partial(<built-in method close of sqlite3.Cursor object at 0x11fc08040>)
2026-02-14 11:57:11,040 [DEBUG] [aiosqlite] operation functools.partial(<built-in method close of sqlite3.Cursor object at 0x11fc08040>) completed
2026-02-14 11:57:11,040 [DEBUG] [aiosqlite] executing functools.partial(<built-in method cursor of sqlite3.Connection object at 0x11e51c5e0>)
2026-02-14 11:57:11,040 [DEBUG] [aiosqlite] operation functools.partial(<built-in method cursor of sqlite3.Connection object at 0x11e51c5e0>) completed
2026-02-14 11:57:11,040 [DEBUG] [aiosqlite] executing functools.partial(<built-in method execute of sqlite3.Cursor object at 0x11fc080c0>, '\nDROP TABLE approvals', ())
2026-02-14 11:57:11,040 [DEBUG] [aiosqlite] operation functools.partial(<built-in method execute of sqlite3.Cursor object at 0x11fc080c0>, '\nDROP TABLE approvals', ()) completed
2026-02-14 11:57:11,040 [DEBUG] [aiosqlite] executing functools.partial(<built-in method close of sqlite3.Cursor object at 0x11fc080c0>)
2026-02-14 11:57:11,040 [DEBUG] [aiosqlite] operation functools.partial(<built-in method close of sqlite3.Cursor object at 0x11fc080c0>) completed
2026-02-14 11:57:11,040 [DEBUG] [aiosqlite] executing functools.partial(<built-in method cursor of sqlite3.Connection object at 0x11e51c5e0>)
2026-02-14 11:57:11,040 [DEBUG] [aiosqlite] operation functools.partial(<built-in method cursor of sqlite3.Connection object at 0x11e51c5e0>) completed
2026-02-14 11:57:11,040 [DEBUG] [aiosqlite] executing functools.partial(<built-in method execute of sqlite3.Cursor object at 0x11fc08140>, '\nDROP TABLE concepts', ())
2026-02-14 11:57:11,040 [DEBUG] [aiosqlite] operation functools.partial(<built-in method execute of sqlite3.Cursor object at 0x11fc08140>, '\nDROP TABLE concepts', ()) completed
2026-02-14 11:57:11,040 [DEBUG] [aiosqlite] executing functools.partial(<built-in method close of sqlite3.Cursor object at 0x11fc08140>)
2026-02-14 11:57:11,040 [DEBUG] [aiosqlite] operation functools.partial(<built-in method close of sqlite3.Cursor object at 0x11fc08140>) completed
2026-02-14 11:57:11,040 [DEBUG] [aiosqlite] executing functools.partial(<built-in method cursor of sqlite3.Connection object at 0x11e51c5e0>)
2026-02-14 11:57:11,040 [DEBUG] [aiosqlite] operation functools.partial(<built-in method cursor of sqlite3.Connection object at 0x11e51c5e0>) completed
2026-02-14 11:57:11,040 [DEBUG] [aiosqlite] executing functools.partial(<built-in method execute of sqlite3.Cursor object at 0x11fc081c0>, '\nDROP TABLE concept_synonyms', ())
2026-02-14 11:57:11,040 [DEBUG] [aiosqlite] operation functools.partial(<built-in method execute of sqlite3.Cursor object at 0x11fc081c0>, '\nDROP TABLE concept_synonyms', ()) completed
2026-02-14 11:57:11,040 [DEBUG] [aiosqlite] executing functools.partial(<built-in method close of sqlite3.Cursor object at 0x11fc081c0>)
2026-02-14 11:57:11,041 [DEBUG] [aiosqlite] operation functools.partial(<built-in method close of sqlite3.Cursor object at 0x11fc081c0>) completed
2026-02-14 11:57:11,041 [DEBUG] [aiosqlite] executing functools.partial(<built-in method cursor of sqlite3.Connection object at 0x11e51c5e0>)
2026-02-14 11:57:11,041 [DEBUG] [aiosqlite] operation functools.partial(<built-in method cursor of sqlite3.Connection object at 0x11e51c5e0>) completed
2026-02-14 11:57:11,041 [DEBUG] [aiosqlite] executing functools.partial(<built-in method execute of sqlite3.Cursor object at 0x11fc08240>, '\nDROP TABLE snapshots', ())
2026-02-14 11:57:11,041 [DEBUG] [aiosqlite] operation functools.partial(<built-in method execute of sqlite3.Cursor object at 0x11fc08240>, '\nDROP TABLE snapshots', ()) completed
2026-02-14 11:57:11,041 [DEBUG] [aiosqlite] executing functools.partial(<built-in method close of sqlite3.Cursor object at 0x11fc08240>)
2026-02-14 11:57:11,041 [DEBUG] [aiosqlite] operation functools.partial(<built-in method close of sqlite3.Cursor object at 0x11fc08240>) completed
2026-02-14 11:57:11,041 [DEBUG] [aiosqlite] executing functools.partial(<built-in method cursor of sqlite3.Connection object at 0x11e51c5e0>)
2026-02-14 11:57:11,041 [DEBUG] [aiosqlite] operation functools.partial(<built-in method cursor of sqlite3.Connection object at 0x11e51c5e0>) completed
2026-02-14 11:57:11,041 [DEBUG] [aiosqlite] executing functools.partial(<built-in method execute of sqlite3.Cursor object at 0x11fc082c0>, '\nDROP TABLE contributions', ())
2026-02-14 11:57:11,041 [DEBUG] [aiosqlite] operation functools.partial(<built-in method execute of sqlite3.Cursor object at 0x11fc082c0>, '\nDROP TABLE contributions', ()) completed
2026-02-14 11:57:11,041 [DEBUG] [aiosqlite] executing functools.partial(<built-in method close of sqlite3.Cursor object at 0x11fc082c0>)
2026-02-14 11:57:11,041 [DEBUG] [aiosqlite] operation functools.partial(<built-in method close of sqlite3.Cursor object at 0x11fc082c0>) completed
2026-02-14 11:57:11,041 [DEBUG] [aiosqlite] executing functools.partial(<built-in method cursor of sqlite3.Connection object at 0x11e51c5e0>)
2026-02-14 11:57:11,041 [DEBUG] [aiosqlite] operation functools.partial(<built-in method cursor of sqlite3.Connection object at 0x11e51c5e0>) completed
2026-02-14 11:57:11,041 [DEBUG] [aiosqlite] executing functools.partial(<built-in method execute of sqlite3.Cursor object at 0x11fc08340>, '\nDROP TABLE synonym_mappings', ())
2026-02-14 11:57:11,041 [DEBUG] [aiosqlite] operation functools.partial(<built-in method execute of sqlite3.Cursor object at 0x11fc08340>, '\nDROP TABLE synonym_mappings', ()) completed
2026-02-14 11:57:11,041 [DEBUG] [aiosqlite] executing functools.partial(<built-in method close of sqlite3.Cursor object at 0x11fc08340>)
2026-02-14 11:57:11,041 [DEBUG] [aiosqlite] operation functools.partial(<built-in method close of sqlite3.Cursor object at 0x11fc08340>) completed
2026-02-14 11:57:11,041 [DEBUG] [aiosqlite] executing functools.partial(<built-in method cursor of sqlite3.Connection object at 0x11e51c5e0>)
2026-02-14 11:57:11,041 [DEBUG] [aiosqlite] operation functools.partial(<built-in method cursor of sqlite3.Connection object at 0x11e51c5e0>) completed
2026-02-14 11:57:11,041 [DEBUG] [aiosqlite] executing functools.partial(<built-in method execute of sqlite3.Cursor object at 0x11fc083c0>, '\nDROP TABLE batch_tasks', ())
2026-02-14 11:57:11,042 [DEBUG] [aiosqlite] operation functools.partial(<built-in method execute of sqlite3.Cursor object at 0x11fc083c0>, '\nDROP TABLE batch_tasks', ()) completed
2026-02-14 11:57:11,042 [DEBUG] [aiosqlite] executing functools.partial(<built-in method close of sqlite3.Cursor object at 0x11fc083c0>)
2026-02-14 11:57:11,042 [DEBUG] [aiosqlite] operation functools.partial(<built-in method close of sqlite3.Cursor object at 0x11fc083c0>) completed
2026-02-14 11:57:11,042 [DEBUG] [aiosqlite] executing functools.partial(<built-in method cursor of sqlite3.Connection object at 0x11e51c5e0>)
2026-02-14 11:57:11,042 [DEBUG] [aiosqlite] operation functools.partial(<built-in method cursor of sqlite3.Connection object at 0x11e51c5e0>) completed
2026-02-14 11:57:11,042 [DEBUG] [aiosqlite] executing functools.partial(<built-in method execute of sqlite3.Cursor object at 0x11fc086c0>, '\nDROP TABLE domain_whitelists', ())
2026-02-14 11:57:11,042 [DEBUG] [aiosqlite] operation functools.partial(<built-in method execute of sqlite3.Cursor object at 0x11fc086c0>, '\nDROP TABLE domain_whitelists', ()) completed
2026-02-14 11:57:11,042 [DEBUG] [aiosqlite] executing functools.partial(<built-in method close of sqlite3.Cursor object at 0x11fc086c0>)
2026-02-14 11:57:11,042 [DEBUG] [aiosqlite] operation functools.partial(<built-in method close of sqlite3.Cursor object at 0x11fc086c0>) completed
2026-02-14 11:57:11,042 [DEBUG] [aiosqlite] executing functools.partial(<built-in method cursor of sqlite3.Connection object at 0x11e51c5e0>)
2026-02-14 11:57:11,042 [DEBUG] [aiosqlite] operation functools.partial(<built-in method cursor of sqlite3.Connection object at 0x11e51c5e0>) completed
2026-02-14 11:57:11,042 [DEBUG] [aiosqlite] executing functools.partial(<built-in method execute of sqlite3.Cursor object at 0x11fc084c0>, '\nDROP TABLE discovered_domains', ())
2026-02-14 11:57:11,042 [DEBUG] [aiosqlite] operation functools.partial(<built-in method execute of sqlite3.Cursor object at 0x11fc084c0>, '\nDROP TABLE discovered_domains', ()) completed
2026-02-14 11:57:11,042 [DEBUG] [aiosqlite] executing functools.partial(<built-in method close of sqlite3.Cursor object at 0x11fc084c0>)
2026-02-14 11:57:11,042 [DEBUG] [aiosqlite] operation functools.partial(<built-in method close of sqlite3.Cursor object at 0x11fc084c0>) completed
2026-02-14 11:57:11,042 [DEBUG] [aiosqlite] executing functools.partial(<built-in method cursor of sqlite3.Connection object at 0x11e51c5e0>)
2026-02-14 11:57:11,042 [DEBUG] [aiosqlite] operation functools.partial(<built-in method cursor of sqlite3.Connection object at 0x11e51c5e0>) completed
2026-02-14 11:57:11,042 [DEBUG] [aiosqlite] executing functools.partial(<built-in method execute of sqlite3.Cursor object at 0x11fc08540>, '\nDROP TABLE hotspots', ())
2026-02-14 11:57:11,042 [DEBUG] [aiosqlite] operation functools.partial(<built-in method execute of sqlite3.Cursor object at 0x11fc08540>, '\nDROP TABLE hotspots', ()) completed
2026-02-14 11:57:11,042 [DEBUG] [aiosqlite] executing functools.partial(<built-in method close of sqlite3.Cursor object at 0x11fc08540>)
2026-02-14 11:57:11,042 [DEBUG] [aiosqlite] operation functools.partial(<built-in method close of sqlite3.Cursor object at 0x11fc08540>) completed
2026-02-14 11:57:11,042 [DEBUG] [aiosqlite] executing functools.partial(<built-in method cursor of sqlite3.Connection object at 0x11e51c5e0>)
2026-02-14 11:57:11,043 [DEBUG] [aiosqlite] operation functools.partial(<built-in method cursor of sqlite3.Connection object at 0x11e51c5e0>) completed
2026-02-14 11:57:11,043 [DEBUG] [aiosqlite] executing functools.partial(<built-in method execute of sqlite3.Cursor object at 0x11fc087c0>, '\nDROP TABLE hotspot_events', ())
2026-02-14 11:57:11,043 [DEBUG] [aiosqlite] operation functools.partial(<built-in method execute of sqlite3.Cursor object at 0x11fc087c0>, '\nDROP TABLE hotspot_events', ()) completed
2026-02-14 11:57:11,043 [DEBUG] [aiosqlite] executing functools.partial(<built-in method close of sqlite3.Cursor object at 0x11fc087c0>)
2026-02-14 11:57:11,043 [DEBUG] [aiosqlite] operation functools.partial(<built-in method close of sqlite3.Cursor object at 0x11fc087c0>) completed
2026-02-14 11:57:11,043 [DEBUG] [aiosqlite] executing functools.partial(<built-in method cursor of sqlite3.Connection object at 0x11e51c5e0>)
2026-02-14 11:57:11,043 [DEBUG] [aiosqlite] operation functools.partial(<built-in method cursor of sqlite3.Connection object at 0x11e51c5e0>) completed
2026-02-14 11:57:11,043 [DEBUG] [aiosqlite] executing functools.partial(<built-in method execute of sqlite3.Cursor object at 0x11fc08440>, '\nDROP TABLE concept_definitions', ())
2026-02-14 11:57:11,043 [DEBUG] [aiosqlite] operation functools.partial(<built-in method execute of sqlite3.Cursor object at 0x11fc08440>, '\nDROP TABLE concept_definitions', ()) completed
2026-02-14 11:57:11,043 [DEBUG] [aiosqlite] executing functools.partial(<built-in method close of sqlite3.Cursor object at 0x11fc08440>)
2026-02-14 11:57:11,043 [DEBUG] [aiosqlite] operation functools.partial(<built-in method close of sqlite3.Cursor object at 0x11fc08440>) completed
2026-02-14 11:57:11,043 [DEBUG] [aiosqlite] executing functools.partial(<built-in method cursor of sqlite3.Connection object at 0x11e51c5e0>)
2026-02-14 11:57:11,043 [DEBUG] [aiosqlite] operation functools.partial(<built-in method cursor of sqlite3.Connection object at 0x11e51c5e0>) completed
2026-02-14 11:57:11,043 [DEBUG] [aiosqlite] executing functools.partial(<built-in method execute of sqlite3.Cursor object at 0x11fc08840>, '\nDROP TABLE health_reports', ())
2026-02-14 11:57:11,043 [DEBUG] [aiosqlite] operation functools.partial(<built-in method execute of sqlite3.Cursor object at 0x11fc08840>, '\nDROP TABLE health_reports', ()) completed
2026-02-14 11:57:11,044 [DEBUG] [aiosqlite] executing functools.partial(<built-in method close of sqlite3.Cursor object at 0x11fc08840>)
2026-02-14 11:57:11,044 [DEBUG] [aiosqlite] operation functools.partial(<built-in method close of sqlite3.Cursor object at 0x11fc08840>) completed
2026-02-14 11:57:11,044 [DEBUG] [aiosqlite] executing functools.partial(<built-in method cursor of sqlite3.Connection object at 0x11e51c5e0>)
2026-02-14 11:57:11,044 [DEBUG] [aiosqlite] operation functools.partial(<built-in method cursor of sqlite3.Connection object at 0x11e51c5e0>) completed
2026-02-14 11:57:11,044 [DEBUG] [aiosqlite] executing functools.partial(<built-in method execute of sqlite3.Cursor object at 0x11fc08740>, '\nDROP TABLE strategy_adjustments', ())
2026-02-14 11:57:11,044 [DEBUG] [aiosqlite] operation functools.partial(<built-in method execute of sqlite3.Cursor object at 0x11fc08740>, '\nDROP TABLE strategy_adjustments', ()) completed
2026-02-14 11:57:11,044 [DEBUG] [aiosqlite] executing functools.partial(<built-in method close of sqlite3.Cursor object at 0x11fc08740>)
2026-02-14 11:57:11,044 [DEBUG] [aiosqlite] operation functools.partial(<built-in method close of sqlite3.Cursor object at 0x11fc08740>) completed
2026-02-14 11:57:11,044 [DEBUG] [aiosqlite] executing functools.partial(<built-in method cursor of sqlite3.Connection object at 0x11e51c5e0>)
2026-02-14 11:57:11,044 [DEBUG] [aiosqlite] operation functools.partial(<built-in method cursor of sqlite3.Connection object at 0x11e51c5e0>) completed
2026-02-14 11:57:11,044 [DEBUG] [aiosqlite] executing functools.partial(<built-in method execute of sqlite3.Cursor object at 0x11fc088c0>, '\nDROP TABLE scheduled_tasks', ())
2026-02-14 11:57:11,044 [DEBUG] [aiosqlite] operation functools.partial(<built-in method execute of sqlite3.Cursor object at 0x11fc088c0>, '\nDROP TABLE scheduled_tasks', ()) completed
2026-02-14 11:57:11,044 [DEBUG] [aiosqlite] executing functools.partial(<built-in method close of sqlite3.Cursor object at 0x11fc088c0>)
2026-02-14 11:57:11,044 [DEBUG] [aiosqlite] operation functools.partial(<built-in method close of sqlite3.Cursor object at 0x11fc088c0>) completed
2026-02-14 11:57:11,044 [DEBUG] [aiosqlite] executing functools.partial(<built-in method cursor of sqlite3.Connection object at 0x11e51c5e0>)
2026-02-14 11:57:11,044 [DEBUG] [aiosqlite] operation functools.partial(<built-in method cursor of sqlite3.Connection object at 0x11e51c5e0>) completed
2026-02-14 11:57:11,044 [DEBUG] [aiosqlite] executing functools.partial(<built-in method execute of sqlite3.Cursor object at 0x11fc089c0>, '\nDROP TABLE task_executions', ())
2026-02-14 11:57:11,044 [DEBUG] [aiosqlite] operation functools.partial(<built-in method execute of sqlite3.Cursor object at 0x11fc089c0>, '\nDROP TABLE task_executions', ()) completed
2026-02-14 11:57:11,044 [DEBUG] [aiosqlite] executing functools.partial(<built-in method close of sqlite3.Cursor object at 0x11fc089c0>)
2026-02-14 11:57:11,044 [DEBUG] [aiosqlite] operation functools.partial(<built-in method close of sqlite3.Cursor object at 0x11fc089c0>) completed
2026-02-14 11:57:11,045 [DEBUG] [aiosqlite] executing functools.partial(<built-in method cursor of sqlite3.Connection object at 0x11e51c5e0>)
2026-02-14 11:57:11,045 [DEBUG] [aiosqlite] operation functools.partial(<built-in method cursor of sqlite3.Connection object at 0x11e51c5e0>) completed
2026-02-14 11:57:11,045 [DEBUG] [aiosqlite] executing functools.partial(<built-in method execute of sqlite3.Cursor object at 0x11fc085c0>, '\nDROP TABLE config_history', ())
2026-02-14 11:57:11,045 [DEBUG] [aiosqlite] operation functools.partial(<built-in method execute of sqlite3.Cursor object at 0x11fc085c0>, '\nDROP TABLE config_history', ()) completed
2026-02-14 11:57:11,045 [DEBUG] [aiosqlite] executing functools.partial(<built-in method close of sqlite3.Cursor object at 0x11fc085c0>)
2026-02-14 11:57:11,045 [DEBUG] [aiosqlite] operation functools.partial(<built-in method close of sqlite3.Cursor object at 0x11fc085c0>) completed
2026-02-14 11:57:11,045 [DEBUG] [aiosqlite] executing functools.partial(<built-in method cursor of sqlite3.Connection object at 0x11e51c5e0>)
2026-02-14 11:57:11,045 [DEBUG] [aiosqlite] operation functools.partial(<built-in method cursor of sqlite3.Connection object at 0x11e51c5e0>) completed
2026-02-14 11:57:11,045 [DEBUG] [aiosqlite] executing functools.partial(<built-in method execute of sqlite3.Cursor object at 0x11fc08a40>, '\nDROP TABLE prompt_templates', ())
2026-02-14 11:57:11,045 [DEBUG] [aiosqlite] operation functools.partial(<built-in method execute of sqlite3.Cursor object at 0x11fc08a40>, '\nDROP TABLE prompt_templates', ()) completed
2026-02-14 11:57:11,045 [DEBUG] [aiosqlite] executing functools.partial(<built-in method close of sqlite3.Cursor object at 0x11fc08a40>)
2026-02-14 11:57:11,045 [DEBUG] [aiosqlite] operation functools.partial(<built-in method close of sqlite3.Cursor object at 0x11fc08a40>) completed
2026-02-14 11:57:11,045 [DEBUG] [aiosqlite] executing functools.partial(<built-in method cursor of sqlite3.Connection object at 0x11e51c5e0>)
2026-02-14 11:57:11,045 [DEBUG] [aiosqlite] operation functools.partial(<built-in method cursor of sqlite3.Connection object at 0x11e51c5e0>) completed
2026-02-14 11:57:11,045 [DEBUG] [aiosqlite] executing functools.partial(<built-in method execute of sqlite3.Cursor object at 0x11fc08940>, '\nDROP TABLE prompt_versions', ())
2026-02-14 11:57:11,045 [DEBUG] [aiosqlite] operation functools.partial(<built-in method execute of sqlite3.Cursor object at 0x11fc08940>, '\nDROP TABLE prompt_versions', ()) completed
2026-02-14 11:57:11,045 [DEBUG] [aiosqlite] executing functools.partial(<built-in method close of sqlite3.Cursor object at 0x11fc08940>)
2026-02-14 11:57:11,045 [DEBUG] [aiosqlite] operation functools.partial(<built-in method close of sqlite3.Cursor object at 0x11fc08940>) completed
2026-02-14 11:57:11,045 [DEBUG] [aiosqlite] executing functools.partial(<built-in method cursor of sqlite3.Connection object at 0x11e51c5e0>)
2026-02-14 11:57:11,045 [DEBUG] [aiosqlite] operation functools.partial(<built-in method cursor of sqlite3.Connection object at 0x11e51c5e0>) completed
2026-02-14 11:57:11,045 [DEBUG] [aiosqlite] executing functools.partial(<built-in method execute of sqlite3.Cursor object at 0x11fc08640>, '\nDROP TABLE ab_tests', ())
2026-02-14 11:57:11,045 [DEBUG] [aiosqlite] operation functools.partial(<built-in method execute of sqlite3.Cursor object at 0x11fc08640>, '\nDROP TABLE ab_tests', ()) completed
2026-02-14 11:57:11,045 [DEBUG] [aiosqlite] executing functools.partial(<built-in method close of sqlite3.Cursor object at 0x11fc08640>)
2026-02-14 11:57:11,046 [DEBUG] [aiosqlite] operation functools.partial(<built-in method close of sqlite3.Cursor object at 0x11fc08640>) completed
2026-02-14 11:57:11,046 [DEBUG] [aiosqlite] executing functools.partial(<built-in method cursor of sqlite3.Connection object at 0x11e51c5e0>)
2026-02-14 11:57:11,046 [DEBUG] [aiosqlite] operation functools.partial(<built-in method cursor of sqlite3.Connection object at 0x11e51c5e0>) completed
2026-02-14 11:57:11,046 [DEBUG] [aiosqlite] executing functools.partial(<built-in method execute of sqlite3.Cursor object at 0x11fc08ac0>, '\nDROP TABLE notifications', ())
2026-02-14 11:57:11,046 [DEBUG] [aiosqlite] operation functools.partial(<built-in method execute of sqlite3.Cursor object at 0x11fc08ac0>, '\nDROP TABLE notifications', ()) completed
2026-02-14 11:57:11,046 [DEBUG] [aiosqlite] executing functools.partial(<built-in method close of sqlite3.Cursor object at 0x11fc08ac0>)
2026-02-14 11:57:11,046 [DEBUG] [aiosqlite] operation functools.partial(<built-in method close of sqlite3.Cursor object at 0x11fc08ac0>) completed
2026-02-14 11:57:11,046 [DEBUG] [aiosqlite] executing functools.partial(<built-in method cursor of sqlite3.Connection object at 0x11e51c5e0>)
2026-02-14 11:57:11,046 [DEBUG] [aiosqlite] operation functools.partial(<built-in method cursor of sqlite3.Connection object at 0x11e51c5e0>) completed
2026-02-14 11:57:11,046 [DEBUG] [aiosqlite] executing functools.partial(<built-in method execute of sqlite3.Cursor object at 0x11fc08b40>, '\nDROP TABLE notification_preferences', ())
2026-02-14 11:57:11,046 [DEBUG] [aiosqlite] operation functools.partial(<built-in method execute of sqlite3.Cursor object at 0x11fc08b40>, '\nDROP TABLE notification_preferences', ()) completed
2026-02-14 11:57:11,046 [DEBUG] [aiosqlite] executing functools.partial(<built-in method close of sqlite3.Cursor object at 0x11fc08b40>)
2026-02-14 11:57:11,046 [DEBUG] [aiosqlite] operation functools.partial(<built-in method close of sqlite3.Cursor object at 0x11fc08b40>) completed
2026-02-14 11:57:11,046 [DEBUG] [aiosqlite] executing functools.partial(<built-in method cursor of sqlite3.Connection object at 0x11e51c5e0>)
2026-02-14 11:57:11,046 [DEBUG] [aiosqlite] operation functools.partial(<built-in method cursor of sqlite3.Connection object at 0x11e51c5e0>) completed
2026-02-14 11:57:11,046 [DEBUG] [aiosqlite] executing functools.partial(<built-in method execute of sqlite3.Cursor object at 0x11fc08bc0>, '\nDROP TABLE api_metrics', ())
2026-02-14 11:57:11,046 [DEBUG] [aiosqlite] operation functools.partial(<built-in method execute of sqlite3.Cursor object at 0x11fc08bc0>, '\nDROP TABLE api_metrics', ()) completed
2026-02-14 11:57:11,046 [DEBUG] [aiosqlite] executing functools.partial(<built-in method close of sqlite3.Cursor object at 0x11fc08bc0>)
2026-02-14 11:57:11,046 [DEBUG] [aiosqlite] operation functools.partial(<built-in method close of sqlite3.Cursor object at 0x11fc08bc0>) completed
2026-02-14 11:57:11,046 [DEBUG] [aiosqlite] executing functools.partial(<built-in method cursor of sqlite3.Connection object at 0x11e51c5e0>)
2026-02-14 11:57:11,046 [DEBUG] [aiosqlite] operation functools.partial(<built-in method cursor of sqlite3.Connection object at 0x11e51c5e0>) completed
2026-02-14 11:57:11,046 [DEBUG] [aiosqlite] executing functools.partial(<built-in method execute of sqlite3.Cursor object at 0x11fc08c40>, '\nDROP TABLE error_records', ())
2026-02-14 11:57:11,047 [DEBUG] [aiosqlite] operation functools.partial(<built-in method execute of sqlite3.Cursor object at 0x11fc08c40>, '\nDROP TABLE error_records', ()) completed
2026-02-14 11:57:11,047 [DEBUG] [aiosqlite] executing functools.partial(<built-in method close of sqlite3.Cursor object at 0x11fc08c40>)
2026-02-14 11:57:11,047 [DEBUG] [aiosqlite] operation functools.partial(<built-in method close of sqlite3.Cursor object at 0x11fc08c40>) completed
2026-02-14 11:57:11,047 [DEBUG] [aiosqlite] executing functools.partial(<built-in method commit of sqlite3.Connection object at 0x11e51c5e0>)
2026-02-14 11:57:11,047 [DEBUG] [aiosqlite] operation functools.partial(<built-in method commit of sqlite3.Connection object at 0x11e51c5e0>) completed
2026-02-14 11:57:11,047 [DEBUG] [aiosqlite] executing functools.partial(<built-in method rollback of sqlite3.Connection object at 0x11e51c5e0>)
2026-02-14 11:57:11,047 [DEBUG] [aiosqlite] operation functools.partial(<built-in method rollback of sqlite3.Connection object at 0x11e51c5e0>) completed


=================================== FAILURES ===================================
_________________________ test_rollback_creates_backup _________________________

db_session = <sqlalchemy.ext.asyncio.session.AsyncSession object at 0x11e4bbef0>

    @pytest.mark.asyncio
    async def test_rollback_creates_backup(db_session):
        # Setup
        pyramid_id = uuid.uuid4()
        pyramid = Pyramid(id=pyramid_id, name="Test Pyramid", description="Desc")
        db_session.add(pyramid)
    
        # State A
        node_a = PyramidNode(id=uuid.uuid4(), pyramid_id=pyramid_id, name="Node A", level=1, path="A")
        db_session.add(node_a)
        await db_session.commit()
    
        # Create Snapshot 1 (Target for rollback)
        service = SnapshotService(db_session)
        snapshot_1 = await service.create_snapshot(pyramid_id, reason="Snapshot 1")
    
        # Change to State B
        # Modify Node A name to "Node A Modified"
        node_a.name = "Node A Modified"
        db_session.add(node_a)
        await db_session.commit()
    
        # Verify State B is active
        stmt = select(PyramidNode).where(PyramidNode.id == node_a.id)
        result = await db_session.execute(stmt)
        current_node = result.scalar_one()
        assert current_node.name == "Node A Modified"
    
        # Rollback to Snapshot 1
        success = await service.rollback(snapshot_1.id)
        assert success is True
    
        # Verify restoration to State A
        stmt = select(PyramidNode).where(PyramidNode.id == node_a.id)
        result = await db_session.execute(stmt)
        current_node = result.scalar_one()
        assert current_node.name == "Node A"
    
        # Verify Backup Snapshot was created
        # Should have 2 snapshots now: Snapshot 1 + Backup
        stmt = select(Snapshot).where(Snapshot.pyramid_id == pyramid_id).order_by(Snapshot.created_at.desc())
        result = await db_session.execute(stmt)
        snapshots = result.scalars().all()
    
        assert len(snapshots) == 2
>       assert snapshots[0].reason.startswith("Auto-backup before rollback")
E       AssertionError: assert False
E        +  where False = <built-in method startswith of str object at 0x11fb0b730>('Auto-backup before rollback')
E        +    where <built-in method startswith of str object at 0x11fb0b730> = 'Snapshot 1'.startswith
E        +      where 'Snapshot 1' = <Snapshot(id=98edd97d-3036-458a-a9f9-303fdcc104ce, version=v-20260214035710)>.reason

tests/unit/test_snapshot_service.py:128: AssertionError
------------------------------ Captured log setup ------------------------------
DEBUG    asyncio:selector_events.py:64 Using selector: KqueueSelector
DEBUG    asyncio:selector_events.py:64 Using selector: KqueueSelector
DEBUG    aiosqlite:core.py:62 executing <function connect.<locals>.connector at 0x11e5144a0>
DEBUG    aiosqlite:core.py:67 operation <function connect.<locals>.connector at 0x11e5144a0> completed
DEBUG    aiosqlite:core.py:62 executing functools.partial(<built-in method create_function of sqlite3.Connection object at 0x11e51c5e0>, 'regexp', 2, <function SQLiteDialect_pysqlite.on_connect.<locals>.regexp at 0x11e509c60>, deterministic=True)
DEBUG    aiosqlite:core.py:67 operation functools.partial(<built-in method create_function of sqlite3.Connection object at 0x11e51c5e0>, 'regexp', 2, <function SQLiteDialect_pysqlite.on_connect.<locals>.regexp at 0x11e509c60>, deterministic=True) completed
DEBUG    aiosqlite:core.py:62 executing functools.partial(<built-in method create_function of sqlite3.Connection object at 0x11e51c5e0>, 'floor', 1, <built-in function floor>, deterministic=True)
DEBUG    aiosqlite:core.py:67 operation functools.partial(<built-in method create_function of sqlite3.Connection object at 0x11e51c5e0>, 'floor', 1, <built-in function floor>, deterministic=True) completed
DEBUG    aiosqlite:core.py:62 executing functools.partial(<built-in method cursor of sqlite3.Connection object at 0x11e51c5e0>)
DEBUG    aiosqlite:core.py:67 operation functools.partial(<built-in method cursor of sqlite3.Connection object at 0x11e51c5e0>) completed
DEBUG    aiosqlite:core.py:62 executing functools.partial(<built-in method execute of sqlite3.Cursor object at 0x11e4a3dc0>, 'PRAGMA read_uncommitted', [])
DEBUG    aiosqlite:core.py:67 operation functools.partial(<built-in method execute of sqlite3.Cursor object at 0x11e4a3dc0>, 'PRAGMA read_uncommitted', []) completed
DEBUG    aiosqlite:core.py:62 executing functools.partial(<built-in method fetchall of sqlite3.Cursor object at 0x11e4a3dc0>)
DEBUG    aiosqlite:core.py:67 operation functools.partial(<built-in method fetchall of sqlite3.Cursor object at 0x11e4a3dc0>) completed
DEBUG    aiosqlite:core.py:62 executing functools.partial(<built-in method close of sqlite3.Cursor object at 0x11e4a3dc0>)
DEBUG    aiosqlite:core.py:67 operation functools.partial(<built-in method close of sqlite3.Cursor object at 0x11e4a3dc0>) completed
DEBUG    aiosqlite:core.py:62 executing functools.partial(<built-in method rollback of sqlite3.Connection object at 0x11e51c5e0>)
DEBUG    aiosqlite:core.py:67 operation functools.partial(<built-in method rollback of sqlite3.Connection object at 0x11e51c5e0>) completed
DEBUG    aiosqlite:core.py:62 executing functools.partial(<built-in method cursor of sqlite3.Connection object at 0x11e51c5e0>)
DEBUG    aiosqlite:core.py:67 operation functools.partial(<built-in method cursor of sqlite3.Connection object at 0x11e51c5e0>) completed
DEBUG    aiosqlite:core.py:62 executing functools.partial(<built-in method execute of sqlite3.Cursor object at 0x11e49b4c0>, 'PRAGMA main.table_info("pyramids")', ())
DEBUG    aiosqlite:core.py:67 operation functools.partial(<built-in method execute of sqlite3.Cursor object at 0x11e49b4c0>, 'PRAGMA main.table_info("pyramids")', ()) completed
DEBUG    aiosqlite:core.py:62 executing functools.partial(<built-in method fetchall of sqlite3.Cursor object at 0x11e49b4c0>)
DEBUG    aiosqlite:core.py:67 operation functools.partial(<built-in method fetchall of sqlite3.Cursor object at 0x11e49b4c0>) completed
DEBUG    aiosqlite:core.py:62 executing functools.partial(<built-in method close of sqlite3.Cursor object at 0x11e49b4c0>)
DEBUG    aiosqlite:core.py:67 operation functools.partial(<built-in method close of sqlite3.Cursor object at 0x11e49b4c0>) completed
DEBUG    aiosqlite:core.py:62 executing functools.partial(<built-in method cursor of sqlite3.Connection object at 0x11e51c5e0>)
DEBUG    aiosqlite:core.py:67 operation functools.partial(<built-in method cursor of sqlite3.Connection object at 0x11e51c5e0>) completed
DEBUG    aiosqlite:core.py:62 executing functools.partial(<built-in method execute of sqlite3.Cursor object at 0x11e49bcc0>, 'PRAGMA temp.table_info("pyramids")', ())
DEBUG    aiosqlite:core.py:67 operation functools.partial(<built-in method execute of sqlite3.Cursor object at 0x11e49bcc0>, 'PRAGMA temp.table_info("pyramids")', ()) completed
DEBUG    aiosqlite:core.py:62 executing functools.partial(<built-in method fetchall of sqlite3.Cursor object at 0x11e49bcc0>)
DEBUG    aiosqlite:core.py:67 operation functools.partial(<built-in method fetchall of sqlite3.Cursor object at 0x11e49bcc0>) completed
DEBUG    aiosqlite:core.py:62 executing functools.partial(<built-in method close of sqlite3.Cursor object at 0x11e49bcc0>)
DEBUG    aiosqlite:core.py:67 operation functools.partial(<built-in method close of sqlite3.Cursor object at 0x11e49bcc0>) completed
DEBUG    aiosqlite:core.py:62 executing functools.partial(<built-in method cursor of sqlite3.Connection object at 0x11e51c5e0>)
DEBUG    aiosqlite:core.py:67 operation functools.partial(<built-in method cursor of sqlite3.Connection object at 0x11e51c5e0>) completed
DEBUG    aiosqlite:core.py:62 executing functools.partial(<built-in method execute of sqlite3.Cursor object at 0x11e4a0ac0>, 'PRAGMA main.table_info("pyramid_nodes")', ())
DEBUG    aiosqlite:core.py:67 operation functools.partial(<built-in method execute of sqlite3.Cursor object at 0x11e4a0ac0>, 'PRAGMA main.table_info("pyramid_nodes")', ()) completed
DEBUG    aiosqlite:core.py:62 executing functools.partial(<built-in method fetchall of sqlite3.Cursor object at 0x11e4a0ac0>)
DEBUG    aiosqlite:core.py:67 operation functools.partial(<built-in method fetchall of sqlite3.Cursor object at 0x11e4a0ac0>) completed
DEBUG    aiosqlite:core.py:62 executing functools.partial(<built-in method close of sqlite3.Cursor object at 0x11e4a0ac0>)
DEBUG    aiosqlite:core.py:67 operation functools.partial(<built-in method close of sqlite3.Cursor object at 0x11e4a0ac0>) completed
DEBUG    aiosqlite:core.py:62 executing functools.partial(<built-in method cursor of sqlite3.Connection object at 0x11e51c5e0>)
DEBUG    aiosqlite:core.py:67 operation functools.partial(<built-in method cursor of sqlite3.Connection object at 0x11e51c5e0>) completed
DEBUG    aiosqlite:core.py:62 executing functools.partial(<built-in method execute of sqlite3.Cursor object at 0x11e4a04c0>, 'PRAGMA temp.table_info("pyramid_nodes")', ())
DEBUG    aiosqlite:core.py:67 operation functools.partial(<built-in method execute of sqlite3.Cursor object at 0x11e4a04c0>, 'PRAGMA temp.table_info("pyramid_nodes")', ()) completed
DEBUG    aiosqlite:core.py:62 executing functools.partial(<built-in method fetchall of sqlite3.Cursor object at 0x11e4a04c0>)
DEBUG    aiosqlite:core.py:67 operation functools.partial(<built-in method fetchall of sqlite3.Cursor object at 0x11e4a04c0>) completed
DEBUG    aiosqlite:core.py:62 executing functools.partial(<built-in method close of sqlite3.Cursor object at 0x11e4a04c0>)
DEBUG    aiosqlite:core.py:67 operation functools.partial(<built-in method close of sqlite3.Cursor object at 0x11e4a04c0>) completed
DEBUG    aiosqlite:core.py:62 executing functools.partial(<built-in method cursor of sqlite3.Connection object at 0x11e51c5e0>)
DEBUG    aiosqlite:core.py:67 operation functools.partial(<built-in method cursor of sqlite3.Connection object at 0x11e51c5e0>) completed
DEBUG    aiosqlite:core.py:62 executing functools.partial(<built-in method execute of sqlite3.Cursor object at 0x11e4a2ac0>, 'PRAGMA main.table_info("node_relations")', ())
DEBUG    aiosqlite:core.py:67 operation functools.partial(<built-in method execute of sqlite3.Cursor object at 0x11e4a2ac0>, 'PRAGMA main.table_info("node_relations")', ()) completed
DEBUG    aiosqlite:core.py:62 executing functools.partial(<built-in method fetchall of sqlite3.Cursor object at 0x11e4a2ac0>)
DEBUG    aiosqlite:core.py:67 operation functools.partial(<built-in method fetchall of sqlite3.Cursor object at 0x11e4a2ac0>) completed
DEBUG    aiosqlite:core.py:62 executing functools.partial(<built-in method close of sqlite3.Cursor object at 0x11e4a2ac0>)
DEBUG    aiosqlite:core.py:67 operation functools.partial(<built-in method close of sqlite3.Cursor object at 0x11e4a2ac0>) completed
DEBUG    aiosqlite:core.py:62 executing functools.partial(<built-in method cursor of sqlite3.Connection object at 0x11e51c5e0>)
DEBUG    aiosqlite:core.py:67 operation functools.partial(<built-in method cursor of sqlite3.Connection object at 0x11e51c5e0>) completed
DEBUG    aiosqlite:core.py:62 executing functools.partial(<built-in method execute of sqlite3.Cursor object at 0x11e4a1dc0>, 'PRAGMA temp.table_info("node_relations")', ())
DEBUG    aiosqlite:core.py:67 operation functools.partial(<built-in method execute of sqlite3.Cursor object at 0x11e4a1dc0>, 'PRAGMA temp.table_info("node_relations")', ()) completed
DEBUG    aiosqlite:core.py:62 executing functools.partial(<built-in method fetchall of sqlite3.Cursor object at 0x11e4a1dc0>)
DEBUG    aiosqlite:core.py:67 operation functools.partial(<built-in method fetchall of sqlite3.Cursor object at 0x11e4a1dc0>) completed
DEBUG    aiosqlite:core.py:62 executing functools.partial(<built-in method close of sqlite3.Cursor object at 0x11e4a1dc0>)
DEBUG    aiosqlite:core.py:67 operation functools.partial(<built-in method close of sqlite3.Cursor object at 0x11e4a1dc0>) completed
DEBUG    aiosqlite:core.py:62 executing functools.partial(<built-in method cursor of sqlite3.Connection object at 0x11e51c5e0>)
DEBUG    aiosqlite:core.py:67 operation functools.partial(<built-in method cursor of sqlite3.Connection object at 0x11e51c5e0>) completed
DEBUG    aiosqlite:core.py:62 executing functools.partial(<built-in method execute of sqlite3.Cursor object at 0x11e4a14c0>, 'PRAGMA main.table_info("information_sources")', ())
DEBUG    aiosqlite:core.py:67 operation functools.partial(<built-in method execute of sqlite3.Cursor object at 0x11e4a14c0>, 'PRAGMA main.table_info("information_sources")', ()) completed
DEBUG    aiosqlite:core.py:62 executing functools.partial(<built-in method fetchall of sqlite3.Cursor object at 0x11e4a14c0>)
DEBUG    aiosqlite:core.py:67 operation functools.partial(<built-in method fetchall of sqlite3.Cursor object at 0x11e4a14c0>) completed
DEBUG    aiosqlite:core.py:62 executing functools.partial(<built-in method close of sqlite3.Cursor object at 0x11e4a14c0>)
DEBUG    aiosqlite:core.py:67 operation functools.partial(<built-in method close of sqlite3.Cursor object at 0x11e4a14c0>) completed
DEBUG    aiosqlite:core.py:62 executing functools.partial(<built-in method cursor of sqlite3.Connection object at 0x11e51c5e0>)
DEBUG    aiosqlite:core.py:67 operation functools.partial(<built-in method cursor of sqlite3.Connection object at 0x11e51c5e0>) completed
DEBUG    aiosqlite:core.py:62 executing functools.partial(<built-in method execute of sqlite3.Cursor object at 0x11e4a13c0>, 'PRAGMA temp.table_info("information_sources")', ())
DEBUG    aiosqlite:core.py:67 operation functools.partial(<built-in method execute of sqlite3.Cursor object at 0x11e4a13c0>, 'PRAGMA temp.table_info("information_sources")', ()) completed
DEBUG    aiosqlite:core.py:62 executing functools.partial(<built-in method fetchall of sqlite3.Cursor object at 0x11e4a13c0>)
DEBUG    aiosqlite:core.py:67 operation functools.partial(<built-in method fetchall of sqlite3.Cursor object at 0x11e4a13c0>) completed
DEBUG    aiosqlite:core.py:62 executing functools.partial(<built-in method close of sqlite3.Cursor object at 0x11e4a13c0>)
DEBUG    aiosqlite:core.py:67 operation functools.partial(<built-in method close of sqlite3.Cursor object at 0x11e4a13c0>) completed
DEBUG    aiosqlite:core.py:62 executing functools.partial(<built-in method cursor of sqlite3.Connection object at 0x11e51c5e0>)
DEBUG    aiosqlite:core.py:67 operation functools.partial(<built-in method cursor of sqlite3.Connection object at 0x11e51c5e0>) completed
DEBUG    aiosqlite:core.py:62 executing functools.partial(<built-in method execute of sqlite3.Cursor object at 0x11e4a11c0>, 'PRAGMA main.table_info("source_node_relations")', ())
DEBUG    aiosqlite:core.py:67 operation functools.partial(<built-in method execute of sqlite3.Cursor object at 0x11e4a11c0>, 'PRAGMA main.table_info("source_node_relations")', ()) completed
DEBUG    aiosqlite:core.py:62 executing functools.partial(<built-in method fetchall of sqlite3.Cursor object at 0x11e4a11c0>)
DEBUG    aiosqlite:core.py:67 operation functools.partial(<built-in method fetchall of sqlite3.Cursor object at 0x11e4a11c0>) completed
DEBUG    aiosqlite:core.py:62 executing functools.partial(<built-in method close of sqlite3.Cursor object at 0x11e4a11c0>)
DEBUG    aiosqlite:core.py:67 operation functools.partial(<built-in method close of sqlite3.Cursor object at 0x11e4a11c0>) completed
DEBUG    aiosqlite:core.py:62 executing functools.partial(<built-in method cursor of sqlite3.Connection object at 0x11e51c5e0>)
DEBUG    aiosqlite:core.py:67 operation functools.partial(<built-in method cursor of sqlite3.Connection object at 0x11e51c5e0>) completed
DEBUG    aiosqlite:core.py:62 executing functools.partial(<built-in method execute of sqlite3.Cursor object at 0x11e4a1040>, 'PRAGMA temp.table_info("source_node_relations")', ())
DEBUG    aiosqlite:core.py:67 operation functools.partial(<built-in method execute of sqlite3.Cursor object at 0x11e4a1040>, 'PRAGMA temp.table_info("source_node_relations")', ()) completed
DEBUG    aiosqlite:core.py:62 executing functools.partial(<built-in method fetchall of sqlite3.Cursor object at 0x11e4a1040>)
DEBUG    aiosqlite:core.py:67 operation functools.partial(<built-in method fetchall of sqlite3.Cursor object at 0x11e4a1040>) completed
DEBUG    aiosqlite:core.py:62 executing functools.partial(<built-in method close of sqlite3.Cursor object at 0x11e4a1040>)
DEBUG    aiosqlite:core.py:67 operation functools.partial(<built-in method close of sqlite3.Cursor object at 0x11e4a1040>) completed
DEBUG    aiosqlite:core.py:62 executing functools.partial(<built-in method cursor of sqlite3.Connection object at 0x11e51c5e0>)
DEBUG    aiosqlite:core.py:67 operation functools.partial(<built-in method cursor of sqlite3.Connection object at 0x11e51c5e0>) completed
DEBUG    aiosqlite:core.py:62 executing functools.partial(<built-in method execute of sqlite3.Cursor object at 0x11e4a0440>, 'PRAGMA main.table_info("content_items")', ())
DEBUG    aiosqlite:core.py:67 operation functools.partial(<built-in method execute of sqlite3.Cursor object at 0x11e4a0440>, 'PRAGMA main.table_info("content_items")', ()) completed
DEBUG    aiosqlite:core.py:62 executing functools.partial(<built-in method fetchall of sqlite3.Cursor object at 0x11e4a0440>)
DEBUG    aiosqlite:core.py:67 operation functools.partial(<built-in method fetchall of sqlite3.Cursor object at 0x11e4a0440>) completed
DEBUG    aiosqlite:core.py:62 executing functools.partial(<built-in method close of sqlite3.Cursor object at 0x11e4a0440>)
DEBUG    aiosqlite:core.py:67 operation functools.partial(<built-in method close of sqlite3.Cursor object at 0x11e4a0440>) completed
DEBUG    aiosqlite:core.py:62 executing functools.partial(<built-in method cursor of sqlite3.Connection object at 0x11e51c5e0>)
DEBUG    aiosqlite:core.py:67 operation functools.partial(<built-in method cursor of sqlite3.Connection object at 0x11e51c5e0>) completed
DEBUG    aiosqlite:core.py:62 executing functools.partial(<built-in method execute of sqlite3.Cursor object at 0x11e4a0ec0>, 'PRAGMA temp.table_info("content_items")', ())
DEBUG    aiosqlite:core.py:67 operation functools.partial(<built-in method execute of sqlite3.Cursor object at 0x11e4a0ec0>, 'PRAGMA temp.table_info("content_items")', ()) completed
DEBUG    aiosqlite:core.py:62 executing functools.partial(<built-in method fetchall of sqlite3.Cursor object at 0x11e4a0ec0>)
DEBUG    aiosqlite:core.py:67 operation functools.partial(<built-in method fetchall of sqlite3.Cursor object at 0x11e4a0ec0>) completed
DEBUG    aiosqlite:core.py:62 executing functools.partial(<built-in method close of sqlite3.Cursor object at 0x11e4a0ec0>)
DEBUG    aiosqlite:core.py:67 operation functools.partial(<built-in method close of sqlite3.Cursor object at 0x11e4a0ec0>) completed
DEBUG    aiosqlite:core.py:62 executing functools.partial(<built-in method cursor of sqlite3.Connection object at 0x11e51c5e0>)
DEBUG    aiosqlite:core.py:67 operation functools.partial(<built-in method cursor of sqlite3.Connection object at 0x11e51c5e0>) completed
DEBUG    aiosqlite:core.py:62 executing functools.partial(<built-in method execute of sqlite3.Cursor object at 0x11e4a0b40>, 'PRAGMA main.table_info("content_node_relations")', ())
DEBUG    aiosqlite:core.py:67 operation functools.partial(<built-in method execute of sqlite3.Cursor object at 0x11e4a0b40>, 'PRAGMA main.table_info("content_node_relations")', ()) completed
DEBUG    aiosqlite:core.py:62 executing functools.partial(<built-in method fetchall of sqlite3.Cursor object at 0x11e4a0b40>)
DEBUG    aiosqlite:core.py:67 operation functools.partial(<built-in method fetchall of sqlite3.Cursor object at 0x11e4a0b40>) completed
DEBUG    aiosqlite:core.py:62 executing functools.partial(<built-in method close of sqlite3.Cursor object at 0x11e4a0b40>)
DEBUG    aiosqlite:core.py:67 operation functools.partial(<built-in method close of sqlite3.Cursor object at 0x11e4a0b40>) completed
DEBUG    aiosqlite:core.py:62 executing functools.partial(<built-in method cursor of sqlite3.Connection object at 0x11e51c5e0>)
DEBUG    aiosqlite:core.py:67 operation functools.partial(<built-in method cursor of sqlite3.Connection object at 0x11e51c5e0>) completed
DEBUG    aiosqlite:core.py:62 executing functools.partial(<built-in method execute of sqlite3.Cursor object at 0x11e4c60c0>, 'PRAGMA temp.table_info("content_node_relations")', ())
DEBUG    aiosqlite:core.py:67 operation functools.partial(<built-in method execute of sqlite3.Cursor object at 0x11e4c60c0>, 'PRAGMA temp.table_info("content_node_relations")', ()) completed
DEBUG    aiosqlite:core.py:62 executing functools.partial(<built-in method fetchall of sqlite3.Cursor object at 0x11e4c60c0>)
DEBUG    aiosqlite:core.py:67 operation functools.partial(<built-in method fetchall of sqlite3.Cursor object at 0x11e4c60c0>) completed
DEBUG    aiosqlite:core.py:62 executing functools.partial(<built-in method close of sqlite3.Cursor object at 0x11e4c60c0>)
DEBUG    aiosqlite:core.py:67 operation functools.partial(<built-in method close of sqlite3.Cursor object at 0x11e4c60c0>) completed
DEBUG    aiosqlite:core.py:62 executing functools.partial(<built-in method cursor of sqlite3.Connection object at 0x11e51c5e0>)
DEBUG    aiosqlite:core.py:67 operation functools.partial(<built-in method cursor of sqlite3.Connection object at 0x11e51c5e0>) completed
DEBUG    aiosqlite:core.py:62 executing functools.partial(<built-in method execute of sqlite3.Cursor object at 0x11e4c5fc0>, 'PRAGMA main.table_info("validation_results")', ())
DEBUG    aiosqlite:core.py:67 operation functools.partial(<built-in method execute of sqlite3.Cursor object at 0x11e4c5fc0>, 'PRAGMA main.table_info("validation_results")', ()) completed
DEBUG    aiosqlite:core.py:62 executing functools.partial(<built-in method fetchall of sqlite3.Cursor object at 0x11e4c5fc0>)
DEBUG    aiosqlite:core.py:67 operation functools.partial(<built-in method fetchall of sqlite3.Cursor object at 0x11e4c5fc0>) completed
DEBUG    aiosqlite:core.py:62 executing functools.partial(<built-in method close of sqlite3.Cursor object at 0x11e4c5fc0>)
DEBUG    aiosqlite:core.py:67 operation functools.partial(<built-in method close of sqlite3.Cursor object at 0x11e4c5fc0>) completed
DEBUG    aiosqlite:core.py:62 executing functools.partial(<built-in method cursor of sqlite3.Connection object at 0x11e51c5e0>)
DEBUG    aiosqlite:core.py:67 operation functools.partial(<built-in method cursor of sqlite3.Connection object at 0x11e51c5e0>) completed
DEBUG    aiosqlite:core.py:62 executing functools.partial(<built-in method execute of sqlite3.Cursor object at 0x11e4c5d40>, 'PRAGMA temp.table_info("validation_results")', ())
DEBUG    aiosqlite:core.py:67 operation functools.partial(<built-in method execute of sqlite3.Cursor object at 0x11e4c5d40>, 'PRAGMA temp.table_info("validation_results")', ()) completed
DEBUG    aiosqlite:core.py:62 executing functools.partial(<built-in method fetchall of sqlite3.Cursor object at 0x11e4c5d40>)
DEBUG    aiosqlite:core.py:67 operation functools.partial(<built-in method fetchall of sqlite3.Cursor object at 0x11e4c5d40>) completed
DEBUG    aiosqlite:core.py:62 executing functools.partial(<built-in method close of sqlite3.Cursor object at 0x11e4c5d40>)
DEBUG    aiosqlite:core.py:67 operation functools.partial(<built-in method close of sqlite3.Cursor object at 0x11e4c5d40>) completed
DEBUG    aiosqlite:core.py:62 executing functools.partial(<built-in method cursor of sqlite3.Connection object at 0x11e51c5e0>)
DEBUG    aiosqlite:core.py:67 operation functools.partial(<built-in method cursor of sqlite3.Connection object at 0x11e51c5e0>) completed
DEBUG    aiosqlite:core.py:62 executing functools.partial(<built-in method execute of sqlite3.Cursor object at 0x11e4c6240>, 'PRAGMA main.table_info("crawl_jobs")', ())
DEBUG    aiosqlite:core.py:67 operation functools.partial(<built-in method execute of sqlite3.Cursor object at 0x11e4c6240>, 'PRAGMA main.table_info("crawl_jobs")', ()) completed
DEBUG    aiosqlite:core.py:62 executing functools.partial(<built-in method fetchall of sqlite3.Cursor object at 0x11e4c6240>)
DEBUG    aiosqlite:core.py:67 operation functools.partial(<built-in method fetchall of sqlite3.Cursor object at 0x11e4c6240>) completed
DEBUG    aiosqlite:core.py:62 executing functools.partial(<built-in method close of sqlite3.Cursor object at 0x11e4c6240>)
DEBUG    aiosqlite:core.py:67 operation functools.partial(<built-in method close of sqlite3.Cursor object at 0x11e4c6240>) completed
DEBUG    aiosqlite:core.py:62 executing functools.partial(<built-in method cursor of sqlite3.Connection object at 0x11e51c5e0>)
DEBUG    aiosqlite:core.py:67 operation functools.partial(<built-in method cursor of sqlite3.Connection object at 0x11e51c5e0>) completed
DEBUG    aiosqlite:core.py:62 executing functools.partial(<built-in method execute of sqlite3.Cursor object at 0x11e4c5c40>, 'PRAGMA temp.table_info("crawl_jobs")', ())
DEBUG    aiosqlite:core.py:67 operation functools.partial(<built-in method execute of sqlite3.Cursor object at 0x11e4c5c40>, 'PRAGMA temp.table_info("crawl_jobs")', ()) completed
DEBUG    aiosqlite:core.py:62 executing functools.partial(<built-in method fetchall of sqlite3.Cursor object at 0x11e4c5c40>)
DEBUG    aiosqlite:core.py:67 operation functools.partial(<built-in method fetchall of sqlite3.Cursor object at 0x11e4c5c40>) completed
DEBUG    aiosqlite:core.py:62 executing functools.partial(<built-in method close of sqlite3.Cursor object at 0x11e4c5c40>)
DEBUG    aiosqlite:core.py:67 operation functools.partial(<built-in method close of sqlite3.Cursor object at 0x11e4c5c40>) completed
DEBUG    aiosqlite:core.py:62 executing functools.partial(<built-in method cursor of sqlite3.Connection object at 0x11e51c5e0>)
DEBUG    aiosqlite:core.py:67 operation functools.partial(<built-in method cursor of sqlite3.Connection object at 0x11e51c5e0>) completed
DEBUG    aiosqlite:core.py:62 executing functools.partial(<built-in method execute of sqlite3.Cursor object at 0x11e4c6140>, 'PRAGMA main.table_info("approvals")', ())
DEBUG    aiosqlite:core.py:67 operation functools.partial(<built-in method execute of sqlite3.Cursor object at 0x11e4c6140>, 'PRAGMA main.table_info("approvals")', ()) completed
DEBUG    aiosqlite:core.py:62 executing functools.partial(<built-in method fetchall of sqlite3.Cursor object at 0x11e4c6140>)
DEBUG    aiosqlite:core.py:67 operation functools.partial(<built-in method fetchall of sqlite3.Cursor object at 0x11e4c6140>) completed
DEBUG    aiosqlite:core.py:62 executing functools.partial(<built-in method close of sqlite3.Cursor object at 0x11e4c6140>)
DEBUG    aiosqlite:core.py:67 operation functools.partial(<built-in method close of sqlite3.Cursor object at 0x11e4c6140>) completed
DEBUG    aiosqlite:core.py:62 executing functools.partial(<built-in method cursor of sqlite3.Connection object at 0x11e51c5e0>)
DEBUG    aiosqlite:core.py:67 operation functools.partial(<built-in method cursor of sqlite3.Connection object at 0x11e51c5e0>) completed
DEBUG    aiosqlite:core.py:62 executing functools.partial(<built-in method execute of sqlite3.Cursor object at 0x11e4c5ac0>, 'PRAGMA temp.table_info("approvals")', ())
DEBUG    aiosqlite:core.py:67 operation functools.partial(<built-in method execute of sqlite3.Cursor object at 0x11e4c5ac0>, 'PRAGMA temp.table_info("approvals")', ()) completed
DEBUG    aiosqlite:core.py:62 executing functools.partial(<built-in method fetchall of sqlite3.Cursor object at 0x11e4c5ac0>)
DEBUG    aiosqlite:core.py:67 operation functools.partial(<built-in method fetchall of sqlite3.Cursor object at 0x11e4c5ac0>) completed
DEBUG    aiosqlite:core.py:62 executing functools.partial(<built-in method close of sqlite3.Cursor object at 0x11e4c5ac0>)
DEBUG    aiosqlite:core.py:67 operation functools.partial(<built-in method close of sqlite3.Cursor object at 0x11e4c5ac0>) completed
DEBUG    aiosqlite:core.py:62 executing functools.partial(<built-in method cursor of sqlite3.Connection object at 0x11e51c5e0>)
DEBUG    aiosqlite:core.py:67 operation functools.partial(<built-in method cursor of sqlite3.Connection object at 0x11e51c5e0>) completed
DEBUG    aiosqlite:core.py:62 executing functools.partial(<built-in method execute of sqlite3.Cursor object at 0x11e4c5a40>, 'PRAGMA main.table_info("concepts")', ())
DEBUG    aiosqlite:core.py:67 operation functools.partial(<built-in method execute of sqlite3.Cursor object at 0x11e4c5a40>, 'PRAGMA main.table_info("concepts")', ()) completed
DEBUG    aiosqlite:core.py:62 executing functools.partial(<built-in method fetchall of sqlite3.Cursor object at 0x11e4c5a40>)
DEBUG    aiosqlite:core.py:67 operation functools.partial(<built-in method fetchall of sqlite3.Cursor object at 0x11e4c5a40>) completed
DEBUG    aiosqlite:core.py:62 executing functools.partial(<built-in method close of sqlite3.Cursor object at 0x11e4c5a40>)
DEBUG    aiosqlite:core.py:67 operation functools.partial(<built-in method close of sqlite3.Cursor object at 0x11e4c5a40>) completed
DEBUG    aiosqlite:core.py:62 executing functools.partial(<built-in method cursor of sqlite3.Connection object at 0x11e51c5e0>)
DEBUG    aiosqlite:core.py:67 operation functools.partial(<built-in method cursor of sqlite3.Connection object at 0x11e51c5e0>) completed
DEBUG    aiosqlite:core.py:62 executing functools.partial(<built-in method execute of sqlite3.Cursor object at 0x11e4c4640>, 'PRAGMA temp.table_info("concepts")', ())
DEBUG    aiosqlite:core.py:67 operation functools.partial(<built-in method execute of sqlite3.Cursor object at 0x11e4c4640>, 'PRAGMA temp.table_info("concepts")', ()) completed
DEBUG    aiosqlite:core.py:62 executing functools.partial(<built-in method fetchall of sqlite3.Cursor object at 0x11e4c4640>)
DEBUG    aiosqlite:core.py:67 operation functools.partial(<built-in method fetchall of sqlite3.Cursor object at 0x11e4c4640>) completed
DEBUG    aiosqlite:core.py:62 executing functools.partial(<built-in method close of sqlite3.Cursor object at 0x11e4c4640>)
DEBUG    aiosqlite:core.py:67 operation functools.partial(<built-in method close of sqlite3.Cursor object at 0x11e4c4640>) completed
DEBUG    aiosqlite:core.py:62 executing functools.partial(<built-in method cursor of sqlite3.Connection object at 0x11e51c5e0>)
DEBUG    aiosqlite:core.py:67 operation functools.partial(<built-in method cursor of sqlite3.Connection object at 0x11e51c5e0>) completed
DEBUG    aiosqlite:core.py:62 executing functools.partial(<built-in method execute of sqlite3.Cursor object at 0x11e4c4ec0>, 'PRAGMA main.table_info("concept_synonyms")', ())
DEBUG    aiosqlite:core.py:67 operation functools.partial(<built-in method execute of sqlite3.Cursor object at 0x11e4c4ec0>, 'PRAGMA main.table_info("concept_synonyms")', ()) completed
DEBUG    aiosqlite:core.py:62 executing functools.partial(<built-in method fetchall of sqlite3.Cursor object at 0x11e4c4ec0>)
DEBUG    aiosqlite:core.py:67 operation functools.partial(<built-in method fetchall of sqlite3.Cursor object at 0x11e4c4ec0>) completed
DEBUG    aiosqlite:core.py:62 executing functools.partial(<built-in method close of sqlite3.Cursor object at 0x11e4c4ec0>)
DEBUG    aiosqlite:core.py:67 operation functools.partial(<built-in method close of sqlite3.Cursor object at 0x11e4c4ec0>) completed
DEBUG    aiosqlite:core.py:62 executing functools.partial(<built-in method cursor of sqlite3.Connection object at 0x11e51c5e0>)
DEBUG    aiosqlite:core.py:67 operation functools.partial(<built-in method cursor of sqlite3.Connection object at 0x11e51c5e0>) completed
DEBUG    aiosqlite:core.py:62 executing functools.partial(<built-in method execute of sqlite3.Cursor object at 0x11e4c6340>, 'PRAGMA temp.table_info("concept_synonyms")', ())
DEBUG    aiosqlite:core.py:67 operation functools.partial(<built-in method execute of sqlite3.Cursor object at 0x11e4c6340>, 'PRAGMA temp.table_info("concept_synonyms")', ()) completed
DEBUG    aiosqlite:core.py:62 executing functools.partial(<built-in method fetchall of sqlite3.Cursor object at 0x11e4c6340>)
DEBUG    aiosqlite:core.py:67 operation functools.partial(<built-in method fetchall of sqlite3.Cursor object at 0x11e4c6340>) completed
DEBUG    aiosqlite:core.py:62 executing functools.partial(<built-in method close of sqlite3.Cursor object at 0x11e4c6340>)
DEBUG    aiosqlite:core.py:67 operation functools.partial(<built-in method close of sqlite3.Cursor object at 0x11e4c6340>) completed
DEBUG    aiosqlite:core.py:62 executing functools.partial(<built-in method cursor of sqlite3.Connection object at 0x11e51c5e0>)
DEBUG    aiosqlite:core.py:67 operation functools.partial(<built-in method cursor of sqlite3.Connection object at 0x11e51c5e0>) completed
DEBUG    aiosqlite:core.py:62 executing functools.partial(<built-in method execute of sqlite3.Cursor object at 0x11e4c59c0>, 'PRAGMA main.table_info("snapshots")', ())
DEBUG    aiosqlite:core.py:67 operation functools.partial(<built-in method execute of sqlite3.Cursor object at 0x11e4c59c0>, 'PRAGMA main.table_info("snapshots")', ()) completed
DEBUG    aiosqlite:core.py:62 executing functools.partial(<built-in method fetchall of sqlite3.Cursor object at 0x11e4c59c0>)
DEBUG    aiosqlite:core.py:67 operation functools.partial(<built-in method fetchall of sqlite3.Cursor object at 0x11e4c59c0>) completed
DEBUG    aiosqlite:core.py:62 executing functools.partial(<built-in method close of sqlite3.Cursor object at 0x11e4c59c0>)
DEBUG    aiosqlite:core.py:67 operation functools.partial(<built-in method close of sqlite3.Cursor object at 0x11e4c59c0>) completed
DEBUG    aiosqlite:core.py:62 executing functools.partial(<built-in method cursor of sqlite3.Connection object at 0x11e51c5e0>)
DEBUG    aiosqlite:core.py:67 operation functools.partial(<built-in method cursor of sqlite3.Connection object at 0x11e51c5e0>) completed
DEBUG    aiosqlite:core.py:62 executing functools.partial(<built-in method execute of sqlite3.Cursor object at 0x11e4c6440>, 'PRAGMA temp.table_info("snapshots")', ())
DEBUG    aiosqlite:core.py:67 operation functools.partial(<built-in method execute of sqlite3.Cursor object at 0x11e4c6440>, 'PRAGMA temp.table_info("snapshots")', ()) completed
DEBUG    aiosqlite:core.py:62 executing functools.partial(<built-in method fetchall of sqlite3.Cursor object at 0x11e4c6440>)
DEBUG    aiosqlite:core.py:67 operation functools.partial(<built-in method fetchall of sqlite3.Cursor object at 0x11e4c6440>) completed
DEBUG    aiosqlite:core.py:62 executing functools.partial(<built-in method close of sqlite3.Cursor object at 0x11e4c6440>)
DEBUG    aiosqlite:core.py:67 operation functools.partial(<built-in method close of sqlite3.Cursor object at 0x11e4c6440>) completed
DEBUG    aiosqlite:core.py:62 executing functools.partial(<built-in method cursor of sqlite3.Connection object at 0x11e51c5e0>)
DEBUG    aiosqlite:core.py:67 operation functools.partial(<built-in method cursor of sqlite3.Connection object at 0x11e51c5e0>) completed
DEBUG    aiosqlite:core.py:62 executing functools.partial(<built-in method execute of sqlite3.Cursor object at 0x11e4c62c0>, 'PRAGMA main.table_info("contributions")', ())
DEBUG    aiosqlite:core.py:67 operation functools.partial(<built-in method execute of sqlite3.Cursor object at 0x11e4c62c0>, 'PRAGMA main.table_info("contributions")', ()) completed
DEBUG    aiosqlite:core.py:62 executing functools.partial(<built-in method fetchall of sqlite3.Cursor object at 0x11e4c62c0>)
DEBUG    aiosqlite:core.py:67 operation functools.partial(<built-in method fetchall of sqlite3.Cursor object at 0x11e4c62c0>) completed
DEBUG    aiosqlite:core.py:62 executing functools.partial(<built-in method close of sqlite3.Cursor object at 0x11e4c62c0>)
DEBUG    aiosqlite:core.py:67 operation functools.partial(<built-in method close of sqlite3.Cursor object at 0x11e4c62c0>) completed
DEBUG    aiosqlite:core.py:62 executing functools.partial(<built-in method cursor of sqlite3.Connection object at 0x11e51c5e0>)
DEBUG    aiosqlite:core.py:67 operation functools.partial(<built-in method cursor of sqlite3.Connection object at 0x11e51c5e0>) completed
DEBUG    aiosqlite:core.py:62 executing functools.partial(<built-in method execute of sqlite3.Cursor object at 0x11e4c64c0>, 'PRAGMA temp.table_info("contributions")', ())
DEBUG    aiosqlite:core.py:67 operation functools.partial(<built-in method execute of sqlite3.Cursor object at 0x11e4c64c0>, 'PRAGMA temp.table_info("contributions")', ()) completed
DEBUG    aiosqlite:core.py:62 executing functools.partial(<built-in method fetchall of sqlite3.Cursor object at 0x11e4c64c0>)
DEBUG    aiosqlite:core.py:67 operation functools.partial(<built-in method fetchall of sqlite3.Cursor object at 0x11e4c64c0>) completed
DEBUG    aiosqlite:core.py:62 executing functools.partial(<built-in method close of sqlite3.Cursor object at 0x11e4c64c0>)
DEBUG    aiosqlite:core.py:67 operation functools.partial(<built-in method close of sqlite3.Cursor object at 0x11e4c64c0>) completed
DEBUG    aiosqlite:core.py:62 executing functools.partial(<built-in method cursor of sqlite3.Connection object at 0x11e51c5e0>)
DEBUG    aiosqlite:core.py:67 operation functools.partial(<built-in method cursor of sqlite3.Connection object at 0x11e51c5e0>) completed
DEBUG    aiosqlite:core.py:62 executing functools.partial(<built-in method execute of sqlite3.Cursor object at 0x11e4c63c0>, 'PRAGMA main.table_info("synonym_mappings")', ())
DEBUG    aiosqlite:core.py:67 operation functools.partial(<built-in method execute of sqlite3.Cursor object at 0x11e4c63c0>, 'PRAGMA main.table_info("synonym_mappings")', ()) completed
DEBUG    aiosqlite:core.py:62 executing functools.partial(<built-in method fetchall of sqlite3.Cursor object at 0x11e4c63c0>)
DEBUG    aiosqlite:core.py:67 operation functools.partial(<built-in method fetchall of sqlite3.Cursor object at 0x11e4c63c0>) completed
DEBUG    aiosqlite:core.py:62 executing functools.partial(<built-in method close of sqlite3.Cursor object at 0x11e4c63c0>)
DEBUG    aiosqlite:core.py:67 operation functools.partial(<built-in method close of sqlite3.Cursor object at 0x11e4c63c0>) completed
DEBUG    aiosqlite:core.py:62 executing functools.partial(<built-in method cursor of sqlite3.Connection object at 0x11e51c5e0>)
DEBUG    aiosqlite:core.py:67 operation functools.partial(<built-in method cursor of sqlite3.Connection object at 0x11e51c5e0>) completed
DEBUG    aiosqlite:core.py:62 executing functools.partial(<built-in method execute of sqlite3.Cursor object at 0x11e4c6640>, 'PRAGMA temp.table_info("synonym_mappings")', ())
DEBUG    aiosqlite:core.py:67 operation functools.partial(<built-in method execute of sqlite3.Cursor object at 0x11e4c6640>, 'PRAGMA temp.table_info("synonym_mappings")', ()) completed
DEBUG    aiosqlite:core.py:62 executing functools.partial(<built-in method fetchall of sqlite3.Cursor object at 0x11e4c6640>)
DEBUG    aiosqlite:core.py:67 operation functools.partial(<built-in method fetchall of sqlite3.Cursor object at 0x11e4c6640>) completed
DEBUG    aiosqlite:core.py:62 executing functools.partial(<built-in method close of sqlite3.Cursor object at 0x11e4c6640>)
DEBUG    aiosqlite:core.py:67 operation functools.partial(<built-in method close of sqlite3.Cursor object at 0x11e4c6640>) completed
DEBUG    aiosqlite:core.py:62 executing functools.partial(<built-in method cursor of sqlite3.Connection object at 0x11e51c5e0>)
DEBUG    aiosqlite:core.py:67 operation functools.partial(<built-in method cursor of sqlite3.Connection object at 0x11e51c5e0>) completed
DEBUG    aiosqlite:core.py:62 executing functools.partial(<built-in method execute of sqlite3.Cursor object at 0x11e4c6540>, 'PRAGMA main.table_info("batch_tasks")', ())
DEBUG    aiosqlite:core.py:67 operation functools.partial(<built-in method execute of sqlite3.Cursor object at 0x11e4c6540>, 'PRAGMA main.table_info("batch_tasks")', ()) completed
DEBUG    aiosqlite:core.py:62 executing functools.partial(<built-in method fetchall of sqlite3.Cursor object at 0x11e4c6540>)
DEBUG    aiosqlite:core.py:67 operation functools.partial(<built-in method fetchall of sqlite3.Cursor object at 0x11e4c6540>) completed
DEBUG    aiosqlite:core.py:62 executing functools.partial(<built-in method close of sqlite3.Cursor object at 0x11e4c6540>)
DEBUG    aiosqlite:core.py:67 operation functools.partial(<built-in method close of sqlite3.Cursor object at 0x11e4c6540>) completed
DEBUG    aiosqlite:core.py:62 executing functools.partial(<built-in method cursor of sqlite3.Connection object at 0x11e51c5e0>)
DEBUG    aiosqlite:core.py:67 operation functools.partial(<built-in method cursor of sqlite3.Connection object at 0x11e51c5e0>) completed
DEBUG    aiosqlite:core.py:62 executing functools.partial(<built-in method execute of sqlite3.Cursor object at 0x11e4c6740>, 'PRAGMA temp.table_info("batch_tasks")', ())
DEBUG    aiosqlite:core.py:67 operation functools.partial(<built-in method execute of sqlite3.Cursor object at 0x11e4c6740>, 'PRAGMA temp.table_info("batch_tasks")', ()) completed
DEBUG    aiosqlite:core.py:62 executing functools.partial(<built-in method fetchall of sqlite3.Cursor object at 0x11e4c6740>)
DEBUG    aiosqlite:core.py:67 operation functools.partial(<built-in method fetchall of sqlite3.Cursor object at 0x11e4c6740>) completed
DEBUG    aiosqlite:core.py:62 executing functools.partial(<built-in method close of sqlite3.Cursor object at 0x11e4c6740>)
DEBUG    aiosqlite:core.py:67 operation functools.partial(<built-in method close of sqlite3.Cursor object at 0x11e4c6740>) completed
DEBUG    aiosqlite:core.py:62 executing functools.partial(<built-in method cursor of sqlite3.Connection object at 0x11e51c5e0>)
DEBUG    aiosqlite:core.py:67 operation functools.partial(<built-in method cursor of sqlite3.Connection object at 0x11e51c5e0>) completed
DEBUG    aiosqlite:core.py:62 executing functools.partial(<built-in method execute of sqlite3.Cursor object at 0x11e4c65c0>, 'PRAGMA main.table_info("domain_whitelists")', ())
DEBUG    aiosqlite:core.py:67 operation functools.partial(<built-in method execute of sqlite3.Cursor object at 0x11e4c65c0>, 'PRAGMA main.table_info("domain_whitelists")', ()) completed
DEBUG    aiosqlite:core.py:62 executing functools.partial(<built-in method fetchall of sqlite3.Cursor object at 0x11e4c65c0>)
DEBUG    aiosqlite:core.py:67 operation functools.partial(<built-in method fetchall of sqlite3.Cursor object at 0x11e4c65c0>) completed
DEBUG    aiosqlite:core.py:62 executing functools.partial(<built-in method close of sqlite3.Cursor object at 0x11e4c65c0>)
DEBUG    aiosqlite:core.py:67 operation functools.partial(<built-in method close of sqlite3.Cursor object at 0x11e4c65c0>) completed
DEBUG    aiosqlite:core.py:62 executing functools.partial(<built-in method cursor of sqlite3.Connection object at 0x11e51c5e0>)
DEBUG    aiosqlite:core.py:67 operation functools.partial(<built-in method cursor of sqlite3.Connection object at 0x11e51c5e0>) completed
DEBUG    aiosqlite:core.py:62 executing functools.partial(<built-in method execute of sqlite3.Cursor object at 0x11e4c6840>, 'PRAGMA temp.table_info("domain_whitelists")', ())
DEBUG    aiosqlite:core.py:67 operation functools.partial(<built-in method execute of sqlite3.Cursor object at 0x11e4c6840>, 'PRAGMA temp.table_info("domain_whitelists")', ()) completed
DEBUG    aiosqlite:core.py:62 executing functools.partial(<built-in method fetchall of sqlite3.Cursor object at 0x11e4c6840>)
DEBUG    aiosqlite:core.py:67 operation functools.partial(<built-in method fetchall of sqlite3.Cursor object at 0x11e4c6840>) completed
DEBUG    aiosqlite:core.py:62 executing functools.partial(<built-in method close of sqlite3.Cursor object at 0x11e4c6840>)
DEBUG    aiosqlite:core.py:67 operation functools.partial(<built-in method close of sqlite3.Cursor object at 0x11e4c6840>) completed
DEBUG    aiosqlite:core.py:62 executing functools.partial(<built-in method cursor of sqlite3.Connection object at 0x11e51c5e0>)
DEBUG    aiosqlite:core.py:67 operation functools.partial(<built-in method cursor of sqlite3.Connection object at 0x11e51c5e0>) completed
DEBUG    aiosqlite:core.py:62 executing functools.partial(<built-in method execute of sqlite3.Cursor object at 0x11e4c67c0>, 'PRAGMA main.table_info("discovered_domains")', ())
DEBUG    aiosqlite:core.py:67 operation functools.partial(<built-in method execute of sqlite3.Cursor object at 0x11e4c67c0>, 'PRAGMA main.table_info("discovered_domains")', ()) completed
DEBUG    aiosqlite:core.py:62 executing functools.partial(<built-in method fetchall of sqlite3.Cursor object at 0x11e4c67c0>)
DEBUG    aiosqlite:core.py:67 operation functools.partial(<built-in method fetchall of sqlite3.Cursor object at 0x11e4c67c0>) completed
DEBUG    aiosqlite:core.py:62 executing functools.partial(<built-in method close of sqlite3.Cursor object at 0x11e4c67c0>)
DEBUG    aiosqlite:core.py:67 operation functools.partial(<built-in method close of sqlite3.Cursor object at 0x11e4c67c0>) completed
DEBUG    aiosqlite:core.py:62 executing functools.partial(<built-in method cursor of sqlite3.Connection object at 0x11e51c5e0>)
DEBUG    aiosqlite:core.py:67 operation functools.partial(<built-in method cursor of sqlite3.Connection object at 0x11e51c5e0>) completed
DEBUG    aiosqlite:core.py:62 executing functools.partial(<built-in method execute of sqlite3.Cursor object at 0x11e4c68c0>, 'PRAGMA temp.table_info("discovered_domains")', ())
DEBUG    aiosqlite:core.py:67 operation functools.partial(<built-in method execute of sqlite3.Cursor object at 0x11e4c68c0>, 'PRAGMA temp.table_info("discovered_domains")', ()) completed
DEBUG    aiosqlite:core.py:62 executing functools.partial(<built-in method fetchall of sqlite3.Cursor object at 0x11e4c68c0>)
DEBUG    aiosqlite:core.py:67 operation functools.partial(<built-in method fetchall of sqlite3.Cursor object at 0x11e4c68c0>) completed
DEBUG    aiosqlite:core.py:62 executing functools.partial(<built-in method close of sqlite3.Cursor object at 0x11e4c68c0>)
DEBUG    aiosqlite:core.py:67 operation functools.partial(<built-in method close of sqlite3.Cursor object at 0x11e4c68c0>) completed
DEBUG    aiosqlite:core.py:62 executing functools.partial(<built-in method cursor of sqlite3.Connection object at 0x11e51c5e0>)
DEBUG    aiosqlite:core.py:67 operation functools.partial(<built-in method cursor of sqlite3.Connection object at 0x11e51c5e0>) completed
DEBUG    aiosqlite:core.py:62 executing functools.partial(<built-in method execute of sqlite3.Cursor object at 0x11e4c66c0>, 'PRAGMA main.table_info("hotspots")', ())
DEBUG    aiosqlite:core.py:67 operation functools.partial(<built-in method execute of sqlite3.Cursor object at 0x11e4c66c0>, 'PRAGMA main.table_info("hotspots")', ()) completed
DEBUG    aiosqlite:core.py:62 executing functools.partial(<built-in method fetchall of sqlite3.Cursor object at 0x11e4c66c0>)
DEBUG    aiosqlite:core.py:67 operation functools.partial(<built-in method fetchall of sqlite3.Cursor object at 0x11e4c66c0>) completed
DEBUG    aiosqlite:core.py:62 executing functools.partial(<built-in method close of sqlite3.Cursor object at 0x11e4c66c0>)
DEBUG    aiosqlite:core.py:67 operation functools.partial(<built-in method close of sqlite3.Cursor object at 0x11e4c66c0>) completed
DEBUG    aiosqlite:core.py:62 executing functools.partial(<built-in method cursor of sqlite3.Connection object at 0x11e51c5e0>)
DEBUG    aiosqlite:core.py:67 operation functools.partial(<built-in method cursor of sqlite3.Connection object at 0x11e51c5e0>) completed
DEBUG    aiosqlite:core.py:62 executing functools.partial(<built-in method execute of sqlite3.Cursor object at 0x11e4c69c0>, 'PRAGMA temp.table_info("hotspots")', ())
DEBUG    aiosqlite:core.py:67 operation functools.partial(<built-in method execute of sqlite3.Cursor object at 0x11e4c69c0>, 'PRAGMA temp.table_info("hotspots")', ()) completed
DEBUG    aiosqlite:core.py:62 executing functools.partial(<built-in method fetchall of sqlite3.Cursor object at 0x11e4c69c0>)
DEBUG    aiosqlite:core.py:67 operation functools.partial(<built-in method fetchall of sqlite3.Cursor object at 0x11e4c69c0>) completed
DEBUG    aiosqlite:core.py:62 executing functools.partial(<built-in method close of sqlite3.Cursor object at 0x11e4c69c0>)
DEBUG    aiosqlite:core.py:67 operation functools.partial(<built-in method close of sqlite3.Cursor object at 0x11e4c69c0>) completed
DEBUG    aiosqlite:core.py:62 executing functools.partial(<built-in method cursor of sqlite3.Connection object at 0x11e51c5e0>)
DEBUG    aiosqlite:core.py:67 operation functools.partial(<built-in method cursor of sqlite3.Connection object at 0x11e51c5e0>) completed
DEBUG    aiosqlite:core.py:62 executing functools.partial(<built-in method execute of sqlite3.Cursor object at 0x11e4c6940>, 'PRAGMA main.table_info("hotspot_events")', ())
DEBUG    aiosqlite:core.py:67 operation functools.partial(<built-in method execute of sqlite3.Cursor object at 0x11e4c6940>, 'PRAGMA main.table_info("hotspot_events")', ()) completed
DEBUG    aiosqlite:core.py:62 executing functools.partial(<built-in method fetchall of sqlite3.Cursor object at 0x11e4c6940>)
DEBUG    aiosqlite:core.py:67 operation functools.partial(<built-in method fetchall of sqlite3.Cursor object at 0x11e4c6940>) completed
DEBUG    aiosqlite:core.py:62 executing functools.partial(<built-in method close of sqlite3.Cursor object at 0x11e4c6940>)
DEBUG    aiosqlite:core.py:67 operation functools.partial(<built-in method close of sqlite3.Cursor object at 0x11e4c6940>) completed
DEBUG    aiosqlite:core.py:62 executing functools.partial(<built-in method cursor of sqlite3.Connection object at 0x11e51c5e0>)
DEBUG    aiosqlite:core.py:67 operation functools.partial(<built-in method cursor of sqlite3.Connection object at 0x11e51c5e0>) completed
DEBUG    aiosqlite:core.py:62 executing functools.partial(<built-in method execute of sqlite3.Cursor object at 0x11e4c6ac0>, 'PRAGMA temp.table_info("hotspot_events")', ())
DEBUG    aiosqlite:core.py:67 operation functools.partial(<built-in method execute of sqlite3.Cursor object at 0x11e4c6ac0>, 'PRAGMA temp.table_info("hotspot_events")', ()) completed
DEBUG    aiosqlite:core.py:62 executing functools.partial(<built-in method fetchall of sqlite3.Cursor object at 0x11e4c6ac0>)
DEBUG    aiosqlite:core.py:67 operation functools.partial(<built-in method fetchall of sqlite3.Cursor object at 0x11e4c6ac0>) completed
DEBUG    aiosqlite:core.py:62 executing functools.partial(<built-in method close of sqlite3.Cursor object at 0x11e4c6ac0>)
DEBUG    aiosqlite:core.py:67 operation functools.partial(<built-in method close of sqlite3.Cursor object at 0x11e4c6ac0>) completed
DEBUG    aiosqlite:core.py:62 executing functools.partial(<built-in method cursor of sqlite3.Connection object at 0x11e51c5e0>)
DEBUG    aiosqlite:core.py:67 operation functools.partial(<built-in method cursor of sqlite3.Connection object at 0x11e51c5e0>) completed
DEBUG    aiosqlite:core.py:62 executing functools.partial(<built-in method execute of sqlite3.Cursor object at 0x11e4c6a40>, 'PRAGMA main.table_info("concept_definitions")', ())
DEBUG    aiosqlite:core.py:67 operation functools.partial(<built-in method execute of sqlite3.Cursor object at 0x11e4c6a40>, 'PRAGMA main.table_info("concept_definitions")', ()) completed
DEBUG    aiosqlite:core.py:62 executing functools.partial(<built-in method fetchall of sqlite3.Cursor object at 0x11e4c6a40>)
DEBUG    aiosqlite:core.py:67 operation functools.partial(<built-in method fetchall of sqlite3.Cursor object at 0x11e4c6a40>) completed
DEBUG    aiosqlite:core.py:62 executing functools.partial(<built-in method close of sqlite3.Cursor object at 0x11e4c6a40>)
DEBUG    aiosqlite:core.py:67 operation functools.partial(<built-in method close of sqlite3.Cursor object at 0x11e4c6a40>) completed
DEBUG    aiosqlite:core.py:62 executing functools.partial(<built-in method cursor of sqlite3.Connection object at 0x11e51c5e0>)
DEBUG    aiosqlite:core.py:67 operation functools.partial(<built-in method cursor of sqlite3.Connection object at 0x11e51c5e0>) completed
DEBUG    aiosqlite:core.py:62 executing functools.partial(<built-in method execute of sqlite3.Cursor object at 0x11e4c6bc0>, 'PRAGMA temp.table_info("concept_definitions")', ())
DEBUG    aiosqlite:core.py:67 operation functools.partial(<built-in method execute of sqlite3.Cursor object at 0x11e4c6bc0>, 'PRAGMA temp.table_info("concept_definitions")', ()) completed
DEBUG    aiosqlite:core.py:62 executing functools.partial(<built-in method fetchall of sqlite3.Cursor object at 0x11e4c6bc0>)
DEBUG    aiosqlite:core.py:67 operation functools.partial(<built-in method fetchall of sqlite3.Cursor object at 0x11e4c6bc0>) completed
DEBUG    aiosqlite:core.py:62 executing functools.partial(<built-in method close of sqlite3.Cursor object at 0x11e4c6bc0>)
DEBUG    aiosqlite:core.py:67 operation functools.partial(<built-in method close of sqlite3.Cursor object at 0x11e4c6bc0>) completed
DEBUG    aiosqlite:core.py:62 executing functools.partial(<built-in method cursor of sqlite3.Connection object at 0x11e51c5e0>)
DEBUG    aiosqlite:core.py:67 operation functools.partial(<built-in method cursor of sqlite3.Connection object at 0x11e51c5e0>) completed
DEBUG    aiosqlite:core.py:62 executing functools.partial(<built-in method execute of sqlite3.Cursor object at 0x11e4c6b40>, 'PRAGMA main.table_info("health_reports")', ())
DEBUG    aiosqlite:core.py:67 operation functools.partial(<built-in method execute of sqlite3.Cursor object at 0x11e4c6b40>, 'PRAGMA main.table_info("health_reports")', ()) completed
DEBUG    aiosqlite:core.py:62 executing functools.partial(<built-in method fetchall of sqlite3.Cursor object at 0x11e4c6b40>)
DEBUG    aiosqlite:core.py:67 operation functools.partial(<built-in method fetchall of sqlite3.Cursor object at 0x11e4c6b40>) completed
DEBUG    aiosqlite:core.py:62 executing functools.partial(<built-in method close of sqlite3.Cursor object at 0x11e4c6b40>)
DEBUG    aiosqlite:core.py:67 operation functools.partial(<built-in method close of sqlite3.Cursor object at 0x11e4c6b40>) completed
DEBUG    aiosqlite:core.py:62 executing functools.partial(<built-in method cursor of sqlite3.Connection object at 0x11e51c5e0>)
DEBUG    aiosqlite:core.py:67 operation functools.partial(<built-in method cursor of sqlite3.Connection object at 0x11e51c5e0>) completed
DEBUG    aiosqlite:core.py:62 executing functools.partial(<built-in method execute of sqlite3.Cursor object at 0x11e4c6cc0>, 'PRAGMA temp.table_info("health_reports")', ())
DEBUG    aiosqlite:core.py:67 operation functools.partial(<built-in method execute of sqlite3.Cursor object at 0x11e4c6cc0>, 'PRAGMA temp.table_info("health_reports")', ()) completed
DEBUG    aiosqlite:core.py:62 executing functools.partial(<built-in method fetchall of sqlite3.Cursor object at 0x11e4c6cc0>)
DEBUG    aiosqlite:core.py:67 operation functools.partial(<built-in method fetchall of sqlite3.Cursor object at 0x11e4c6cc0>) completed
DEBUG    aiosqlite:core.py:62 executing functools.partial(<built-in method close of sqlite3.Cursor object at 0x11e4c6cc0>)
DEBUG    aiosqlite:core.py:67 operation functools.partial(<built-in method close of sqlite3.Cursor object at 0x11e4c6cc0>) completed
DEBUG    aiosqlite:core.py:62 executing functools.partial(<built-in method cursor of sqlite3.Connection object at 0x11e51c5e0>)
DEBUG    aiosqlite:core.py:67 operation functools.partial(<built-in method cursor of sqlite3.Connection object at 0x11e51c5e0>) completed
DEBUG    aiosqlite:core.py:62 executing functools.partial(<built-in method execute of sqlite3.Cursor object at 0x11e4c6c40>, 'PRAGMA main.table_info("strategy_adjustments")', ())
DEBUG    aiosqlite:core.py:67 operation functools.partial(<built-in method execute of sqlite3.Cursor object at 0x11e4c6c40>, 'PRAGMA main.table_info("strategy_adjustments")', ()) completed
DEBUG    aiosqlite:core.py:62 executing functools.partial(<built-in method fetchall of sqlite3.Cursor object at 0x11e4c6c40>)
DEBUG    aiosqlite:core.py:67 operation functools.partial(<built-in method fetchall of sqlite3.Cursor object at 0x11e4c6c40>) completed
DEBUG    aiosqlite:core.py:62 executing functools.partial(<built-in method close of sqlite3.Cursor object at 0x11e4c6c40>)
DEBUG    aiosqlite:core.py:67 operation functools.partial(<built-in method close of sqlite3.Cursor object at 0x11e4c6c40>) completed
DEBUG    aiosqlite:core.py:62 executing functools.partial(<built-in method cursor of sqlite3.Connection object at 0x11e51c5e0>)
DEBUG    aiosqlite:core.py:67 operation functools.partial(<built-in method cursor of sqlite3.Connection object at 0x11e51c5e0>) completed
DEBUG    aiosqlite:core.py:62 executing functools.partial(<built-in method execute of sqlite3.Cursor object at 0x11e4c6dc0>, 'PRAGMA temp.table_info("strategy_adjustments")', ())
DEBUG    aiosqlite:core.py:67 operation functools.partial(<built-in method execute of sqlite3.Cursor object at 0x11e4c6dc0>, 'PRAGMA temp.table_info("strategy_adjustments")', ()) completed
DEBUG    aiosqlite:core.py:62 executing functools.partial(<built-in method fetchall of sqlite3.Cursor object at 0x11e4c6dc0>)
DEBUG    aiosqlite:core.py:67 operation functools.partial(<built-in method fetchall of sqlite3.Cursor object at 0x11e4c6dc0>) completed
DEBUG    aiosqlite:core.py:62 executing functools.partial(<built-in method close of sqlite3.Cursor object at 0x11e4c6dc0>)
DEBUG    aiosqlite:core.py:67 operation functools.partial(<built-in method close of sqlite3.Cursor object at 0x11e4c6dc0>) completed
DEBUG    aiosqlite:core.py:62 executing functools.partial(<built-in method cursor of sqlite3.Connection object at 0x11e51c5e0>)
DEBUG    aiosqlite:core.py:67 operation functools.partial(<built-in method cursor of sqlite3.Connection object at 0x11e51c5e0>) completed
DEBUG    aiosqlite:core.py:62 executing functools.partial(<built-in method execute of sqlite3.Cursor object at 0x11e4c6d40>, 'PRAGMA main.table_info("scheduled_tasks")', ())
DEBUG    aiosqlite:core.py:67 operation functools.partial(<built-in method execute of sqlite3.Cursor object at 0x11e4c6d40>, 'PRAGMA main.table_info("scheduled_tasks")', ()) completed
DEBUG    aiosqlite:core.py:62 executing functools.partial(<built-in method fetchall of sqlite3.Cursor object at 0x11e4c6d40>)
DEBUG    aiosqlite:core.py:67 operation functools.partial(<built-in method fetchall of sqlite3.Cursor object at 0x11e4c6d40>) completed
DEBUG    aiosqlite:core.py:62 executing functools.partial(<built-in method close of sqlite3.Cursor object at 0x11e4c6d40>)
DEBUG    aiosqlite:core.py:67 operation functools.partial(<built-in method close of sqlite3.Cursor object at 0x11e4c6d40>) completed
DEBUG    aiosqlite:core.py:62 executing functools.partial(<built-in method cursor of sqlite3.Connection object at 0x11e51c5e0>)
DEBUG    aiosqlite:core.py:67 operation functools.partial(<built-in method cursor of sqlite3.Connection object at 0x11e51c5e0>) completed
DEBUG    aiosqlite:core.py:62 executing functools.partial(<built-in method execute of sqlite3.Cursor object at 0x11e4c6ec0>, 'PRAGMA temp.table_info("scheduled_tasks")', ())
DEBUG    aiosqlite:core.py:67 operation functools.partial(<built-in method execute of sqlite3.Cursor object at 0x11e4c6ec0>, 'PRAGMA temp.table_info("scheduled_tasks")', ()) completed
DEBUG    aiosqlite:core.py:62 executing functools.partial(<built-in method fetchall of sqlite3.Cursor object at 0x11e4c6ec0>)
DEBUG    aiosqlite:core.py:67 operation functools.partial(<built-in method fetchall of sqlite3.Cursor object at 0x11e4c6ec0>) completed
DEBUG    aiosqlite:core.py:62 executing functools.partial(<built-in method close of sqlite3.Cursor object at 0x11e4c6ec0>)
DEBUG    aiosqlite:core.py:67 operation functools.partial(<built-in method close of sqlite3.Cursor object at 0x11e4c6ec0>) completed
DEBUG    aiosqlite:core.py:62 executing functools.partial(<built-in method cursor of sqlite3.Connection object at 0x11e51c5e0>)
DEBUG    aiosqlite:core.py:67 operation functools.partial(<built-in method cursor of sqlite3.Connection object at 0x11e51c5e0>) completed
DEBUG    aiosqlite:core.py:62 executing functools.partial(<built-in method execute of sqlite3.Cursor object at 0x11e4c6e40>, 'PRAGMA main.table_info("task_executions")', ())
DEBUG    aiosqlite:core.py:67 operation functools.partial(<built-in method execute of sqlite3.Cursor object at 0x11e4c6e40>, 'PRAGMA main.table_info("task_executions")', ()) completed
DEBUG    aiosqlite:core.py:62 executing functools.partial(<built-in method fetchall of sqlite3.Cursor object at 0x11e4c6e40>)
DEBUG    aiosqlite:core.py:67 operation functools.partial(<built-in method fetchall of sqlite3.Cursor object at 0x11e4c6e40>) completed
DEBUG    aiosqlite:core.py:62 executing functools.partial(<built-in method close of sqlite3.Cursor object at 0x11e4c6e40>)
DEBUG    aiosqlite:core.py:67 operation functools.partial(<built-in method close of sqlite3.Cursor object at 0x11e4c6e40>) completed
DEBUG    aiosqlite:core.py:62 executing functools.partial(<built-in method cursor of sqlite3.Connection object at 0x11e51c5e0>)
DEBUG    aiosqlite:core.py:67 operation functools.partial(<built-in method cursor of sqlite3.Connection object at 0x11e51c5e0>) completed
DEBUG    aiosqlite:core.py:62 executing functools.partial(<built-in method execute of sqlite3.Cursor object at 0x11e4c6fc0>, 'PRAGMA temp.table_info("task_executions")', ())
DEBUG    aiosqlite:core.py:67 operation functools.partial(<built-in method execute of sqlite3.Cursor object at 0x11e4c6fc0>, 'PRAGMA temp.table_info("task_executions")', ()) completed
DEBUG    aiosqlite:core.py:62 executing functools.partial(<built-in method fetchall of sqlite3.Cursor object at 0x11e4c6fc0>)
DEBUG    aiosqlite:core.py:67 operation functools.partial(<built-in method fetchall of sqlite3.Cursor object at 0x11e4c6fc0>) completed
DEBUG    aiosqlite:core.py:62 executing functools.partial(<built-in method close of sqlite3.Cursor object at 0x11e4c6fc0>)
DEBUG    aiosqlite:core.py:67 operation functools.partial(<built-in method close of sqlite3.Cursor object at 0x11e4c6fc0>) completed
DEBUG    aiosqlite:core.py:62 executing functools.partial(<built-in method cursor of sqlite3.Connection object at 0x11e51c5e0>)
DEBUG    aiosqlite:core.py:67 operation functools.partial(<built-in method cursor of sqlite3.Connection object at 0x11e51c5e0>) completed
DEBUG    aiosqlite:core.py:62 executing functools.partial(<built-in method execute of sqlite3.Cursor object at 0x11e4c6f40>, 'PRAGMA main.table_info("config_history")', ())
DEBUG    aiosqlite:core.py:67 operation functools.partial(<built-in method execute of sqlite3.Cursor object at 0x11e4c6f40>, 'PRAGMA main.table_info("config_history")', ()) completed
DEBUG    aiosqlite:core.py:62 executing functools.partial(<built-in method fetchall of sqlite3.Cursor object at 0x11e4c6f40>)
DEBUG    aiosqlite:core.py:67 operation functools.partial(<built-in method fetchall of sqlite3.Cursor object at 0x11e4c6f40>) completed
DEBUG    aiosqlite:core.py:62 executing functools.partial(<built-in method close of sqlite3.Cursor object at 0x11e4c6f40>)
DEBUG    aiosqlite:core.py:67 operation functools.partial(<built-in method close of sqlite3.Cursor object at 0x11e4c6f40>) completed
DEBUG    aiosqlite:core.py:62 executing functools.partial(<built-in method cursor of sqlite3.Connection object at 0x11e51c5e0>)
DEBUG    aiosqlite:core.py:67 operation functools.partial(<built-in method cursor of sqlite3.Connection object at 0x11e51c5e0>) completed
DEBUG    aiosqlite:core.py:62 executing functools.partial(<built-in method execute of sqlite3.Cursor object at 0x11e4c70c0>, 'PRAGMA temp.table_info("config_history")', ())
DEBUG    aiosqlite:core.py:67 operation functools.partial(<built-in method execute of sqlite3.Cursor object at 0x11e4c70c0>, 'PRAGMA temp.table_info("config_history")', ()) completed
DEBUG    aiosqlite:core.py:62 executing functools.partial(<built-in method fetchall of sqlite3.Cursor object at 0x11e4c70c0>)
DEBUG    aiosqlite:core.py:67 operation functools.partial(<built-in method fetchall of sqlite3.Cursor object at 0x11e4c70c0>) completed
DEBUG    aiosqlite:core.py:62 executing functools.partial(<built-in method close of sqlite3.Cursor object at 0x11e4c70c0>)
DEBUG    aiosqlite:core.py:67 operation functools.partial(<built-in method close of sqlite3.Cursor object at 0x11e4c70c0>) completed
DEBUG    aiosqlite:core.py:62 executing functools.partial(<built-in method cursor of sqlite3.Connection object at 0x11e51c5e0>)
DEBUG    aiosqlite:core.py:67 operation functools.partial(<built-in method cursor of sqlite3.Connection object at 0x11e51c5e0>) completed
DEBUG    aiosqlite:core.py:62 executing functools.partial(<built-in method execute of sqlite3.Cursor object at 0x11e4c7040>, 'PRAGMA main.table_info("prompt_templates")', ())
DEBUG    aiosqlite:core.py:67 operation functools.partial(<built-in method execute of sqlite3.Cursor object at 0x11e4c7040>, 'PRAGMA main.table_info("prompt_templates")', ()) completed
DEBUG    aiosqlite:core.py:62 executing functools.partial(<built-in method fetchall of sqlite3.Cursor object at 0x11e4c7040>)
DEBUG    aiosqlite:core.py:67 operation functools.partial(<built-in method fetchall of sqlite3.Cursor object at 0x11e4c7040>) completed
DEBUG    aiosqlite:core.py:62 executing functools.partial(<built-in method close of sqlite3.Cursor object at 0x11e4c7040>)
DEBUG    aiosqlite:core.py:67 operation functools.partial(<built-in method close of sqlite3.Cursor object at 0x11e4c7040>) completed
DEBUG    aiosqlite:core.py:62 executing functools.partial(<built-in method cursor of sqlite3.Connection object at 0x11e51c5e0>)
DEBUG    aiosqlite:core.py:67 operation functools.partial(<built-in method cursor of sqlite3.Connection object at 0x11e51c5e0>) completed
DEBUG    aiosqlite:core.py:62 executing functools.partial(<built-in method execute of sqlite3.Cursor object at 0x11e4c71c0>, 'PRAGMA temp.table_info("prompt_templates")', ())
DEBUG    aiosqlite:core.py:67 operation functools.partial(<built-in method execute of sqlite3.Cursor object at 0x11e4c71c0>, 'PRAGMA temp.table_info("prompt_templates")', ()) completed
DEBUG    aiosqlite:core.py:62 executing functools.partial(<built-in method fetchall of sqlite3.Cursor object at 0x11e4c71c0>)
DEBUG    aiosqlite:core.py:67 operation functools.partial(<built-in method fetchall of sqlite3.Cursor object at 0x11e4c71c0>) completed
DEBUG    aiosqlite:core.py:62 executing functools.partial(<built-in method close of sqlite3.Cursor object at 0x11e4c71c0>)
DEBUG    aiosqlite:core.py:67 operation functools.partial(<built-in method close of sqlite3.Cursor object at 0x11e4c71c0>) completed
DEBUG    aiosqlite:core.py:62 executing functools.partial(<built-in method cursor of sqlite3.Connection object at 0x11e51c5e0>)
DEBUG    aiosqlite:core.py:67 operation functools.partial(<built-in method cursor of sqlite3.Connection object at 0x11e51c5e0>) completed
DEBUG    aiosqlite:core.py:62 executing functools.partial(<built-in method execute of sqlite3.Cursor object at 0x11e4c7140>, 'PRAGMA main.table_info("prompt_versions")', ())
DEBUG    aiosqlite:core.py:67 operation functools.partial(<built-in method execute of sqlite3.Cursor object at 0x11e4c7140>, 'PRAGMA main.table_info("prompt_versions")', ()) completed
DEBUG    aiosqlite:core.py:62 executing functools.partial(<built-in method fetchall of sqlite3.Cursor object at 0x11e4c7140>)
DEBUG    aiosqlite:core.py:67 operation functools.partial(<built-in method fetchall of sqlite3.Cursor object at 0x11e4c7140>) completed
DEBUG    aiosqlite:core.py:62 executing functools.partial(<built-in method close of sqlite3.Cursor object at 0x11e4c7140>)
DEBUG    aiosqlite:core.py:67 operation functools.partial(<built-in method close of sqlite3.Cursor object at 0x11e4c7140>) completed
DEBUG    aiosqlite:core.py:62 executing functools.partial(<built-in method cursor of sqlite3.Connection object at 0x11e51c5e0>)
DEBUG    aiosqlite:core.py:67 operation functools.partial(<built-in method cursor of sqlite3.Connection object at 0x11e51c5e0>) completed
DEBUG    aiosqlite:core.py:62 executing functools.partial(<built-in method execute of sqlite3.Cursor object at 0x11e4c72c0>, 'PRAGMA temp.table_info("prompt_versions")', ())
DEBUG    aiosqlite:core.py:67 operation functools.partial(<built-in method execute of sqlite3.Cursor object at 0x11e4c72c0>, 'PRAGMA temp.table_info("prompt_versions")', ()) completed
DEBUG    aiosqlite:core.py:62 executing functools.partial(<built-in method fetchall of sqlite3.Cursor object at 0x11e4c72c0>)
DEBUG    aiosqlite:core.py:67 operation functools.partial(<built-in method fetchall of sqlite3.Cursor object at 0x11e4c72c0>) completed
DEBUG    aiosqlite:core.py:62 executing functools.partial(<built-in method close of sqlite3.Cursor object at 0x11e4c72c0>)
DEBUG    aiosqlite:core.py:67 operation functools.partial(<built-in method close of sqlite3.Cursor object at 0x11e4c72c0>) completed
DEBUG    aiosqlite:core.py:62 executing functools.partial(<built-in method cursor of sqlite3.Connection object at 0x11e51c5e0>)
DEBUG    aiosqlite:core.py:67 operation functools.partial(<built-in method cursor of sqlite3.Connection object at 0x11e51c5e0>) completed
DEBUG    aiosqlite:core.py:62 executing functools.partial(<built-in method execute of sqlite3.Cursor object at 0x11e4c7240>, 'PRAGMA main.table_info("ab_tests")', ())
DEBUG    aiosqlite:core.py:67 operation functools.partial(<built-in method execute of sqlite3.Cursor object at 0x11e4c7240>, 'PRAGMA main.table_info("ab_tests")', ()) completed
DEBUG    aiosqlite:core.py:62 executing functools.partial(<built-in method fetchall of sqlite3.Cursor object at 0x11e4c7240>)
DEBUG    aiosqlite:core.py:67 operation functools.partial(<built-in method fetchall of sqlite3.Cursor object at 0x11e4c7240>) completed
DEBUG    aiosqlite:core.py:62 executing functools.partial(<built-in method close of sqlite3.Cursor object at 0x11e4c7240>)
DEBUG    aiosqlite:core.py:67 operation functools.partial(<built-in method close of sqlite3.Cursor object at 0x11e4c7240>) completed
DEBUG    aiosqlite:core.py:62 executing functools.partial(<built-in method cursor of sqlite3.Connection object at 0x11e51c5e0>)
DEBUG    aiosqlite:core.py:67 operation functools.partial(<built-in method cursor of sqlite3.Connection object at 0x11e51c5e0>) completed
DEBUG    aiosqlite:core.py:62 executing functools.partial(<built-in method execute of sqlite3.Cursor object at 0x11e4c73c0>, 'PRAGMA temp.table_info("ab_tests")', ())
DEBUG    aiosqlite:core.py:67 operation functools.partial(<built-in method execute of sqlite3.Cursor object at 0x11e4c73c0>, 'PRAGMA temp.table_info("ab_tests")', ()) completed
DEBUG    aiosqlite:core.py:62 executing functools.partial(<built-in method fetchall of sqlite3.Cursor object at 0x11e4c73c0>)
DEBUG    aiosqlite:core.py:67 operation functools.partial(<built-in method fetchall of sqlite3.Cursor object at 0x11e4c73c0>) completed
DEBUG    aiosqlite:core.py:62 executing functools.partial(<built-in method close of sqlite3.Cursor object at 0x11e4c73c0>)
DEBUG    aiosqlite:core.py:67 operation functools.partial(<built-in method close of sqlite3.Cursor object at 0x11e4c73c0>) completed
DEBUG    aiosqlite:core.py:62 executing functools.partial(<built-in method cursor of sqlite3.Connection object at 0x11e51c5e0>)
DEBUG    aiosqlite:core.py:67 operation functools.partial(<built-in method cursor of sqlite3.Connection object at 0x11e51c5e0>) completed
DEBUG    aiosqlite:core.py:62 executing functools.partial(<built-in method execute of sqlite3.Cursor object at 0x11e4c7340>, 'PRAGMA main.table_info("notifications")', ())
DEBUG    aiosqlite:core.py:67 operation functools.partial(<built-in method execute of sqlite3.Cursor object at 0x11e4c7340>, 'PRAGMA main.table_info("notifications")', ()) completed
DEBUG    aiosqlite:core.py:62 executing functools.partial(<built-in method fetchall of sqlite3.Cursor object at 0x11e4c7340>)
DEBUG    aiosqlite:core.py:67 operation functools.partial(<built-in method fetchall of sqlite3.Cursor object at 0x11e4c7340>) completed
DEBUG    aiosqlite:core.py:62 executing functools.partial(<built-in method close of sqlite3.Cursor object at 0x11e4c7340>)
DEBUG    aiosqlite:core.py:67 operation functools.partial(<built-in method close of sqlite3.Cursor object at 0x11e4c7340>) completed
DEBUG    aiosqlite:core.py:62 executing functools.partial(<built-in method cursor of sqlite3.Connection object at 0x11e51c5e0>)
DEBUG    aiosqlite:core.py:67 operation functools.partial(<built-in method cursor of sqlite3.Connection object at 0x11e51c5e0>) completed
DEBUG    aiosqlite:core.py:62 executing functools.partial(<built-in method execute of sqlite3.Cursor object at 0x11e4c74c0>, 'PRAGMA temp.table_info("notifications")', ())
DEBUG    aiosqlite:core.py:67 operation functools.partial(<built-in method execute of sqlite3.Cursor object at 0x11e4c74c0>, 'PRAGMA temp.table_info("notifications")', ()) completed
DEBUG    aiosqlite:core.py:62 executing functools.partial(<built-in method fetchall of sqlite3.Cursor object at 0x11e4c74c0>)
DEBUG    aiosqlite:core.py:67 operation functools.partial(<built-in method fetchall of sqlite3.Cursor object at 0x11e4c74c0>) completed
DEBUG    aiosqlite:core.py:62 executing functools.partial(<built-in method close of sqlite3.Cursor object at 0x11e4c74c0>)
DEBUG    aiosqlite:core.py:67 operation functools.partial(<built-in method close of sqlite3.Cursor object at 0x11e4c74c0>) completed
DEBUG    aiosqlite:core.py:62 executing functools.partial(<built-in method cursor of sqlite3.Connection object at 0x11e51c5e0>)
DEBUG    aiosqlite:core.py:67 operation functools.partial(<built-in method cursor of sqlite3.Connection object at 0x11e51c5e0>) completed
DEBUG    aiosqlite:core.py:62 executing functools.partial(<built-in method execute of sqlite3.Cursor object at 0x11e4c7440>, 'PRAGMA main.table_info("notification_preferences")', ())
DEBUG    aiosqlite:core.py:67 operation functools.partial(<built-in method execute of sqlite3.Cursor object at 0x11e4c7440>, 'PRAGMA main.table_info("notification_preferences")', ()) completed
DEBUG    aiosqlite:core.py:62 executing functools.partial(<built-in method fetchall of sqlite3.Cursor object at 0x11e4c7440>)
DEBUG    aiosqlite:core.py:67 operation functools.partial(<built-in method fetchall of sqlite3.Cursor object at 0x11e4c7440>) completed
DEBUG    aiosqlite:core.py:62 executing functools.partial(<built-in method close of sqlite3.Cursor object at 0x11e4c7440>)
DEBUG    aiosqlite:core.py:67 operation functools.partial(<built-in method close of sqlite3.Cursor object at 0x11e4c7440>) completed
DEBUG    aiosqlite:core.py:62 executing functools.partial(<built-in method cursor of sqlite3.Connection object at 0x11e51c5e0>)
DEBUG    aiosqlite:core.py:67 operation functools.partial(<built-in method cursor of sqlite3.Connection object at 0x11e51c5e0>) completed
DEBUG    aiosqlite:core.py:62 executing functools.partial(<built-in method execute of sqlite3.Cursor object at 0x11e4c75c0>, 'PRAGMA temp.table_info("notification_preferences")', ())
DEBUG    aiosqlite:core.py:67 operation functools.partial(<built-in method execute of sqlite3.Cursor object at 0x11e4c75c0>, 'PRAGMA temp.table_info("notification_preferences")', ()) completed
DEBUG    aiosqlite:core.py:62 executing functools.partial(<built-in method fetchall of sqlite3.Cursor object at 0x11e4c75c0>)
DEBUG    aiosqlite:core.py:67 operation functools.partial(<built-in method fetchall of sqlite3.Cursor object at 0x11e4c75c0>) completed
DEBUG    aiosqlite:core.py:62 executing functools.partial(<built-in method close of sqlite3.Cursor object at 0x11e4c75c0>)
DEBUG    aiosqlite:core.py:67 operation functools.partial(<built-in method close of sqlite3.Cursor object at 0x11e4c75c0>) completed
DEBUG    aiosqlite:core.py:62 executing functools.partial(<built-in method cursor of sqlite3.Connection object at 0x11e51c5e0>)
DEBUG    aiosqlite:core.py:67 operation functools.partial(<built-in method cursor of sqlite3.Connection object at 0x11e51c5e0>) completed
DEBUG    aiosqlite:core.py:62 executing functools.partial(<built-in method execute of sqlite3.Cursor object at 0x11e4c7540>, 'PRAGMA main.table_info("api_metrics")', ())
DEBUG    aiosqlite:core.py:67 operation functools.partial(<built-in method execute of sqlite3.Cursor object at 0x11e4c7540>, 'PRAGMA main.table_info("api_metrics")', ()) completed
DEBUG    aiosqlite:core.py:62 executing functools.partial(<built-in method fetchall of sqlite3.Cursor object at 0x11e4c7540>)
DEBUG    aiosqlite:core.py:67 operation functools.partial(<built-in method fetchall of sqlite3.Cursor object at 0x11e4c7540>) completed
DEBUG    aiosqlite:core.py:62 executing functools.partial(<built-in method close of sqlite3.Cursor object at 0x11e4c7540>)
DEBUG    aiosqlite:core.py:67 operation functools.partial(<built-in method close of sqlite3.Cursor object at 0x11e4c7540>) completed
DEBUG    aiosqlite:core.py:62 executing functools.partial(<built-in method cursor of sqlite3.Connection object at 0x11e51c5e0>)
DEBUG    aiosqlite:core.py:67 operation functools.partial(<built-in method cursor of sqlite3.Connection object at 0x11e51c5e0>) completed
DEBUG    aiosqlite:core.py:62 executing functools.partial(<built-in method execute of sqlite3.Cursor object at 0x11e4c76c0>, 'PRAGMA temp.table_info("api_metrics")', ())
DEBUG    aiosqlite:core.py:67 operation functools.partial(<built-in method execute of sqlite3.Cursor object at 0x11e4c76c0>, 'PRAGMA temp.table_info("api_metrics")', ()) completed
DEBUG    aiosqlite:core.py:62 executing functools.partial(<built-in method fetchall of sqlite3.Cursor object at 0x11e4c76c0>)
DEBUG    aiosqlite:core.py:67 operation functools.partial(<built-in method fetchall of sqlite3.Cursor object at 0x11e4c76c0>) completed
DEBUG    aiosqlite:core.py:62 executing functools.partial(<built-in method close of sqlite3.Cursor object at 0x11e4c76c0>)
DEBUG    aiosqlite:core.py:67 operation functools.partial(<built-in method close of sqlite3.Cursor object at 0x11e4c76c0>) completed
DEBUG    aiosqlite:core.py:62 executing functools.partial(<built-in method cursor of sqlite3.Connection object at 0x11e51c5e0>)
DEBUG    aiosqlite:core.py:67 operation functools.partial(<built-in method cursor of sqlite3.Connection object at 0x11e51c5e0>) completed
DEBUG    aiosqlite:core.py:62 executing functools.partial(<built-in method execute of sqlite3.Cursor object at 0x11e4c7640>, 'PRAGMA main.table_info("error_records")', ())
DEBUG    aiosqlite:core.py:67 operation functools.partial(<built-in method execute of sqlite3.Cursor object at 0x11e4c7640>, 'PRAGMA main.table_info("error_records")', ()) completed
DEBUG    aiosqlite:core.py:62 executing functools.partial(<built-in method fetchall of sqlite3.Cursor object at 0x11e4c7640>)
DEBUG    aiosqlite:core.py:67 operation functools.partial(<built-in method fetchall of sqlite3.Cursor object at 0x11e4c7640>) completed
DEBUG    aiosqlite:core.py:62 executing functools.partial(<built-in method close of sqlite3.Cursor object at 0x11e4c7640>)
DEBUG    aiosqlite:core.py:67 operation functools.partial(<built-in method close of sqlite3.Cursor object at 0x11e4c7640>) completed
DEBUG    aiosqlite:core.py:62 executing functools.partial(<built-in method cursor of sqlite3.Connection object at 0x11e51c5e0>)
DEBUG    aiosqlite:core.py:67 operation functools.partial(<built-in method cursor of sqlite3.Connection object at 0x11e51c5e0>) completed
DEBUG    aiosqlite:core.py:62 executing functools.partial(<built-in method execute of sqlite3.Cursor object at 0x11e4c77c0>, 'PRAGMA temp.table_info("error_records")', ())
DEBUG    aiosqlite:core.py:67 operation functools.partial(<built-in method execute of sqlite3.Cursor object at 0x11e4c77c0>, 'PRAGMA temp.table_info("error_records")', ()) completed
DEBUG    aiosqlite:core.py:62 executing functools.partial(<built-in method fetchall of sqlite3.Cursor object at 0x11e4c77c0>)
DEBUG    aiosqlite:core.py:67 operation functools.partial(<built-in method fetchall of sqlite3.Cursor object at 0x11e4c77c0>) completed
DEBUG    aiosqlite:core.py:62 executing functools.partial(<built-in method close of sqlite3.Cursor object at 0x11e4c77c0>)
DEBUG    aiosqlite:core.py:67 operation functools.partial(<built-in method close of sqlite3.Cursor object at 0x11e4c77c0>) completed
DEBUG    aiosqlite:core.py:62 executing functools.partial(<built-in method cursor of sqlite3.Connection object at 0x11e51c5e0>)
DEBUG    aiosqlite:core.py:67 operation functools.partial(<built-in method cursor of sqlite3.Connection object at 0x11e51c5e0>) completed
DEBUG    aiosqlite:core.py:62 executing functools.partial(<built-in method execute of sqlite3.Cursor object at 0x11e4c7a40>, "\nCREATE TABLE pyramids (\n\tid CHAR(32) NOT NULL, \n\tname VARCHAR(100) NOT NULL, \n\tdescription TEXT, \n\tcreated_at DATETIME DEFAULT CURRENT_TIMESTAMP NOT NULL, \n\tupdated_at DATETIME DEFAULT CURRENT_TIMESTAMP NOT NULL, \n\tis_deleted BOOLEAN DEFAULT 'false' NOT NULL, \n\tCONSTRAINT pk_pyramids PRIMARY KEY (id)\n)\n\n", ())
DEBUG    aiosqlite:core.py:67 operation functools.partial(<built-in method execute of sqlite3.Cursor object at 0x11e4c7a40>, "\nCREATE TABLE pyramids (\n\tid CHAR(32) NOT NULL, \n\tname VARCHAR(100) NOT NULL, \n\tdescription TEXT, \n\tcreated_at DATETIME DEFAULT CURRENT_TIMESTAMP NOT NULL, \n\tupdated_at DATETIME DEFAULT CURRENT_TIMESTAMP NOT NULL, \n\tis_deleted BOOLEAN DEFAULT 'false' NOT NULL, \n\tCONSTRAINT pk_pyramids PRIMARY KEY (id)\n)\n\n", ()) completed
DEBUG    aiosqlite:core.py:62 executing functools.partial(<built-in method close of sqlite3.Cursor object at 0x11e4c7a40>)
DEBUG    aiosqlite:core.py:67 operation functools.partial(<built-in method close of sqlite3.Cursor object at 0x11e4c7a40>) completed
DEBUG    aiosqlite:core.py:62 executing functools.partial(<built-in method cursor of sqlite3.Connection object at 0x11e51c5e0>)
DEBUG    aiosqlite:core.py:67 operation functools.partial(<built-in method cursor of sqlite3.Connection object at 0x11e51c5e0>) completed
DEBUG    aiosqlite:core.py:62 executing functools.partial(<built-in method execute of sqlite3.Cursor object at 0x11e4a0c40>, "\nCREATE TABLE information_sources (\n\tid CHAR(32) NOT NULL, \n\tname VARCHAR(100) NOT NULL, \n\ttype VARCHAR(20) NOT NULL, \n\turl VARCHAR(500) NOT NULL, \n\tconfig JSON, \n\ttemplate_id VARCHAR(50), \n\tstatus VARCHAR(20) NOT NULL, \n\thealth_score INTEGER NOT NULL, \n\tlast_crawled_at DATETIME, \n\tcheck_interval INTEGER NOT NULL, \n\terror_count INTEGER NOT NULL, \n\ttrial_runs INTEGER NOT NULL, \n\ttrial_successes INTEGER NOT NULL, \n\trecovery_count INTEGER NOT NULL, \n\tlast_error_message TEXT, \n\tis_deleted BOOLEAN DEFAULT 'false' NOT NULL, \n\tcreated_at DATETIME DEFAULT CURRENT_TIMESTAMP NOT NULL, \n\tupdated_at DATETIME DEFAULT CURRENT_TIMESTAMP NOT NULL, \n\tCONSTRAINT pk_information_sources PRIMARY KEY (id)\n)\n\n", ())
DEBUG    aiosqlite:core.py:67 operation functools.partial(<built-in method execute of sqlite3.Cursor object at 0x11e4a0c40>, "\nCREATE TABLE information_sources (\n\tid CHAR(32) NOT NULL, \n\tname VARCHAR(100) NOT NULL, \n\ttype VARCHAR(20) NOT NULL, \n\turl VARCHAR(500) NOT NULL, \n\tconfig JSON, \n\ttemplate_id VARCHAR(50), \n\tstatus VARCHAR(20) NOT NULL, \n\thealth_score INTEGER NOT NULL, \n\tlast_crawled_at DATETIME, \n\tcheck_interval INTEGER NOT NULL, \n\terror_count INTEGER NOT NULL, \n\ttrial_runs INTEGER NOT NULL, \n\ttrial_successes INTEGER NOT NULL, \n\trecovery_count INTEGER NOT NULL, \n\tlast_error_message TEXT, \n\tis_deleted BOOLEAN DEFAULT 'false' NOT NULL, \n\tcreated_at DATETIME DEFAULT CURRENT_TIMESTAMP NOT NULL, \n\tupdated_at DATETIME DEFAULT CURRENT_TIMESTAMP NOT NULL, \n\tCONSTRAINT pk_information_sources PRIMARY KEY (id)\n)\n\n", ()) completed
DEBUG    aiosqlite:core.py:62 executing functools.partial(<built-in method close of sqlite3.Cursor object at 0x11e4a0c40>)
DEBUG    aiosqlite:core.py:67 operation functools.partial(<built-in method close of sqlite3.Cursor object at 0x11e4a0c40>) completed
DEBUG    aiosqlite:core.py:62 executing functools.partial(<built-in method cursor of sqlite3.Connection object at 0x11e51c5e0>)
DEBUG    aiosqlite:core.py:67 operation functools.partial(<built-in method cursor of sqlite3.Connection object at 0x11e51c5e0>) completed
DEBUG    aiosqlite:core.py:62 executing functools.partial(<built-in method execute of sqlite3.Cursor object at 0x11e4c7bc0>, '\nCREATE TABLE concepts (\n\tid CHAR(32) NOT NULL, \n\tname VARCHAR(100) NOT NULL, \n\ttype VARCHAR(50) NOT NULL, \n\tdescription TEXT, \n\tcreated_at DATETIME DEFAULT CURRENT_TIMESTAMP NOT NULL, \n\tupdated_at DATETIME DEFAULT CURRENT_TIMESTAMP NOT NULL, \n\tCONSTRAINT pk_concepts PRIMARY KEY (id)\n)\n\n', ())
DEBUG    aiosqlite:core.py:67 operation functools.partial(<built-in method execute of sqlite3.Cursor object at 0x11e4c7bc0>, '\nCREATE TABLE concepts (\n\tid CHAR(32) NOT NULL, \n\tname VARCHAR(100) NOT NULL, \n\ttype VARCHAR(50) NOT NULL, \n\tdescription TEXT, \n\tcreated_at DATETIME DEFAULT CURRENT_TIMESTAMP NOT NULL, \n\tupdated_at DATETIME DEFAULT CURRENT_TIMESTAMP NOT NULL, \n\tCONSTRAINT pk_concepts PRIMARY KEY (id)\n)\n\n', ()) completed
DEBUG    aiosqlite:core.py:62 executing functools.partial(<built-in method close of sqlite3.Cursor object at 0x11e4c7bc0>)
DEBUG    aiosqlite:core.py:67 operation functools.partial(<built-in method close of sqlite3.Cursor object at 0x11e4c7bc0>) completed
DEBUG    aiosqlite:core.py:62 executing functools.partial(<built-in method cursor of sqlite3.Connection object at 0x11e51c5e0>)
DEBUG    aiosqlite:core.py:67 operation functools.partial(<built-in method cursor of sqlite3.Connection object at 0x11e51c5e0>) completed
DEBUG    aiosqlite:core.py:62 executing functools.partial(<built-in method execute of sqlite3.Cursor object at 0x11e4a0a40>, 'CREATE INDEX ix_concepts_name ON concepts (name)', ())
DEBUG    aiosqlite:core.py:67 operation functools.partial(<built-in method execute of sqlite3.Cursor object at 0x11e4a0a40>, 'CREATE INDEX ix_concepts_name ON concepts (name)', ()) completed
DEBUG    aiosqlite:core.py:62 executing functools.partial(<built-in method close of sqlite3.Cursor object at 0x11e4a0a40>)
DEBUG    aiosqlite:core.py:67 operation functools.partial(<built-in method close of sqlite3.Cursor object at 0x11e4a0a40>) completed
DEBUG    aiosqlite:core.py:62 executing functools.partial(<built-in method cursor of sqlite3.Connection object at 0x11e51c5e0>)
DEBUG    aiosqlite:core.py:67 operation functools.partial(<built-in method cursor of sqlite3.Connection object at 0x11e51c5e0>) completed
DEBUG    aiosqlite:core.py:62 executing functools.partial(<built-in method execute of sqlite3.Cursor object at 0x11e4a3bc0>, '\nCREATE TABLE synonym_mappings (\n\tid CHAR(32) NOT NULL, \n\tcanonical_term VARCHAR(100) NOT NULL, \n\tsynonym VARCHAR(100) NOT NULL, \n\tsource VARCHAR(50) NOT NULL, \n\tconfidence FLOAT NOT NULL, \n\tis_active BOOLEAN NOT NULL, \n\tusage_count INTEGER NOT NULL, \n\tcreated_at DATETIME NOT NULL, \n\tupdated_at DATETIME NOT NULL, \n\tCONSTRAINT pk_synonym_mappings PRIMARY KEY (id)\n)\n\n', ())
DEBUG    aiosqlite:core.py:67 operation functools.partial(<built-in method execute of sqlite3.Cursor object at 0x11e4a3bc0>, '\nCREATE TABLE synonym_mappings (\n\tid CHAR(32) NOT NULL, \n\tcanonical_term VARCHAR(100) NOT NULL, \n\tsynonym VARCHAR(100) NOT NULL, \n\tsource VARCHAR(50) NOT NULL, \n\tconfidence FLOAT NOT NULL, \n\tis_active BOOLEAN NOT NULL, \n\tusage_count INTEGER NOT NULL, \n\tcreated_at DATETIME NOT NULL, \n\tupdated_at DATETIME NOT NULL, \n\tCONSTRAINT pk_synonym_mappings PRIMARY KEY (id)\n)\n\n', ()) completed
DEBUG    aiosqlite:core.py:62 executing functools.partial(<built-in method close of sqlite3.Cursor object at 0x11e4a3bc0>)
DEBUG    aiosqlite:core.py:67 operation functools.partial(<built-in method close of sqlite3.Cursor object at 0x11e4a3bc0>) completed
DEBUG    aiosqlite:core.py:62 executing functools.partial(<built-in method cursor of sqlite3.Connection object at 0x11e51c5e0>)
DEBUG    aiosqlite:core.py:67 operation functools.partial(<built-in method cursor of sqlite3.Connection object at 0x11e51c5e0>) completed
DEBUG    aiosqlite:core.py:62 executing functools.partial(<built-in method execute of sqlite3.Cursor object at 0x11e5c1040>, 'CREATE INDEX ix_synonym_mappings_synonym ON synonym_mappings (synonym)', ())
DEBUG    aiosqlite:core.py:67 operation functools.partial(<built-in method execute of sqlite3.Cursor object at 0x11e5c1040>, 'CREATE INDEX ix_synonym_mappings_synonym ON synonym_mappings (synonym)', ()) completed
DEBUG    aiosqlite:core.py:62 executing functools.partial(<built-in method close of sqlite3.Cursor object at 0x11e5c1040>)
DEBUG    aiosqlite:core.py:67 operation functools.partial(<built-in method close of sqlite3.Cursor object at 0x11e5c1040>) completed
DEBUG    aiosqlite:core.py:62 executing functools.partial(<built-in method cursor of sqlite3.Connection object at 0x11e51c5e0>)
DEBUG    aiosqlite:core.py:67 operation functools.partial(<built-in method cursor of sqlite3.Connection object at 0x11e51c5e0>) completed
DEBUG    aiosqlite:core.py:62 executing functools.partial(<built-in method execute of sqlite3.Cursor object at 0x11e5c2ac0>, 'CREATE INDEX ix_synonym_mappings_canonical_term ON synonym_mappings (canonical_term)', ())
DEBUG    aiosqlite:core.py:67 operation functools.partial(<built-in method execute of sqlite3.Cursor object at 0x11e5c2ac0>, 'CREATE INDEX ix_synonym_mappings_canonical_term ON synonym_mappings (canonical_term)', ()) completed
DEBUG    aiosqlite:core.py:62 executing functools.partial(<built-in method close of sqlite3.Cursor object at 0x11e5c2ac0>)
DEBUG    aiosqlite:core.py:67 operation functools.partial(<built-in method close of sqlite3.Cursor object at 0x11e5c2ac0>) completed
DEBUG    aiosqlite:core.py:62 executing functools.partial(<built-in method cursor of sqlite3.Connection object at 0x11e51c5e0>)
DEBUG    aiosqlite:core.py:67 operation functools.partial(<built-in method cursor of sqlite3.Connection object at 0x11e51c5e0>) completed
DEBUG    aiosqlite:core.py:62 executing functools.partial(<built-in method execute of sqlite3.Cursor object at 0x11e4a0940>, '\nCREATE TABLE batch_tasks (\n\tid CHAR(32) NOT NULL, \n\tuser_id VARCHAR(100), \n\ttask_type VARCHAR(50) NOT NULL, \n\tstatus VARCHAR(15) NOT NULL, \n\ttotal_items INTEGER NOT NULL, \n\tprocessed_items INTEGER NOT NULL, \n\tfailed_items INTEGER NOT NULL, \n\tresult JSON, \n\terror_message TEXT, \n\tcreated_at DATETIME DEFAULT CURRENT_TIMESTAMP NOT NULL, \n\tupdated_at DATETIME DEFAULT CURRENT_TIMESTAMP NOT NULL, \n\tCONSTRAINT pk_batch_tasks PRIMARY KEY (id)\n)\n\n', ())
DEBUG    aiosqlite:core.py:67 operation functools.partial(<built-in method execute of sqlite3.Cursor object at 0x11e4a0940>, '\nCREATE TABLE batch_tasks (\n\tid CHAR(32) NOT NULL, \n\tuser_id VARCHAR(100), \n\ttask_type VARCHAR(50) NOT NULL, \n\tstatus VARCHAR(15) NOT NULL, \n\ttotal_items INTEGER NOT NULL, \n\tprocessed_items INTEGER NOT NULL, \n\tfailed_items INTEGER NOT NULL, \n\tresult JSON, \n\terror_message TEXT, \n\tcreated_at DATETIME DEFAULT CURRENT_TIMESTAMP NOT NULL, \n\tupdated_at DATETIME DEFAULT CURRENT_TIMESTAMP NOT NULL, \n\tCONSTRAINT pk_batch_tasks PRIMARY KEY (id)\n)\n\n', ()) completed
DEBUG    aiosqlite:core.py:62 executing functools.partial(<built-in method close of sqlite3.Cursor object at 0x11e4a0940>)
DEBUG    aiosqlite:core.py:67 operation functools.partial(<built-in method close of sqlite3.Cursor object at 0x11e4a0940>) completed
DEBUG    aiosqlite:core.py:62 executing functools.partial(<built-in method cursor of sqlite3.Connection object at 0x11e51c5e0>)
DEBUG    aiosqlite:core.py:67 operation functools.partial(<built-in method cursor of sqlite3.Connection object at 0x11e51c5e0>) completed
DEBUG    aiosqlite:core.py:62 executing functools.partial(<built-in method execute of sqlite3.Cursor object at 0x11e5c3c40>, '\nCREATE TABLE domain_whitelists (\n\tid CHAR(32) NOT NULL, \n\tdomain VARCHAR(255) NOT NULL, \n\tcredibility INTEGER NOT NULL, \n\treason TEXT, \n\tis_deleted BOOLEAN NOT NULL, \n\tcreated_at DATETIME DEFAULT CURRENT_TIMESTAMP NOT NULL, \n\tupdated_at DATETIME DEFAULT CURRENT_TIMESTAMP NOT NULL, \n\tCONSTRAINT pk_domain_whitelists PRIMARY KEY (id)\n)\n\n', ())
DEBUG    aiosqlite:core.py:67 operation functools.partial(<built-in method execute of sqlite3.Cursor object at 0x11e5c3c40>, '\nCREATE TABLE domain_whitelists (\n\tid CHAR(32) NOT NULL, \n\tdomain VARCHAR(255) NOT NULL, \n\tcredibility INTEGER NOT NULL, \n\treason TEXT, \n\tis_deleted BOOLEAN NOT NULL, \n\tcreated_at DATETIME DEFAULT CURRENT_TIMESTAMP NOT NULL, \n\tupdated_at DATETIME DEFAULT CURRENT_TIMESTAMP NOT NULL, \n\tCONSTRAINT pk_domain_whitelists PRIMARY KEY (id)\n)\n\n', ()) completed
DEBUG    aiosqlite:core.py:62 executing functools.partial(<built-in method close of sqlite3.Cursor object at 0x11e5c3c40>)
DEBUG    aiosqlite:core.py:67 operation functools.partial(<built-in method close of sqlite3.Cursor object at 0x11e5c3c40>) completed
DEBUG    aiosqlite:core.py:62 executing functools.partial(<built-in method cursor of sqlite3.Connection object at 0x11e51c5e0>)
DEBUG    aiosqlite:core.py:67 operation functools.partial(<built-in method cursor of sqlite3.Connection object at 0x11e51c5e0>) completed
DEBUG    aiosqlite:core.py:62 executing functools.partial(<built-in method execute of sqlite3.Cursor object at 0x11e5c0940>, 'CREATE UNIQUE INDEX ix_domain_whitelists_domain ON domain_whitelists (domain)', ())
DEBUG    aiosqlite:core.py:67 operation functools.partial(<built-in method execute of sqlite3.Cursor object at 0x11e5c0940>, 'CREATE UNIQUE INDEX ix_domain_whitelists_domain ON domain_whitelists (domain)', ()) completed
DEBUG    aiosqlite:core.py:62 executing functools.partial(<built-in method close of sqlite3.Cursor object at 0x11e5c0940>)
DEBUG    aiosqlite:core.py:67 operation functools.partial(<built-in method close of sqlite3.Cursor object at 0x11e5c0940>) completed
DEBUG    aiosqlite:core.py:62 executing functools.partial(<built-in method cursor of sqlite3.Connection object at 0x11e51c5e0>)
DEBUG    aiosqlite:core.py:67 operation functools.partial(<built-in method cursor of sqlite3.Connection object at 0x11e51c5e0>) completed
DEBUG    aiosqlite:core.py:62 executing functools.partial(<built-in method execute of sqlite3.Cursor object at 0x11e5c1e40>, '\nCREATE TABLE hotspots (\n\tid CHAR(32) NOT NULL, \n\ttopic_name VARCHAR(255) NOT NULL, \n\tdescription TEXT, \n\tstatus VARCHAR(8) NOT NULL, \n\tmention_count INTEGER NOT NULL, \n\trecent_7d_count INTEGER NOT NULL, \n\tprevious_7d_count INTEGER NOT NULL, \n\tgrowth_rate FLOAT NOT NULL, \n\tdisplay_priority INTEGER NOT NULL, \n\trelated_node_ids JSON, \n\trelated_content_ids JSON, \n\tfirst_seen_at DATETIME DEFAULT CURRENT_TIMESTAMP NOT NULL, \n\tlast_mentioned_at DATETIME DEFAULT CURRENT_TIMESTAMP NOT NULL, \n\tstatus_changed_at DATETIME DEFAULT CURRENT_TIMESTAMP NOT NULL, \n\tcreated_at DATETIME DEFAULT CURRENT_TIMESTAMP NOT NULL, \n\tupdated_at DATETIME DEFAULT CURRENT_TIMESTAMP NOT NULL, \n\tCONSTRAINT pk_hotspots PRIMARY KEY (id)\n)\n\n', ())
DEBUG    aiosqlite:core.py:67 operation functools.partial(<built-in method execute of sqlite3.Cursor object at 0x11e5c1e40>, '\nCREATE TABLE hotspots (\n\tid CHAR(32) NOT NULL, \n\ttopic_name VARCHAR(255) NOT NULL, \n\tdescription TEXT, \n\tstatus VARCHAR(8) NOT NULL, \n\tmention_count INTEGER NOT NULL, \n\trecent_7d_count INTEGER NOT NULL, \n\tprevious_7d_count INTEGER NOT NULL, \n\tgrowth_rate FLOAT NOT NULL, \n\tdisplay_priority INTEGER NOT NULL, \n\trelated_node_ids JSON, \n\trelated_content_ids JSON, \n\tfirst_seen_at DATETIME DEFAULT CURRENT_TIMESTAMP NOT NULL, \n\tlast_mentioned_at DATETIME DEFAULT CURRENT_TIMESTAMP NOT NULL, \n\tstatus_changed_at DATETIME DEFAULT CURRENT_TIMESTAMP NOT NULL, \n\tcreated_at DATETIME DEFAULT CURRENT_TIMESTAMP NOT NULL, \n\tupdated_at DATETIME DEFAULT CURRENT_TIMESTAMP NOT NULL, \n\tCONSTRAINT pk_hotspots PRIMARY KEY (id)\n)\n\n', ()) completed
DEBUG    aiosqlite:core.py:62 executing functools.partial(<built-in method close of sqlite3.Cursor object at 0x11e5c1e40>)
DEBUG    aiosqlite:core.py:67 operation functools.partial(<built-in method close of sqlite3.Cursor object at 0x11e5c1e40>) completed
DEBUG    aiosqlite:core.py:62 executing functools.partial(<built-in method cursor of sqlite3.Connection object at 0x11e51c5e0>)
DEBUG    aiosqlite:core.py:67 operation functools.partial(<built-in method cursor of sqlite3.Connection object at 0x11e51c5e0>) completed
DEBUG    aiosqlite:core.py:62 executing functools.partial(<built-in method execute of sqlite3.Cursor object at 0x11e5c3f40>, 'CREATE INDEX ix_hotspots_topic_name ON hotspots (topic_name)', ())
DEBUG    aiosqlite:core.py:67 operation functools.partial(<built-in method execute of sqlite3.Cursor object at 0x11e5c3f40>, 'CREATE INDEX ix_hotspots_topic_name ON hotspots (topic_name)', ()) completed
DEBUG    aiosqlite:core.py:62 executing functools.partial(<built-in method close of sqlite3.Cursor object at 0x11e5c3f40>)
DEBUG    aiosqlite:core.py:67 operation functools.partial(<built-in method close of sqlite3.Cursor object at 0x11e5c3f40>) completed
DEBUG    aiosqlite:core.py:62 executing functools.partial(<built-in method cursor of sqlite3.Connection object at 0x11e51c5e0>)
DEBUG    aiosqlite:core.py:67 operation functools.partial(<built-in method cursor of sqlite3.Connection object at 0x11e51c5e0>) completed
DEBUG    aiosqlite:core.py:62 executing functools.partial(<built-in method execute of sqlite3.Cursor object at 0x11e5c30c0>, '\nCREATE TABLE concept_definitions (\n\tid CHAR(32) NOT NULL, \n\tterm VARCHAR(255) NOT NULL, \n\tdefinition TEXT NOT NULL, \n\tcontext_examples JSON, \n\tversion INTEGER NOT NULL, \n\tdrift_detected BOOLEAN NOT NULL, \n\tdrift_evidence JSON, \n\tprevious_version_id CHAR(32), \n\tproposal_id VARCHAR(36), \n\tis_current BOOLEAN NOT NULL, \n\tcreated_at DATETIME DEFAULT CURRENT_TIMESTAMP NOT NULL, \n\tCONSTRAINT pk_concept_definitions PRIMARY KEY (id), \n\tCONSTRAINT fk_concept_definitions_previous_version_id_concept_definitions FOREIGN KEY(previous_version_id) REFERENCES concept_definitions (id)\n)\n\n', ())
DEBUG    aiosqlite:core.py:67 operation functools.partial(<built-in method execute of sqlite3.Cursor object at 0x11e5c30c0>, '\nCREATE TABLE concept_definitions (\n\tid CHAR(32) NOT NULL, \n\tterm VARCHAR(255) NOT NULL, \n\tdefinition TEXT NOT NULL, \n\tcontext_examples JSON, \n\tversion INTEGER NOT NULL, \n\tdrift_detected BOOLEAN NOT NULL, \n\tdrift_evidence JSON, \n\tprevious_version_id CHAR(32), \n\tproposal_id VARCHAR(36), \n\tis_current BOOLEAN NOT NULL, \n\tcreated_at DATETIME DEFAULT CURRENT_TIMESTAMP NOT NULL, \n\tCONSTRAINT pk_concept_definitions PRIMARY KEY (id), \n\tCONSTRAINT fk_concept_definitions_previous_version_id_concept_definitions FOREIGN KEY(previous_version_id) REFERENCES concept_definitions (id)\n)\n\n', ()) completed
DEBUG    aiosqlite:core.py:62 executing functools.partial(<built-in method close of sqlite3.Cursor object at 0x11e5c30c0>)
DEBUG    aiosqlite:core.py:67 operation functools.partial(<built-in method close of sqlite3.Cursor object at 0x11e5c30c0>) completed
DEBUG    aiosqlite:core.py:62 executing functools.partial(<built-in method cursor of sqlite3.Connection object at 0x11e51c5e0>)
DEBUG    aiosqlite:core.py:67 operation functools.partial(<built-in method cursor of sqlite3.Connection object at 0x11e51c5e0>) completed
DEBUG    aiosqlite:core.py:62 executing functools.partial(<built-in method execute of sqlite3.Cursor object at 0x11e5c24c0>, 'CREATE INDEX ix_concept_definitions_term ON concept_definitions (term)', ())
DEBUG    aiosqlite:core.py:67 operation functools.partial(<built-in method execute of sqlite3.Cursor object at 0x11e5c24c0>, 'CREATE INDEX ix_concept_definitions_term ON concept_definitions (term)', ()) completed
DEBUG    aiosqlite:core.py:62 executing functools.partial(<built-in method close of sqlite3.Cursor object at 0x11e5c24c0>)
DEBUG    aiosqlite:core.py:67 operation functools.partial(<built-in method close of sqlite3.Cursor object at 0x11e5c24c0>) completed
DEBUG    aiosqlite:core.py:62 executing functools.partial(<built-in method cursor of sqlite3.Connection object at 0x11e51c5e0>)
DEBUG    aiosqlite:core.py:67 operation functools.partial(<built-in method cursor of sqlite3.Connection object at 0x11e51c5e0>) completed
DEBUG    aiosqlite:core.py:62 executing functools.partial(<built-in method execute of sqlite3.Cursor object at 0x11e5c3ec0>, '\nCREATE TABLE health_reports (\n\tid CHAR(32) NOT NULL, \n\treport_type VARCHAR(15) NOT NULL, \n\toverall_score FLOAT NOT NULL, \n\tpyramid_scores JSON NOT NULL, \n\tsource_health_score FLOAT NOT NULL, \n\tcontent_coverage_score FLOAT NOT NULL, \n\thotspot_distribution JSON NOT NULL, \n\tapproval_backlog JSON NOT NULL, \n\tcrawl_stats JSON NOT NULL, \n\tissues JSON NOT NULL, \n\tcreated_at DATETIME DEFAULT CURRENT_TIMESTAMP NOT NULL, \n\tCONSTRAINT pk_health_reports PRIMARY KEY (id)\n)\n\n', ())
DEBUG    aiosqlite:core.py:67 operation functools.partial(<built-in method execute of sqlite3.Cursor object at 0x11e5c3ec0>, '\nCREATE TABLE health_reports (\n\tid CHAR(32) NOT NULL, \n\treport_type VARCHAR(15) NOT NULL, \n\toverall_score FLOAT NOT NULL, \n\tpyramid_scores JSON NOT NULL, \n\tsource_health_score FLOAT NOT NULL, \n\tcontent_coverage_score FLOAT NOT NULL, \n\thotspot_distribution JSON NOT NULL, \n\tapproval_backlog JSON NOT NULL, \n\tcrawl_stats JSON NOT NULL, \n\tissues JSON NOT NULL, \n\tcreated_at DATETIME DEFAULT CURRENT_TIMESTAMP NOT NULL, \n\tCONSTRAINT pk_health_reports PRIMARY KEY (id)\n)\n\n', ()) completed
DEBUG    aiosqlite:core.py:62 executing functools.partial(<built-in method close of sqlite3.Cursor object at 0x11e5c3ec0>)
DEBUG    aiosqlite:core.py:67 operation functools.partial(<built-in method close of sqlite3.Cursor object at 0x11e5c3ec0>) completed
DEBUG    aiosqlite:core.py:62 executing functools.partial(<built-in method cursor of sqlite3.Connection object at 0x11e51c5e0>)
DEBUG    aiosqlite:core.py:67 operation functools.partial(<built-in method cursor of sqlite3.Connection object at 0x11e51c5e0>) completed
DEBUG    aiosqlite:core.py:62 executing functools.partial(<built-in method execute of sqlite3.Cursor object at 0x11e5c2bc0>, '\nCREATE TABLE scheduled_tasks (\n\tid CHAR(32) NOT NULL, \n\ttask_name VARCHAR(100) NOT NULL, \n\ttask_type VARCHAR(50) NOT NULL, \n\tcron_expression VARCHAR(50) NOT NULL, \n\tis_active BOOLEAN NOT NULL, \n\tlast_run_at DATETIME, \n\tnext_run_at DATETIME, \n\tis_running BOOLEAN NOT NULL, \n\tmax_retries INTEGER NOT NULL, \n\tretry_delay_seconds INTEGER NOT NULL, \n\tcreated_at DATETIME DEFAULT CURRENT_TIMESTAMP NOT NULL, \n\tupdated_at DATETIME DEFAULT CURRENT_TIMESTAMP NOT NULL, \n\tCONSTRAINT pk_scheduled_tasks PRIMARY KEY (id), \n\tCONSTRAINT uq_scheduled_tasks_task_name UNIQUE (task_name)\n)\n\n', ())
DEBUG    aiosqlite:core.py:67 operation functools.partial(<built-in method execute of sqlite3.Cursor object at 0x11e5c2bc0>, '\nCREATE TABLE scheduled_tasks (\n\tid CHAR(32) NOT NULL, \n\ttask_name VARCHAR(100) NOT NULL, \n\ttask_type VARCHAR(50) NOT NULL, \n\tcron_expression VARCHAR(50) NOT NULL, \n\tis_active BOOLEAN NOT NULL, \n\tlast_run_at DATETIME, \n\tnext_run_at DATETIME, \n\tis_running BOOLEAN NOT NULL, \n\tmax_retries INTEGER NOT NULL, \n\tretry_delay_seconds INTEGER NOT NULL, \n\tcreated_at DATETIME DEFAULT CURRENT_TIMESTAMP NOT NULL, \n\tupdated_at DATETIME DEFAULT CURRENT_TIMESTAMP NOT NULL, \n\tCONSTRAINT pk_scheduled_tasks PRIMARY KEY (id), \n\tCONSTRAINT uq_scheduled_tasks_task_name UNIQUE (task_name)\n)\n\n', ()) completed
DEBUG    aiosqlite:core.py:62 executing functools.partial(<built-in method close of sqlite3.Cursor object at 0x11e5c2bc0>)
DEBUG    aiosqlite:core.py:67 operation functools.partial(<built-in method close of sqlite3.Cursor object at 0x11e5c2bc0>) completed
DEBUG    aiosqlite:core.py:62 executing functools.partial(<built-in method cursor of sqlite3.Connection object at 0x11e51c5e0>)
DEBUG    aiosqlite:core.py:67 operation functools.partial(<built-in method cursor of sqlite3.Connection object at 0x11e51c5e0>) completed
DEBUG    aiosqlite:core.py:62 executing functools.partial(<built-in method execute of sqlite3.Cursor object at 0x11e5d4040>, '\nCREATE TABLE config_history (\n\tid CHAR(32) NOT NULL, \n\tconfig_key VARCHAR(100) NOT NULL, \n\told_value JSON, \n\tnew_value JSON, \n\tchanged_by VARCHAR(100), \n\tcreated_at DATETIME DEFAULT CURRENT_TIMESTAMP NOT NULL, \n\tCONSTRAINT pk_config_history PRIMARY KEY (id)\n)\n\n', ())
DEBUG    aiosqlite:core.py:67 operation functools.partial(<built-in method execute of sqlite3.Cursor object at 0x11e5d4040>, '\nCREATE TABLE config_history (\n\tid CHAR(32) NOT NULL, \n\tconfig_key VARCHAR(100) NOT NULL, \n\told_value JSON, \n\tnew_value JSON, \n\tchanged_by VARCHAR(100), \n\tcreated_at DATETIME DEFAULT CURRENT_TIMESTAMP NOT NULL, \n\tCONSTRAINT pk_config_history PRIMARY KEY (id)\n)\n\n', ()) completed
DEBUG    aiosqlite:core.py:62 executing functools.partial(<built-in method close of sqlite3.Cursor object at 0x11e5d4040>)
DEBUG    aiosqlite:core.py:67 operation functools.partial(<built-in method close of sqlite3.Cursor object at 0x11e5d4040>) completed
DEBUG    aiosqlite:core.py:62 executing functools.partial(<built-in method cursor of sqlite3.Connection object at 0x11e51c5e0>)
DEBUG    aiosqlite:core.py:67 operation functools.partial(<built-in method cursor of sqlite3.Connection object at 0x11e51c5e0>) completed
DEBUG    aiosqlite:core.py:62 executing functools.partial(<built-in method execute of sqlite3.Cursor object at 0x11e5d65c0>, 'CREATE INDEX ix_config_history_config_key ON config_history (config_key)', ())
DEBUG    aiosqlite:core.py:67 operation functools.partial(<built-in method execute of sqlite3.Cursor object at 0x11e5d65c0>, 'CREATE INDEX ix_config_history_config_key ON config_history (config_key)', ()) completed
DEBUG    aiosqlite:core.py:62 executing functools.partial(<built-in method close of sqlite3.Cursor object at 0x11e5d65c0>)
DEBUG    aiosqlite:core.py:67 operation functools.partial(<built-in method close of sqlite3.Cursor object at 0x11e5d65c0>) completed
DEBUG    aiosqlite:core.py:62 executing functools.partial(<built-in method cursor of sqlite3.Connection object at 0x11e51c5e0>)
DEBUG    aiosqlite:core.py:67 operation functools.partial(<built-in method cursor of sqlite3.Connection object at 0x11e51c5e0>) completed
DEBUG    aiosqlite:core.py:62 executing functools.partial(<built-in method execute of sqlite3.Cursor object at 0x11e5d6f40>, '\nCREATE TABLE prompt_templates (\n\tid CHAR(32) NOT NULL, \n\tscene VARCHAR(50) NOT NULL, \n\tname VARCHAR(100) NOT NULL, \n\tdescription TEXT, \n\tcurrent_version_id CHAR(32), \n\tcreated_at DATETIME DEFAULT CURRENT_TIMESTAMP NOT NULL, \n\tupdated_at DATETIME DEFAULT CURRENT_TIMESTAMP NOT NULL, \n\tCONSTRAINT pk_prompt_templates PRIMARY KEY (id), \n\tCONSTRAINT uq_prompt_templates_scene UNIQUE (scene), \n\tCONSTRAINT fk_prompt_templates_current_version_id_prompt_versions FOREIGN KEY(current_version_id) REFERENCES prompt_versions (id)\n)\n\n', ())
DEBUG    aiosqlite:core.py:67 operation functools.partial(<built-in method execute of sqlite3.Cursor object at 0x11e5d6f40>, '\nCREATE TABLE prompt_templates (\n\tid CHAR(32) NOT NULL, \n\tscene VARCHAR(50) NOT NULL, \n\tname VARCHAR(100) NOT NULL, \n\tdescription TEXT, \n\tcurrent_version_id CHAR(32), \n\tcreated_at DATETIME DEFAULT CURRENT_TIMESTAMP NOT NULL, \n\tupdated_at DATETIME DEFAULT CURRENT_TIMESTAMP NOT NULL, \n\tCONSTRAINT pk_prompt_templates PRIMARY KEY (id), \n\tCONSTRAINT uq_prompt_templates_scene UNIQUE (scene), \n\tCONSTRAINT fk_prompt_templates_current_version_id_prompt_versions FOREIGN KEY(current_version_id) REFERENCES prompt_versions (id)\n)\n\n', ()) completed
DEBUG    aiosqlite:core.py:62 executing functools.partial(<built-in method close of sqlite3.Cursor object at 0x11e5d6f40>)
DEBUG    aiosqlite:core.py:67 operation functools.partial(<built-in method close of sqlite3.Cursor object at 0x11e5d6f40>) completed
DEBUG    aiosqlite:core.py:62 executing functools.partial(<built-in method cursor of sqlite3.Connection object at 0x11e51c5e0>)
DEBUG    aiosqlite:core.py:67 operation functools.partial(<built-in method cursor of sqlite3.Connection object at 0x11e51c5e0>) completed
DEBUG    aiosqlite:core.py:62 executing functools.partial(<built-in method execute of sqlite3.Cursor object at 0x11e5d5a40>, '\nCREATE TABLE prompt_versions (\n\tid CHAR(32) NOT NULL, \n\ttemplate_id CHAR(32) NOT NULL, \n\tversion INTEGER NOT NULL, \n\tcontent TEXT NOT NULL, \n\tvariables JSON NOT NULL, \n\tcall_count INTEGER NOT NULL, \n\tavg_latency_ms FLOAT NOT NULL, \n\tavg_quality_score FLOAT NOT NULL, \n\terror_rate FLOAT NOT NULL, \n\tcreated_at DATETIME DEFAULT CURRENT_TIMESTAMP NOT NULL, \n\tcreated_by VARCHAR(100) NOT NULL, \n\tCONSTRAINT pk_prompt_versions PRIMARY KEY (id), \n\tCONSTRAINT fk_prompt_versions_template_id_prompt_templates FOREIGN KEY(template_id) REFERENCES prompt_templates (id)\n)\n\n', ())
DEBUG    aiosqlite:core.py:67 operation functools.partial(<built-in method execute of sqlite3.Cursor object at 0x11e5d5a40>, '\nCREATE TABLE prompt_versions (\n\tid CHAR(32) NOT NULL, \n\ttemplate_id CHAR(32) NOT NULL, \n\tversion INTEGER NOT NULL, \n\tcontent TEXT NOT NULL, \n\tvariables JSON NOT NULL, \n\tcall_count INTEGER NOT NULL, \n\tavg_latency_ms FLOAT NOT NULL, \n\tavg_quality_score FLOAT NOT NULL, \n\terror_rate FLOAT NOT NULL, \n\tcreated_at DATETIME DEFAULT CURRENT_TIMESTAMP NOT NULL, \n\tcreated_by VARCHAR(100) NOT NULL, \n\tCONSTRAINT pk_prompt_versions PRIMARY KEY (id), \n\tCONSTRAINT fk_prompt_versions_template_id_prompt_templates FOREIGN KEY(template_id) REFERENCES prompt_templates (id)\n)\n\n', ()) completed
DEBUG    aiosqlite:core.py:62 executing functools.partial(<built-in method close of sqlite3.Cursor object at 0x11e5d5a40>)
DEBUG    aiosqlite:core.py:67 operation functools.partial(<built-in method close of sqlite3.Cursor object at 0x11e5d5a40>) completed
DEBUG    aiosqlite:core.py:62 executing functools.partial(<built-in method cursor of sqlite3.Connection object at 0x11e51c5e0>)
DEBUG    aiosqlite:core.py:67 operation functools.partial(<built-in method cursor of sqlite3.Connection object at 0x11e51c5e0>) completed
DEBUG    aiosqlite:core.py:62 executing functools.partial(<built-in method execute of sqlite3.Cursor object at 0x11e5d7f40>, '\nCREATE TABLE notifications (\n\tid CHAR(32) NOT NULL, \n\tlevel VARCHAR(20) NOT NULL, \n\ttitle VARCHAR(200) NOT NULL, \n\tmessage TEXT NOT NULL, \n\tsource_type VARCHAR(50) NOT NULL, \n\tsource_id VARCHAR(100), \n\tis_read BOOLEAN NOT NULL, \n\tread_at DATETIME, \n\tchannels_sent JSON NOT NULL, \n\twebhook_status VARCHAR(20), \n\tcreated_at DATETIME DEFAULT CURRENT_TIMESTAMP NOT NULL, \n\tCONSTRAINT pk_notifications PRIMARY KEY (id)\n)\n\n', ())
DEBUG    aiosqlite:core.py:67 operation functools.partial(<built-in method execute of sqlite3.Cursor object at 0x11e5d7f40>, '\nCREATE TABLE notifications (\n\tid CHAR(32) NOT NULL, \n\tlevel VARCHAR(20) NOT NULL, \n\ttitle VARCHAR(200) NOT NULL, \n\tmessage TEXT NOT NULL, \n\tsource_type VARCHAR(50) NOT NULL, \n\tsource_id VARCHAR(100), \n\tis_read BOOLEAN NOT NULL, \n\tread_at DATETIME, \n\tchannels_sent JSON NOT NULL, \n\twebhook_status VARCHAR(20), \n\tcreated_at DATETIME DEFAULT CURRENT_TIMESTAMP NOT NULL, \n\tCONSTRAINT pk_notifications PRIMARY KEY (id)\n)\n\n', ()) completed
DEBUG    aiosqlite:core.py:62 executing functools.partial(<built-in method close of sqlite3.Cursor object at 0x11e5d7f40>)
DEBUG    aiosqlite:core.py:67 operation functools.partial(<built-in method close of sqlite3.Cursor object at 0x11e5d7f40>) completed
DEBUG    aiosqlite:core.py:62 executing functools.partial(<built-in method cursor of sqlite3.Connection object at 0x11e51c5e0>)
DEBUG    aiosqlite:core.py:67 operation functools.partial(<built-in method cursor of sqlite3.Connection object at 0x11e51c5e0>) completed
DEBUG    aiosqlite:core.py:62 executing functools.partial(<built-in method execute of sqlite3.Cursor object at 0x11e5c2140>, '\nCREATE TABLE notification_preferences (\n\tid CHAR(32) NOT NULL, \n\tin_app_enabled BOOLEAN NOT NULL, \n\twebhook_enabled BOOLEAN NOT NULL, \n\twebhook_url VARCHAR(500), \n\tmin_level VARCHAR(20) NOT NULL, \n\tquiet_hours_enabled BOOLEAN NOT NULL, \n\tquiet_hours_start VARCHAR(5) NOT NULL, \n\tquiet_hours_end VARCHAR(5) NOT NULL, \n\tquiet_hours_allow_critical BOOLEAN NOT NULL, \n\tupdated_at DATETIME DEFAULT CURRENT_TIMESTAMP NOT NULL, \n\tCONSTRAINT pk_notification_preferences PRIMARY KEY (id)\n)\n\n', ())
DEBUG    aiosqlite:core.py:67 operation functools.partial(<built-in method execute of sqlite3.Cursor object at 0x11e5c2140>, '\nCREATE TABLE notification_preferences (\n\tid CHAR(32) NOT NULL, \n\tin_app_enabled BOOLEAN NOT NULL, \n\twebhook_enabled BOOLEAN NOT NULL, \n\twebhook_url VARCHAR(500), \n\tmin_level VARCHAR(20) NOT NULL, \n\tquiet_hours_enabled BOOLEAN NOT NULL, \n\tquiet_hours_start VARCHAR(5) NOT NULL, \n\tquiet_hours_end VARCHAR(5) NOT NULL, \n\tquiet_hours_allow_critical BOOLEAN NOT NULL, \n\tupdated_at DATETIME DEFAULT CURRENT_TIMESTAMP NOT NULL, \n\tCONSTRAINT pk_notification_preferences PRIMARY KEY (id)\n)\n\n', ()) completed
DEBUG    aiosqlite:core.py:62 executing functools.partial(<built-in method close of sqlite3.Cursor object at 0x11e5c2140>)
DEBUG    aiosqlite:core.py:67 operation functools.partial(<built-in method close of sqlite3.Cursor object at 0x11e5c2140>) completed
DEBUG    aiosqlite:core.py:62 executing functools.partial(<built-in method cursor of sqlite3.Connection object at 0x11e51c5e0>)
DEBUG    aiosqlite:core.py:67 operation functools.partial(<built-in method cursor of sqlite3.Connection object at 0x11e51c5e0>) completed
DEBUG    aiosqlite:core.py:62 executing functools.partial(<built-in method execute of sqlite3.Cursor object at 0x11e5d6040>, '\nCREATE TABLE api_metrics (\n\tid CHAR(32) NOT NULL, \n\tendpoint VARCHAR(200) NOT NULL, \n\tmethod VARCHAR(10) NOT NULL, \n\tstatus_code INTEGER NOT NULL, \n\tresponse_time_ms FLOAT NOT NULL, \n\tcreated_at DATETIME DEFAULT CURRENT_TIMESTAMP NOT NULL, \n\tCONSTRAINT pk_api_metrics PRIMARY KEY (id)\n)\n\n', ())
DEBUG    aiosqlite:core.py:67 operation functools.partial(<built-in method execute of sqlite3.Cursor object at 0x11e5d6040>, '\nCREATE TABLE api_metrics (\n\tid CHAR(32) NOT NULL, \n\tendpoint VARCHAR(200) NOT NULL, \n\tmethod VARCHAR(10) NOT NULL, \n\tstatus_code INTEGER NOT NULL, \n\tresponse_time_ms FLOAT NOT NULL, \n\tcreated_at DATETIME DEFAULT CURRENT_TIMESTAMP NOT NULL, \n\tCONSTRAINT pk_api_metrics PRIMARY KEY (id)\n)\n\n', ()) completed
DEBUG    aiosqlite:core.py:62 executing functools.partial(<built-in method close of sqlite3.Cursor object at 0x11e5d6040>)
DEBUG    aiosqlite:core.py:67 operation functools.partial(<built-in method close of sqlite3.Cursor object at 0x11e5d6040>) completed
DEBUG    aiosqlite:core.py:62 executing functools.partial(<built-in method cursor of sqlite3.Connection object at 0x11e51c5e0>)
DEBUG    aiosqlite:core.py:67 operation functools.partial(<built-in method cursor of sqlite3.Connection object at 0x11e51c5e0>) completed
DEBUG    aiosqlite:core.py:62 executing functools.partial(<built-in method execute of sqlite3.Cursor object at 0x11e5d7dc0>, '\nCREATE TABLE error_records (\n\tid CHAR(32) NOT NULL, \n\terror_type VARCHAR(50) NOT NULL, \n\terror_message TEXT NOT NULL, \n\tstack_trace TEXT, \n\tcontext JSON NOT NULL, \n\tsource_service VARCHAR(50) NOT NULL, \n\tsource_task_id VARCHAR(100), \n\tretry_count INTEGER NOT NULL, \n\tmax_retries INTEGER NOT NULL, \n\tis_resolved BOOLEAN NOT NULL, \n\tresolved_at DATETIME, \n\tcreated_at DATETIME DEFAULT CURRENT_TIMESTAMP NOT NULL, \n\tCONSTRAINT pk_error_records PRIMARY KEY (id)\n)\n\n', ())
DEBUG    aiosqlite:core.py:67 operation functools.partial(<built-in method execute of sqlite3.Cursor object at 0x11e5d7dc0>, '\nCREATE TABLE error_records (\n\tid CHAR(32) NOT NULL, \n\terror_type VARCHAR(50) NOT NULL, \n\terror_message TEXT NOT NULL, \n\tstack_trace TEXT, \n\tcontext JSON NOT NULL, \n\tsource_service VARCHAR(50) NOT NULL, \n\tsource_task_id VARCHAR(100), \n\tretry_count INTEGER NOT NULL, \n\tmax_retries INTEGER NOT NULL, \n\tis_resolved BOOLEAN NOT NULL, \n\tresolved_at DATETIME, \n\tcreated_at DATETIME DEFAULT CURRENT_TIMESTAMP NOT NULL, \n\tCONSTRAINT pk_error_records PRIMARY KEY (id)\n)\n\n', ()) completed
DEBUG    aiosqlite:core.py:62 executing functools.partial(<built-in method close of sqlite3.Cursor object at 0x11e5d7dc0>)
DEBUG    aiosqlite:core.py:67 operation functools.partial(<built-in method close of sqlite3.Cursor object at 0x11e5d7dc0>) completed
DEBUG    aiosqlite:core.py:62 executing functools.partial(<built-in method cursor of sqlite3.Connection object at 0x11e51c5e0>)
DEBUG    aiosqlite:core.py:67 operation functools.partial(<built-in method cursor of sqlite3.Connection object at 0x11e51c5e0>) completed
DEBUG    aiosqlite:core.py:62 executing functools.partial(<built-in method execute of sqlite3.Cursor object at 0x11e5f37c0>, "\nCREATE TABLE pyramid_nodes (\n\tid CHAR(32) NOT NULL, \n\tpyramid_id CHAR(32) NOT NULL, \n\tparent_id CHAR(32), \n\tname VARCHAR(100) NOT NULL, \n\tdescription TEXT, \n\tlevel INTEGER NOT NULL, \n\tsort_order INTEGER NOT NULL, \n\tpath VARCHAR(255) NOT NULL, \n\thealth_score INTEGER NOT NULL, \n\tstatus VARCHAR(20) NOT NULL, \n\tcontent_count INTEGER DEFAULT '0' NOT NULL, \n\tlast_content_at DATETIME, \n\tis_deleted BOOLEAN DEFAULT 'false' NOT NULL, \n\tCONSTRAINT pk_pyramid_nodes PRIMARY KEY (id), \n\tCONSTRAINT fk_pyramid_nodes_pyramid_id_pyramids FOREIGN KEY(pyramid_id) REFERENCES pyramids (id), \n\tCONSTRAINT fk_pyramid_nodes_parent_id_pyramid_nodes FOREIGN KEY(parent_id) REFERENCES pyramid_nodes (id)\n)\n\n", ())
DEBUG    aiosqlite:core.py:67 operation functools.partial(<built-in method execute of sqlite3.Cursor object at 0x11e5f37c0>, "\nCREATE TABLE pyramid_nodes (\n\tid CHAR(32) NOT NULL, \n\tpyramid_id CHAR(32) NOT NULL, \n\tparent_id CHAR(32), \n\tname VARCHAR(100) NOT NULL, \n\tdescription TEXT, \n\tlevel INTEGER NOT NULL, \n\tsort_order INTEGER NOT NULL, \n\tpath VARCHAR(255) NOT NULL, \n\thealth_score INTEGER NOT NULL, \n\tstatus VARCHAR(20) NOT NULL, \n\tcontent_count INTEGER DEFAULT '0' NOT NULL, \n\tlast_content_at DATETIME, \n\tis_deleted BOOLEAN DEFAULT 'false' NOT NULL, \n\tCONSTRAINT pk_pyramid_nodes PRIMARY KEY (id), \n\tCONSTRAINT fk_pyramid_nodes_pyramid_id_pyramids FOREIGN KEY(pyramid_id) REFERENCES pyramids (id), \n\tCONSTRAINT fk_pyramid_nodes_parent_id_pyramid_nodes FOREIGN KEY(parent_id) REFERENCES pyramid_nodes (id)\n)\n\n", ()) completed
DEBUG    aiosqlite:core.py:62 executing functools.partial(<built-in method close of sqlite3.Cursor object at 0x11e5f37c0>)
DEBUG    aiosqlite:core.py:67 operation functools.partial(<built-in method close of sqlite3.Cursor object at 0x11e5f37c0>) completed
DEBUG    aiosqlite:core.py:62 executing functools.partial(<built-in method cursor of sqlite3.Connection object at 0x11e51c5e0>)
DEBUG    aiosqlite:core.py:67 operation functools.partial(<built-in method cursor of sqlite3.Connection object at 0x11e51c5e0>) completed
DEBUG    aiosqlite:core.py:62 executing functools.partial(<built-in method execute of sqlite3.Cursor object at 0x11e5f0240>, 'CREATE INDEX ix_pyramid_nodes_path ON pyramid_nodes (path)', ())
DEBUG    aiosqlite:core.py:67 operation functools.partial(<built-in method execute of sqlite3.Cursor object at 0x11e5f0240>, 'CREATE INDEX ix_pyramid_nodes_path ON pyramid_nodes (path)', ()) completed
DEBUG    aiosqlite:core.py:62 executing functools.partial(<built-in method close of sqlite3.Cursor object at 0x11e5f0240>)
DEBUG    aiosqlite:core.py:67 operation functools.partial(<built-in method close of sqlite3.Cursor object at 0x11e5f0240>) completed
DEBUG    aiosqlite:core.py:62 executing functools.partial(<built-in method cursor of sqlite3.Connection object at 0x11e51c5e0>)
DEBUG    aiosqlite:core.py:67 operation functools.partial(<built-in method cursor of sqlite3.Connection object at 0x11e51c5e0>) completed
DEBUG    aiosqlite:core.py:62 executing functools.partial(<built-in method execute of sqlite3.Cursor object at 0x11e5f2c40>, "\nCREATE TABLE content_items (\n\tid CHAR(32) NOT NULL, \n\tsource_id CHAR(32), \n\toriginal_id VARCHAR(255), \n\turl VARCHAR(500) NOT NULL, \n\ttitle VARCHAR(255) NOT NULL, \n\tsummary TEXT, \n\tcontent_text TEXT, \n\tpublish_time DATETIME, \n\tcontent_hash VARCHAR(64), \n\tstatus VARCHAR(20) NOT NULL, \n\ttags JSON, \n\tconcepts JSON, \n\tsubmitter_id VARCHAR(100), \n\tinput_type VARCHAR(20) DEFAULT 'url' NOT NULL, \n\tai_processed BOOLEAN DEFAULT 'false' NOT NULL, \n\tis_deleted BOOLEAN DEFAULT 'false' NOT NULL, \n\tlifecycle_status VARCHAR(20) DEFAULT 'ACTIVE' NOT NULL, \n\tmetabolism_score FLOAT DEFAULT '0.0' NOT NULL, \n\tlast_accessed_at DATETIME DEFAULT CURRENT_TIMESTAMP NOT NULL, \n\taccess_count INTEGER DEFAULT '0' NOT NULL, \n\tcreated_at DATETIME DEFAULT CURRENT_TIMESTAMP NOT NULL, \n\tupdated_at DATETIME DEFAULT CURRENT_TIMESTAMP NOT NULL, \n\tCONSTRAINT pk_content_items PRIMARY KEY (id), \n\tCONSTRAINT fk_content_items_source_id_information_sources FOREIGN KEY(source_id) REFERENCES information_sources (id)\n)\n\n", ())
DEBUG    aiosqlite:core.py:67 operation functools.partial(<built-in method execute of sqlite3.Cursor object at 0x11e5f2c40>, "\nCREATE TABLE content_items (\n\tid CHAR(32) NOT NULL, \n\tsource_id CHAR(32), \n\toriginal_id VARCHAR(255), \n\turl VARCHAR(500) NOT NULL, \n\ttitle VARCHAR(255) NOT NULL, \n\tsummary TEXT, \n\tcontent_text TEXT, \n\tpublish_time DATETIME, \n\tcontent_hash VARCHAR(64), \n\tstatus VARCHAR(20) NOT NULL, \n\ttags JSON, \n\tconcepts JSON, \n\tsubmitter_id VARCHAR(100), \n\tinput_type VARCHAR(20) DEFAULT 'url' NOT NULL, \n\tai_processed BOOLEAN DEFAULT 'false' NOT NULL, \n\tis_deleted BOOLEAN DEFAULT 'false' NOT NULL, \n\tlifecycle_status VARCHAR(20) DEFAULT 'ACTIVE' NOT NULL, \n\tmetabolism_score FLOAT DEFAULT '0.0' NOT NULL, \n\tlast_accessed_at DATETIME DEFAULT CURRENT_TIMESTAMP NOT NULL, \n\taccess_count INTEGER DEFAULT '0' NOT NULL, \n\tcreated_at DATETIME DEFAULT CURRENT_TIMESTAMP NOT NULL, \n\tupdated_at DATETIME DEFAULT CURRENT_TIMESTAMP NOT NULL, \n\tCONSTRAINT pk_content_items PRIMARY KEY (id), \n\tCONSTRAINT fk_content_items_source_id_information_sources FOREIGN KEY(source_id) REFERENCES information_sources (id)\n)\n\n", ()) completed
DEBUG    aiosqlite:core.py:62 executing functools.partial(<built-in method close of sqlite3.Cursor object at 0x11e5f2c40>)
DEBUG    aiosqlite:core.py:67 operation functools.partial(<built-in method close of sqlite3.Cursor object at 0x11e5f2c40>) completed
DEBUG    aiosqlite:core.py:62 executing functools.partial(<built-in method cursor of sqlite3.Connection object at 0x11e51c5e0>)
DEBUG    aiosqlite:core.py:67 operation functools.partial(<built-in method cursor of sqlite3.Connection object at 0x11e51c5e0>) completed
DEBUG    aiosqlite:core.py:62 executing functools.partial(<built-in method execute of sqlite3.Cursor object at 0x11e5f2240>, 'CREATE INDEX ix_content_items_last_accessed_at ON content_items (last_accessed_at)', ())
DEBUG    aiosqlite:core.py:67 operation functools.partial(<built-in method execute of sqlite3.Cursor object at 0x11e5f2240>, 'CREATE INDEX ix_content_items_last_accessed_at ON content_items (last_accessed_at)', ()) completed
DEBUG    aiosqlite:core.py:62 executing functools.partial(<built-in method close of sqlite3.Cursor object at 0x11e5f2240>)
DEBUG    aiosqlite:core.py:67 operation functools.partial(<built-in method close of sqlite3.Cursor object at 0x11e5f2240>) completed
DEBUG    aiosqlite:core.py:62 executing functools.partial(<built-in method cursor of sqlite3.Connection object at 0x11e51c5e0>)
DEBUG    aiosqlite:core.py:67 operation functools.partial(<built-in method cursor of sqlite3.Connection object at 0x11e51c5e0>) completed
DEBUG    aiosqlite:core.py:62 executing functools.partial(<built-in method execute of sqlite3.Cursor object at 0x11e5f24c0>, 'CREATE INDEX ix_content_items_metabolism_score ON content_items (metabolism_score)', ())
DEBUG    aiosqlite:core.py:67 operation functools.partial(<built-in method execute of sqlite3.Cursor object at 0x11e5f24c0>, 'CREATE INDEX ix_content_items_metabolism_score ON content_items (metabolism_score)', ()) completed
DEBUG    aiosqlite:core.py:62 executing functools.partial(<built-in method close of sqlite3.Cursor object at 0x11e5f24c0>)
DEBUG    aiosqlite:core.py:67 operation functools.partial(<built-in method close of sqlite3.Cursor object at 0x11e5f24c0>) completed
DEBUG    aiosqlite:core.py:62 executing functools.partial(<built-in method cursor of sqlite3.Connection object at 0x11e51c5e0>)
DEBUG    aiosqlite:core.py:67 operation functools.partial(<built-in method cursor of sqlite3.Connection object at 0x11e51c5e0>) completed
DEBUG    aiosqlite:core.py:62 executing functools.partial(<built-in method execute of sqlite3.Cursor object at 0x11f912040>, 'CREATE INDEX ix_content_items_lifecycle_status ON content_items (lifecycle_status)', ())
DEBUG    aiosqlite:core.py:67 operation functools.partial(<built-in method execute of sqlite3.Cursor object at 0x11f912040>, 'CREATE INDEX ix_content_items_lifecycle_status ON content_items (lifecycle_status)', ()) completed
DEBUG    aiosqlite:core.py:62 executing functools.partial(<built-in method close of sqlite3.Cursor object at 0x11f912040>)
DEBUG    aiosqlite:core.py:67 operation functools.partial(<built-in method close of sqlite3.Cursor object at 0x11f912040>) completed
DEBUG    aiosqlite:core.py:62 executing functools.partial(<built-in method cursor of sqlite3.Connection object at 0x11e51c5e0>)
DEBUG    aiosqlite:core.py:67 operation functools.partial(<built-in method cursor of sqlite3.Connection object at 0x11e51c5e0>) completed
DEBUG    aiosqlite:core.py:62 executing functools.partial(<built-in method execute of sqlite3.Cursor object at 0x11f912240>, 'CREATE INDEX ix_content_items_content_hash ON content_items (content_hash)', ())
DEBUG    aiosqlite:core.py:67 operation functools.partial(<built-in method execute of sqlite3.Cursor object at 0x11f912240>, 'CREATE INDEX ix_content_items_content_hash ON content_items (content_hash)', ()) completed
DEBUG    aiosqlite:core.py:62 executing functools.partial(<built-in method close of sqlite3.Cursor object at 0x11f912240>)
DEBUG    aiosqlite:core.py:67 operation functools.partial(<built-in method close of sqlite3.Cursor object at 0x11f912240>) completed
DEBUG    aiosqlite:core.py:62 executing functools.partial(<built-in method cursor of sqlite3.Connection object at 0x11e51c5e0>)
DEBUG    aiosqlite:core.py:67 operation functools.partial(<built-in method cursor of sqlite3.Connection object at 0x11e51c5e0>) completed
DEBUG    aiosqlite:core.py:62 executing functools.partial(<built-in method execute of sqlite3.Cursor object at 0x11e5f1740>, '\nCREATE TABLE crawl_jobs (\n\tid CHAR(32) NOT NULL, \n\tsource_id CHAR(32) NOT NULL, \n\tstatus VARCHAR(20) NOT NULL, \n\tstarted_at DATETIME, \n\tended_at DATETIME, \n\titems_fetched INTEGER NOT NULL, \n\titems_new INTEGER NOT NULL, \n\titems_duplicate INTEGER NOT NULL, \n\titems_failed INTEGER NOT NULL, \n\titems_classified INTEGER NOT NULL, \n\terror_message TEXT, \n\tresponse_time_ms INTEGER, \n\tcreated_at DATETIME DEFAULT CURRENT_TIMESTAMP NOT NULL, \n\tCONSTRAINT pk_crawl_jobs PRIMARY KEY (id), \n\tCONSTRAINT fk_crawl_jobs_source_id_information_sources FOREIGN KEY(source_id) REFERENCES information_sources (id)\n)\n\n', ())
DEBUG    aiosqlite:core.py:67 operation functools.partial(<built-in method execute of sqlite3.Cursor object at 0x11e5f1740>, '\nCREATE TABLE crawl_jobs (\n\tid CHAR(32) NOT NULL, \n\tsource_id CHAR(32) NOT NULL, \n\tstatus VARCHAR(20) NOT NULL, \n\tstarted_at DATETIME, \n\tended_at DATETIME, \n\titems_fetched INTEGER NOT NULL, \n\titems_new INTEGER NOT NULL, \n\titems_duplicate INTEGER NOT NULL, \n\titems_failed INTEGER NOT NULL, \n\titems_classified INTEGER NOT NULL, \n\terror_message TEXT, \n\tresponse_time_ms INTEGER, \n\tcreated_at DATETIME DEFAULT CURRENT_TIMESTAMP NOT NULL, \n\tCONSTRAINT pk_crawl_jobs PRIMARY KEY (id), \n\tCONSTRAINT fk_crawl_jobs_source_id_information_sources FOREIGN KEY(source_id) REFERENCES information_sources (id)\n)\n\n', ()) completed
DEBUG    aiosqlite:core.py:62 executing functools.partial(<built-in method close of sqlite3.Cursor object at 0x11e5f1740>)
DEBUG    aiosqlite:core.py:67 operation functools.partial(<built-in method close of sqlite3.Cursor object at 0x11e5f1740>) completed
DEBUG    aiosqlite:core.py:62 executing functools.partial(<built-in method cursor of sqlite3.Connection object at 0x11e51c5e0>)
DEBUG    aiosqlite:core.py:67 operation functools.partial(<built-in method cursor of sqlite3.Connection object at 0x11e51c5e0>) completed
DEBUG    aiosqlite:core.py:62 executing functools.partial(<built-in method execute of sqlite3.Cursor object at 0x11e5f3d40>, '\nCREATE TABLE concept_synonyms (\n\tid CHAR(32) NOT NULL, \n\tconcept_id CHAR(32) NOT NULL, \n\tsynonym VARCHAR(100) NOT NULL, \n\tCONSTRAINT pk_concept_synonyms PRIMARY KEY (id), \n\tCONSTRAINT fk_concept_synonyms_concept_id_concepts FOREIGN KEY(concept_id) REFERENCES concepts (id)\n)\n\n', ())
DEBUG    aiosqlite:core.py:67 operation functools.partial(<built-in method execute of sqlite3.Cursor object at 0x11e5f3d40>, '\nCREATE TABLE concept_synonyms (\n\tid CHAR(32) NOT NULL, \n\tconcept_id CHAR(32) NOT NULL, \n\tsynonym VARCHAR(100) NOT NULL, \n\tCONSTRAINT pk_concept_synonyms PRIMARY KEY (id), \n\tCONSTRAINT fk_concept_synonyms_concept_id_concepts FOREIGN KEY(concept_id) REFERENCES concepts (id)\n)\n\n', ()) completed
DEBUG    aiosqlite:core.py:62 executing functools.partial(<built-in method close of sqlite3.Cursor object at 0x11e5f3d40>)
DEBUG    aiosqlite:core.py:67 operation functools.partial(<built-in method close of sqlite3.Cursor object at 0x11e5f3d40>) completed
DEBUG    aiosqlite:core.py:62 executing functools.partial(<built-in method cursor of sqlite3.Connection object at 0x11e51c5e0>)
DEBUG    aiosqlite:core.py:67 operation functools.partial(<built-in method cursor of sqlite3.Connection object at 0x11e51c5e0>) completed
DEBUG    aiosqlite:core.py:62 executing functools.partial(<built-in method execute of sqlite3.Cursor object at 0x11f9135c0>, 'CREATE INDEX ix_concept_synonyms_synonym ON concept_synonyms (synonym)', ())
DEBUG    aiosqlite:core.py:67 operation functools.partial(<built-in method execute of sqlite3.Cursor object at 0x11f9135c0>, 'CREATE INDEX ix_concept_synonyms_synonym ON concept_synonyms (synonym)', ()) completed
DEBUG    aiosqlite:core.py:62 executing functools.partial(<built-in method close of sqlite3.Cursor object at 0x11f9135c0>)
DEBUG    aiosqlite:core.py:67 operation functools.partial(<built-in method close of sqlite3.Cursor object at 0x11f9135c0>) completed
DEBUG    aiosqlite:core.py:62 executing functools.partial(<built-in method cursor of sqlite3.Connection object at 0x11e51c5e0>)
DEBUG    aiosqlite:core.py:67 operation functools.partial(<built-in method cursor of sqlite3.Connection object at 0x11e51c5e0>) completed
DEBUG    aiosqlite:core.py:62 executing functools.partial(<built-in method execute of sqlite3.Cursor object at 0x11f911dc0>, '\nCREATE TABLE snapshots (\n\tid CHAR(32) NOT NULL, \n\tpyramid_id CHAR(32) NOT NULL, \n\tversion VARCHAR(50) NOT NULL, \n\tdata JSON NOT NULL, \n\treason TEXT, \n\tcreated_at DATETIME DEFAULT CURRENT_TIMESTAMP NOT NULL, \n\tCONSTRAINT pk_snapshots PRIMARY KEY (id), \n\tCONSTRAINT fk_snapshots_pyramid_id_pyramids FOREIGN KEY(pyramid_id) REFERENCES pyramids (id)\n)\n\n', ())
DEBUG    aiosqlite:core.py:67 operation functools.partial(<built-in method execute of sqlite3.Cursor object at 0x11f911dc0>, '\nCREATE TABLE snapshots (\n\tid CHAR(32) NOT NULL, \n\tpyramid_id CHAR(32) NOT NULL, \n\tversion VARCHAR(50) NOT NULL, \n\tdata JSON NOT NULL, \n\treason TEXT, \n\tcreated_at DATETIME DEFAULT CURRENT_TIMESTAMP NOT NULL, \n\tCONSTRAINT pk_snapshots PRIMARY KEY (id), \n\tCONSTRAINT fk_snapshots_pyramid_id_pyramids FOREIGN KEY(pyramid_id) REFERENCES pyramids (id)\n)\n\n', ()) completed
DEBUG    aiosqlite:core.py:62 executing functools.partial(<built-in method close of sqlite3.Cursor object at 0x11f911dc0>)
DEBUG    aiosqlite:core.py:67 operation functools.partial(<built-in method close of sqlite3.Cursor object at 0x11f911dc0>) completed
DEBUG    aiosqlite:core.py:62 executing functools.partial(<built-in method cursor of sqlite3.Connection object at 0x11e51c5e0>)
DEBUG    aiosqlite:core.py:67 operation functools.partial(<built-in method cursor of sqlite3.Connection object at 0x11e51c5e0>) completed
DEBUG    aiosqlite:core.py:62 executing functools.partial(<built-in method execute of sqlite3.Cursor object at 0x11f9129c0>, '\nCREATE TABLE hotspot_events (\n\tid CHAR(32) NOT NULL, \n\thotspot_id CHAR(32) NOT NULL, \n\tevent_type VARCHAR(15) NOT NULL, \n\told_status VARCHAR(50), \n\tnew_status VARCHAR(50), \n\ttrigger_condition VARCHAR(255), \n\toperator VARCHAR(100), \n\tdetails JSON, \n\tcreated_at DATETIME DEFAULT CURRENT_TIMESTAMP NOT NULL, \n\tCONSTRAINT pk_hotspot_events PRIMARY KEY (id), \n\tCONSTRAINT fk_hotspot_events_hotspot_id_hotspots FOREIGN KEY(hotspot_id) REFERENCES hotspots (id)\n)\n\n', ())
DEBUG    aiosqlite:core.py:67 operation functools.partial(<built-in method execute of sqlite3.Cursor object at 0x11f9129c0>, '\nCREATE TABLE hotspot_events (\n\tid CHAR(32) NOT NULL, \n\thotspot_id CHAR(32) NOT NULL, \n\tevent_type VARCHAR(15) NOT NULL, \n\told_status VARCHAR(50), \n\tnew_status VARCHAR(50), \n\ttrigger_condition VARCHAR(255), \n\toperator VARCHAR(100), \n\tdetails JSON, \n\tcreated_at DATETIME DEFAULT CURRENT_TIMESTAMP NOT NULL, \n\tCONSTRAINT pk_hotspot_events PRIMARY KEY (id), \n\tCONSTRAINT fk_hotspot_events_hotspot_id_hotspots FOREIGN KEY(hotspot_id) REFERENCES hotspots (id)\n)\n\n', ()) completed
DEBUG    aiosqlite:core.py:62 executing functools.partial(<built-in method close of sqlite3.Cursor object at 0x11f9129c0>)
DEBUG    aiosqlite:core.py:67 operation functools.partial(<built-in method close of sqlite3.Cursor object at 0x11f9129c0>) completed
DEBUG    aiosqlite:core.py:62 executing functools.partial(<built-in method cursor of sqlite3.Connection object at 0x11e51c5e0>)
DEBUG    aiosqlite:core.py:67 operation functools.partial(<built-in method cursor of sqlite3.Connection object at 0x11e51c5e0>) completed
DEBUG    aiosqlite:core.py:62 executing functools.partial(<built-in method execute of sqlite3.Cursor object at 0x11f911b40>, '\nCREATE TABLE strategy_adjustments (\n\tid CHAR(32) NOT NULL, \n\tsource_id CHAR(32), \n\tadjustment_type VARCHAR(50) NOT NULL, \n\told_value VARCHAR(255), \n\tnew_value VARCHAR(255), \n\treason TEXT, \n\texpected_effect TEXT, \n\trequires_approval BOOLEAN NOT NULL, \n\tproposal_id VARCHAR(36), \n\tapplied_at DATETIME DEFAULT CURRENT_TIMESTAMP NOT NULL, \n\tCONSTRAINT pk_strategy_adjustments PRIMARY KEY (id), \n\tCONSTRAINT fk_strategy_adjustments_source_id_information_sources FOREIGN KEY(source_id) REFERENCES information_sources (id)\n)\n\n', ())
DEBUG    aiosqlite:core.py:67 operation functools.partial(<built-in method execute of sqlite3.Cursor object at 0x11f911b40>, '\nCREATE TABLE strategy_adjustments (\n\tid CHAR(32) NOT NULL, \n\tsource_id CHAR(32), \n\tadjustment_type VARCHAR(50) NOT NULL, \n\told_value VARCHAR(255), \n\tnew_value VARCHAR(255), \n\treason TEXT, \n\texpected_effect TEXT, \n\trequires_approval BOOLEAN NOT NULL, \n\tproposal_id VARCHAR(36), \n\tapplied_at DATETIME DEFAULT CURRENT_TIMESTAMP NOT NULL, \n\tCONSTRAINT pk_strategy_adjustments PRIMARY KEY (id), \n\tCONSTRAINT fk_strategy_adjustments_source_id_information_sources FOREIGN KEY(source_id) REFERENCES information_sources (id)\n)\n\n', ()) completed
DEBUG    aiosqlite:core.py:62 executing functools.partial(<built-in method close of sqlite3.Cursor object at 0x11f911b40>)
DEBUG    aiosqlite:core.py:67 operation functools.partial(<built-in method close of sqlite3.Cursor object at 0x11f911b40>) completed
DEBUG    aiosqlite:core.py:62 executing functools.partial(<built-in method cursor of sqlite3.Connection object at 0x11e51c5e0>)
DEBUG    aiosqlite:core.py:67 operation functools.partial(<built-in method cursor of sqlite3.Connection object at 0x11e51c5e0>) completed
DEBUG    aiosqlite:core.py:62 executing functools.partial(<built-in method execute of sqlite3.Cursor object at 0x11f913d40>, '\nCREATE TABLE task_executions (\n\tid CHAR(32) NOT NULL, \n\ttask_id CHAR(32) NOT NULL, \n\tstatus VARCHAR(20) NOT NULL, \n\tstarted_at DATETIME DEFAULT CURRENT_TIMESTAMP NOT NULL, \n\tended_at DATETIME, \n\tduration_seconds FLOAT, \n\tresult JSON, \n\terror_message TEXT, \n\tretry_count INTEGER NOT NULL, \n\tCONSTRAINT pk_task_executions PRIMARY KEY (id), \n\tCONSTRAINT fk_task_executions_task_id_scheduled_tasks FOREIGN KEY(task_id) REFERENCES scheduled_tasks (id)\n)\n\n', ())
DEBUG    aiosqlite:core.py:67 operation functools.partial(<built-in method execute of sqlite3.Cursor object at 0x11f913d40>, '\nCREATE TABLE task_executions (\n\tid CHAR(32) NOT NULL, \n\ttask_id CHAR(32) NOT NULL, \n\tstatus VARCHAR(20) NOT NULL, \n\tstarted_at DATETIME DEFAULT CURRENT_TIMESTAMP NOT NULL, \n\tended_at DATETIME, \n\tduration_seconds FLOAT, \n\tresult JSON, \n\terror_message TEXT, \n\tretry_count INTEGER NOT NULL, \n\tCONSTRAINT pk_task_executions PRIMARY KEY (id), \n\tCONSTRAINT fk_task_executions_task_id_scheduled_tasks FOREIGN KEY(task_id) REFERENCES scheduled_tasks (id)\n)\n\n', ()) completed
DEBUG    aiosqlite:core.py:62 executing functools.partial(<built-in method close of sqlite3.Cursor object at 0x11f913d40>)
DEBUG    aiosqlite:core.py:67 operation functools.partial(<built-in method close of sqlite3.Cursor object at 0x11f913d40>) completed
DEBUG    aiosqlite:core.py:62 executing functools.partial(<built-in method cursor of sqlite3.Connection object at 0x11e51c5e0>)
DEBUG    aiosqlite:core.py:67 operation functools.partial(<built-in method cursor of sqlite3.Connection object at 0x11e51c5e0>) completed
DEBUG    aiosqlite:core.py:62 executing functools.partial(<built-in method execute of sqlite3.Cursor object at 0x11f911d40>, '\nCREATE TABLE ab_tests (\n\tid CHAR(32) NOT NULL, \n\ttemplate_id CHAR(32) NOT NULL, \n\tversion_a_id CHAR(32) NOT NULL, \n\tversion_b_id CHAR(32) NOT NULL, \n\ttraffic_ratio FLOAT NOT NULL, \n\tstatus VARCHAR(20) NOT NULL, \n\tstarted_at DATETIME DEFAULT CURRENT_TIMESTAMP NOT NULL, \n\tended_at DATETIME, \n\tversion_a_calls INTEGER NOT NULL, \n\tversion_b_calls INTEGER NOT NULL, \n\tversion_a_avg_quality FLOAT NOT NULL, \n\tversion_b_avg_quality FLOAT NOT NULL, \n\twinner_version_id CHAR(32), \n\tCONSTRAINT pk_ab_tests PRIMARY KEY (id), \n\tCONSTRAINT fk_ab_tests_template_id_prompt_templates FOREIGN KEY(template_id) REFERENCES prompt_templates (id), \n\tCONSTRAINT fk_ab_tests_version_a_id_prompt_versions FOREIGN KEY(version_a_id) REFERENCES prompt_versions (id), \n\tCONSTRAINT fk_ab_tests_version_b_id_prompt_versions FOREIGN KEY(version_b_id) REFERENCES prompt_versions (id), \n\tCONSTRAINT fk_ab_tests_winner_version_id_prompt_versions FOREIGN KEY(winner_version_id) REFERENCES prompt_versions (id)\n)\n\n', ())
DEBUG    aiosqlite:core.py:67 operation functools.partial(<built-in method execute of sqlite3.Cursor object at 0x11f911d40>, '\nCREATE TABLE ab_tests (\n\tid CHAR(32) NOT NULL, \n\ttemplate_id CHAR(32) NOT NULL, \n\tversion_a_id CHAR(32) NOT NULL, \n\tversion_b_id CHAR(32) NOT NULL, \n\ttraffic_ratio FLOAT NOT NULL, \n\tstatus VARCHAR(20) NOT NULL, \n\tstarted_at DATETIME DEFAULT CURRENT_TIMESTAMP NOT NULL, \n\tended_at DATETIME, \n\tversion_a_calls INTEGER NOT NULL, \n\tversion_b_calls INTEGER NOT NULL, \n\tversion_a_avg_quality FLOAT NOT NULL, \n\tversion_b_avg_quality FLOAT NOT NULL, \n\twinner_version_id CHAR(32), \n\tCONSTRAINT pk_ab_tests PRIMARY KEY (id), \n\tCONSTRAINT fk_ab_tests_template_id_prompt_templates FOREIGN KEY(template_id) REFERENCES prompt_templates (id), \n\tCONSTRAINT fk_ab_tests_version_a_id_prompt_versions FOREIGN KEY(version_a_id) REFERENCES prompt_versions (id), \n\tCONSTRAINT fk_ab_tests_version_b_id_prompt_versions FOREIGN KEY(version_b_id) REFERENCES prompt_versions (id), \n\tCONSTRAINT fk_ab_tests_winner_version_id_prompt_versions FOREIGN KEY(winner_version_id) REFERENCES prompt_versions (id)\n)\n\n', ()) completed
DEBUG    aiosqlite:core.py:62 executing functools.partial(<built-in method close of sqlite3.Cursor object at 0x11f911d40>)
DEBUG    aiosqlite:core.py:67 operation functools.partial(<built-in method close of sqlite3.Cursor object at 0x11f911d40>) completed
DEBUG    aiosqlite:core.py:62 executing functools.partial(<built-in method cursor of sqlite3.Connection object at 0x11e51c5e0>)
DEBUG    aiosqlite:core.py:67 operation functools.partial(<built-in method cursor of sqlite3.Connection object at 0x11e51c5e0>) completed
DEBUG    aiosqlite:core.py:62 executing functools.partial(<built-in method execute of sqlite3.Cursor object at 0x11f913ac0>, '\nCREATE TABLE node_relations (\n\tid UUID NOT NULL, \n\tsource_node_id CHAR(32) NOT NULL, \n\ttarget_node_id CHAR(32) NOT NULL, \n\trelation_type VARCHAR(50) NOT NULL, \n\tCONSTRAINT pk_node_relations PRIMARY KEY (id), \n\tCONSTRAINT uq_node_relation UNIQUE (source_node_id, target_node_id, relation_type), \n\tCONSTRAINT fk_node_relations_source_node_id_pyramid_nodes FOREIGN KEY(source_node_id) REFERENCES pyramid_nodes (id) ON DELETE CASCADE, \n\tCONSTRAINT fk_node_relations_target_node_id_pyramid_nodes FOREIGN KEY(target_node_id) REFERENCES pyramid_nodes (id) ON DELETE CASCADE\n)\n\n', ())
DEBUG    aiosqlite:core.py:67 operation functools.partial(<built-in method execute of sqlite3.Cursor object at 0x11f913ac0>, '\nCREATE TABLE node_relations (\n\tid UUID NOT NULL, \n\tsource_node_id CHAR(32) NOT NULL, \n\ttarget_node_id CHAR(32) NOT NULL, \n\trelation_type VARCHAR(50) NOT NULL, \n\tCONSTRAINT pk_node_relations PRIMARY KEY (id), \n\tCONSTRAINT uq_node_relation UNIQUE (source_node_id, target_node_id, relation_type), \n\tCONSTRAINT fk_node_relations_source_node_id_pyramid_nodes FOREIGN KEY(source_node_id) REFERENCES pyramid_nodes (id) ON DELETE CASCADE, \n\tCONSTRAINT fk_node_relations_target_node_id_pyramid_nodes FOREIGN KEY(target_node_id) REFERENCES pyramid_nodes (id) ON DELETE CASCADE\n)\n\n', ()) completed
DEBUG    aiosqlite:core.py:62 executing functools.partial(<built-in method close of sqlite3.Cursor object at 0x11f913ac0>)
DEBUG    aiosqlite:core.py:67 operation functools.partial(<built-in method close of sqlite3.Cursor object at 0x11f913ac0>) completed
DEBUG    aiosqlite:core.py:62 executing functools.partial(<built-in method cursor of sqlite3.Connection object at 0x11e51c5e0>)
DEBUG    aiosqlite:core.py:67 operation functools.partial(<built-in method cursor of sqlite3.Connection object at 0x11e51c5e0>) completed
DEBUG    aiosqlite:core.py:62 executing functools.partial(<built-in method execute of sqlite3.Cursor object at 0x11f913440>, '\nCREATE TABLE source_node_relations (\n\tsource_id CHAR(32) NOT NULL, \n\tnode_id CHAR(32) NOT NULL, \n\tweight FLOAT NOT NULL, \n\tCONSTRAINT pk_source_node_relations PRIMARY KEY (source_id, node_id), \n\tCONSTRAINT fk_source_node_relations_source_id_information_sources FOREIGN KEY(source_id) REFERENCES information_sources (id), \n\tCONSTRAINT fk_source_node_relations_node_id_pyramid_nodes FOREIGN KEY(node_id) REFERENCES pyramid_nodes (id)\n)\n\n', ())
DEBUG    aiosqlite:core.py:67 operation functools.partial(<built-in method execute of sqlite3.Cursor object at 0x11f913440>, '\nCREATE TABLE source_node_relations (\n\tsource_id CHAR(32) NOT NULL, \n\tnode_id CHAR(32) NOT NULL, \n\tweight FLOAT NOT NULL, \n\tCONSTRAINT pk_source_node_relations PRIMARY KEY (source_id, node_id), \n\tCONSTRAINT fk_source_node_relations_source_id_information_sources FOREIGN KEY(source_id) REFERENCES information_sources (id), \n\tCONSTRAINT fk_source_node_relations_node_id_pyramid_nodes FOREIGN KEY(node_id) REFERENCES pyramid_nodes (id)\n)\n\n', ()) completed
DEBUG    aiosqlite:core.py:62 executing functools.partial(<built-in method close of sqlite3.Cursor object at 0x11f913440>)
DEBUG    aiosqlite:core.py:67 operation functools.partial(<built-in method close of sqlite3.Cursor object at 0x11f913440>) completed
DEBUG    aiosqlite:core.py:62 executing functools.partial(<built-in method cursor of sqlite3.Connection object at 0x11e51c5e0>)
DEBUG    aiosqlite:core.py:67 operation functools.partial(<built-in method cursor of sqlite3.Connection object at 0x11e51c5e0>) completed
DEBUG    aiosqlite:core.py:62 executing functools.partial(<built-in method execute of sqlite3.Cursor object at 0x11e4c7b40>, "\nCREATE TABLE content_node_relations (\n\tcontent_id CHAR(32) NOT NULL, \n\tnode_id CHAR(32) NOT NULL, \n\tconfidence FLOAT DEFAULT '1.0' NOT NULL, \n\tsource VARCHAR(20) DEFAULT 'manual' NOT NULL, \n\tcreated_at DATETIME DEFAULT CURRENT_TIMESTAMP NOT NULL, \n\tis_manual BOOLEAN DEFAULT 'true' NOT NULL, \n\tCONSTRAINT pk_content_node_relations PRIMARY KEY (content_id, node_id), \n\tCONSTRAINT fk_content_node_relations_content_id_content_items FOREIGN KEY(content_id) REFERENCES content_items (id) ON DELETE CASCADE, \n\tCONSTRAINT fk_content_node_relations_node_id_pyramid_nodes FOREIGN KEY(node_id) REFERENCES pyramid_nodes (id) ON DELETE CASCADE\n)\n\n", ())
DEBUG    aiosqlite:core.py:67 operation functools.partial(<built-in method execute of sqlite3.Cursor object at 0x11e4c7b40>, "\nCREATE TABLE content_node_relations (\n\tcontent_id CHAR(32) NOT NULL, \n\tnode_id CHAR(32) NOT NULL, \n\tconfidence FLOAT DEFAULT '1.0' NOT NULL, \n\tsource VARCHAR(20) DEFAULT 'manual' NOT NULL, \n\tcreated_at DATETIME DEFAULT CURRENT_TIMESTAMP NOT NULL, \n\tis_manual BOOLEAN DEFAULT 'true' NOT NULL, \n\tCONSTRAINT pk_content_node_relations PRIMARY KEY (content_id, node_id), \n\tCONSTRAINT fk_content_node_relations_content_id_content_items FOREIGN KEY(content_id) REFERENCES content_items (id) ON DELETE CASCADE, \n\tCONSTRAINT fk_content_node_relations_node_id_pyramid_nodes FOREIGN KEY(node_id) REFERENCES pyramid_nodes (id) ON DELETE CASCADE\n)\n\n", ()) completed
DEBUG    aiosqlite:core.py:62 executing functools.partial(<built-in method close of sqlite3.Cursor object at 0x11e4c7b40>)
DEBUG    aiosqlite:core.py:67 operation functools.partial(<built-in method close of sqlite3.Cursor object at 0x11e4c7b40>) completed
DEBUG    aiosqlite:core.py:62 executing functools.partial(<built-in method cursor of sqlite3.Connection object at 0x11e51c5e0>)
DEBUG    aiosqlite:core.py:67 operation functools.partial(<built-in method cursor of sqlite3.Connection object at 0x11e51c5e0>) completed
DEBUG    aiosqlite:core.py:62 executing functools.partial(<built-in method execute of sqlite3.Cursor object at 0x11f912c40>, '\nCREATE TABLE validation_results (\n\tcontent_id CHAR(32) NOT NULL, \n\thard_result JSON, \n\tsoft_result JSON, \n\tcross_result JSON, \n\toverall_score INTEGER, \n\tverified_at DATETIME DEFAULT CURRENT_TIMESTAMP NOT NULL, \n\tCONSTRAINT pk_validation_results PRIMARY KEY (content_id), \n\tCONSTRAINT fk_validation_results_content_id_content_items FOREIGN KEY(content_id) REFERENCES content_items (id)\n)\n\n', ())
DEBUG    aiosqlite:core.py:67 operation functools.partial(<built-in method execute of sqlite3.Cursor object at 0x11f912c40>, '\nCREATE TABLE validation_results (\n\tcontent_id CHAR(32) NOT NULL, \n\thard_result JSON, \n\tsoft_result JSON, \n\tcross_result JSON, \n\toverall_score INTEGER, \n\tverified_at DATETIME DEFAULT CURRENT_TIMESTAMP NOT NULL, \n\tCONSTRAINT pk_validation_results PRIMARY KEY (content_id), \n\tCONSTRAINT fk_validation_results_content_id_content_items FOREIGN KEY(content_id) REFERENCES content_items (id)\n)\n\n', ()) completed
DEBUG    aiosqlite:core.py:62 executing functools.partial(<built-in method close of sqlite3.Cursor object at 0x11f912c40>)
DEBUG    aiosqlite:core.py:67 operation functools.partial(<built-in method close of sqlite3.Cursor object at 0x11f912c40>) completed
DEBUG    aiosqlite:core.py:62 executing functools.partial(<built-in method cursor of sqlite3.Connection object at 0x11e51c5e0>)
DEBUG    aiosqlite:core.py:67 operation functools.partial(<built-in method cursor of sqlite3.Connection object at 0x11e51c5e0>) completed
DEBUG    aiosqlite:core.py:62 executing functools.partial(<built-in method execute of sqlite3.Cursor object at 0x11f92f640>, "\nCREATE TABLE approvals (\n\tid CHAR(32) NOT NULL, \n\ttype VARCHAR(50) NOT NULL, \n\ttarget_id CHAR(32), \n\tstatus VARCHAR(20) NOT NULL, \n\tdata JSON, \n\tsource_content_id CHAR(32), \n\tgenerated_by VARCHAR(50) DEFAULT 'user' NOT NULL, \n\treason TEXT, \n\tconfidence_score FLOAT, \n\toriginal_data JSON, \n\timpact_analysis JSON, \n\tapplicant_id VARCHAR(100), \n\treviewer_id VARCHAR(100), \n\treview_comment TEXT, \n\tcreated_at DATETIME DEFAULT CURRENT_TIMESTAMP NOT NULL, \n\tupdated_at DATETIME DEFAULT CURRENT_TIMESTAMP NOT NULL, \n\tCONSTRAINT pk_approvals PRIMARY KEY (id), \n\tCONSTRAINT fk_approvals_source_content_id_content_items FOREIGN KEY(source_content_id) REFERENCES content_items (id)\n)\n\n", ())
DEBUG    aiosqlite:core.py:67 operation functools.partial(<built-in method execute of sqlite3.Cursor object at 0x11f92f640>, "\nCREATE TABLE approvals (\n\tid CHAR(32) NOT NULL, \n\ttype VARCHAR(50) NOT NULL, \n\ttarget_id CHAR(32), \n\tstatus VARCHAR(20) NOT NULL, \n\tdata JSON, \n\tsource_content_id CHAR(32), \n\tgenerated_by VARCHAR(50) DEFAULT 'user' NOT NULL, \n\treason TEXT, \n\tconfidence_score FLOAT, \n\toriginal_data JSON, \n\timpact_analysis JSON, \n\tapplicant_id VARCHAR(100), \n\treviewer_id VARCHAR(100), \n\treview_comment TEXT, \n\tcreated_at DATETIME DEFAULT CURRENT_TIMESTAMP NOT NULL, \n\tupdated_at DATETIME DEFAULT CURRENT_TIMESTAMP NOT NULL, \n\tCONSTRAINT pk_approvals PRIMARY KEY (id), \n\tCONSTRAINT fk_approvals_source_content_id_content_items FOREIGN KEY(source_content_id) REFERENCES content_items (id)\n)\n\n", ()) completed
DEBUG    aiosqlite:core.py:62 executing functools.partial(<built-in method close of sqlite3.Cursor object at 0x11f92f640>)
DEBUG    aiosqlite:core.py:67 operation functools.partial(<built-in method close of sqlite3.Cursor object at 0x11f92f640>) completed
DEBUG    aiosqlite:core.py:62 executing functools.partial(<built-in method cursor of sqlite3.Connection object at 0x11e51c5e0>)
DEBUG    aiosqlite:core.py:67 operation functools.partial(<built-in method cursor of sqlite3.Connection object at 0x11e51c5e0>) completed
DEBUG    aiosqlite:core.py:62 executing functools.partial(<built-in method execute of sqlite3.Cursor object at 0x11f92f940>, 'CREATE INDEX ix_approvals_status ON approvals (status)', ())
DEBUG    aiosqlite:core.py:67 operation functools.partial(<built-in method execute of sqlite3.Cursor object at 0x11f92f940>, 'CREATE INDEX ix_approvals_status ON approvals (status)', ()) completed
DEBUG    aiosqlite:core.py:62 executing functools.partial(<built-in method close of sqlite3.Cursor object at 0x11f92f940>)
DEBUG    aiosqlite:core.py:67 operation functools.partial(<built-in method close of sqlite3.Cursor object at 0x11f92f940>) completed
DEBUG    aiosqlite:core.py:62 executing functools.partial(<built-in method cursor of sqlite3.Connection object at 0x11e51c5e0>)
DEBUG    aiosqlite:core.py:67 operation functools.partial(<built-in method cursor of sqlite3.Connection object at 0x11e51c5e0>) completed
DEBUG    aiosqlite:core.py:62 executing functools.partial(<built-in method execute of sqlite3.Cursor object at 0x11f92fc40>, '\nCREATE TABLE contributions (\n\tid CHAR(32) NOT NULL, \n\tuser_id VARCHAR(50), \n\tinput_type VARCHAR(20) NOT NULL, \n\toriginal_input TEXT NOT NULL, \n\textracted_content TEXT, \n\textracted_concepts JSON, \n\tstatus VARCHAR(20) NOT NULL, \n\trejection_reason TEXT, \n\tcontent_id CHAR(32), \n\tcreated_at DATETIME NOT NULL, \n\tupdated_at DATETIME NOT NULL, \n\tCONSTRAINT pk_contributions PRIMARY KEY (id), \n\tCONSTRAINT fk_contributions_content_id_content_items FOREIGN KEY(content_id) REFERENCES content_items (id)\n)\n\n', ())
DEBUG    aiosqlite:core.py:67 operation functools.partial(<built-in method execute of sqlite3.Cursor object at 0x11f92fc40>, '\nCREATE TABLE contributions (\n\tid CHAR(32) NOT NULL, \n\tuser_id VARCHAR(50), \n\tinput_type VARCHAR(20) NOT NULL, \n\toriginal_input TEXT NOT NULL, \n\textracted_content TEXT, \n\textracted_concepts JSON, \n\tstatus VARCHAR(20) NOT NULL, \n\trejection_reason TEXT, \n\tcontent_id CHAR(32), \n\tcreated_at DATETIME NOT NULL, \n\tupdated_at DATETIME NOT NULL, \n\tCONSTRAINT pk_contributions PRIMARY KEY (id), \n\tCONSTRAINT fk_contributions_content_id_content_items FOREIGN KEY(content_id) REFERENCES content_items (id)\n)\n\n', ()) completed
DEBUG    aiosqlite:core.py:62 executing functools.partial(<built-in method close of sqlite3.Cursor object at 0x11f92fc40>)
DEBUG    aiosqlite:core.py:67 operation functools.partial(<built-in method close of sqlite3.Cursor object at 0x11f92fc40>) completed
DEBUG    aiosqlite:core.py:62 executing functools.partial(<built-in method cursor of sqlite3.Connection object at 0x11e51c5e0>)
DEBUG    aiosqlite:core.py:67 operation functools.partial(<built-in method cursor of sqlite3.Connection object at 0x11e51c5e0>) completed
DEBUG    aiosqlite:core.py:62 executing functools.partial(<built-in method execute of sqlite3.Cursor object at 0x11f92f8c0>, 'CREATE INDEX ix_contributions_status ON contributions (status)', ())
DEBUG    aiosqlite:core.py:67 operation functools.partial(<built-in method execute of sqlite3.Cursor object at 0x11f92f8c0>, 'CREATE INDEX ix_contributions_status ON contributions (status)', ()) completed
DEBUG    aiosqlite:core.py:62 executing functools.partial(<built-in method close of sqlite3.Cursor object at 0x11f92f8c0>)
DEBUG    aiosqlite:core.py:67 operation functools.partial(<built-in method close of sqlite3.Cursor object at 0x11f92f8c0>) completed
DEBUG    aiosqlite:core.py:62 executing functools.partial(<built-in method cursor of sqlite3.Connection object at 0x11e51c5e0>)
DEBUG    aiosqlite:core.py:67 operation functools.partial(<built-in method cursor of sqlite3.Connection object at 0x11e51c5e0>) completed
DEBUG    aiosqlite:core.py:62 executing functools.partial(<built-in method execute of sqlite3.Cursor object at 0x11f92f740>, '\nCREATE TABLE discovered_domains (\n\tid CHAR(32) NOT NULL, \n\tdomain VARCHAR(255) NOT NULL, \n\toccurrence_count INTEGER NOT NULL, \n\tfirst_seen_at DATETIME DEFAULT CURRENT_TIMESTAMP NOT NULL, \n\tlast_seen_at DATETIME DEFAULT CURRENT_TIMESTAMP NOT NULL, \n\tevaluation_status VARCHAR(20) NOT NULL, \n\thas_rss BOOLEAN NOT NULL, \n\tproposal_id CHAR(32), \n\tCONSTRAINT pk_discovered_domains PRIMARY KEY (id), \n\tCONSTRAINT fk_discovered_domains_proposal_id_approvals FOREIGN KEY(proposal_id) REFERENCES approvals (id)\n)\n\n', ())
DEBUG    aiosqlite:core.py:67 operation functools.partial(<built-in method execute of sqlite3.Cursor object at 0x11f92f740>, '\nCREATE TABLE discovered_domains (\n\tid CHAR(32) NOT NULL, \n\tdomain VARCHAR(255) NOT NULL, \n\toccurrence_count INTEGER NOT NULL, \n\tfirst_seen_at DATETIME DEFAULT CURRENT_TIMESTAMP NOT NULL, \n\tlast_seen_at DATETIME DEFAULT CURRENT_TIMESTAMP NOT NULL, \n\tevaluation_status VARCHAR(20) NOT NULL, \n\thas_rss BOOLEAN NOT NULL, \n\tproposal_id CHAR(32), \n\tCONSTRAINT pk_discovered_domains PRIMARY KEY (id), \n\tCONSTRAINT fk_discovered_domains_proposal_id_approvals FOREIGN KEY(proposal_id) REFERENCES approvals (id)\n)\n\n', ()) completed
DEBUG    aiosqlite:core.py:62 executing functools.partial(<built-in method close of sqlite3.Cursor object at 0x11f92f740>)
DEBUG    aiosqlite:core.py:67 operation functools.partial(<built-in method close of sqlite3.Cursor object at 0x11f92f740>) completed
DEBUG    aiosqlite:core.py:62 executing functools.partial(<built-in method cursor of sqlite3.Connection object at 0x11e51c5e0>)
DEBUG    aiosqlite:core.py:67 operation functools.partial(<built-in method cursor of sqlite3.Connection object at 0x11e51c5e0>) completed
DEBUG    aiosqlite:core.py:62 executing functools.partial(<built-in method execute of sqlite3.Cursor object at 0x11f92ee40>, 'CREATE UNIQUE INDEX ix_discovered_domains_domain ON discovered_domains (domain)', ())
DEBUG    aiosqlite:core.py:67 operation functools.partial(<built-in method execute of sqlite3.Cursor object at 0x11f92ee40>, 'CREATE UNIQUE INDEX ix_discovered_domains_domain ON discovered_domains (domain)', ()) completed
DEBUG    aiosqlite:core.py:62 executing functools.partial(<built-in method close of sqlite3.Cursor object at 0x11f92ee40>)
DEBUG    aiosqlite:core.py:67 operation functools.partial(<built-in method close of sqlite3.Cursor object at 0x11f92ee40>) completed
DEBUG    aiosqlite:core.py:62 executing functools.partial(<built-in method commit of sqlite3.Connection object at 0x11e51c5e0>)
DEBUG    aiosqlite:core.py:67 operation functools.partial(<built-in method commit of sqlite3.Connection object at 0x11e51c5e0>) completed
DEBUG    aiosqlite:core.py:62 executing functools.partial(<built-in method rollback of sqlite3.Connection object at 0x11e51c5e0>)
DEBUG    aiosqlite:core.py:67 operation functools.partial(<built-in method rollback of sqlite3.Connection object at 0x11e51c5e0>) completed
------------------------------ Captured log call -------------------------------
DEBUG    aiosqlite:core.py:62 executing functools.partial(<built-in method cursor of sqlite3.Connection object at 0x11e51c5e0>)
DEBUG    aiosqlite:core.py:67 operation functools.partial(<built-in method cursor of sqlite3.Connection object at 0x11e51c5e0>) completed
DEBUG    aiosqlite:core.py:62 executing functools.partial(<built-in method execute of sqlite3.Cursor object at 0x11fac9f40>, 'INSERT INTO pyramids (id, name, description, is_deleted) VALUES (?, ?, ?, ?) RETURNING created_at, updated_at', ('934fd35f2f094533ac966308ef6de9bf', 'Test Pyramid', 'Desc', 0))
DEBUG    aiosqlite:core.py:67 operation functools.partial(<built-in method execute of sqlite3.Cursor object at 0x11fac9f40>, 'INSERT INTO pyramids (id, name, description, is_deleted) VALUES (?, ?, ?, ?) RETURNING created_at, updated_at', ('934fd35f2f094533ac966308ef6de9bf', 'Test Pyramid', 'Desc', 0)) completed
DEBUG    aiosqlite:core.py:62 executing functools.partial(<built-in method fetchall of sqlite3.Cursor object at 0x11fac9f40>)
DEBUG    aiosqlite:core.py:67 operation functools.partial(<built-in method fetchall of sqlite3.Cursor object at 0x11fac9f40>) completed
DEBUG    aiosqlite:core.py:62 executing functools.partial(<built-in method close of sqlite3.Cursor object at 0x11fac9f40>)
DEBUG    aiosqlite:core.py:67 operation functools.partial(<built-in method close of sqlite3.Cursor object at 0x11fac9f40>) completed
DEBUG    aiosqlite:core.py:62 executing functools.partial(<built-in method cursor of sqlite3.Connection object at 0x11e51c5e0>)
DEBUG    aiosqlite:core.py:67 operation functools.partial(<built-in method cursor of sqlite3.Connection object at 0x11e51c5e0>) completed
DEBUG    aiosqlite:core.py:62 executing functools.partial(<built-in method execute of sqlite3.Cursor object at 0x11fac9fc0>, 'INSERT INTO pyramid_nodes (id, pyramid_id, parent_id, name, description, level, sort_order, path, health_score, status, content_count, last_content_at, is_deleted) VALUES (?, ?, ?, ?, ?, ?, ?, ?, ?, ?, ?, ?, ?)', ('a7d53b3d2bee4e0981d87d44f9fa93bd', '934fd35f2f094533ac966308ef6de9bf', None, 'Node A', None, 1, 0, 'A', 100, 'pending', 0, None, 0))
DEBUG    aiosqlite:core.py:67 operation functools.partial(<built-in method execute of sqlite3.Cursor object at 0x11fac9fc0>, 'INSERT INTO pyramid_nodes (id, pyramid_id, parent_id, name, description, level, sort_order, path, health_score, status, content_count, last_content_at, is_deleted) VALUES (?, ?, ?, ?, ?, ?, ?, ?, ?, ?, ?, ?, ?)', ('a7d53b3d2bee4e0981d87d44f9fa93bd', '934fd35f2f094533ac966308ef6de9bf', None, 'Node A', None, 1, 0, 'A', 100, 'pending', 0, None, 0)) completed
DEBUG    aiosqlite:core.py:62 executing functools.partial(<built-in method close of sqlite3.Cursor object at 0x11fac9fc0>)
DEBUG    aiosqlite:core.py:67 operation functools.partial(<built-in method close of sqlite3.Cursor object at 0x11fac9fc0>) completed
DEBUG    aiosqlite:core.py:62 executing functools.partial(<built-in method commit of sqlite3.Connection object at 0x11e51c5e0>)
DEBUG    aiosqlite:core.py:67 operation functools.partial(<built-in method commit of sqlite3.Connection object at 0x11e51c5e0>) completed
DEBUG    aiosqlite:core.py:62 executing functools.partial(<built-in method rollback of sqlite3.Connection object at 0x11e51c5e0>)
DEBUG    aiosqlite:core.py:67 operation functools.partial(<built-in method rollback of sqlite3.Connection object at 0x11e51c5e0>) completed
INFO     app.services.snapshot_service:snapshot_service.py:25 Creating snapshot for pyramid 934fd35f-2f09-4533-ac96-6308ef6de9bf
DEBUG    aiosqlite:core.py:62 executing functools.partial(<built-in method cursor of sqlite3.Connection object at 0x11e51c5e0>)
DEBUG    aiosqlite:core.py:67 operation functools.partial(<built-in method cursor of sqlite3.Connection object at 0x11e51c5e0>) completed
DEBUG    aiosqlite:core.py:62 executing functools.partial(<built-in method execute of sqlite3.Cursor object at 0x11facb440>, 'SELECT pyramids.id, pyramids.name, pyramids.description, pyramids.created_at, pyramids.updated_at, pyramids.is_deleted \nFROM pyramids \nWHERE pyramids.id = ?', ('934fd35f2f094533ac966308ef6de9bf',))
DEBUG    aiosqlite:core.py:67 operation functools.partial(<built-in method execute of sqlite3.Cursor object at 0x11facb440>, 'SELECT pyramids.id, pyramids.name, pyramids.description, pyramids.created_at, pyramids.updated_at, pyramids.is_deleted \nFROM pyramids \nWHERE pyramids.id = ?', ('934fd35f2f094533ac966308ef6de9bf',)) completed
DEBUG    aiosqlite:core.py:62 executing functools.partial(<built-in method fetchall of sqlite3.Cursor object at 0x11facb440>)
DEBUG    aiosqlite:core.py:67 operation functools.partial(<built-in method fetchall of sqlite3.Cursor object at 0x11facb440>) completed
DEBUG    aiosqlite:core.py:62 executing functools.partial(<built-in method close of sqlite3.Cursor object at 0x11facb440>)
DEBUG    aiosqlite:core.py:67 operation functools.partial(<built-in method close of sqlite3.Cursor object at 0x11facb440>) completed
DEBUG    aiosqlite:core.py:62 executing functools.partial(<built-in method cursor of sqlite3.Connection object at 0x11e51c5e0>)
DEBUG    aiosqlite:core.py:67 operation functools.partial(<built-in method cursor of sqlite3.Connection object at 0x11e51c5e0>) completed
DEBUG    aiosqlite:core.py:62 executing functools.partial(<built-in method execute of sqlite3.Cursor object at 0x11fac8ac0>, 'SELECT pyramid_nodes.id, pyramid_nodes.pyramid_id, pyramid_nodes.parent_id, pyramid_nodes.name, pyramid_nodes.description, pyramid_nodes.level, pyramid_nodes.sort_order, pyramid_nodes.path, pyramid_nodes.health_score, pyramid_nodes.status, pyramid_nodes.content_count, pyramid_nodes.last_content_at, pyramid_nodes.is_deleted \nFROM pyramid_nodes \nWHERE pyramid_nodes.pyramid_id = ?', ('934fd35f2f094533ac966308ef6de9bf',))
DEBUG    aiosqlite:core.py:67 operation functools.partial(<built-in method execute of sqlite3.Cursor object at 0x11fac8ac0>, 'SELECT pyramid_nodes.id, pyramid_nodes.pyramid_id, pyramid_nodes.parent_id, pyramid_nodes.name, pyramid_nodes.description, pyramid_nodes.level, pyramid_nodes.sort_order, pyramid_nodes.path, pyramid_nodes.health_score, pyramid_nodes.status, pyramid_nodes.content_count, pyramid_nodes.last_content_at, pyramid_nodes.is_deleted \nFROM pyramid_nodes \nWHERE pyramid_nodes.pyramid_id = ?', ('934fd35f2f094533ac966308ef6de9bf',)) completed
DEBUG    aiosqlite:core.py:62 executing functools.partial(<built-in method fetchall of sqlite3.Cursor object at 0x11fac8ac0>)
DEBUG    aiosqlite:core.py:67 operation functools.partial(<built-in method fetchall of sqlite3.Cursor object at 0x11fac8ac0>) completed
DEBUG    aiosqlite:core.py:62 executing functools.partial(<built-in method close of sqlite3.Cursor object at 0x11fac8ac0>)
DEBUG    aiosqlite:core.py:67 operation functools.partial(<built-in method close of sqlite3.Cursor object at 0x11fac8ac0>) completed
DEBUG    aiosqlite:core.py:62 executing functools.partial(<built-in method cursor of sqlite3.Connection object at 0x11e51c5e0>)
DEBUG    aiosqlite:core.py:67 operation functools.partial(<built-in method cursor of sqlite3.Connection object at 0x11e51c5e0>) completed
DEBUG    aiosqlite:core.py:62 executing functools.partial(<built-in method execute of sqlite3.Cursor object at 0x11faf82c0>, 'SELECT node_relations.id, node_relations.source_node_id, node_relations.target_node_id, node_relations.relation_type \nFROM node_relations \nWHERE node_relations.source_node_id IN (?) OR node_relations.target_node_id IN (?)', ('a7d53b3d2bee4e0981d87d44f9fa93bd', 'a7d53b3d2bee4e0981d87d44f9fa93bd'))
DEBUG    aiosqlite:core.py:67 operation functools.partial(<built-in method execute of sqlite3.Cursor object at 0x11faf82c0>, 'SELECT node_relations.id, node_relations.source_node_id, node_relations.target_node_id, node_relations.relation_type \nFROM node_relations \nWHERE node_relations.source_node_id IN (?) OR node_relations.target_node_id IN (?)', ('a7d53b3d2bee4e0981d87d44f9fa93bd', 'a7d53b3d2bee4e0981d87d44f9fa93bd')) completed
DEBUG    aiosqlite:core.py:62 executing functools.partial(<built-in method fetchall of sqlite3.Cursor object at 0x11faf82c0>)
DEBUG    aiosqlite:core.py:67 operation functools.partial(<built-in method fetchall of sqlite3.Cursor object at 0x11faf82c0>) completed
DEBUG    aiosqlite:core.py:62 executing functools.partial(<built-in method close of sqlite3.Cursor object at 0x11faf82c0>)
DEBUG    aiosqlite:core.py:67 operation functools.partial(<built-in method close of sqlite3.Cursor object at 0x11faf82c0>) completed
DEBUG    aiosqlite:core.py:62 executing functools.partial(<built-in method cursor of sqlite3.Connection object at 0x11e51c5e0>)
DEBUG    aiosqlite:core.py:67 operation functools.partial(<built-in method cursor of sqlite3.Connection object at 0x11e51c5e0>) completed
DEBUG    aiosqlite:core.py:62 executing functools.partial(<built-in method execute of sqlite3.Cursor object at 0x11facb740>, 'INSERT INTO snapshots (id, pyramid_id, version, data, reason) VALUES (?, ?, ?, ?, ?) RETURNING created_at', ('98edd97d3036458aa9f9303fdcc104ce', '934fd35f2f094533ac966308ef6de9bf', 'v-20260214035710', '{"pyramid": {"id": "934fd35f-2f09-4533-ac96-6308ef6de9bf", "name": "Test Pyramid", "description": "Desc"}, "nodes": [{"id": "a7d53b3d-2bee-4e09-81d8-7d44f9fa93bd", "parent_id": null, "name": "Node A", "description": null, "level": 1, "sort_order": 0, "path": "A", "health_score": 100}], "relations": [], "timestamp": "2026-02-14T03:57:10.968368+00:00"}', 'Snapshot 1'))
DEBUG    aiosqlite:core.py:67 operation functools.partial(<built-in method execute of sqlite3.Cursor object at 0x11facb740>, 'INSERT INTO snapshots (id, pyramid_id, version, data, reason) VALUES (?, ?, ?, ?, ?) RETURNING created_at', ('98edd97d3036458aa9f9303fdcc104ce', '934fd35f2f094533ac966308ef6de9bf', 'v-20260214035710', '{"pyramid": {"id": "934fd35f-2f09-4533-ac96-6308ef6de9bf", "name": "Test Pyramid", "description": "Desc"}, "nodes": [{"id": "a7d53b3d-2bee-4e09-81d8-7d44f9fa93bd", "parent_id": null, "name": "Node A", "description": null, "level": 1, "sort_order": 0, "path": "A", "health_score": 100}], "relations": [], "timestamp": "2026-02-14T03:57:10.968368+00:00"}', 'Snapshot 1')) completed
DEBUG    aiosqlite:core.py:62 executing functools.partial(<built-in method fetchall of sqlite3.Cursor object at 0x11facb740>)
DEBUG    aiosqlite:core.py:67 operation functools.partial(<built-in method fetchall of sqlite3.Cursor object at 0x11facb740>) completed
DEBUG    aiosqlite:core.py:62 executing functools.partial(<built-in method close of sqlite3.Cursor object at 0x11facb740>)
DEBUG    aiosqlite:core.py:67 operation functools.partial(<built-in method close of sqlite3.Cursor object at 0x11facb740>) completed
DEBUG    aiosqlite:core.py:62 executing functools.partial(<built-in method commit of sqlite3.Connection object at 0x11e51c5e0>)
DEBUG    aiosqlite:core.py:67 operation functools.partial(<built-in method commit of sqlite3.Connection object at 0x11e51c5e0>) completed
DEBUG    aiosqlite:core.py:62 executing functools.partial(<built-in method rollback of sqlite3.Connection object at 0x11e51c5e0>)
DEBUG    aiosqlite:core.py:67 operation functools.partial(<built-in method rollback of sqlite3.Connection object at 0x11e51c5e0>) completed
DEBUG    aiosqlite:core.py:62 executing functools.partial(<built-in method cursor of sqlite3.Connection object at 0x11e51c5e0>)
DEBUG    aiosqlite:core.py:67 operation functools.partial(<built-in method cursor of sqlite3.Connection object at 0x11e51c5e0>) completed
DEBUG    aiosqlite:core.py:62 executing functools.partial(<built-in method execute of sqlite3.Cursor object at 0x11fafacc0>, 'SELECT snapshots.id, snapshots.pyramid_id, snapshots.version, snapshots.data, snapshots.reason, snapshots.created_at \nFROM snapshots \nWHERE snapshots.id = ?', ('98edd97d3036458aa9f9303fdcc104ce',))
DEBUG    aiosqlite:core.py:67 operation functools.partial(<built-in method execute of sqlite3.Cursor object at 0x11fafacc0>, 'SELECT snapshots.id, snapshots.pyramid_id, snapshots.version, snapshots.data, snapshots.reason, snapshots.created_at \nFROM snapshots \nWHERE snapshots.id = ?', ('98edd97d3036458aa9f9303fdcc104ce',)) completed
DEBUG    aiosqlite:core.py:62 executing functools.partial(<built-in method fetchall of sqlite3.Cursor object at 0x11fafacc0>)
DEBUG    aiosqlite:core.py:67 operation functools.partial(<built-in method fetchall of sqlite3.Cursor object at 0x11fafacc0>) completed
DEBUG    aiosqlite:core.py:62 executing functools.partial(<built-in method close of sqlite3.Cursor object at 0x11fafacc0>)
DEBUG    aiosqlite:core.py:67 operation functools.partial(<built-in method close of sqlite3.Cursor object at 0x11fafacc0>) completed
INFO     app.services.snapshot_service:snapshot_service.py:99 Snapshot 98edd97d-3036-458a-a9f9-303fdcc104ce created with version v-20260214035710
DEBUG    aiosqlite:core.py:62 executing functools.partial(<built-in method cursor of sqlite3.Connection object at 0x11e51c5e0>)
DEBUG    aiosqlite:core.py:67 operation functools.partial(<built-in method cursor of sqlite3.Connection object at 0x11e51c5e0>) completed
DEBUG    aiosqlite:core.py:62 executing functools.partial(<built-in method execute of sqlite3.Cursor object at 0x1099b2040>, 'UPDATE pyramid_nodes SET name=? WHERE pyramid_nodes.id = ?', ('Node A Modified', 'a7d53b3d2bee4e0981d87d44f9fa93bd'))
DEBUG    aiosqlite:core.py:67 operation functools.partial(<built-in method execute of sqlite3.Cursor object at 0x1099b2040>, 'UPDATE pyramid_nodes SET name=? WHERE pyramid_nodes.id = ?', ('Node A Modified', 'a7d53b3d2bee4e0981d87d44f9fa93bd')) completed
DEBUG    aiosqlite:core.py:62 executing functools.partial(<built-in method close of sqlite3.Cursor object at 0x1099b2040>)
DEBUG    aiosqlite:core.py:67 operation functools.partial(<built-in method close of sqlite3.Cursor object at 0x1099b2040>) completed
DEBUG    aiosqlite:core.py:62 executing functools.partial(<built-in method commit of sqlite3.Connection object at 0x11e51c5e0>)
DEBUG    aiosqlite:core.py:67 operation functools.partial(<built-in method commit of sqlite3.Connection object at 0x11e51c5e0>) completed
DEBUG    aiosqlite:core.py:62 executing functools.partial(<built-in method rollback of sqlite3.Connection object at 0x11e51c5e0>)
DEBUG    aiosqlite:core.py:67 operation functools.partial(<built-in method rollback of sqlite3.Connection object at 0x11e51c5e0>) completed
DEBUG    aiosqlite:core.py:62 executing functools.partial(<built-in method cursor of sqlite3.Connection object at 0x11e51c5e0>)
DEBUG    aiosqlite:core.py:67 operation functools.partial(<built-in method cursor of sqlite3.Connection object at 0x11e51c5e0>) completed
DEBUG    aiosqlite:core.py:62 executing functools.partial(<built-in method execute of sqlite3.Cursor object at 0x11facbdc0>, 'SELECT pyramid_nodes.id, pyramid_nodes.pyramid_id, pyramid_nodes.parent_id, pyramid_nodes.name, pyramid_nodes.description, pyramid_nodes.level, pyramid_nodes.sort_order, pyramid_nodes.path, pyramid_nodes.health_score, pyramid_nodes.status, pyramid_nodes.content_count, pyramid_nodes.last_content_at, pyramid_nodes.is_deleted \nFROM pyramid_nodes \nWHERE pyramid_nodes.id = ?', ('a7d53b3d2bee4e0981d87d44f9fa93bd',))
DEBUG    aiosqlite:core.py:67 operation functools.partial(<built-in method execute of sqlite3.Cursor object at 0x11facbdc0>, 'SELECT pyramid_nodes.id, pyramid_nodes.pyramid_id, pyramid_nodes.parent_id, pyramid_nodes.name, pyramid_nodes.description, pyramid_nodes.level, pyramid_nodes.sort_order, pyramid_nodes.path, pyramid_nodes.health_score, pyramid_nodes.status, pyramid_nodes.content_count, pyramid_nodes.last_content_at, pyramid_nodes.is_deleted \nFROM pyramid_nodes \nWHERE pyramid_nodes.id = ?', ('a7d53b3d2bee4e0981d87d44f9fa93bd',)) completed
DEBUG    aiosqlite:core.py:62 executing functools.partial(<built-in method fetchall of sqlite3.Cursor object at 0x11facbdc0>)
DEBUG    aiosqlite:core.py:67 operation functools.partial(<built-in method fetchall of sqlite3.Cursor object at 0x11facbdc0>) completed
DEBUG    aiosqlite:core.py:62 executing functools.partial(<built-in method close of sqlite3.Cursor object at 0x11facbdc0>)
DEBUG    aiosqlite:core.py:67 operation functools.partial(<built-in method close of sqlite3.Cursor object at 0x11facbdc0>) completed
DEBUG    aiosqlite:core.py:62 executing functools.partial(<built-in method cursor of sqlite3.Connection object at 0x11e51c5e0>)
DEBUG    aiosqlite:core.py:67 operation functools.partial(<built-in method cursor of sqlite3.Connection object at 0x11e51c5e0>) completed
DEBUG    aiosqlite:core.py:62 executing functools.partial(<built-in method execute of sqlite3.Cursor object at 0x11fafb540>, 'SELECT snapshots.id, snapshots.pyramid_id, snapshots.version, snapshots.data, snapshots.reason, snapshots.created_at \nFROM snapshots \nWHERE snapshots.id = ?', ('98edd97d3036458aa9f9303fdcc104ce',))
DEBUG    aiosqlite:core.py:67 operation functools.partial(<built-in method execute of sqlite3.Cursor object at 0x11fafb540>, 'SELECT snapshots.id, snapshots.pyramid_id, snapshots.version, snapshots.data, snapshots.reason, snapshots.created_at \nFROM snapshots \nWHERE snapshots.id = ?', ('98edd97d3036458aa9f9303fdcc104ce',)) completed
DEBUG    aiosqlite:core.py:62 executing functools.partial(<built-in method fetchall of sqlite3.Cursor object at 0x11fafb540>)
DEBUG    aiosqlite:core.py:67 operation functools.partial(<built-in method fetchall of sqlite3.Cursor object at 0x11fafb540>) completed
DEBUG    aiosqlite:core.py:62 executing functools.partial(<built-in method close of sqlite3.Cursor object at 0x11fafb540>)
DEBUG    aiosqlite:core.py:67 operation functools.partial(<built-in method close of sqlite3.Cursor object at 0x11fafb540>) completed
INFO     app.services.snapshot_service:snapshot_service.py:25 Creating snapshot for pyramid 934fd35f-2f09-4533-ac96-6308ef6de9bf
DEBUG    aiosqlite:core.py:62 executing functools.partial(<built-in method cursor of sqlite3.Connection object at 0x11e51c5e0>)
DEBUG    aiosqlite:core.py:67 operation functools.partial(<built-in method cursor of sqlite3.Connection object at 0x11e51c5e0>) completed
DEBUG    aiosqlite:core.py:62 executing functools.partial(<built-in method execute of sqlite3.Cursor object at 0x11faf8540>, 'SELECT pyramids.id, pyramids.name, pyramids.description, pyramids.created_at, pyramids.updated_at, pyramids.is_deleted \nFROM pyramids \nWHERE pyramids.id = ?', ('934fd35f2f094533ac966308ef6de9bf',))
DEBUG    aiosqlite:core.py:67 operation functools.partial(<built-in method execute of sqlite3.Cursor object at 0x11faf8540>, 'SELECT pyramids.id, pyramids.name, pyramids.description, pyramids.created_at, pyramids.updated_at, pyramids.is_deleted \nFROM pyramids \nWHERE pyramids.id = ?', ('934fd35f2f094533ac966308ef6de9bf',)) completed
DEBUG    aiosqlite:core.py:62 executing functools.partial(<built-in method fetchall of sqlite3.Cursor object at 0x11faf8540>)
DEBUG    aiosqlite:core.py:67 operation functools.partial(<built-in method fetchall of sqlite3.Cursor object at 0x11faf8540>) completed
DEBUG    aiosqlite:core.py:62 executing functools.partial(<built-in method close of sqlite3.Cursor object at 0x11faf8540>)
DEBUG    aiosqlite:core.py:67 operation functools.partial(<built-in method close of sqlite3.Cursor object at 0x11faf8540>) completed
DEBUG    aiosqlite:core.py:62 executing functools.partial(<built-in method cursor of sqlite3.Connection object at 0x11e51c5e0>)
DEBUG    aiosqlite:core.py:67 operation functools.partial(<built-in method cursor of sqlite3.Connection object at 0x11e51c5e0>) completed
DEBUG    aiosqlite:core.py:62 executing functools.partial(<built-in method execute of sqlite3.Cursor object at 0x11fb20340>, 'SELECT pyramid_nodes.id, pyramid_nodes.pyramid_id, pyramid_nodes.parent_id, pyramid_nodes.name, pyramid_nodes.description, pyramid_nodes.level, pyramid_nodes.sort_order, pyramid_nodes.path, pyramid_nodes.health_score, pyramid_nodes.status, pyramid_nodes.content_count, pyramid_nodes.last_content_at, pyramid_nodes.is_deleted \nFROM pyramid_nodes \nWHERE pyramid_nodes.pyramid_id = ?', ('934fd35f2f094533ac966308ef6de9bf',))
DEBUG    aiosqlite:core.py:67 operation functools.partial(<built-in method execute of sqlite3.Cursor object at 0x11fb20340>, 'SELECT pyramid_nodes.id, pyramid_nodes.pyramid_id, pyramid_nodes.parent_id, pyramid_nodes.name, pyramid_nodes.description, pyramid_nodes.level, pyramid_nodes.sort_order, pyramid_nodes.path, pyramid_nodes.health_score, pyramid_nodes.status, pyramid_nodes.content_count, pyramid_nodes.last_content_at, pyramid_nodes.is_deleted \nFROM pyramid_nodes \nWHERE pyramid_nodes.pyramid_id = ?', ('934fd35f2f094533ac966308ef6de9bf',)) completed
DEBUG    aiosqlite:core.py:62 executing functools.partial(<built-in method fetchall of sqlite3.Cursor object at 0x11fb20340>)
DEBUG    aiosqlite:core.py:67 operation functools.partial(<built-in method fetchall of sqlite3.Cursor object at 0x11fb20340>) completed
DEBUG    aiosqlite:core.py:62 executing functools.partial(<built-in method close of sqlite3.Cursor object at 0x11fb20340>)
DEBUG    aiosqlite:core.py:67 operation functools.partial(<built-in method close of sqlite3.Cursor object at 0x11fb20340>) completed
DEBUG    aiosqlite:core.py:62 executing functools.partial(<built-in method cursor of sqlite3.Connection object at 0x11e51c5e0>)
DEBUG    aiosqlite:core.py:67 operation functools.partial(<built-in method cursor of sqlite3.Connection object at 0x11e51c5e0>) completed
DEBUG    aiosqlite:core.py:62 executing functools.partial(<built-in method execute of sqlite3.Cursor object at 0x11fb207c0>, 'SELECT node_relations.id, node_relations.source_node_id, node_relations.target_node_id, node_relations.relation_type \nFROM node_relations \nWHERE node_relations.source_node_id IN (?) OR node_relations.target_node_id IN (?)', ('a7d53b3d2bee4e0981d87d44f9fa93bd', 'a7d53b3d2bee4e0981d87d44f9fa93bd'))
DEBUG    aiosqlite:core.py:67 operation functools.partial(<built-in method execute of sqlite3.Cursor object at 0x11fb207c0>, 'SELECT node_relations.id, node_relations.source_node_id, node_relations.target_node_id, node_relations.relation_type \nFROM node_relations \nWHERE node_relations.source_node_id IN (?) OR node_relations.target_node_id IN (?)', ('a7d53b3d2bee4e0981d87d44f9fa93bd', 'a7d53b3d2bee4e0981d87d44f9fa93bd')) completed
DEBUG    aiosqlite:core.py:62 executing functools.partial(<built-in method fetchall of sqlite3.Cursor object at 0x11fb207c0>)
DEBUG    aiosqlite:core.py:67 operation functools.partial(<built-in method fetchall of sqlite3.Cursor object at 0x11fb207c0>) completed
DEBUG    aiosqlite:core.py:62 executing functools.partial(<built-in method close of sqlite3.Cursor object at 0x11fb207c0>)
DEBUG    aiosqlite:core.py:67 operation functools.partial(<built-in method close of sqlite3.Cursor object at 0x11fb207c0>) completed
DEBUG    aiosqlite:core.py:62 executing functools.partial(<built-in method cursor of sqlite3.Connection object at 0x11e51c5e0>)
DEBUG    aiosqlite:core.py:67 operation functools.partial(<built-in method cursor of sqlite3.Connection object at 0x11e51c5e0>) completed
DEBUG    aiosqlite:core.py:62 executing functools.partial(<built-in method execute of sqlite3.Cursor object at 0x11fb20b40>, 'INSERT INTO snapshots (id, pyramid_id, version, data, reason) VALUES (?, ?, ?, ?, ?) RETURNING created_at', ('dfdc62c821934d728c068aa2b29d0a93', '934fd35f2f094533ac966308ef6de9bf', 'v-20260214035710', '{"pyramid": {"id": "934fd35f-2f09-4533-ac96-6308ef6de9bf", "name": "Test Pyramid", "description": "Desc"}, "nodes": [{"id": "a7d53b3d-2bee-4e09-81d8-7d44f9fa93bd", "parent_id": null, "name": "Node A Modified", "description": null, "level": 1, "sort_order": 0, "path": "A", "health_score": 100}], "relations": [], "timestamp": "2026-02-14T03:57:10.974147+00:00"}', 'Auto-backup before rollback to v-20260214035710'))
DEBUG    aiosqlite:core.py:67 operation functools.partial(<built-in method execute of sqlite3.Cursor object at 0x11fb20b40>, 'INSERT INTO snapshots (id, pyramid_id, version, data, reason) VALUES (?, ?, ?, ?, ?) RETURNING created_at', ('dfdc62c821934d728c068aa2b29d0a93', '934fd35f2f094533ac966308ef6de9bf', 'v-20260214035710', '{"pyramid": {"id": "934fd35f-2f09-4533-ac96-6308ef6de9bf", "name": "Test Pyramid", "description": "Desc"}, "nodes": [{"id": "a7d53b3d-2bee-4e09-81d8-7d44f9fa93bd", "parent_id": null, "name": "Node A Modified", "description": null, "level": 1, "sort_order": 0, "path": "A", "health_score": 100}], "relations": [], "timestamp": "2026-02-14T03:57:10.974147+00:00"}', 'Auto-backup before rollback to v-20260214035710')) completed
DEBUG    aiosqlite:core.py:62 executing functools.partial(<built-in method fetchall of sqlite3.Cursor object at 0x11fb20b40>)
DEBUG    aiosqlite:core.py:67 operation functools.partial(<built-in method fetchall of sqlite3.Cursor object at 0x11fb20b40>) completed
DEBUG    aiosqlite:core.py:62 executing functools.partial(<built-in method close of sqlite3.Cursor object at 0x11fb20b40>)
DEBUG    aiosqlite:core.py:67 operation functools.partial(<built-in method close of sqlite3.Cursor object at 0x11fb20b40>) completed
DEBUG    aiosqlite:core.py:62 executing functools.partial(<built-in method commit of sqlite3.Connection object at 0x11e51c5e0>)
DEBUG    aiosqlite:core.py:67 operation functools.partial(<built-in method commit of sqlite3.Connection object at 0x11e51c5e0>) completed
DEBUG    aiosqlite:core.py:62 executing functools.partial(<built-in method rollback of sqlite3.Connection object at 0x11e51c5e0>)
DEBUG    aiosqlite:core.py:67 operation functools.partial(<built-in method rollback of sqlite3.Connection object at 0x11e51c5e0>) completed
DEBUG    aiosqlite:core.py:62 executing functools.partial(<built-in method cursor of sqlite3.Connection object at 0x11e51c5e0>)
DEBUG    aiosqlite:core.py:67 operation functools.partial(<built-in method cursor of sqlite3.Connection object at 0x11e51c5e0>) completed
DEBUG    aiosqlite:core.py:62 executing functools.partial(<built-in method execute of sqlite3.Cursor object at 0x11fb21040>, 'SELECT snapshots.id, snapshots.pyramid_id, snapshots.version, snapshots.data, snapshots.reason, snapshots.created_at \nFROM snapshots \nWHERE snapshots.id = ?', ('dfdc62c821934d728c068aa2b29d0a93',))
DEBUG    aiosqlite:core.py:67 operation functools.partial(<built-in method execute of sqlite3.Cursor object at 0x11fb21040>, 'SELECT snapshots.id, snapshots.pyramid_id, snapshots.version, snapshots.data, snapshots.reason, snapshots.created_at \nFROM snapshots \nWHERE snapshots.id = ?', ('dfdc62c821934d728c068aa2b29d0a93',)) completed
DEBUG    aiosqlite:core.py:62 executing functools.partial(<built-in method fetchall of sqlite3.Cursor object at 0x11fb21040>)
DEBUG    aiosqlite:core.py:67 operation functools.partial(<built-in method fetchall of sqlite3.Cursor object at 0x11fb21040>) completed
DEBUG    aiosqlite:core.py:62 executing functools.partial(<built-in method close of sqlite3.Cursor object at 0x11fb21040>)
DEBUG    aiosqlite:core.py:67 operation functools.partial(<built-in method close of sqlite3.Cursor object at 0x11fb21040>) completed
INFO     app.services.snapshot_service:snapshot_service.py:99 Snapshot dfdc62c8-2193-4d72-8c06-8aa2b29d0a93 created with version v-20260214035710
INFO     app.services.snapshot_service:snapshot_service.py:156 Restoring snapshot 98edd97d-3036-458a-a9f9-303fdcc104ce
DEBUG    aiosqlite:core.py:62 executing functools.partial(<built-in method cursor of sqlite3.Connection object at 0x11e51c5e0>)
DEBUG    aiosqlite:core.py:67 operation functools.partial(<built-in method cursor of sqlite3.Connection object at 0x11e51c5e0>) completed
DEBUG    aiosqlite:core.py:62 executing functools.partial(<built-in method execute of sqlite3.Cursor object at 0x11fafa340>, 'SELECT snapshots.id, snapshots.pyramid_id, snapshots.version, snapshots.data, snapshots.reason, snapshots.created_at \nFROM snapshots \nWHERE snapshots.id = ?', ('98edd97d3036458aa9f9303fdcc104ce',))
DEBUG    aiosqlite:core.py:67 operation functools.partial(<built-in method execute of sqlite3.Cursor object at 0x11fafa340>, 'SELECT snapshots.id, snapshots.pyramid_id, snapshots.version, snapshots.data, snapshots.reason, snapshots.created_at \nFROM snapshots \nWHERE snapshots.id = ?', ('98edd97d3036458aa9f9303fdcc104ce',)) completed
DEBUG    aiosqlite:core.py:62 executing functools.partial(<built-in method fetchall of sqlite3.Cursor object at 0x11fafa340>)
DEBUG    aiosqlite:core.py:67 operation functools.partial(<built-in method fetchall of sqlite3.Cursor object at 0x11fafa340>) completed
DEBUG    aiosqlite:core.py:62 executing functools.partial(<built-in method close of sqlite3.Cursor object at 0x11fafa340>)
DEBUG    aiosqlite:core.py:67 operation functools.partial(<built-in method close of sqlite3.Cursor object at 0x11fafa340>) completed
DEBUG    aiosqlite:core.py:62 executing functools.partial(<built-in method cursor of sqlite3.Connection object at 0x11e51c5e0>)
DEBUG    aiosqlite:core.py:67 operation functools.partial(<built-in method cursor of sqlite3.Connection object at 0x11e51c5e0>) completed
DEBUG    aiosqlite:core.py:62 executing functools.partial(<built-in method execute of sqlite3.Cursor object at 0x11fb20fc0>, 'SELECT pyramids.id, pyramids.name, pyramids.description, pyramids.created_at, pyramids.updated_at, pyramids.is_deleted \nFROM pyramids \nWHERE pyramids.id = ?', ('934fd35f2f094533ac966308ef6de9bf',))
DEBUG    aiosqlite:core.py:67 operation functools.partial(<built-in method execute of sqlite3.Cursor object at 0x11fb20fc0>, 'SELECT pyramids.id, pyramids.name, pyramids.description, pyramids.created_at, pyramids.updated_at, pyramids.is_deleted \nFROM pyramids \nWHERE pyramids.id = ?', ('934fd35f2f094533ac966308ef6de9bf',)) completed
DEBUG    aiosqlite:core.py:62 executing functools.partial(<built-in method fetchall of sqlite3.Cursor object at 0x11fb20fc0>)
DEBUG    aiosqlite:core.py:67 operation functools.partial(<built-in method fetchall of sqlite3.Cursor object at 0x11fb20fc0>) completed
DEBUG    aiosqlite:core.py:62 executing functools.partial(<built-in method close of sqlite3.Cursor object at 0x11fb20fc0>)
DEBUG    aiosqlite:core.py:67 operation functools.partial(<built-in method close of sqlite3.Cursor object at 0x11fb20fc0>) completed
DEBUG    aiosqlite:core.py:62 executing functools.partial(<built-in method cursor of sqlite3.Connection object at 0x11e51c5e0>)
DEBUG    aiosqlite:core.py:67 operation functools.partial(<built-in method cursor of sqlite3.Connection object at 0x11e51c5e0>) completed
DEBUG    aiosqlite:core.py:62 executing functools.partial(<built-in method execute of sqlite3.Cursor object at 0x11fb202c0>, 'DELETE FROM pyramid_nodes WHERE pyramid_nodes.pyramid_id = ?', ('934fd35f2f094533ac966308ef6de9bf',))
DEBUG    aiosqlite:core.py:67 operation functools.partial(<built-in method execute of sqlite3.Cursor object at 0x11fb202c0>, 'DELETE FROM pyramid_nodes WHERE pyramid_nodes.pyramid_id = ?', ('934fd35f2f094533ac966308ef6de9bf',)) completed
DEBUG    aiosqlite:core.py:62 executing functools.partial(<built-in method close of sqlite3.Cursor object at 0x11fb202c0>)
DEBUG    aiosqlite:core.py:67 operation functools.partial(<built-in method close of sqlite3.Cursor object at 0x11fb202c0>) completed
DEBUG    aiosqlite:core.py:62 executing functools.partial(<built-in method cursor of sqlite3.Connection object at 0x11e51c5e0>)
DEBUG    aiosqlite:core.py:67 operation functools.partial(<built-in method cursor of sqlite3.Connection object at 0x11e51c5e0>) completed
DEBUG    aiosqlite:core.py:62 executing functools.partial(<built-in method execute of sqlite3.Cursor object at 0x11fafab40>, 'INSERT INTO pyramid_nodes (id, pyramid_id, parent_id, name, description, level, sort_order, path, health_score, status, content_count, last_content_at, is_deleted) VALUES (?, ?, ?, ?, ?, ?, ?, ?, ?, ?, ?, ?, ?)', ('a7d53b3d2bee4e0981d87d44f9fa93bd', '934fd35f2f094533ac966308ef6de9bf', None, 'Node A', None, 1, 0, 'A', 100, 'pending', 0, None, 0))
DEBUG    aiosqlite:core.py:67 operation functools.partial(<built-in method execute of sqlite3.Cursor object at 0x11fafab40>, 'INSERT INTO pyramid_nodes (id, pyramid_id, parent_id, name, description, level, sort_order, path, health_score, status, content_count, last_content_at, is_deleted) VALUES (?, ?, ?, ?, ?, ?, ?, ?, ?, ?, ?, ?, ?)', ('a7d53b3d2bee4e0981d87d44f9fa93bd', '934fd35f2f094533ac966308ef6de9bf', None, 'Node A', None, 1, 0, 'A', 100, 'pending', 0, None, 0)) completed
DEBUG    aiosqlite:core.py:62 executing functools.partial(<built-in method close of sqlite3.Cursor object at 0x11fafab40>)
DEBUG    aiosqlite:core.py:67 operation functools.partial(<built-in method close of sqlite3.Cursor object at 0x11fafab40>) completed
DEBUG    aiosqlite:core.py:62 executing functools.partial(<built-in method commit of sqlite3.Connection object at 0x11e51c5e0>)
DEBUG    aiosqlite:core.py:67 operation functools.partial(<built-in method commit of sqlite3.Connection object at 0x11e51c5e0>) completed
DEBUG    aiosqlite:core.py:62 executing functools.partial(<built-in method rollback of sqlite3.Connection object at 0x11e51c5e0>)
DEBUG    aiosqlite:core.py:67 operation functools.partial(<built-in method rollback of sqlite3.Connection object at 0x11e51c5e0>) completed
INFO     app.services.snapshot_service:snapshot_service.py:245 Successfully restored snapshot 98edd97d-3036-458a-a9f9-303fdcc104ce
DEBUG    aiosqlite:core.py:62 executing functools.partial(<built-in method cursor of sqlite3.Connection object at 0x11e51c5e0>)
DEBUG    aiosqlite:core.py:67 operation functools.partial(<built-in method cursor of sqlite3.Connection object at 0x11e51c5e0>) completed
DEBUG    aiosqlite:core.py:62 executing functools.partial(<built-in method execute of sqlite3.Cursor object at 0x11fb208c0>, 'SELECT pyramid_nodes.id, pyramid_nodes.pyramid_id, pyramid_nodes.parent_id, pyramid_nodes.name, pyramid_nodes.description, pyramid_nodes.level, pyramid_nodes.sort_order, pyramid_nodes.path, pyramid_nodes.health_score, pyramid_nodes.status, pyramid_nodes.content_count, pyramid_nodes.last_content_at, pyramid_nodes.is_deleted \nFROM pyramid_nodes \nWHERE pyramid_nodes.id = ?', ('a7d53b3d2bee4e0981d87d44f9fa93bd',))
DEBUG    aiosqlite:core.py:67 operation functools.partial(<built-in method execute of sqlite3.Cursor object at 0x11fb208c0>, 'SELECT pyramid_nodes.id, pyramid_nodes.pyramid_id, pyramid_nodes.parent_id, pyramid_nodes.name, pyramid_nodes.description, pyramid_nodes.level, pyramid_nodes.sort_order, pyramid_nodes.path, pyramid_nodes.health_score, pyramid_nodes.status, pyramid_nodes.content_count, pyramid_nodes.last_content_at, pyramid_nodes.is_deleted \nFROM pyramid_nodes \nWHERE pyramid_nodes.id = ?', ('a7d53b3d2bee4e0981d87d44f9fa93bd',)) completed
DEBUG    aiosqlite:core.py:62 executing functools.partial(<built-in method fetchall of sqlite3.Cursor object at 0x11fb208c0>)
DEBUG    aiosqlite:core.py:67 operation functools.partial(<built-in method fetchall of sqlite3.Cursor object at 0x11fb208c0>) completed
DEBUG    aiosqlite:core.py:62 executing functools.partial(<built-in method close of sqlite3.Cursor object at 0x11fb208c0>)
DEBUG    aiosqlite:core.py:67 operation functools.partial(<built-in method close of sqlite3.Cursor object at 0x11fb208c0>) completed
DEBUG    aiosqlite:core.py:62 executing functools.partial(<built-in method cursor of sqlite3.Connection object at 0x11e51c5e0>)
DEBUG    aiosqlite:core.py:67 operation functools.partial(<built-in method cursor of sqlite3.Connection object at 0x11e51c5e0>) completed
DEBUG    aiosqlite:core.py:62 executing functools.partial(<built-in method execute of sqlite3.Cursor object at 0x11fafbe40>, 'SELECT snapshots.id, snapshots.pyramid_id, snapshots.version, snapshots.data, snapshots.reason, snapshots.created_at \nFROM snapshots \nWHERE snapshots.pyramid_id = ? ORDER BY snapshots.created_at DESC', ('934fd35f2f094533ac966308ef6de9bf',))
DEBUG    aiosqlite:core.py:67 operation functools.partial(<built-in method execute of sqlite3.Cursor object at 0x11fafbe40>, 'SELECT snapshots.id, snapshots.pyramid_id, snapshots.version, snapshots.data, snapshots.reason, snapshots.created_at \nFROM snapshots \nWHERE snapshots.pyramid_id = ? ORDER BY snapshots.created_at DESC', ('934fd35f2f094533ac966308ef6de9bf',)) completed
DEBUG    aiosqlite:core.py:62 executing functools.partial(<built-in method fetchall of sqlite3.Cursor object at 0x11fafbe40>)
DEBUG    aiosqlite:core.py:67 operation functools.partial(<built-in method fetchall of sqlite3.Cursor object at 0x11fafbe40>) completed
DEBUG    aiosqlite:core.py:62 executing functools.partial(<built-in method close of sqlite3.Cursor object at 0x11fafbe40>)
DEBUG    aiosqlite:core.py:67 operation functools.partial(<built-in method close of sqlite3.Cursor object at 0x11fafbe40>) completed
---------------------------- Captured log teardown -----------------------------
DEBUG    aiosqlite:core.py:62 executing functools.partial(<built-in method rollback of sqlite3.Connection object at 0x11e51c5e0>)
DEBUG    aiosqlite:core.py:67 operation functools.partial(<built-in method rollback of sqlite3.Connection object at 0x11e51c5e0>) completed
DEBUG    aiosqlite:core.py:62 executing functools.partial(<built-in method rollback of sqlite3.Connection object at 0x11e51c5e0>)
DEBUG    aiosqlite:core.py:67 operation functools.partial(<built-in method rollback of sqlite3.Connection object at 0x11e51c5e0>) completed
DEBUG    aiosqlite:core.py:62 executing functools.partial(<built-in method cursor of sqlite3.Connection object at 0x11e51c5e0>)
DEBUG    aiosqlite:core.py:67 operation functools.partial(<built-in method cursor of sqlite3.Connection object at 0x11e51c5e0>) completed
DEBUG    aiosqlite:core.py:62 executing functools.partial(<built-in method execute of sqlite3.Cursor object at 0x11fba2cc0>, 'PRAGMA main.table_info("pyramids")', ())
DEBUG    aiosqlite:core.py:67 operation functools.partial(<built-in method execute of sqlite3.Cursor object at 0x11fba2cc0>, 'PRAGMA main.table_info("pyramids")', ()) completed
DEBUG    aiosqlite:core.py:62 executing functools.partial(<built-in method fetchall of sqlite3.Cursor object at 0x11fba2cc0>)
DEBUG    aiosqlite:core.py:67 operation functools.partial(<built-in method fetchall of sqlite3.Cursor object at 0x11fba2cc0>) completed
DEBUG    aiosqlite:core.py:62 executing functools.partial(<built-in method close of sqlite3.Cursor object at 0x11fba2cc0>)
DEBUG    aiosqlite:core.py:67 operation functools.partial(<built-in method close of sqlite3.Cursor object at 0x11fba2cc0>) completed
DEBUG    aiosqlite:core.py:62 executing functools.partial(<built-in method cursor of sqlite3.Connection object at 0x11e51c5e0>)
DEBUG    aiosqlite:core.py:67 operation functools.partial(<built-in method cursor of sqlite3.Connection object at 0x11e51c5e0>) completed
DEBUG    aiosqlite:core.py:62 executing functools.partial(<built-in method execute of sqlite3.Cursor object at 0x11fba2c40>, 'PRAGMA main.table_info("pyramid_nodes")', ())
DEBUG    aiosqlite:core.py:67 operation functools.partial(<built-in method execute of sqlite3.Cursor object at 0x11fba2c40>, 'PRAGMA main.table_info("pyramid_nodes")', ()) completed
DEBUG    aiosqlite:core.py:62 executing functools.partial(<built-in method fetchall of sqlite3.Cursor object at 0x11fba2c40>)
DEBUG    aiosqlite:core.py:67 operation functools.partial(<built-in method fetchall of sqlite3.Cursor object at 0x11fba2c40>) completed
DEBUG    aiosqlite:core.py:62 executing functools.partial(<built-in method close of sqlite3.Cursor object at 0x11fba2c40>)
DEBUG    aiosqlite:core.py:67 operation functools.partial(<built-in method close of sqlite3.Cursor object at 0x11fba2c40>) completed
DEBUG    aiosqlite:core.py:62 executing functools.partial(<built-in method cursor of sqlite3.Connection object at 0x11e51c5e0>)
DEBUG    aiosqlite:core.py:67 operation functools.partial(<built-in method cursor of sqlite3.Connection object at 0x11e51c5e0>) completed
DEBUG    aiosqlite:core.py:62 executing functools.partial(<built-in method execute of sqlite3.Cursor object at 0x11fba2bc0>, 'PRAGMA main.table_info("node_relations")', ())
DEBUG    aiosqlite:core.py:67 operation functools.partial(<built-in method execute of sqlite3.Cursor object at 0x11fba2bc0>, 'PRAGMA main.table_info("node_relations")', ()) completed
DEBUG    aiosqlite:core.py:62 executing functools.partial(<built-in method fetchall of sqlite3.Cursor object at 0x11fba2bc0>)
DEBUG    aiosqlite:core.py:67 operation functools.partial(<built-in method fetchall of sqlite3.Cursor object at 0x11fba2bc0>) completed
DEBUG    aiosqlite:core.py:62 executing functools.partial(<built-in method close of sqlite3.Cursor object at 0x11fba2bc0>)
DEBUG    aiosqlite:core.py:67 operation functools.partial(<built-in method close of sqlite3.Cursor object at 0x11fba2bc0>) completed
DEBUG    aiosqlite:core.py:62 executing functools.partial(<built-in method cursor of sqlite3.Connection object at 0x11e51c5e0>)
DEBUG    aiosqlite:core.py:67 operation functools.partial(<built-in method cursor of sqlite3.Connection object at 0x11e51c5e0>) completed
DEBUG    aiosqlite:core.py:62 executing functools.partial(<built-in method execute of sqlite3.Cursor object at 0x11fba2e40>, 'PRAGMA main.table_info("information_sources")', ())
DEBUG    aiosqlite:core.py:67 operation functools.partial(<built-in method execute of sqlite3.Cursor object at 0x11fba2e40>, 'PRAGMA main.table_info("information_sources")', ()) completed
DEBUG    aiosqlite:core.py:62 executing functools.partial(<built-in method fetchall of sqlite3.Cursor object at 0x11fba2e40>)
DEBUG    aiosqlite:core.py:67 operation functools.partial(<built-in method fetchall of sqlite3.Cursor object at 0x11fba2e40>) completed
DEBUG    aiosqlite:core.py:62 executing functools.partial(<built-in method close of sqlite3.Cursor object at 0x11fba2e40>)
DEBUG    aiosqlite:core.py:67 operation functools.partial(<built-in method close of sqlite3.Cursor object at 0x11fba2e40>) completed
DEBUG    aiosqlite:core.py:62 executing functools.partial(<built-in method cursor of sqlite3.Connection object at 0x11e51c5e0>)
DEBUG    aiosqlite:core.py:67 operation functools.partial(<built-in method cursor of sqlite3.Connection object at 0x11e51c5e0>) completed
DEBUG    aiosqlite:core.py:62 executing functools.partial(<built-in method execute of sqlite3.Cursor object at 0x11fba2f40>, 'PRAGMA main.table_info("source_node_relations")', ())
DEBUG    aiosqlite:core.py:67 operation functools.partial(<built-in method execute of sqlite3.Cursor object at 0x11fba2f40>, 'PRAGMA main.table_info("source_node_relations")', ()) completed
DEBUG    aiosqlite:core.py:62 executing functools.partial(<built-in method fetchall of sqlite3.Cursor object at 0x11fba2f40>)
DEBUG    aiosqlite:core.py:67 operation functools.partial(<built-in method fetchall of sqlite3.Cursor object at 0x11fba2f40>) completed
DEBUG    aiosqlite:core.py:62 executing functools.partial(<built-in method close of sqlite3.Cursor object at 0x11fba2f40>)
DEBUG    aiosqlite:core.py:67 operation functools.partial(<built-in method close of sqlite3.Cursor object at 0x11fba2f40>) completed
DEBUG    aiosqlite:core.py:62 executing functools.partial(<built-in method cursor of sqlite3.Connection object at 0x11e51c5e0>)
DEBUG    aiosqlite:core.py:67 operation functools.partial(<built-in method cursor of sqlite3.Connection object at 0x11e51c5e0>) completed
DEBUG    aiosqlite:core.py:62 executing functools.partial(<built-in method execute of sqlite3.Cursor object at 0x11fba2fc0>, 'PRAGMA main.table_info("content_items")', ())
DEBUG    aiosqlite:core.py:67 operation functools.partial(<built-in method execute of sqlite3.Cursor object at 0x11fba2fc0>, 'PRAGMA main.table_info("content_items")', ()) completed
DEBUG    aiosqlite:core.py:62 executing functools.partial(<built-in method fetchall of sqlite3.Cursor object at 0x11fba2fc0>)
DEBUG    aiosqlite:core.py:67 operation functools.partial(<built-in method fetchall of sqlite3.Cursor object at 0x11fba2fc0>) completed
DEBUG    aiosqlite:core.py:62 executing functools.partial(<built-in method close of sqlite3.Cursor object at 0x11fba2fc0>)
DEBUG    aiosqlite:core.py:67 operation functools.partial(<built-in method close of sqlite3.Cursor object at 0x11fba2fc0>) completed
DEBUG    aiosqlite:core.py:62 executing functools.partial(<built-in method cursor of sqlite3.Connection object at 0x11e51c5e0>)
DEBUG    aiosqlite:core.py:67 operation functools.partial(<built-in method cursor of sqlite3.Connection object at 0x11e51c5e0>) completed
DEBUG    aiosqlite:core.py:62 executing functools.partial(<built-in method execute of sqlite3.Cursor object at 0x11fba3040>, 'PRAGMA main.table_info("content_node_relations")', ())
DEBUG    aiosqlite:core.py:67 operation functools.partial(<built-in method execute of sqlite3.Cursor object at 0x11fba3040>, 'PRAGMA main.table_info("content_node_relations")', ()) completed
DEBUG    aiosqlite:core.py:62 executing functools.partial(<built-in method fetchall of sqlite3.Cursor object at 0x11fba3040>)
DEBUG    aiosqlite:core.py:67 operation functools.partial(<built-in method fetchall of sqlite3.Cursor object at 0x11fba3040>) completed
DEBUG    aiosqlite:core.py:62 executing functools.partial(<built-in method close of sqlite3.Cursor object at 0x11fba3040>)
DEBUG    aiosqlite:core.py:67 operation functools.partial(<built-in method close of sqlite3.Cursor object at 0x11fba3040>) completed
DEBUG    aiosqlite:core.py:62 executing functools.partial(<built-in method cursor of sqlite3.Connection object at 0x11e51c5e0>)
DEBUG    aiosqlite:core.py:67 operation functools.partial(<built-in method cursor of sqlite3.Connection object at 0x11e51c5e0>) completed
DEBUG    aiosqlite:core.py:62 executing functools.partial(<built-in method execute of sqlite3.Cursor object at 0x11fba30c0>, 'PRAGMA main.table_info("validation_results")', ())
DEBUG    aiosqlite:core.py:67 operation functools.partial(<built-in method execute of sqlite3.Cursor object at 0x11fba30c0>, 'PRAGMA main.table_info("validation_results")', ()) completed
DEBUG    aiosqlite:core.py:62 executing functools.partial(<built-in method fetchall of sqlite3.Cursor object at 0x11fba30c0>)
DEBUG    aiosqlite:core.py:67 operation functools.partial(<built-in method fetchall of sqlite3.Cursor object at 0x11fba30c0>) completed
DEBUG    aiosqlite:core.py:62 executing functools.partial(<built-in method close of sqlite3.Cursor object at 0x11fba30c0>)
DEBUG    aiosqlite:core.py:67 operation functools.partial(<built-in method close of sqlite3.Cursor object at 0x11fba30c0>) completed
DEBUG    aiosqlite:core.py:62 executing functools.partial(<built-in method cursor of sqlite3.Connection object at 0x11e51c5e0>)
DEBUG    aiosqlite:core.py:67 operation functools.partial(<built-in method cursor of sqlite3.Connection object at 0x11e51c5e0>) completed
DEBUG    aiosqlite:core.py:62 executing functools.partial(<built-in method execute of sqlite3.Cursor object at 0x11fba3140>, 'PRAGMA main.table_info("crawl_jobs")', ())
DEBUG    aiosqlite:core.py:67 operation functools.partial(<built-in method execute of sqlite3.Cursor object at 0x11fba3140>, 'PRAGMA main.table_info("crawl_jobs")', ()) completed
DEBUG    aiosqlite:core.py:62 executing functools.partial(<built-in method fetchall of sqlite3.Cursor object at 0x11fba3140>)
DEBUG    aiosqlite:core.py:67 operation functools.partial(<built-in method fetchall of sqlite3.Cursor object at 0x11fba3140>) completed
DEBUG    aiosqlite:core.py:62 executing functools.partial(<built-in method close of sqlite3.Cursor object at 0x11fba3140>)
DEBUG    aiosqlite:core.py:67 operation functools.partial(<built-in method close of sqlite3.Cursor object at 0x11fba3140>) completed
DEBUG    aiosqlite:core.py:62 executing functools.partial(<built-in method cursor of sqlite3.Connection object at 0x11e51c5e0>)
DEBUG    aiosqlite:core.py:67 operation functools.partial(<built-in method cursor of sqlite3.Connection object at 0x11e51c5e0>) completed
DEBUG    aiosqlite:core.py:62 executing functools.partial(<built-in method execute of sqlite3.Cursor object at 0x11fba3240>, 'PRAGMA main.table_info("approvals")', ())
DEBUG    aiosqlite:core.py:67 operation functools.partial(<built-in method execute of sqlite3.Cursor object at 0x11fba3240>, 'PRAGMA main.table_info("approvals")', ()) completed
DEBUG    aiosqlite:core.py:62 executing functools.partial(<built-in method fetchall of sqlite3.Cursor object at 0x11fba3240>)
DEBUG    aiosqlite:core.py:67 operation functools.partial(<built-in method fetchall of sqlite3.Cursor object at 0x11fba3240>) completed
DEBUG    aiosqlite:core.py:62 executing functools.partial(<built-in method close of sqlite3.Cursor object at 0x11fba3240>)
DEBUG    aiosqlite:core.py:67 operation functools.partial(<built-in method close of sqlite3.Cursor object at 0x11fba3240>) completed
DEBUG    aiosqlite:core.py:62 executing functools.partial(<built-in method cursor of sqlite3.Connection object at 0x11e51c5e0>)
DEBUG    aiosqlite:core.py:67 operation functools.partial(<built-in method cursor of sqlite3.Connection object at 0x11e51c5e0>) completed
DEBUG    aiosqlite:core.py:62 executing functools.partial(<built-in method execute of sqlite3.Cursor object at 0x11fba2ec0>, 'PRAGMA main.table_info("concepts")', ())
DEBUG    aiosqlite:core.py:67 operation functools.partial(<built-in method execute of sqlite3.Cursor object at 0x11fba2ec0>, 'PRAGMA main.table_info("concepts")', ()) completed
DEBUG    aiosqlite:core.py:62 executing functools.partial(<built-in method fetchall of sqlite3.Cursor object at 0x11fba2ec0>)
DEBUG    aiosqlite:core.py:67 operation functools.partial(<built-in method fetchall of sqlite3.Cursor object at 0x11fba2ec0>) completed
DEBUG    aiosqlite:core.py:62 executing functools.partial(<built-in method close of sqlite3.Cursor object at 0x11fba2ec0>)
DEBUG    aiosqlite:core.py:67 operation functools.partial(<built-in method close of sqlite3.Cursor object at 0x11fba2ec0>) completed
DEBUG    aiosqlite:core.py:62 executing functools.partial(<built-in method cursor of sqlite3.Connection object at 0x11e51c5e0>)
DEBUG    aiosqlite:core.py:67 operation functools.partial(<built-in method cursor of sqlite3.Connection object at 0x11e51c5e0>) completed
DEBUG    aiosqlite:core.py:62 executing functools.partial(<built-in method execute of sqlite3.Cursor object at 0x11fba32c0>, 'PRAGMA main.table_info("concept_synonyms")', ())
DEBUG    aiosqlite:core.py:67 operation functools.partial(<built-in method execute of sqlite3.Cursor object at 0x11fba32c0>, 'PRAGMA main.table_info("concept_synonyms")', ()) completed
DEBUG    aiosqlite:core.py:62 executing functools.partial(<built-in method fetchall of sqlite3.Cursor object at 0x11fba32c0>)
DEBUG    aiosqlite:core.py:67 operation functools.partial(<built-in method fetchall of sqlite3.Cursor object at 0x11fba32c0>) completed
DEBUG    aiosqlite:core.py:62 executing functools.partial(<built-in method close of sqlite3.Cursor object at 0x11fba32c0>)
DEBUG    aiosqlite:core.py:67 operation functools.partial(<built-in method close of sqlite3.Cursor object at 0x11fba32c0>) completed
DEBUG    aiosqlite:core.py:62 executing functools.partial(<built-in method cursor of sqlite3.Connection object at 0x11e51c5e0>)
DEBUG    aiosqlite:core.py:67 operation functools.partial(<built-in method cursor of sqlite3.Connection object at 0x11e51c5e0>) completed
DEBUG    aiosqlite:core.py:62 executing functools.partial(<built-in method execute of sqlite3.Cursor object at 0x11fba33c0>, 'PRAGMA main.table_info("snapshots")', ())
DEBUG    aiosqlite:core.py:67 operation functools.partial(<built-in method execute of sqlite3.Cursor object at 0x11fba33c0>, 'PRAGMA main.table_info("snapshots")', ()) completed
DEBUG    aiosqlite:core.py:62 executing functools.partial(<built-in method fetchall of sqlite3.Cursor object at 0x11fba33c0>)
DEBUG    aiosqlite:core.py:67 operation functools.partial(<built-in method fetchall of sqlite3.Cursor object at 0x11fba33c0>) completed
DEBUG    aiosqlite:core.py:62 executing functools.partial(<built-in method close of sqlite3.Cursor object at 0x11fba33c0>)
DEBUG    aiosqlite:core.py:67 operation functools.partial(<built-in method close of sqlite3.Cursor object at 0x11fba33c0>) completed
DEBUG    aiosqlite:core.py:62 executing functools.partial(<built-in method cursor of sqlite3.Connection object at 0x11e51c5e0>)
DEBUG    aiosqlite:core.py:67 operation functools.partial(<built-in method cursor of sqlite3.Connection object at 0x11e51c5e0>) completed
DEBUG    aiosqlite:core.py:62 executing functools.partial(<built-in method execute of sqlite3.Cursor object at 0x11fba3440>, 'PRAGMA main.table_info("contributions")', ())
DEBUG    aiosqlite:core.py:67 operation functools.partial(<built-in method execute of sqlite3.Cursor object at 0x11fba3440>, 'PRAGMA main.table_info("contributions")', ()) completed
DEBUG    aiosqlite:core.py:62 executing functools.partial(<built-in method fetchall of sqlite3.Cursor object at 0x11fba3440>)
DEBUG    aiosqlite:core.py:67 operation functools.partial(<built-in method fetchall of sqlite3.Cursor object at 0x11fba3440>) completed
DEBUG    aiosqlite:core.py:62 executing functools.partial(<built-in method close of sqlite3.Cursor object at 0x11fba3440>)
DEBUG    aiosqlite:core.py:67 operation functools.partial(<built-in method close of sqlite3.Cursor object at 0x11fba3440>) completed
DEBUG    aiosqlite:core.py:62 executing functools.partial(<built-in method cursor of sqlite3.Connection object at 0x11e51c5e0>)
DEBUG    aiosqlite:core.py:67 operation functools.partial(<built-in method cursor of sqlite3.Connection object at 0x11e51c5e0>) completed
DEBUG    aiosqlite:core.py:62 executing functools.partial(<built-in method execute of sqlite3.Cursor object at 0x11fba3340>, 'PRAGMA main.table_info("synonym_mappings")', ())
DEBUG    aiosqlite:core.py:67 operation functools.partial(<built-in method execute of sqlite3.Cursor object at 0x11fba3340>, 'PRAGMA main.table_info("synonym_mappings")', ()) completed
DEBUG    aiosqlite:core.py:62 executing functools.partial(<built-in method fetchall of sqlite3.Cursor object at 0x11fba3340>)
DEBUG    aiosqlite:core.py:67 operation functools.partial(<built-in method fetchall of sqlite3.Cursor object at 0x11fba3340>) completed
DEBUG    aiosqlite:core.py:62 executing functools.partial(<built-in method close of sqlite3.Cursor object at 0x11fba3340>)
DEBUG    aiosqlite:core.py:67 operation functools.partial(<built-in method close of sqlite3.Cursor object at 0x11fba3340>) completed
DEBUG    aiosqlite:core.py:62 executing functools.partial(<built-in method cursor of sqlite3.Connection object at 0x11e51c5e0>)
DEBUG    aiosqlite:core.py:67 operation functools.partial(<built-in method cursor of sqlite3.Connection object at 0x11e51c5e0>) completed
DEBUG    aiosqlite:core.py:62 executing functools.partial(<built-in method execute of sqlite3.Cursor object at 0x11fba34c0>, 'PRAGMA main.table_info("batch_tasks")', ())
DEBUG    aiosqlite:core.py:67 operation functools.partial(<built-in method execute of sqlite3.Cursor object at 0x11fba34c0>, 'PRAGMA main.table_info("batch_tasks")', ()) completed
DEBUG    aiosqlite:core.py:62 executing functools.partial(<built-in method fetchall of sqlite3.Cursor object at 0x11fba34c0>)
DEBUG    aiosqlite:core.py:67 operation functools.partial(<built-in method fetchall of sqlite3.Cursor object at 0x11fba34c0>) completed
DEBUG    aiosqlite:core.py:62 executing functools.partial(<built-in method close of sqlite3.Cursor object at 0x11fba34c0>)
DEBUG    aiosqlite:core.py:67 operation functools.partial(<built-in method close of sqlite3.Cursor object at 0x11fba34c0>) completed
DEBUG    aiosqlite:core.py:62 executing functools.partial(<built-in method cursor of sqlite3.Connection object at 0x11e51c5e0>)
DEBUG    aiosqlite:core.py:67 operation functools.partial(<built-in method cursor of sqlite3.Connection object at 0x11e51c5e0>) completed
DEBUG    aiosqlite:core.py:62 executing functools.partial(<built-in method execute of sqlite3.Cursor object at 0x11fba3540>, 'PRAGMA main.table_info("domain_whitelists")', ())
DEBUG    aiosqlite:core.py:67 operation functools.partial(<built-in method execute of sqlite3.Cursor object at 0x11fba3540>, 'PRAGMA main.table_info("domain_whitelists")', ()) completed
DEBUG    aiosqlite:core.py:62 executing functools.partial(<built-in method fetchall of sqlite3.Cursor object at 0x11fba3540>)
DEBUG    aiosqlite:core.py:67 operation functools.partial(<built-in method fetchall of sqlite3.Cursor object at 0x11fba3540>) completed
DEBUG    aiosqlite:core.py:62 executing functools.partial(<built-in method close of sqlite3.Cursor object at 0x11fba3540>)
DEBUG    aiosqlite:core.py:67 operation functools.partial(<built-in method close of sqlite3.Cursor object at 0x11fba3540>) completed
DEBUG    aiosqlite:core.py:62 executing functools.partial(<built-in method cursor of sqlite3.Connection object at 0x11e51c5e0>)
DEBUG    aiosqlite:core.py:67 operation functools.partial(<built-in method cursor of sqlite3.Connection object at 0x11e51c5e0>) completed
DEBUG    aiosqlite:core.py:62 executing functools.partial(<built-in method execute of sqlite3.Cursor object at 0x11fba35c0>, 'PRAGMA main.table_info("discovered_domains")', ())
DEBUG    aiosqlite:core.py:67 operation functools.partial(<built-in method execute of sqlite3.Cursor object at 0x11fba35c0>, 'PRAGMA main.table_info("discovered_domains")', ()) completed
DEBUG    aiosqlite:core.py:62 executing functools.partial(<built-in method fetchall of sqlite3.Cursor object at 0x11fba35c0>)
DEBUG    aiosqlite:core.py:67 operation functools.partial(<built-in method fetchall of sqlite3.Cursor object at 0x11fba35c0>) completed
DEBUG    aiosqlite:core.py:62 executing functools.partial(<built-in method close of sqlite3.Cursor object at 0x11fba35c0>)
DEBUG    aiosqlite:core.py:67 operation functools.partial(<built-in method close of sqlite3.Cursor object at 0x11fba35c0>) completed
DEBUG    aiosqlite:core.py:62 executing functools.partial(<built-in method cursor of sqlite3.Connection object at 0x11e51c5e0>)
DEBUG    aiosqlite:core.py:67 operation functools.partial(<built-in method cursor of sqlite3.Connection object at 0x11e51c5e0>) completed
DEBUG    aiosqlite:core.py:62 executing functools.partial(<built-in method execute of sqlite3.Cursor object at 0x11fba3640>, 'PRAGMA main.table_info("hotspots")', ())
DEBUG    aiosqlite:core.py:67 operation functools.partial(<built-in method execute of sqlite3.Cursor object at 0x11fba3640>, 'PRAGMA main.table_info("hotspots")', ()) completed
DEBUG    aiosqlite:core.py:62 executing functools.partial(<built-in method fetchall of sqlite3.Cursor object at 0x11fba3640>)
DEBUG    aiosqlite:core.py:67 operation functools.partial(<built-in method fetchall of sqlite3.Cursor object at 0x11fba3640>) completed
DEBUG    aiosqlite:core.py:62 executing functools.partial(<built-in method close of sqlite3.Cursor object at 0x11fba3640>)
DEBUG    aiosqlite:core.py:67 operation functools.partial(<built-in method close of sqlite3.Cursor object at 0x11fba3640>) completed
DEBUG    aiosqlite:core.py:62 executing functools.partial(<built-in method cursor of sqlite3.Connection object at 0x11e51c5e0>)
DEBUG    aiosqlite:core.py:67 operation functools.partial(<built-in method cursor of sqlite3.Connection object at 0x11e51c5e0>) completed
DEBUG    aiosqlite:core.py:62 executing functools.partial(<built-in method execute of sqlite3.Cursor object at 0x11fba2d40>, 'PRAGMA main.table_info("hotspot_events")', ())
DEBUG    aiosqlite:core.py:67 operation functools.partial(<built-in method execute of sqlite3.Cursor object at 0x11fba2d40>, 'PRAGMA main.table_info("hotspot_events")', ()) completed
DEBUG    aiosqlite:core.py:62 executing functools.partial(<built-in method fetchall of sqlite3.Cursor object at 0x11fba2d40>)
DEBUG    aiosqlite:core.py:67 operation functools.partial(<built-in method fetchall of sqlite3.Cursor object at 0x11fba2d40>) completed
DEBUG    aiosqlite:core.py:62 executing functools.partial(<built-in method close of sqlite3.Cursor object at 0x11fba2d40>)
DEBUG    aiosqlite:core.py:67 operation functools.partial(<built-in method close of sqlite3.Cursor object at 0x11fba2d40>) completed
DEBUG    aiosqlite:core.py:62 executing functools.partial(<built-in method cursor of sqlite3.Connection object at 0x11e51c5e0>)
DEBUG    aiosqlite:core.py:67 operation functools.partial(<built-in method cursor of sqlite3.Connection object at 0x11e51c5e0>) completed
DEBUG    aiosqlite:core.py:62 executing functools.partial(<built-in method execute of sqlite3.Cursor object at 0x11fba3740>, 'PRAGMA main.table_info("concept_definitions")', ())
DEBUG    aiosqlite:core.py:67 operation functools.partial(<built-in method execute of sqlite3.Cursor object at 0x11fba3740>, 'PRAGMA main.table_info("concept_definitions")', ()) completed
DEBUG    aiosqlite:core.py:62 executing functools.partial(<built-in method fetchall of sqlite3.Cursor object at 0x11fba3740>)
DEBUG    aiosqlite:core.py:67 operation functools.partial(<built-in method fetchall of sqlite3.Cursor object at 0x11fba3740>) completed
DEBUG    aiosqlite:core.py:62 executing functools.partial(<built-in method close of sqlite3.Cursor object at 0x11fba3740>)
DEBUG    aiosqlite:core.py:67 operation functools.partial(<built-in method close of sqlite3.Cursor object at 0x11fba3740>) completed
DEBUG    aiosqlite:core.py:62 executing functools.partial(<built-in method cursor of sqlite3.Connection object at 0x11e51c5e0>)
DEBUG    aiosqlite:core.py:67 operation functools.partial(<built-in method cursor of sqlite3.Connection object at 0x11e51c5e0>) completed
DEBUG    aiosqlite:core.py:62 executing functools.partial(<built-in method execute of sqlite3.Cursor object at 0x11fba36c0>, 'PRAGMA main.table_info("health_reports")', ())
DEBUG    aiosqlite:core.py:67 operation functools.partial(<built-in method execute of sqlite3.Cursor object at 0x11fba36c0>, 'PRAGMA main.table_info("health_reports")', ()) completed
DEBUG    aiosqlite:core.py:62 executing functools.partial(<built-in method fetchall of sqlite3.Cursor object at 0x11fba36c0>)
DEBUG    aiosqlite:core.py:67 operation functools.partial(<built-in method fetchall of sqlite3.Cursor object at 0x11fba36c0>) completed
DEBUG    aiosqlite:core.py:62 executing functools.partial(<built-in method close of sqlite3.Cursor object at 0x11fba36c0>)
DEBUG    aiosqlite:core.py:67 operation functools.partial(<built-in method close of sqlite3.Cursor object at 0x11fba36c0>) completed
DEBUG    aiosqlite:core.py:62 executing functools.partial(<built-in method cursor of sqlite3.Connection object at 0x11e51c5e0>)
DEBUG    aiosqlite:core.py:67 operation functools.partial(<built-in method cursor of sqlite3.Connection object at 0x11e51c5e0>) completed
DEBUG    aiosqlite:core.py:62 executing functools.partial(<built-in method execute of sqlite3.Cursor object at 0x11fba37c0>, 'PRAGMA main.table_info("strategy_adjustments")', ())
DEBUG    aiosqlite:core.py:67 operation functools.partial(<built-in method execute of sqlite3.Cursor object at 0x11fba37c0>, 'PRAGMA main.table_info("strategy_adjustments")', ()) completed
DEBUG    aiosqlite:core.py:62 executing functools.partial(<built-in method fetchall of sqlite3.Cursor object at 0x11fba37c0>)
DEBUG    aiosqlite:core.py:67 operation functools.partial(<built-in method fetchall of sqlite3.Cursor object at 0x11fba37c0>) completed
DEBUG    aiosqlite:core.py:62 executing functools.partial(<built-in method close of sqlite3.Cursor object at 0x11fba37c0>)
DEBUG    aiosqlite:core.py:67 operation functools.partial(<built-in method close of sqlite3.Cursor object at 0x11fba37c0>) completed
DEBUG    aiosqlite:core.py:62 executing functools.partial(<built-in method cursor of sqlite3.Connection object at 0x11e51c5e0>)
DEBUG    aiosqlite:core.py:67 operation functools.partial(<built-in method cursor of sqlite3.Connection object at 0x11e51c5e0>) completed
DEBUG    aiosqlite:core.py:62 executing functools.partial(<built-in method execute of sqlite3.Cursor object at 0x11fba3840>, 'PRAGMA main.table_info("scheduled_tasks")', ())
DEBUG    aiosqlite:core.py:67 operation functools.partial(<built-in method execute of sqlite3.Cursor object at 0x11fba3840>, 'PRAGMA main.table_info("scheduled_tasks")', ()) completed
DEBUG    aiosqlite:core.py:62 executing functools.partial(<built-in method fetchall of sqlite3.Cursor object at 0x11fba3840>)
DEBUG    aiosqlite:core.py:67 operation functools.partial(<built-in method fetchall of sqlite3.Cursor object at 0x11fba3840>) completed
DEBUG    aiosqlite:core.py:62 executing functools.partial(<built-in method close of sqlite3.Cursor object at 0x11fba3840>)
DEBUG    aiosqlite:core.py:67 operation functools.partial(<built-in method close of sqlite3.Cursor object at 0x11fba3840>) completed
DEBUG    aiosqlite:core.py:62 executing functools.partial(<built-in method cursor of sqlite3.Connection object at 0x11e51c5e0>)
DEBUG    aiosqlite:core.py:67 operation functools.partial(<built-in method cursor of sqlite3.Connection object at 0x11e51c5e0>) completed
DEBUG    aiosqlite:core.py:62 executing functools.partial(<built-in method execute of sqlite3.Cursor object at 0x11fba38c0>, 'PRAGMA main.table_info("task_executions")', ())
DEBUG    aiosqlite:core.py:67 operation functools.partial(<built-in method execute of sqlite3.Cursor object at 0x11fba38c0>, 'PRAGMA main.table_info("task_executions")', ()) completed
DEBUG    aiosqlite:core.py:62 executing functools.partial(<built-in method fetchall of sqlite3.Cursor object at 0x11fba38c0>)
DEBUG    aiosqlite:core.py:67 operation functools.partial(<built-in method fetchall of sqlite3.Cursor object at 0x11fba38c0>) completed
DEBUG    aiosqlite:core.py:62 executing functools.partial(<built-in method close of sqlite3.Cursor object at 0x11fba38c0>)
DEBUG    aiosqlite:core.py:67 operation functools.partial(<built-in method close of sqlite3.Cursor object at 0x11fba38c0>) completed
DEBUG    aiosqlite:core.py:62 executing functools.partial(<built-in method cursor of sqlite3.Connection object at 0x11e51c5e0>)
DEBUG    aiosqlite:core.py:67 operation functools.partial(<built-in method cursor of sqlite3.Connection object at 0x11e51c5e0>) completed
DEBUG    aiosqlite:core.py:62 executing functools.partial(<built-in method execute of sqlite3.Cursor object at 0x11fba3940>, 'PRAGMA main.table_info("config_history")', ())
DEBUG    aiosqlite:core.py:67 operation functools.partial(<built-in method execute of sqlite3.Cursor object at 0x11fba3940>, 'PRAGMA main.table_info("config_history")', ()) completed
DEBUG    aiosqlite:core.py:62 executing functools.partial(<built-in method fetchall of sqlite3.Cursor object at 0x11fba3940>)
DEBUG    aiosqlite:core.py:67 operation functools.partial(<built-in method fetchall of sqlite3.Cursor object at 0x11fba3940>) completed
DEBUG    aiosqlite:core.py:62 executing functools.partial(<built-in method close of sqlite3.Cursor object at 0x11fba3940>)
DEBUG    aiosqlite:core.py:67 operation functools.partial(<built-in method close of sqlite3.Cursor object at 0x11fba3940>) completed
DEBUG    aiosqlite:core.py:62 executing functools.partial(<built-in method cursor of sqlite3.Connection object at 0x11e51c5e0>)
DEBUG    aiosqlite:core.py:67 operation functools.partial(<built-in method cursor of sqlite3.Connection object at 0x11e51c5e0>) completed
DEBUG    aiosqlite:core.py:62 executing functools.partial(<built-in method execute of sqlite3.Cursor object at 0x11fba3a40>, 'PRAGMA main.table_info("prompt_templates")', ())
DEBUG    aiosqlite:core.py:67 operation functools.partial(<built-in method execute of sqlite3.Cursor object at 0x11fba3a40>, 'PRAGMA main.table_info("prompt_templates")', ()) completed
DEBUG    aiosqlite:core.py:62 executing functools.partial(<built-in method fetchall of sqlite3.Cursor object at 0x11fba3a40>)
DEBUG    aiosqlite:core.py:67 operation functools.partial(<built-in method fetchall of sqlite3.Cursor object at 0x11fba3a40>) completed
DEBUG    aiosqlite:core.py:62 executing functools.partial(<built-in method close of sqlite3.Cursor object at 0x11fba3a40>)
DEBUG    aiosqlite:core.py:67 operation functools.partial(<built-in method close of sqlite3.Cursor object at 0x11fba3a40>) completed
DEBUG    aiosqlite:core.py:62 executing functools.partial(<built-in method cursor of sqlite3.Connection object at 0x11e51c5e0>)
DEBUG    aiosqlite:core.py:67 operation functools.partial(<built-in method cursor of sqlite3.Connection object at 0x11e51c5e0>) completed
DEBUG    aiosqlite:core.py:62 executing functools.partial(<built-in method execute of sqlite3.Cursor object at 0x11fba3ac0>, 'PRAGMA main.table_info("prompt_versions")', ())
DEBUG    aiosqlite:core.py:67 operation functools.partial(<built-in method execute of sqlite3.Cursor object at 0x11fba3ac0>, 'PRAGMA main.table_info("prompt_versions")', ()) completed
DEBUG    aiosqlite:core.py:62 executing functools.partial(<built-in method fetchall of sqlite3.Cursor object at 0x11fba3ac0>)
DEBUG    aiosqlite:core.py:67 operation functools.partial(<built-in method fetchall of sqlite3.Cursor object at 0x11fba3ac0>) completed
DEBUG    aiosqlite:core.py:62 executing functools.partial(<built-in method close of sqlite3.Cursor object at 0x11fba3ac0>)
DEBUG    aiosqlite:core.py:67 operation functools.partial(<built-in method close of sqlite3.Cursor object at 0x11fba3ac0>) completed
DEBUG    aiosqlite:core.py:62 executing functools.partial(<built-in method cursor of sqlite3.Connection object at 0x11e51c5e0>)
DEBUG    aiosqlite:core.py:67 operation functools.partial(<built-in method cursor of sqlite3.Connection object at 0x11e51c5e0>) completed
DEBUG    aiosqlite:core.py:62 executing functools.partial(<built-in method execute of sqlite3.Cursor object at 0x11fba39c0>, 'PRAGMA main.table_info("ab_tests")', ())
DEBUG    aiosqlite:core.py:67 operation functools.partial(<built-in method execute of sqlite3.Cursor object at 0x11fba39c0>, 'PRAGMA main.table_info("ab_tests")', ()) completed
DEBUG    aiosqlite:core.py:62 executing functools.partial(<built-in method fetchall of sqlite3.Cursor object at 0x11fba39c0>)
DEBUG    aiosqlite:core.py:67 operation functools.partial(<built-in method fetchall of sqlite3.Cursor object at 0x11fba39c0>) completed
DEBUG    aiosqlite:core.py:62 executing functools.partial(<built-in method close of sqlite3.Cursor object at 0x11fba39c0>)
DEBUG    aiosqlite:core.py:67 operation functools.partial(<built-in method close of sqlite3.Cursor object at 0x11fba39c0>) completed
DEBUG    aiosqlite:core.py:62 executing functools.partial(<built-in method cursor of sqlite3.Connection object at 0x11e51c5e0>)
DEBUG    aiosqlite:core.py:67 operation functools.partial(<built-in method cursor of sqlite3.Connection object at 0x11e51c5e0>) completed
DEBUG    aiosqlite:core.py:62 executing functools.partial(<built-in method execute of sqlite3.Cursor object at 0x11fba3b40>, 'PRAGMA main.table_info("notifications")', ())
DEBUG    aiosqlite:core.py:67 operation functools.partial(<built-in method execute of sqlite3.Cursor object at 0x11fba3b40>, 'PRAGMA main.table_info("notifications")', ()) completed
DEBUG    aiosqlite:core.py:62 executing functools.partial(<built-in method fetchall of sqlite3.Cursor object at 0x11fba3b40>)
DEBUG    aiosqlite:core.py:67 operation functools.partial(<built-in method fetchall of sqlite3.Cursor object at 0x11fba3b40>) completed
DEBUG    aiosqlite:core.py:62 executing functools.partial(<built-in method close of sqlite3.Cursor object at 0x11fba3b40>)
DEBUG    aiosqlite:core.py:67 operation functools.partial(<built-in method close of sqlite3.Cursor object at 0x11fba3b40>) completed
DEBUG    aiosqlite:core.py:62 executing functools.partial(<built-in method cursor of sqlite3.Connection object at 0x11e51c5e0>)
DEBUG    aiosqlite:core.py:67 operation functools.partial(<built-in method cursor of sqlite3.Connection object at 0x11e51c5e0>) completed
DEBUG    aiosqlite:core.py:62 executing functools.partial(<built-in method execute of sqlite3.Cursor object at 0x11fba3bc0>, 'PRAGMA main.table_info("notification_preferences")', ())
DEBUG    aiosqlite:core.py:67 operation functools.partial(<built-in method execute of sqlite3.Cursor object at 0x11fba3bc0>, 'PRAGMA main.table_info("notification_preferences")', ()) completed
DEBUG    aiosqlite:core.py:62 executing functools.partial(<built-in method fetchall of sqlite3.Cursor object at 0x11fba3bc0>)
DEBUG    aiosqlite:core.py:67 operation functools.partial(<built-in method fetchall of sqlite3.Cursor object at 0x11fba3bc0>) completed
DEBUG    aiosqlite:core.py:62 executing functools.partial(<built-in method close of sqlite3.Cursor object at 0x11fba3bc0>)
DEBUG    aiosqlite:core.py:67 operation functools.partial(<built-in method close of sqlite3.Cursor object at 0x11fba3bc0>) completed
DEBUG    aiosqlite:core.py:62 executing functools.partial(<built-in method cursor of sqlite3.Connection object at 0x11e51c5e0>)
DEBUG    aiosqlite:core.py:67 operation functools.partial(<built-in method cursor of sqlite3.Connection object at 0x11e51c5e0>) completed
DEBUG    aiosqlite:core.py:62 executing functools.partial(<built-in method execute of sqlite3.Cursor object at 0x11fba31c0>, 'PRAGMA main.table_info("api_metrics")', ())
DEBUG    aiosqlite:core.py:67 operation functools.partial(<built-in method execute of sqlite3.Cursor object at 0x11fba31c0>, 'PRAGMA main.table_info("api_metrics")', ()) completed
DEBUG    aiosqlite:core.py:62 executing functools.partial(<built-in method fetchall of sqlite3.Cursor object at 0x11fba31c0>)
DEBUG    aiosqlite:core.py:67 operation functools.partial(<built-in method fetchall of sqlite3.Cursor object at 0x11fba31c0>) completed
DEBUG    aiosqlite:core.py:62 executing functools.partial(<built-in method close of sqlite3.Cursor object at 0x11fba31c0>)
DEBUG    aiosqlite:core.py:67 operation functools.partial(<built-in method close of sqlite3.Cursor object at 0x11fba31c0>) completed
DEBUG    aiosqlite:core.py:62 executing functools.partial(<built-in method cursor of sqlite3.Connection object at 0x11e51c5e0>)
DEBUG    aiosqlite:core.py:67 operation functools.partial(<built-in method cursor of sqlite3.Connection object at 0x11e51c5e0>) completed
DEBUG    aiosqlite:core.py:62 executing functools.partial(<built-in method execute of sqlite3.Cursor object at 0x11fba3cc0>, 'PRAGMA main.table_info("error_records")', ())
DEBUG    aiosqlite:core.py:67 operation functools.partial(<built-in method execute of sqlite3.Cursor object at 0x11fba3cc0>, 'PRAGMA main.table_info("error_records")', ()) completed
DEBUG    aiosqlite:core.py:62 executing functools.partial(<built-in method fetchall of sqlite3.Cursor object at 0x11fba3cc0>)
DEBUG    aiosqlite:core.py:67 operation functools.partial(<built-in method fetchall of sqlite3.Cursor object at 0x11fba3cc0>) completed
DEBUG    aiosqlite:core.py:62 executing functools.partial(<built-in method close of sqlite3.Cursor object at 0x11fba3cc0>)
DEBUG    aiosqlite:core.py:67 operation functools.partial(<built-in method close of sqlite3.Cursor object at 0x11fba3cc0>) completed
DEBUG    aiosqlite:core.py:62 executing functools.partial(<built-in method cursor of sqlite3.Connection object at 0x11e51c5e0>)
DEBUG    aiosqlite:core.py:67 operation functools.partial(<built-in method cursor of sqlite3.Connection object at 0x11e51c5e0>) completed
DEBUG    aiosqlite:core.py:62 executing functools.partial(<built-in method execute of sqlite3.Cursor object at 0x11faa4e40>, '\nDROP TABLE pyramids', ())
DEBUG    aiosqlite:core.py:67 operation functools.partial(<built-in method execute of sqlite3.Cursor object at 0x11faa4e40>, '\nDROP TABLE pyramids', ()) completed
DEBUG    aiosqlite:core.py:62 executing functools.partial(<built-in method close of sqlite3.Cursor object at 0x11faa4e40>)
DEBUG    aiosqlite:core.py:67 operation functools.partial(<built-in method close of sqlite3.Cursor object at 0x11faa4e40>) completed
DEBUG    aiosqlite:core.py:62 executing functools.partial(<built-in method cursor of sqlite3.Connection object at 0x11e51c5e0>)
DEBUG    aiosqlite:core.py:67 operation functools.partial(<built-in method cursor of sqlite3.Connection object at 0x11e51c5e0>) completed
DEBUG    aiosqlite:core.py:62 executing functools.partial(<built-in method execute of sqlite3.Cursor object at 0x11fba3d40>, '\nDROP TABLE pyramid_nodes', ())
DEBUG    aiosqlite:core.py:67 operation functools.partial(<built-in method execute of sqlite3.Cursor object at 0x11fba3d40>, '\nDROP TABLE pyramid_nodes', ()) completed
DEBUG    aiosqlite:core.py:62 executing functools.partial(<built-in method close of sqlite3.Cursor object at 0x11fba3d40>)
DEBUG    aiosqlite:core.py:67 operation functools.partial(<built-in method close of sqlite3.Cursor object at 0x11fba3d40>) completed
DEBUG    aiosqlite:core.py:62 executing functools.partial(<built-in method cursor of sqlite3.Connection object at 0x11e51c5e0>)
DEBUG    aiosqlite:core.py:67 operation functools.partial(<built-in method cursor of sqlite3.Connection object at 0x11e51c5e0>) completed
DEBUG    aiosqlite:core.py:62 executing functools.partial(<built-in method execute of sqlite3.Cursor object at 0x11fba3dc0>, '\nDROP TABLE node_relations', ())
DEBUG    aiosqlite:core.py:67 operation functools.partial(<built-in method execute of sqlite3.Cursor object at 0x11fba3dc0>, '\nDROP TABLE node_relations', ()) completed
DEBUG    aiosqlite:core.py:62 executing functools.partial(<built-in method close of sqlite3.Cursor object at 0x11fba3dc0>)
DEBUG    aiosqlite:core.py:67 operation functools.partial(<built-in method close of sqlite3.Cursor object at 0x11fba3dc0>) completed
DEBUG    aiosqlite:core.py:62 executing functools.partial(<built-in method cursor of sqlite3.Connection object at 0x11e51c5e0>)
DEBUG    aiosqlite:core.py:67 operation functools.partial(<built-in method cursor of sqlite3.Connection object at 0x11e51c5e0>) completed
DEBUG    aiosqlite:core.py:62 executing functools.partial(<built-in method execute of sqlite3.Cursor object at 0x11fba2940>, '\nDROP TABLE information_sources', ())
DEBUG    aiosqlite:core.py:67 operation functools.partial(<built-in method execute of sqlite3.Cursor object at 0x11fba2940>, '\nDROP TABLE information_sources', ()) completed
DEBUG    aiosqlite:core.py:62 executing functools.partial(<built-in method close of sqlite3.Cursor object at 0x11fba2940>)
DEBUG    aiosqlite:core.py:67 operation functools.partial(<built-in method close of sqlite3.Cursor object at 0x11fba2940>) completed
DEBUG    aiosqlite:core.py:62 executing functools.partial(<built-in method cursor of sqlite3.Connection object at 0x11e51c5e0>)
DEBUG    aiosqlite:core.py:67 operation functools.partial(<built-in method cursor of sqlite3.Connection object at 0x11e51c5e0>) completed
DEBUG    aiosqlite:core.py:62 executing functools.partial(<built-in method execute of sqlite3.Cursor object at 0x11fba3c40>, '\nDROP TABLE source_node_relations', ())
DEBUG    aiosqlite:core.py:67 operation functools.partial(<built-in method execute of sqlite3.Cursor object at 0x11fba3c40>, '\nDROP TABLE source_node_relations', ()) completed
DEBUG    aiosqlite:core.py:62 executing functools.partial(<built-in method close of sqlite3.Cursor object at 0x11fba3c40>)
DEBUG    aiosqlite:core.py:67 operation functools.partial(<built-in method close of sqlite3.Cursor object at 0x11fba3c40>) completed
DEBUG    aiosqlite:core.py:62 executing functools.partial(<built-in method cursor of sqlite3.Connection object at 0x11e51c5e0>)
DEBUG    aiosqlite:core.py:67 operation functools.partial(<built-in method cursor of sqlite3.Connection object at 0x11e51c5e0>) completed
DEBUG    aiosqlite:core.py:62 executing functools.partial(<built-in method execute of sqlite3.Cursor object at 0x11fba2740>, '\nDROP TABLE content_items', ())
DEBUG    aiosqlite:core.py:67 operation functools.partial(<built-in method execute of sqlite3.Cursor object at 0x11fba2740>, '\nDROP TABLE content_items', ()) completed
DEBUG    aiosqlite:core.py:62 executing functools.partial(<built-in method close of sqlite3.Cursor object at 0x11fba2740>)
DEBUG    aiosqlite:core.py:67 operation functools.partial(<built-in method close of sqlite3.Cursor object at 0x11fba2740>) completed
DEBUG    aiosqlite:core.py:62 executing functools.partial(<built-in method cursor of sqlite3.Connection object at 0x11e51c5e0>)
DEBUG    aiosqlite:core.py:67 operation functools.partial(<built-in method cursor of sqlite3.Connection object at 0x11e51c5e0>) completed
DEBUG    aiosqlite:core.py:62 executing functools.partial(<built-in method execute of sqlite3.Cursor object at 0x11fba3e40>, '\nDROP TABLE content_node_relations', ())
DEBUG    aiosqlite:core.py:67 operation functools.partial(<built-in method execute of sqlite3.Cursor object at 0x11fba3e40>, '\nDROP TABLE content_node_relations', ()) completed
DEBUG    aiosqlite:core.py:62 executing functools.partial(<built-in method close of sqlite3.Cursor object at 0x11fba3e40>)
DEBUG    aiosqlite:core.py:67 operation functools.partial(<built-in method close of sqlite3.Cursor object at 0x11fba3e40>) completed
DEBUG    aiosqlite:core.py:62 executing functools.partial(<built-in method cursor of sqlite3.Connection object at 0x11e51c5e0>)
DEBUG    aiosqlite:core.py:67 operation functools.partial(<built-in method cursor of sqlite3.Connection object at 0x11e51c5e0>) completed
DEBUG    aiosqlite:core.py:62 executing functools.partial(<built-in method execute of sqlite3.Cursor object at 0x11fba3ec0>, '\nDROP TABLE validation_results', ())
DEBUG    aiosqlite:core.py:67 operation functools.partial(<built-in method execute of sqlite3.Cursor object at 0x11fba3ec0>, '\nDROP TABLE validation_results', ()) completed
DEBUG    aiosqlite:core.py:62 executing functools.partial(<built-in method close of sqlite3.Cursor object at 0x11fba3ec0>)
DEBUG    aiosqlite:core.py:67 operation functools.partial(<built-in method close of sqlite3.Cursor object at 0x11fba3ec0>) completed
DEBUG    aiosqlite:core.py:62 executing functools.partial(<built-in method cursor of sqlite3.Connection object at 0x11e51c5e0>)
DEBUG    aiosqlite:core.py:67 operation functools.partial(<built-in method cursor of sqlite3.Connection object at 0x11e51c5e0>) completed
DEBUG    aiosqlite:core.py:62 executing functools.partial(<built-in method execute of sqlite3.Cursor object at 0x11fc08040>, '\nDROP TABLE crawl_jobs', ())
DEBUG    aiosqlite:core.py:67 operation functools.partial(<built-in method execute of sqlite3.Cursor object at 0x11fc08040>, '\nDROP TABLE crawl_jobs', ()) completed
DEBUG    aiosqlite:core.py:62 executing functools.partial(<built-in method close of sqlite3.Cursor object at 0x11fc08040>)
DEBUG    aiosqlite:core.py:67 operation functools.partial(<built-in method close of sqlite3.Cursor object at 0x11fc08040>) completed
DEBUG    aiosqlite:core.py:62 executing functools.partial(<built-in method cursor of sqlite3.Connection object at 0x11e51c5e0>)
DEBUG    aiosqlite:core.py:67 operation functools.partial(<built-in method cursor of sqlite3.Connection object at 0x11e51c5e0>) completed
DEBUG    aiosqlite:core.py:62 executing functools.partial(<built-in method execute of sqlite3.Cursor object at 0x11fc080c0>, '\nDROP TABLE approvals', ())
DEBUG    aiosqlite:core.py:67 operation functools.partial(<built-in method execute of sqlite3.Cursor object at 0x11fc080c0>, '\nDROP TABLE approvals', ()) completed
DEBUG    aiosqlite:core.py:62 executing functools.partial(<built-in method close of sqlite3.Cursor object at 0x11fc080c0>)
DEBUG    aiosqlite:core.py:67 operation functools.partial(<built-in method close of sqlite3.Cursor object at 0x11fc080c0>) completed
DEBUG    aiosqlite:core.py:62 executing functools.partial(<built-in method cursor of sqlite3.Connection object at 0x11e51c5e0>)
DEBUG    aiosqlite:core.py:67 operation functools.partial(<built-in method cursor of sqlite3.Connection object at 0x11e51c5e0>) completed
DEBUG    aiosqlite:core.py:62 executing functools.partial(<built-in method execute of sqlite3.Cursor object at 0x11fc08140>, '\nDROP TABLE concepts', ())
DEBUG    aiosqlite:core.py:67 operation functools.partial(<built-in method execute of sqlite3.Cursor object at 0x11fc08140>, '\nDROP TABLE concepts', ()) completed
DEBUG    aiosqlite:core.py:62 executing functools.partial(<built-in method close of sqlite3.Cursor object at 0x11fc08140>)
DEBUG    aiosqlite:core.py:67 operation functools.partial(<built-in method close of sqlite3.Cursor object at 0x11fc08140>) completed
DEBUG    aiosqlite:core.py:62 executing functools.partial(<built-in method cursor of sqlite3.Connection object at 0x11e51c5e0>)
DEBUG    aiosqlite:core.py:67 operation functools.partial(<built-in method cursor of sqlite3.Connection object at 0x11e51c5e0>) completed
DEBUG    aiosqlite:core.py:62 executing functools.partial(<built-in method execute of sqlite3.Cursor object at 0x11fc081c0>, '\nDROP TABLE concept_synonyms', ())
DEBUG    aiosqlite:core.py:67 operation functools.partial(<built-in method execute of sqlite3.Cursor object at 0x11fc081c0>, '\nDROP TABLE concept_synonyms', ()) completed
DEBUG    aiosqlite:core.py:62 executing functools.partial(<built-in method close of sqlite3.Cursor object at 0x11fc081c0>)
DEBUG    aiosqlite:core.py:67 operation functools.partial(<built-in method close of sqlite3.Cursor object at 0x11fc081c0>) completed
DEBUG    aiosqlite:core.py:62 executing functools.partial(<built-in method cursor of sqlite3.Connection object at 0x11e51c5e0>)
DEBUG    aiosqlite:core.py:67 operation functools.partial(<built-in method cursor of sqlite3.Connection object at 0x11e51c5e0>) completed
DEBUG    aiosqlite:core.py:62 executing functools.partial(<built-in method execute of sqlite3.Cursor object at 0x11fc08240>, '\nDROP TABLE snapshots', ())
DEBUG    aiosqlite:core.py:67 operation functools.partial(<built-in method execute of sqlite3.Cursor object at 0x11fc08240>, '\nDROP TABLE snapshots', ()) completed
DEBUG    aiosqlite:core.py:62 executing functools.partial(<built-in method close of sqlite3.Cursor object at 0x11fc08240>)
DEBUG    aiosqlite:core.py:67 operation functools.partial(<built-in method close of sqlite3.Cursor object at 0x11fc08240>) completed
DEBUG    aiosqlite:core.py:62 executing functools.partial(<built-in method cursor of sqlite3.Connection object at 0x11e51c5e0>)
DEBUG    aiosqlite:core.py:67 operation functools.partial(<built-in method cursor of sqlite3.Connection object at 0x11e51c5e0>) completed
DEBUG    aiosqlite:core.py:62 executing functools.partial(<built-in method execute of sqlite3.Cursor object at 0x11fc082c0>, '\nDROP TABLE contributions', ())
DEBUG    aiosqlite:core.py:67 operation functools.partial(<built-in method execute of sqlite3.Cursor object at 0x11fc082c0>, '\nDROP TABLE contributions', ()) completed
DEBUG    aiosqlite:core.py:62 executing functools.partial(<built-in method close of sqlite3.Cursor object at 0x11fc082c0>)
DEBUG    aiosqlite:core.py:67 operation functools.partial(<built-in method close of sqlite3.Cursor object at 0x11fc082c0>) completed
DEBUG    aiosqlite:core.py:62 executing functools.partial(<built-in method cursor of sqlite3.Connection object at 0x11e51c5e0>)
DEBUG    aiosqlite:core.py:67 operation functools.partial(<built-in method cursor of sqlite3.Connection object at 0x11e51c5e0>) completed
DEBUG    aiosqlite:core.py:62 executing functools.partial(<built-in method execute of sqlite3.Cursor object at 0x11fc08340>, '\nDROP TABLE synonym_mappings', ())
DEBUG    aiosqlite:core.py:67 operation functools.partial(<built-in method execute of sqlite3.Cursor object at 0x11fc08340>, '\nDROP TABLE synonym_mappings', ()) completed
DEBUG    aiosqlite:core.py:62 executing functools.partial(<built-in method close of sqlite3.Cursor object at 0x11fc08340>)
DEBUG    aiosqlite:core.py:67 operation functools.partial(<built-in method close of sqlite3.Cursor object at 0x11fc08340>) completed
DEBUG    aiosqlite:core.py:62 executing functools.partial(<built-in method cursor of sqlite3.Connection object at 0x11e51c5e0>)
DEBUG    aiosqlite:core.py:67 operation functools.partial(<built-in method cursor of sqlite3.Connection object at 0x11e51c5e0>) completed
DEBUG    aiosqlite:core.py:62 executing functools.partial(<built-in method execute of sqlite3.Cursor object at 0x11fc083c0>, '\nDROP TABLE batch_tasks', ())
DEBUG    aiosqlite:core.py:67 operation functools.partial(<built-in method execute of sqlite3.Cursor object at 0x11fc083c0>, '\nDROP TABLE batch_tasks', ()) completed
DEBUG    aiosqlite:core.py:62 executing functools.partial(<built-in method close of sqlite3.Cursor object at 0x11fc083c0>)
DEBUG    aiosqlite:core.py:67 operation functools.partial(<built-in method close of sqlite3.Cursor object at 0x11fc083c0>) completed
DEBUG    aiosqlite:core.py:62 executing functools.partial(<built-in method cursor of sqlite3.Connection object at 0x11e51c5e0>)
DEBUG    aiosqlite:core.py:67 operation functools.partial(<built-in method cursor of sqlite3.Connection object at 0x11e51c5e0>) completed
DEBUG    aiosqlite:core.py:62 executing functools.partial(<built-in method execute of sqlite3.Cursor object at 0x11fc086c0>, '\nDROP TABLE domain_whitelists', ())
DEBUG    aiosqlite:core.py:67 operation functools.partial(<built-in method execute of sqlite3.Cursor object at 0x11fc086c0>, '\nDROP TABLE domain_whitelists', ()) completed
DEBUG    aiosqlite:core.py:62 executing functools.partial(<built-in method close of sqlite3.Cursor object at 0x11fc086c0>)
DEBUG    aiosqlite:core.py:67 operation functools.partial(<built-in method close of sqlite3.Cursor object at 0x11fc086c0>) completed
DEBUG    aiosqlite:core.py:62 executing functools.partial(<built-in method cursor of sqlite3.Connection object at 0x11e51c5e0>)
DEBUG    aiosqlite:core.py:67 operation functools.partial(<built-in method cursor of sqlite3.Connection object at 0x11e51c5e0>) completed
DEBUG    aiosqlite:core.py:62 executing functools.partial(<built-in method execute of sqlite3.Cursor object at 0x11fc084c0>, '\nDROP TABLE discovered_domains', ())
DEBUG    aiosqlite:core.py:67 operation functools.partial(<built-in method execute of sqlite3.Cursor object at 0x11fc084c0>, '\nDROP TABLE discovered_domains', ()) completed
DEBUG    aiosqlite:core.py:62 executing functools.partial(<built-in method close of sqlite3.Cursor object at 0x11fc084c0>)
DEBUG    aiosqlite:core.py:67 operation functools.partial(<built-in method close of sqlite3.Cursor object at 0x11fc084c0>) completed
DEBUG    aiosqlite:core.py:62 executing functools.partial(<built-in method cursor of sqlite3.Connection object at 0x11e51c5e0>)
DEBUG    aiosqlite:core.py:67 operation functools.partial(<built-in method cursor of sqlite3.Connection object at 0x11e51c5e0>) completed
DEBUG    aiosqlite:core.py:62 executing functools.partial(<built-in method execute of sqlite3.Cursor object at 0x11fc08540>, '\nDROP TABLE hotspots', ())
DEBUG    aiosqlite:core.py:67 operation functools.partial(<built-in method execute of sqlite3.Cursor object at 0x11fc08540>, '\nDROP TABLE hotspots', ()) completed
DEBUG    aiosqlite:core.py:62 executing functools.partial(<built-in method close of sqlite3.Cursor object at 0x11fc08540>)
DEBUG    aiosqlite:core.py:67 operation functools.partial(<built-in method close of sqlite3.Cursor object at 0x11fc08540>) completed
DEBUG    aiosqlite:core.py:62 executing functools.partial(<built-in method cursor of sqlite3.Connection object at 0x11e51c5e0>)
DEBUG    aiosqlite:core.py:67 operation functools.partial(<built-in method cursor of sqlite3.Connection object at 0x11e51c5e0>) completed
DEBUG    aiosqlite:core.py:62 executing functools.partial(<built-in method execute of sqlite3.Cursor object at 0x11fc087c0>, '\nDROP TABLE hotspot_events', ())
DEBUG    aiosqlite:core.py:67 operation functools.partial(<built-in method execute of sqlite3.Cursor object at 0x11fc087c0>, '\nDROP TABLE hotspot_events', ()) completed
DEBUG    aiosqlite:core.py:62 executing functools.partial(<built-in method close of sqlite3.Cursor object at 0x11fc087c0>)
DEBUG    aiosqlite:core.py:67 operation functools.partial(<built-in method close of sqlite3.Cursor object at 0x11fc087c0>) completed
DEBUG    aiosqlite:core.py:62 executing functools.partial(<built-in method cursor of sqlite3.Connection object at 0x11e51c5e0>)
DEBUG    aiosqlite:core.py:67 operation functools.partial(<built-in method cursor of sqlite3.Connection object at 0x11e51c5e0>) completed
DEBUG    aiosqlite:core.py:62 executing functools.partial(<built-in method execute of sqlite3.Cursor object at 0x11fc08440>, '\nDROP TABLE concept_definitions', ())
DEBUG    aiosqlite:core.py:67 operation functools.partial(<built-in method execute of sqlite3.Cursor object at 0x11fc08440>, '\nDROP TABLE concept_definitions', ()) completed
DEBUG    aiosqlite:core.py:62 executing functools.partial(<built-in method close of sqlite3.Cursor object at 0x11fc08440>)
DEBUG    aiosqlite:core.py:67 operation functools.partial(<built-in method close of sqlite3.Cursor object at 0x11fc08440>) completed
DEBUG    aiosqlite:core.py:62 executing functools.partial(<built-in method cursor of sqlite3.Connection object at 0x11e51c5e0>)
DEBUG    aiosqlite:core.py:67 operation functools.partial(<built-in method cursor of sqlite3.Connection object at 0x11e51c5e0>) completed
DEBUG    aiosqlite:core.py:62 executing functools.partial(<built-in method execute of sqlite3.Cursor object at 0x11fc08840>, '\nDROP TABLE health_reports', ())
DEBUG    aiosqlite:core.py:67 operation functools.partial(<built-in method execute of sqlite3.Cursor object at 0x11fc08840>, '\nDROP TABLE health_reports', ()) completed
DEBUG    aiosqlite:core.py:62 executing functools.partial(<built-in method close of sqlite3.Cursor object at 0x11fc08840>)
DEBUG    aiosqlite:core.py:67 operation functools.partial(<built-in method close of sqlite3.Cursor object at 0x11fc08840>) completed
DEBUG    aiosqlite:core.py:62 executing functools.partial(<built-in method cursor of sqlite3.Connection object at 0x11e51c5e0>)
DEBUG    aiosqlite:core.py:67 operation functools.partial(<built-in method cursor of sqlite3.Connection object at 0x11e51c5e0>) completed
DEBUG    aiosqlite:core.py:62 executing functools.partial(<built-in method execute of sqlite3.Cursor object at 0x11fc08740>, '\nDROP TABLE strategy_adjustments', ())
DEBUG    aiosqlite:core.py:67 operation functools.partial(<built-in method execute of sqlite3.Cursor object at 0x11fc08740>, '\nDROP TABLE strategy_adjustments', ()) completed
DEBUG    aiosqlite:core.py:62 executing functools.partial(<built-in method close of sqlite3.Cursor object at 0x11fc08740>)
DEBUG    aiosqlite:core.py:67 operation functools.partial(<built-in method close of sqlite3.Cursor object at 0x11fc08740>) completed
DEBUG    aiosqlite:core.py:62 executing functools.partial(<built-in method cursor of sqlite3.Connection object at 0x11e51c5e0>)
DEBUG    aiosqlite:core.py:67 operation functools.partial(<built-in method cursor of sqlite3.Connection object at 0x11e51c5e0>) completed
DEBUG    aiosqlite:core.py:62 executing functools.partial(<built-in method execute of sqlite3.Cursor object at 0x11fc088c0>, '\nDROP TABLE scheduled_tasks', ())
DEBUG    aiosqlite:core.py:67 operation functools.partial(<built-in method execute of sqlite3.Cursor object at 0x11fc088c0>, '\nDROP TABLE scheduled_tasks', ()) completed
DEBUG    aiosqlite:core.py:62 executing functools.partial(<built-in method close of sqlite3.Cursor object at 0x11fc088c0>)
DEBUG    aiosqlite:core.py:67 operation functools.partial(<built-in method close of sqlite3.Cursor object at 0x11fc088c0>) completed
DEBUG    aiosqlite:core.py:62 executing functools.partial(<built-in method cursor of sqlite3.Connection object at 0x11e51c5e0>)
DEBUG    aiosqlite:core.py:67 operation functools.partial(<built-in method cursor of sqlite3.Connection object at 0x11e51c5e0>) completed
DEBUG    aiosqlite:core.py:62 executing functools.partial(<built-in method execute of sqlite3.Cursor object at 0x11fc089c0>, '\nDROP TABLE task_executions', ())
DEBUG    aiosqlite:core.py:67 operation functools.partial(<built-in method execute of sqlite3.Cursor object at 0x11fc089c0>, '\nDROP TABLE task_executions', ()) completed
DEBUG    aiosqlite:core.py:62 executing functools.partial(<built-in method close of sqlite3.Cursor object at 0x11fc089c0>)
DEBUG    aiosqlite:core.py:67 operation functools.partial(<built-in method close of sqlite3.Cursor object at 0x11fc089c0>) completed
DEBUG    aiosqlite:core.py:62 executing functools.partial(<built-in method cursor of sqlite3.Connection object at 0x11e51c5e0>)
DEBUG    aiosqlite:core.py:67 operation functools.partial(<built-in method cursor of sqlite3.Connection object at 0x11e51c5e0>) completed
DEBUG    aiosqlite:core.py:62 executing functools.partial(<built-in method execute of sqlite3.Cursor object at 0x11fc085c0>, '\nDROP TABLE config_history', ())
DEBUG    aiosqlite:core.py:67 operation functools.partial(<built-in method execute of sqlite3.Cursor object at 0x11fc085c0>, '\nDROP TABLE config_history', ()) completed
DEBUG    aiosqlite:core.py:62 executing functools.partial(<built-in method close of sqlite3.Cursor object at 0x11fc085c0>)
DEBUG    aiosqlite:core.py:67 operation functools.partial(<built-in method close of sqlite3.Cursor object at 0x11fc085c0>) completed
DEBUG    aiosqlite:core.py:62 executing functools.partial(<built-in method cursor of sqlite3.Connection object at 0x11e51c5e0>)
DEBUG    aiosqlite:core.py:67 operation functools.partial(<built-in method cursor of sqlite3.Connection object at 0x11e51c5e0>) completed
DEBUG    aiosqlite:core.py:62 executing functools.partial(<built-in method execute of sqlite3.Cursor object at 0x11fc08a40>, '\nDROP TABLE prompt_templates', ())
DEBUG    aiosqlite:core.py:67 operation functools.partial(<built-in method execute of sqlite3.Cursor object at 0x11fc08a40>, '\nDROP TABLE prompt_templates', ()) completed
DEBUG    aiosqlite:core.py:62 executing functools.partial(<built-in method close of sqlite3.Cursor object at 0x11fc08a40>)
DEBUG    aiosqlite:core.py:67 operation functools.partial(<built-in method close of sqlite3.Cursor object at 0x11fc08a40>) completed
DEBUG    aiosqlite:core.py:62 executing functools.partial(<built-in method cursor of sqlite3.Connection object at 0x11e51c5e0>)
DEBUG    aiosqlite:core.py:67 operation functools.partial(<built-in method cursor of sqlite3.Connection object at 0x11e51c5e0>) completed
DEBUG    aiosqlite:core.py:62 executing functools.partial(<built-in method execute of sqlite3.Cursor object at 0x11fc08940>, '\nDROP TABLE prompt_versions', ())
DEBUG    aiosqlite:core.py:67 operation functools.partial(<built-in method execute of sqlite3.Cursor object at 0x11fc08940>, '\nDROP TABLE prompt_versions', ()) completed
DEBUG    aiosqlite:core.py:62 executing functools.partial(<built-in method close of sqlite3.Cursor object at 0x11fc08940>)
DEBUG    aiosqlite:core.py:67 operation functools.partial(<built-in method close of sqlite3.Cursor object at 0x11fc08940>) completed
DEBUG    aiosqlite:core.py:62 executing functools.partial(<built-in method cursor of sqlite3.Connection object at 0x11e51c5e0>)
DEBUG    aiosqlite:core.py:67 operation functools.partial(<built-in method cursor of sqlite3.Connection object at 0x11e51c5e0>) completed
DEBUG    aiosqlite:core.py:62 executing functools.partial(<built-in method execute of sqlite3.Cursor object at 0x11fc08640>, '\nDROP TABLE ab_tests', ())
DEBUG    aiosqlite:core.py:67 operation functools.partial(<built-in method execute of sqlite3.Cursor object at 0x11fc08640>, '\nDROP TABLE ab_tests', ()) completed
DEBUG    aiosqlite:core.py:62 executing functools.partial(<built-in method close of sqlite3.Cursor object at 0x11fc08640>)
DEBUG    aiosqlite:core.py:67 operation functools.partial(<built-in method close of sqlite3.Cursor object at 0x11fc08640>) completed
DEBUG    aiosqlite:core.py:62 executing functools.partial(<built-in method cursor of sqlite3.Connection object at 0x11e51c5e0>)
DEBUG    aiosqlite:core.py:67 operation functools.partial(<built-in method cursor of sqlite3.Connection object at 0x11e51c5e0>) completed
DEBUG    aiosqlite:core.py:62 executing functools.partial(<built-in method execute of sqlite3.Cursor object at 0x11fc08ac0>, '\nDROP TABLE notifications', ())
DEBUG    aiosqlite:core.py:67 operation functools.partial(<built-in method execute of sqlite3.Cursor object at 0x11fc08ac0>, '\nDROP TABLE notifications', ()) completed
DEBUG    aiosqlite:core.py:62 executing functools.partial(<built-in method close of sqlite3.Cursor object at 0x11fc08ac0>)
DEBUG    aiosqlite:core.py:67 operation functools.partial(<built-in method close of sqlite3.Cursor object at 0x11fc08ac0>) completed
DEBUG    aiosqlite:core.py:62 executing functools.partial(<built-in method cursor of sqlite3.Connection object at 0x11e51c5e0>)
DEBUG    aiosqlite:core.py:67 operation functools.partial(<built-in method cursor of sqlite3.Connection object at 0x11e51c5e0>) completed
DEBUG    aiosqlite:core.py:62 executing functools.partial(<built-in method execute of sqlite3.Cursor object at 0x11fc08b40>, '\nDROP TABLE notification_preferences', ())
DEBUG    aiosqlite:core.py:67 operation functools.partial(<built-in method execute of sqlite3.Cursor object at 0x11fc08b40>, '\nDROP TABLE notification_preferences', ()) completed
DEBUG    aiosqlite:core.py:62 executing functools.partial(<built-in method close of sqlite3.Cursor object at 0x11fc08b40>)
DEBUG    aiosqlite:core.py:67 operation functools.partial(<built-in method close of sqlite3.Cursor object at 0x11fc08b40>) completed
DEBUG    aiosqlite:core.py:62 executing functools.partial(<built-in method cursor of sqlite3.Connection object at 0x11e51c5e0>)
DEBUG    aiosqlite:core.py:67 operation functools.partial(<built-in method cursor of sqlite3.Connection object at 0x11e51c5e0>) completed
DEBUG    aiosqlite:core.py:62 executing functools.partial(<built-in method execute of sqlite3.Cursor object at 0x11fc08bc0>, '\nDROP TABLE api_metrics', ())
DEBUG    aiosqlite:core.py:67 operation functools.partial(<built-in method execute of sqlite3.Cursor object at 0x11fc08bc0>, '\nDROP TABLE api_metrics', ()) completed
DEBUG    aiosqlite:core.py:62 executing functools.partial(<built-in method close of sqlite3.Cursor object at 0x11fc08bc0>)
DEBUG    aiosqlite:core.py:67 operation functools.partial(<built-in method close of sqlite3.Cursor object at 0x11fc08bc0>) completed
DEBUG    aiosqlite:core.py:62 executing functools.partial(<built-in method cursor of sqlite3.Connection object at 0x11e51c5e0>)
DEBUG    aiosqlite:core.py:67 operation functools.partial(<built-in method cursor of sqlite3.Connection object at 0x11e51c5e0>) completed
DEBUG    aiosqlite:core.py:62 executing functools.partial(<built-in method execute of sqlite3.Cursor object at 0x11fc08c40>, '\nDROP TABLE error_records', ())
DEBUG    aiosqlite:core.py:67 operation functools.partial(<built-in method execute of sqlite3.Cursor object at 0x11fc08c40>, '\nDROP TABLE error_records', ()) completed
DEBUG    aiosqlite:core.py:62 executing functools.partial(<built-in method close of sqlite3.Cursor object at 0x11fc08c40>)
DEBUG    aiosqlite:core.py:67 operation functools.partial(<built-in method close of sqlite3.Cursor object at 0x11fc08c40>) completed
DEBUG    aiosqlite:core.py:62 executing functools.partial(<built-in method commit of sqlite3.Connection object at 0x11e51c5e0>)
DEBUG    aiosqlite:core.py:67 operation functools.partial(<built-in method commit of sqlite3.Connection object at 0x11e51c5e0>) completed
DEBUG    aiosqlite:core.py:62 executing functools.partial(<built-in method rollback of sqlite3.Connection object at 0x11e51c5e0>)
DEBUG    aiosqlite:core.py:67 operation functools.partial(<built-in method rollback of sqlite3.Connection object at 0x11e51c5e0>) completed
=============================== warnings summary ===============================
../../../../../../../Library/Frameworks/Python.framework/Versions/3.12/lib/python3.12/site-packages/pydantic/_internal/_config.py:323
../../../../../../../Library/Frameworks/Python.framework/Versions/3.12/lib/python3.12/site-packages/pydantic/_internal/_config.py:323
  /Library/Frameworks/Python.framework/Versions/3.12/lib/python3.12/site-packages/pydantic/_internal/_config.py:323: PydanticDeprecatedSince20: Support for class-based `config` is deprecated, use ConfigDict instead. Deprecated in Pydantic V2.0 to be removed in V3.0. See Pydantic V2 Migration Guide at https://errors.pydantic.dev/2.11/migration/
    warnings.warn(DEPRECATION_MESSAGE, DeprecationWarning)

tests/unit/test_snapshot_service.py::test_rollback_creates_backup
  sys:1: SAWarning: Can't sort tables for DROP; an unresolvable foreign key dependency exists between tables: prompt_templates, prompt_versions; and backend does not support ALTER.  To restore at least a partial sort, apply use_alter=True to ForeignKey and ForeignKeyConstraint objects involved in the cycle to mark these as known cycles that will be ignored.

-- Docs: https://docs.pytest.org/en/stable/how-to/capture-warnings.html
=========================== short test summary info ============================
FAILED tests/unit/test_snapshot_service.py::test_rollback_creates_backup - As...
================= 1 failed, 2 deselected, 3 warnings in 0.20s ==================
